/Users/marcuswagner/coding/AFL_dashboard/scheduled_update.py:514: FutureWarning: Setting an item of incompatible dtype is deprecated and will raise an error in a future version of pandas. Value '[ 2.   14.6   8.7  12.8  11.6   7.9  17.8   4.9  12.5   7.1   6.1   5.5
  0.8  18.   13.3   2.1  14.8  13.3   7.7  11.4   6.4   4.8  20.   12.2
 12.    3.25  1.3   8.65  6.9   8.45  4.2   9.   10.7   8.4   3.5   3.3
  9.45 13.    5.25  6.8   0.9  22.35  1.8  12.2   8.35 14.55 10.1  14.75
  2.65  2.9   0.9  14.8  14.7  10.7   9.3  18.2   7.    5.8   6.9   6.7
  6.8  11.8  13.5   5.9  -2.9   8.7  14.7   5.8   9.9   7.8   6.7   7.4
 14.6   4.8  13.6   9.1   2.2   2.9  22.6   8.6   7.4   6.4  10.2   8.7
  7.4  10.6   4.1   3.5   1.2   3.8   7.6  10.    7.6  11.1   9.5   9.2
 12.1  14.    9.1  11.1   9.4   3.2   0.2  16.7   9.2   7.2  10.6  11.1
 20.1  14.2  36.9  14.4  -5.8   7.6   8.9   1.2   9.9   8.3   7.8  10.
 15.    6.7   6.1  14.1  12.3   6.5  15.9  10.1  11.7   9.2   7.4  11.4
  8.2   7.4   5.   21.6  11.4   6.6  23.6  12.6   6.6   1.8   9.6  11.
 10.8  11.8   9.1  11.7  17.   13.    8.7   4.2  11.3   3.3   8.4   8.6
  4.4   6.8   7.8  10.2  18.5  11.7  12.1   8.1  -0.3   7.2   9.1   2.1
 10.1  -0.8   2.6  -0.2  13.3   9.9   7.5  14.1  -6.2  13.7   2.9   8.8
  9.    8.6  11.2  18.7  13.6   8.8   1.1   5.5   5.   14.    7.    8.7
  9.3  12.   10.1   8.8   6.1  11.3   9.4   1.2   2.2   8.7  24.9   3.2
 11.8  16.   -2.1   9.9   6.3   6.6  11.6  13.   14.5  18.1  10.2  18.6
  7.9   8.5  11.2   3.5  23.7   4.6   4.5   5.6  14.3  20.7  11.3  17.2
  8.5  10.5  16.6   4.5   7.7  26.5  15.3  12.5  -0.6   4.1   9.8   8.9
 20.6   8.3   2.6   9.3   1.8   8.    4.4  11.6  13.    8.6   5.7  29.
  5.8  14.    4.8 ]' has dtype incompatible with int64, please explicitly cast to a compatible dtype first.
  stats_df.loc[mask, col] = stats_df.loc[mask, wcol]
/Users/marcuswagner/coding/AFL_dashboard/scheduled_update.py:514: FutureWarning: Setting an item of incompatible dtype is deprecated and will raise an error in a future version of pandas. Value '[ 88.   97.   86.   83.   88.   71.   87.   74.   76.   82.   71.   80.
  89.   89.   78.   17.   83.   89.   86.   73.   87.   44.   82.   76.
  72.   76.   66.   80.   78.   82.   68.5  74.5  66.   78.   84.   89.5
  76.   80.5  93.5  78.   66.   70.5  61.   64.   76.   80.   95.   73.5
  98.   64.   77.   87.   74.   89.   85.   69.   81.  100.   81.   75.
  71.   87.   78.   78.   77.   77.   55.   81.   86.   82.   72.   75.
  77.   77.   72.   50.   82.   81.   85.   71.   89.   83.   75.   81.
  77.   81.   67.   78.   80.   90.   82.   93.   83.   80.   66.   71.
  84.   84.   79.   88.   59.   66.   62.   77.   80.   96.   80.   83.
  77.   83.   77.   79.   78.   84.   89.   62.   81.   79.   83.   85.
  70.   69.   78.   76.   80.   63.   89.   75.   78.   69.   78.   86.
 100.   83.   64.   85.   75.   61.   86.   78.   86.   83.   82.   93.
  74.   68.   73.   77.   83.   85.   84.   62.   77.   56.   73.   87.
  87.   75.   75.   73.   86.   74.   83.   87.   80.   93.   76.   70.
  80.   81.   76.   32.   80.   74.   73.   76.   94.   82.   80.   95.
  86.   75.   75.   83.   83.   78.   67.   93.   71.   82.   87.   71.
  80.   80.   80.   52.   63.   86.   76.   71.   83.   87.   88.   71.
  79.  100.   83.   82.   66.   75.   86.   88.   77.   79.   82.   77.
  79.   82.   94.   69.   88.   85.   72.   57.   81.   80.   67.   77.
  84.   56.   83.   84.   67.   84.   83.   82.   43.   78.   81.   56.
  85.   90.   78.   76.   51.   84.   93.   82.  100.   81.   89.   81.
  83.   69.   85. ]' has dtype incompatible with int64, please explicitly cast to a compatible dtype first.
  stats_df.loc[mask, col] = stats_df.loc[mask, wcol]
/Users/marcuswagner/coding/AFL_dashboard/scheduled_update.py:514: FutureWarning: Setting an item of incompatible dtype is deprecated and will raise an error in a future version of pandas. Value '[ 44.   89.   64.   98.   76.   95.   94.   61.   88.   69.   63.   51.
  16.   97.   82.   13.   76.  123.   63.   72.   74.   56.  131.   51.5
  75.   58.5  39.   87.   48.5  88.   47.   70.5  93.5  64.5  59.   59.5
  80.   82.   64.5  57.   32.  109.   31.   83.   89.  105.   72.5  92.5
  59.   35.   20.  107.  109.  134.  117.   90.   50.   81.   94.   59.
  70.  128.   60.   39.   32.   49.  112.   63.   90.  108.   55.   53.
  98.   49.   91.   34.   21.   41.  109.   81.   63.   42.  103.   63.
  46.   56.   52.   75.   25.   48.   80.   75.   67.  104.   78.   53.
 100.   73.   74.   89.   60.   29.   46.  116.   88.   46.   69.   74.
 120.  116.  170.   87.   43.   96.   71.   37.   73.   71.   56.   69.
  78.   35.   66.   89.  122.   43.  119.   47.   89.   54.   70.   75.
  71.   75.   30.  121.  111.   60.  131.   84.  103.   62.   38.   82.
  54.   63.   51.   70.   69.   69.   67.   59.   94.   32.   71.   45.
  39.   62.   63.   78.  128.   66.   78.   62.   29.   74.   88.   81.
  53.   49.   56.    6.   73.   73.   50.   75.   92.   85.   52.   83.
  34.   42.  102.  134.  107.   66.   33.   45.   54.   96.   77.   78.
  79.   72.   83.   53.   38.   77.   66.   24.   53.   80.  143.   21.
  63.  104.   49.  102.   55.   58.   78.   71.   65.  112.  113.   89.
  52.   59.   66.   52.  142.   37.   66.   46.   85.  112.   68.   95.
  77.   48.   91.   29.   43.  113.   71.  105.   18.   60.   61.   50.
 117.   50.   38.   84.   21.   88.   30.   86.   66.   79.   51.  144.
  70.   72.   90. ]' has dtype incompatible with int64, please explicitly cast to a compatible dtype first.
  stats_df.loc[mask, col] = stats_df.loc[mask, wcol]
/Users/marcuswagner/coding/AFL_dashboard/scheduled_update.py:514: FutureWarning: Setting an item of incompatible dtype is deprecated and will raise an error in a future version of pandas. Value '[ 52.   64.   68.  109.   68.   94.  109.   73.   73.   77.   65.   64.
  27.   95.   84.   20.   78.  117.   49.   66.   82.   54.  142.   45.
  70.   60.5  44.   76.5  33.   80.   30.   66.5  83.5  53.   59.   58.5
  78.   67.   60.5  59.   45.   85.   40.   30.   90.5  99.5  50.5  59.5
  40.5  38.   24.  112.   97.  141.  136.   79.   53.   79.  120.   98.
  66.  119.   68.   32.   31.   33.  101.   80.   95.  112.   49.   53.
 102.   62.   98.   38.   18.   45.   94.   75.   45.   48.  108.   63.
  43.   52.   40.  121.   28.   40.   79.   73.   80.   75.   92.   44.
 100.   78.   64.   64.   60.   28.   42.   86.   80.   39.   75.   70.
 109.  115.  121.   69.   62.   90.   57.   42.   71.   79.   52.   84.
  67.   37.   60.   86.   94.   13.   90.   46.   77.   33.   66.   52.
  61.   64.   36.   89.   95.   63.   97.   68.   87.   54.   22.   77.
  50.   56.   47.   82.   62.   46.   68.   67.   79.   25.   70.   43.
  69.   61.   83.   67.   89.   73.   72.   49.   34.   75.   86.   70.
  42.   66.   52.    4.   66.   90.   53.   68.   76.   79.   50.   68.
  38.   36.   93.  114.   81.   51.   46.   33.   78.   84.  100.   79.
  74.   48.   89.   53.   28.   62.   66.   35.   65.   77.  122.   20.
  73.  104.   75.  116.   48.   59.   65.   61.   66.  106.  126.   98.
  56.   62.   49.   45.  122.   27.   67.   41.   44.   80.   40.   92.
  72.   70.   76.   37.   48.   92.   53.   94.   20.   69.   63.   38.
 108.   53.   38.   76.   31.  115.   32.   88.   48.   62.   40.  133.
  61.   64.  103. ]' has dtype incompatible with int64, please explicitly cast to a compatible dtype first.
  stats_df.loc[mask, col] = stats_df.loc[mask, wcol]
