2026-01-28 12:59:01,367 [INFO] ============================================================
2026-01-28 12:59:01,368 [INFO] AFL Player Photo Auto-Updater
2026-01-28 12:59:01,368 [INFO] Started at: 2026-01-28 12:59:01
2026-01-28 12:59:01,368 [INFO] ============================================================
2026-01-28 12:59:01,634 [INFO] Loaded 668 players from Excel
2026-01-28 12:59:01,636 [INFO] Found 33 players without photos
2026-01-28 12:59:01,636 [INFO] Limited to 20 downloads this run
2026-01-28 12:59:01,636 [INFO] [1/20]  Taylor Duryea (Western Bulldogs)
2026-01-28 12:59:01,637 [DEBUG]   Fetching Western Bulldogs player data...
2026-01-28 12:59:01,641 [DEBUG] Starting new HTTPS connection (1): www.westernbulldogs.com.au:443
2026-01-28 12:59:02,779 [DEBUG] https://www.westernbulldogs.com.au:443 "GET /players HTTP/1.1" 200 34780
2026-01-28 12:59:04,290 [WARNING]   ✗ Could not download photo
2026-01-28 12:59:05,795 [INFO] [2/20]  Travis Boak (Port Adelaide)
2026-01-28 12:59:05,795 [DEBUG]   Fetching Port Adelaide player data...
2026-01-28 12:59:05,798 [DEBUG] Starting new HTTPS connection (1): www.portadelaidefc.com.au:443
2026-01-28 12:59:06,879 [DEBUG] https://www.portadelaidefc.com.au:443 "GET /players HTTP/1.1" 200 None
2026-01-28 12:59:08,385 [WARNING]   ✗ Could not download photo
2026-01-28 12:59:09,890 [INFO] [3/20]  Willie Rioli (Port Adelaide)
2026-01-28 12:59:09,891 [WARNING]   ✗ Could not download photo
2026-01-28 12:59:11,396 [INFO] [4/20]  Jeremy Finlayson (Port Adelaide)
2026-01-28 12:59:11,396 [WARNING]   ✗ Could not download photo
2026-01-28 12:59:12,901 [INFO] [5/20]  Ryan Burton (Port Adelaide)
2026-01-28 12:59:12,901 [WARNING]   ✗ Could not download photo
2026-01-28 12:59:14,404 [INFO] [6/20]  Matt Crouch (Adelaide)
2026-01-28 12:59:14,404 [DEBUG]   Fetching Adelaide player data...
2026-01-28 12:59:14,407 [DEBUG] Starting new HTTPS connection (1): www.afc.com.au:443
2026-01-28 12:59:15,782 [DEBUG] https://www.afc.com.au:443 "GET /players HTTP/1.1" 200 29613
2026-01-28 12:59:17,291 [WARNING]   ✗ Could not download photo
2026-01-28 12:59:18,795 [INFO] [7/20]  Harry Boyd (St Kilda)
2026-01-28 12:59:18,795 [DEBUG]   Fetching St Kilda player data...
2026-01-28 12:59:18,798 [DEBUG] Starting new HTTPS connection (1): www.saints.com.au:443
2026-01-28 12:59:19,674 [DEBUG] https://www.saints.com.au:443 "GET /players HTTP/1.1" 200 27506
2026-01-28 12:59:21,183 [WARNING]   Could not load team player data
2026-01-28 12:59:21,183 [INFO] [8/20]  Hunter Clark (St Kilda)
2026-01-28 12:59:21,183 [WARNING]   Could not load team player data
2026-01-28 12:59:21,183 [INFO] [9/20]  Arie Schoenmaker (St Kilda)
2026-01-28 12:59:21,184 [WARNING]   Could not load team player data
2026-01-28 12:59:21,184 [INFO] [10/20]  Hugo Garcia (St Kilda)
2026-01-28 12:59:21,184 [WARNING]   Could not load team player data
2026-01-28 12:59:21,184 [INFO] [11/20]  Jimmy Webster (St Kilda)
2026-01-28 12:59:21,184 [WARNING]   Could not load team player data
2026-01-28 12:59:21,184 [INFO] [12/20]  Jack Macrae (St Kilda)
2026-01-28 12:59:21,184 [WARNING]   Could not load team player data
2026-01-28 12:59:21,184 [INFO] [13/20]  Jack Steele (St Kilda)
2026-01-28 12:59:21,184 [WARNING]   Could not load team player data
2026-01-28 12:59:21,184 [INFO] [14/20]  Zaine Cordy (St Kilda)
2026-01-28 12:59:21,184 [WARNING]   Could not load team player data
2026-01-28 12:59:21,184 [INFO] [15/20]  Zak Jones (St Kilda)
2026-01-28 12:59:21,184 [WARNING]   Could not load team player data
2026-01-28 12:59:21,184 [INFO] [16/20]  Ted Clohesy (Geelong)
2026-01-28 12:59:21,184 [DEBUG]   Fetching Geelong player data...
2026-01-28 12:59:21,185 [DEBUG] Starting new HTTPS connection (1): www.geelongcats.com.au:443
2026-01-28 12:59:22,438 [DEBUG] https://www.geelongcats.com.au:443 "GET /players HTTP/1.1" 200 None
2026-01-28 12:59:23,947 [WARNING]   ✗ Could not download photo
2026-01-28 12:59:25,452 [INFO] [17/20]  Liam Jones (Western Bulldogs)
2026-01-28 12:59:25,453 [WARNING]   ✗ Could not download photo
2026-01-28 12:59:26,957 [INFO] [18/20]  Tobie Travaglia (St Kilda)
2026-01-28 12:59:26,958 [WARNING]   Could not load team player data
2026-01-28 12:59:26,958 [INFO] [19/20]  Lachlan Murphy (Adelaide)
2026-01-28 12:59:26,958 [WARNING]   ✗ Could not download photo
2026-01-28 12:59:28,461 [INFO] [20/20]  Jason Johannisen (Western Bulldogs)
2026-01-28 12:59:28,462 [WARNING]   ✗ Could not download photo
2026-01-28 12:59:29,975 [INFO] ============================================================
2026-01-28 12:59:29,975 [INFO] SUMMARY
2026-01-28 12:59:29,975 [INFO]   Downloaded (new): 0
2026-01-28 12:59:29,975 [INFO]   Downloaded (team changes): 0
2026-01-28 12:59:29,976 [INFO]   Total downloaded: 0
2026-01-28 12:59:29,976 [INFO]   Failed: 20
2026-01-28 12:59:29,976 [INFO]   Remaining: 0
2026-01-28 12:59:29,976 [INFO] ============================================================
2026-01-28 13:53:57,788 [INFO] ============================================================
2026-01-28 13:53:57,788 [INFO] AFL Player Photo Auto-Updater
2026-01-28 13:53:57,788 [INFO] Started at: 2026-01-28 13:53:57
2026-01-28 13:53:57,788 [INFO] ============================================================
2026-01-28 13:53:58,010 [INFO] Loaded 668 players from Excel
2026-01-28 13:53:58,011 [INFO] Found 33 players without photos
2026-01-28 13:53:58,012 [INFO] Limited to 10 downloads this run
2026-01-28 13:53:58,012 [INFO] [1/10]  Taylor Duryea (Western Bulldogs)
2026-01-28 13:53:58,012 [DEBUG]   Fetching Western Bulldogs player data...
2026-01-28 13:53:58,020 [DEBUG] Starting new HTTPS connection (1): www.westernbulldogs.com.au:443
2026-01-28 13:53:58,685 [DEBUG] https://www.westernbulldogs.com.au:443 "GET /players HTTP/1.1" 200 34785
2026-01-28 13:54:00,200 [WARNING]   ✗ Could not download photo
2026-01-28 13:54:01,705 [INFO] [2/10]  Travis Boak (Port Adelaide)
2026-01-28 13:54:01,705 [DEBUG]   Fetching Port Adelaide player data...
2026-01-28 13:54:01,708 [DEBUG] Starting new HTTPS connection (1): www.portadelaidefc.com.au:443
2026-01-28 13:54:03,127 [DEBUG] https://www.portadelaidefc.com.au:443 "GET /players HTTP/1.1" 200 None
2026-01-28 13:54:04,636 [WARNING]   ✗ Could not download photo
2026-01-28 13:54:06,139 [INFO] [3/10]  Willie Rioli (Port Adelaide)
2026-01-28 13:54:06,140 [WARNING]   ✗ Could not download photo
2026-01-28 13:54:07,642 [INFO] [4/10]  Jeremy Finlayson (Port Adelaide)
2026-01-28 13:54:07,643 [WARNING]   ✗ Could not download photo
2026-01-28 13:54:09,148 [INFO] [5/10]  Ryan Burton (Port Adelaide)
2026-01-28 13:54:09,149 [WARNING]   ✗ Could not download photo
2026-01-28 13:54:10,654 [INFO] [6/10]  Matt Crouch (Adelaide)
2026-01-28 13:54:10,654 [DEBUG]   Fetching Adelaide player data...
2026-01-28 13:54:10,656 [DEBUG] Starting new HTTPS connection (1): www.afc.com.au:443
2026-01-28 13:54:11,728 [DEBUG] https://www.afc.com.au:443 "GET /players HTTP/1.1" 200 29609
2026-01-28 13:54:13,237 [WARNING]   ✗ Could not download photo
2026-01-28 13:54:14,738 [INFO] [7/10]  Harry Boyd (St Kilda)
2026-01-28 13:54:14,738 [DEBUG]   Fetching St Kilda player data...
2026-01-28 13:54:14,740 [DEBUG] Starting new HTTPS connection (1): www.saints.com.au:443
2026-01-28 13:54:15,060 [DEBUG] https://www.saints.com.au:443 "GET /players HTTP/1.1" 200 27508
2026-01-28 13:54:16,565 [WARNING]   Could not load team player data
2026-01-28 13:54:16,566 [INFO] [8/10]  Hunter Clark (St Kilda)
2026-01-28 13:54:16,566 [WARNING]   Could not load team player data
2026-01-28 13:54:16,566 [INFO] [9/10]  Arie Schoenmaker (St Kilda)
2026-01-28 13:54:16,566 [WARNING]   Could not load team player data
2026-01-28 13:54:16,566 [INFO] [10/10]  Hugo Garcia (St Kilda)
2026-01-28 13:54:16,566 [WARNING]   Could not load team player data
2026-01-28 13:54:16,574 [INFO] ============================================================
2026-01-28 13:54:16,574 [INFO] SUMMARY
2026-01-28 13:54:16,574 [INFO]   Downloaded (new): 0
2026-01-28 13:54:16,574 [INFO]   Downloaded (team changes): 0
2026-01-28 13:54:16,574 [INFO]   Total downloaded: 0
2026-01-28 13:54:16,574 [INFO]   Failed: 10
2026-01-28 13:54:16,574 [INFO]   Remaining: 0
2026-01-28 13:54:16,574 [INFO] ============================================================
2026-01-28 13:59:02,734 [INFO] ============================================================
2026-01-28 13:59:02,734 [INFO] AFL Player Photo Auto-Updater
2026-01-28 13:59:02,735 [INFO] Started at: 2026-01-28 13:59:02
2026-01-28 13:59:02,735 [INFO] ============================================================
2026-01-28 13:59:02,982 [INFO] Loaded 668 players from Excel
2026-01-28 13:59:02,983 [INFO] Found 33 players without photos
2026-01-28 13:59:02,983 [INFO] Limited to 5 downloads this run
2026-01-28 13:59:02,983 [INFO] [1/5]  Taylor Duryea (Western Bulldogs)
2026-01-28 13:59:02,984 [DEBUG]   Fetching Western Bulldogs player data...
2026-01-28 13:59:02,992 [DEBUG] Starting new HTTPS connection (1): www.westernbulldogs.com.au:443
2026-01-28 13:59:03,159 [DEBUG] https://www.westernbulldogs.com.au:443 "GET /players HTTP/1.1" 200 34781
2026-01-28 13:59:04,672 [WARNING]   ✗ Could not download photo
2026-01-28 13:59:06,176 [INFO] [2/5]  Travis Boak (Port Adelaide)
2026-01-28 13:59:06,177 [DEBUG]   Fetching Port Adelaide player data...
2026-01-28 13:59:06,179 [DEBUG] Starting new HTTPS connection (1): www.portadelaidefc.com.au:443
2026-01-28 13:59:06,382 [DEBUG] https://www.portadelaidefc.com.au:443 "GET /players HTTP/1.1" 200 None
2026-01-28 13:59:07,891 [WARNING]   ✗ Could not download photo
2026-01-28 13:59:09,397 [INFO] [3/5]  Willie Rioli (Port Adelaide)
2026-01-28 13:59:09,397 [WARNING]   ✗ Could not download photo
2026-01-28 13:59:10,899 [INFO] [4/5]  Jeremy Finlayson (Port Adelaide)
2026-01-28 13:59:10,899 [WARNING]   ✗ Could not download photo
2026-01-28 13:59:12,401 [INFO] [5/5]  Ryan Burton (Port Adelaide)
2026-01-28 13:59:12,401 [WARNING]   ✗ Could not download photo
2026-01-28 13:59:13,907 [INFO] ============================================================
2026-01-28 13:59:13,908 [INFO] SUMMARY
2026-01-28 13:59:13,908 [INFO]   Downloaded (new): 0
2026-01-28 13:59:13,908 [INFO]   Downloaded (team changes): 0
2026-01-28 13:59:13,908 [INFO]   Total downloaded: 0
2026-01-28 13:59:13,908 [INFO]   Failed: 5
2026-01-28 13:59:13,908 [INFO]   Remaining: 0
2026-01-28 13:59:13,908 [INFO] ============================================================
2026-01-28 14:02:06,011 [INFO] ============================================================
2026-01-28 14:02:06,011 [INFO] AFL Player Photo Auto-Updater
2026-01-28 14:02:06,011 [INFO] Started at: 2026-01-28 14:02:06
2026-01-28 14:02:06,011 [INFO] ============================================================
2026-01-28 14:02:06,263 [INFO] Loaded 668 players from Excel
2026-01-28 14:02:06,264 [INFO] Found 33 players without photos
2026-01-28 14:02:06,264 [INFO] Limited to 15 downloads this run
2026-01-28 14:02:06,264 [INFO] [1/15]  Taylor Duryea (Western Bulldogs)
2026-01-28 14:02:06,264 [DEBUG]   Fetching Western Bulldogs player data...
2026-01-28 14:02:06,268 [DEBUG] Starting new HTTPS connection (1): www.westernbulldogs.com.au:443
2026-01-28 14:02:06,761 [DEBUG] https://www.westernbulldogs.com.au:443 "GET /players HTTP/1.1" 200 34781
2026-01-28 14:02:08,268 [WARNING]   ✗ Could not download photo
2026-01-28 14:02:09,773 [INFO] [2/15]  Travis Boak (Port Adelaide)
2026-01-28 14:02:09,774 [DEBUG]   Fetching Port Adelaide player data...
2026-01-28 14:02:09,776 [DEBUG] Starting new HTTPS connection (1): www.portadelaidefc.com.au:443
2026-01-28 14:02:10,068 [DEBUG] https://www.portadelaidefc.com.au:443 "GET /players HTTP/1.1" 200 None
2026-01-28 14:02:11,578 [WARNING]   ✗ Could not download photo
2026-01-28 14:02:13,083 [INFO] [3/15]  Willie Rioli (Port Adelaide)
2026-01-28 14:02:13,084 [WARNING]   ✗ Could not download photo
2026-01-28 14:02:14,586 [INFO] [4/15]  Jeremy Finlayson (Port Adelaide)
2026-01-28 14:02:14,589 [WARNING]   ✗ Could not download photo
2026-01-28 14:02:16,094 [INFO] [5/15]  Ryan Burton (Port Adelaide)
2026-01-28 14:02:16,095 [WARNING]   ✗ Could not download photo
2026-01-28 14:02:17,600 [INFO] [6/15]  Matt Crouch (Adelaide)
2026-01-28 14:02:17,601 [DEBUG]   Fetching Adelaide player data...
2026-01-28 14:02:17,604 [DEBUG] Starting new HTTPS connection (1): www.afc.com.au:443
2026-01-28 14:02:17,934 [DEBUG] https://www.afc.com.au:443 "GET /players HTTP/1.1" 200 29609
2026-01-28 14:02:19,443 [WARNING]   ✗ Could not download photo
2026-01-28 14:02:20,948 [INFO] [7/15]  Harry Boyd (St Kilda)
2026-01-28 14:02:20,948 [DEBUG]   Fetching St Kilda player data...
2026-01-28 14:02:20,949 [DEBUG] Starting new HTTPS connection (1): www.saints.com.au:443
2026-01-28 14:02:21,331 [DEBUG] https://www.saints.com.au:443 "GET /players HTTP/1.1" 200 27508
2026-01-28 14:02:21,334 [DEBUG]   Using HTML link fallback for St Kilda (43 unique players)
2026-01-28 14:02:22,841 [WARNING]   ✗ Could not download photo
2026-01-28 14:02:24,347 [INFO] [8/15]  Hunter Clark (St Kilda)
2026-01-28 14:02:58,419 [INFO] ============================================================
2026-01-28 14:02:58,419 [INFO] AFL Player Photo Auto-Updater
2026-01-28 14:02:58,419 [INFO] Started at: 2026-01-28 14:02:58
2026-01-28 14:02:58,419 [INFO] ============================================================
2026-01-28 14:02:58,671 [INFO] Loaded 668 players from Excel
2026-01-28 14:02:58,673 [INFO] Found 33 players without photos
2026-01-28 14:02:58,673 [INFO] Limited to 15 downloads this run
2026-01-28 14:02:58,673 [INFO] [1/15]  Taylor Duryea (Western Bulldogs)
2026-01-28 14:02:58,673 [DEBUG]   Fetching Western Bulldogs player data...
2026-01-28 14:02:58,682 [DEBUG] Starting new HTTPS connection (1): www.westernbulldogs.com.au:443
2026-01-28 14:02:58,931 [DEBUG] https://www.westernbulldogs.com.au:443 "GET /players HTTP/1.1" 200 34787
2026-01-28 14:03:00,447 [WARNING]   ✗ Could not download photo
2026-01-28 14:03:01,952 [INFO] [2/15]  Travis Boak (Port Adelaide)
2026-01-28 14:03:01,952 [DEBUG]   Fetching Port Adelaide player data...
2026-01-28 14:03:01,955 [DEBUG] Starting new HTTPS connection (1): www.portadelaidefc.com.au:443
2026-01-28 14:03:02,077 [DEBUG] https://www.portadelaidefc.com.au:443 "GET /players HTTP/1.1" 200 None
2026-01-28 14:03:03,591 [WARNING]   ✗ Could not download photo
2026-01-28 14:03:05,096 [INFO] [3/15]  Willie Rioli (Port Adelaide)
2026-01-28 14:03:05,097 [WARNING]   ✗ Could not download photo
2026-01-28 14:03:06,602 [INFO] [4/15]  Jeremy Finlayson (Port Adelaide)
2026-01-28 14:03:06,603 [WARNING]   ✗ Could not download photo
2026-01-28 14:03:08,108 [INFO] [5/15]  Ryan Burton (Port Adelaide)
2026-01-28 14:03:08,108 [WARNING]   ✗ Could not download photo
2026-01-28 14:03:09,614 [INFO] [6/15]  Matt Crouch (Adelaide)
2026-01-28 14:03:09,614 [DEBUG]   Fetching Adelaide player data...
2026-01-28 14:03:09,616 [DEBUG] Starting new HTTPS connection (1): www.afc.com.au:443
2026-01-28 14:03:09,847 [DEBUG] https://www.afc.com.au:443 "GET /players HTTP/1.1" 200 29604
2026-01-28 14:03:11,359 [WARNING]   ✗ Could not download photo
2026-01-28 14:03:12,861 [INFO] [7/15]  Harry Boyd (St Kilda)
2026-01-28 14:03:12,861 [DEBUG]   Fetching St Kilda player data...
2026-01-28 14:03:12,864 [DEBUG] Starting new HTTPS connection (1): www.saints.com.au:443
2026-01-28 14:03:13,116 [DEBUG] https://www.saints.com.au:443 "GET /players HTTP/1.1" 200 27506
2026-01-28 14:03:13,122 [DEBUG]   Using HTML link fallback for St Kilda (43 unique players)
2026-01-28 14:03:14,627 [WARNING]   ✗ Could not download photo
2026-01-28 14:03:16,133 [INFO] [8/15]  Hunter Clark (St Kilda)
2026-01-28 14:03:16,134 [DEBUG]   Fetching providerId from player page...
2026-01-28 14:03:16,136 [DEBUG] Starting new HTTPS connection (1): www.saints.com.au:443
2026-01-28 14:03:16,301 [DEBUG] https://www.saints.com.au:443 "GET /players/1716/hunter-clark HTTP/1.1" 200 None
2026-01-28 14:03:16,814 [DEBUG] Starting new HTTPS connection (1): s.afl.com.au:443
2026-01-28 14:03:16,993 [DEBUG] https://s.afl.com.au:443 "GET /staticfile/AFL%20Tenant/AFL/Players/ChampIDImages/AFL/2026014/1002264.png HTTP/1.1" 200 1338996
2026-01-28 14:03:17,221 [INFO]   ✓ Downloaded successfully
2026-01-28 14:03:18,725 [INFO] [9/15]  Arie Schoenmaker (St Kilda)
2026-01-28 14:03:18,725 [WARNING]   ✗ Could not download photo
2026-01-28 14:03:20,230 [INFO] [10/15]  Hugo Garcia (St Kilda)
2026-01-28 14:03:20,231 [DEBUG]   Fetching providerId from player page...
2026-01-28 14:03:20,233 [DEBUG] Starting new HTTPS connection (1): www.saints.com.au:443
2026-01-28 14:03:21,471 [DEBUG] https://www.saints.com.au:443 "GET /players/6395/hugo-garcia HTTP/1.1" 200 None
2026-01-28 14:03:21,985 [DEBUG] Starting new HTTPS connection (1): s.afl.com.au:443
2026-01-28 14:03:22,956 [DEBUG] https://s.afl.com.au:443 "GET /staticfile/AFL%20Tenant/AFL/Players/ChampIDImages/AFL/2026014/1027790.png HTTP/1.1" 200 1108186
2026-01-28 14:03:23,101 [INFO]   ✓ Downloaded successfully
2026-01-28 14:03:24,604 [INFO] [11/15]  Jimmy Webster (St Kilda)
2026-01-28 14:03:24,605 [WARNING]   ✗ Could not download photo
2026-01-28 14:03:26,110 [INFO] [12/15]  Jack Macrae (St Kilda)
2026-01-28 14:03:26,110 [DEBUG]   Fetching providerId from player page...
2026-01-28 14:03:26,113 [DEBUG] Starting new HTTPS connection (1): www.saints.com.au:443
2026-01-28 14:03:26,407 [DEBUG] https://www.saints.com.au:443 "GET /players/748/jack-macrae HTTP/1.1" 200 None
2026-01-28 14:03:26,919 [DEBUG] Starting new HTTPS connection (1): s.afl.com.au:443
2026-01-28 14:03:27,662 [DEBUG] https://s.afl.com.au:443 "GET /staticfile/AFL%20Tenant/AFL/Players/ChampIDImages/AFL/2026014/1002227.png HTTP/1.1" 200 1210446
2026-01-28 14:03:27,883 [INFO]   ✓ Downloaded successfully
2026-01-28 14:03:29,386 [INFO] [13/15]  Jack Steele (St Kilda)
2026-01-28 14:03:29,387 [WARNING]   ✗ Could not download photo
2026-01-28 14:03:30,892 [INFO] [14/15]  Zaine Cordy (St Kilda)
2026-01-28 14:03:30,893 [WARNING]   ✗ Could not download photo
2026-01-28 14:03:32,394 [INFO] [15/15]  Zak Jones (St Kilda)
2026-01-28 14:03:32,394 [WARNING]   ✗ Could not download photo
2026-01-28 14:03:33,903 [INFO] ============================================================
2026-01-28 14:03:33,904 [INFO] SUMMARY
2026-01-28 14:03:33,904 [INFO]   Downloaded (new): 3
2026-01-28 14:03:33,904 [INFO]   Downloaded (team changes): 0
2026-01-28 14:03:33,904 [INFO]   Total downloaded: 3
2026-01-28 14:03:33,904 [INFO]   Failed: 12
2026-01-28 14:03:33,904 [INFO]   Remaining: 0
2026-01-28 14:03:33,904 [INFO] ============================================================
