2026-05-04 07:23:18,996 [INFO] ============================================================
2026-05-04 07:23:18,996 [INFO] AFL Player Photo Auto-Updater
2026-05-04 07:23:18,996 [INFO] Started at: 2026-05-04 07:23:18
2026-05-04 07:23:18,996 [INFO] ============================================================
2026-05-04 07:23:19,007 [INFO] Loaded 791 players from squads_2026.csv
2026-05-04 07:23:19,260 [INFO] Loaded 904 players from Excel
2026-05-04 07:23:19,276 [INFO] Found 76 players without photos
2026-05-04 07:23:19,277 [INFO] [1/76]  Cameron Rayner (Brisbane)
2026-05-04 07:23:19,277 [DEBUG]   Fetching Brisbane player data...
2026-05-04 07:23:19,280 [DEBUG] Starting new HTTPS connection (1): www.lions.com.au:443
2026-05-04 07:23:20,121 [DEBUG] https://www.lions.com.au:443 "GET /players HTTP/1.1" 200 32230
2026-05-04 07:23:21,850 [WARNING]   ✗ Could not download photo
2026-05-04 07:23:23,501 [INFO] [2/76]  Matt Carroll (Carlton)
2026-05-04 07:23:23,501 [DEBUG]   Fetching Carlton player data...
2026-05-04 07:23:23,503 [DEBUG] Starting new HTTPS connection (1): www.carltonfc.com.au:443
2026-05-04 07:23:24,684 [DEBUG] https://www.carltonfc.com.au:443 "GET /players HTTP/1.1" 200 None
2026-05-04 07:23:26,341 [WARNING]   ✗ Could not download photo
2026-05-04 07:23:27,878 [INFO] [3/76]  Matt Cottrell (Carlton)
2026-05-04 07:23:27,879 [WARNING]   ✗ Could not download photo
2026-05-04 07:23:29,420 [INFO] [4/76]  Lachlan Fogarty (Carlton)
2026-05-04 07:23:29,420 [WARNING]   ✗ Could not download photo
2026-05-04 07:23:31,053 [INFO] [5/76]  Zachary Williams (Carlton)
2026-05-04 07:23:31,054 [WARNING]   ✗ Could not download photo
2026-05-04 07:23:32,702 [INFO] [6/76]  Will Hayes (Collingwood)
2026-05-04 07:23:32,702 [DEBUG]   Fetching Collingwood player data...
2026-05-04 07:23:32,704 [DEBUG] Starting new HTTPS connection (1): www.collingwoodfc.com.au:443
2026-05-04 07:23:33,897 [DEBUG] https://www.collingwoodfc.com.au:443 "GET /players HTTP/1.1" 200 32688
2026-05-04 07:23:35,518 [WARNING]   ✗ Could not download photo
2026-05-04 07:23:37,122 [INFO] [7/76]  Lachlan Schultz (Collingwood)
2026-05-04 07:23:37,122 [WARNING]   ✗ Could not download photo
2026-05-04 07:23:38,765 [INFO] [8/76]  Lachie Sullivan (Collingwood)
2026-05-04 07:23:38,765 [WARNING]   ✗ Could not download photo
2026-05-04 07:23:40,350 [INFO] [9/76]  Samuel Swadling (Collingwood)
2026-05-04 07:23:40,350 [WARNING]   ✗ Could not download photo
2026-05-04 07:23:41,929 [INFO] [10/76]  Nikolas Cox (Essendon)
2026-05-04 07:23:41,929 [DEBUG]   Fetching Essendon player data...
2026-05-04 07:23:41,932 [DEBUG] Starting new HTTPS connection (1): www.essendonfc.com.au:443
2026-05-04 07:23:43,277 [DEBUG] https://www.essendonfc.com.au:443 "GET /players HTTP/1.1" 200 33937
2026-05-04 07:23:44,810 [WARNING]   ✗ Could not download photo
2026-05-04 07:23:46,438 [INFO] [11/76]  Tom Edwards (Essendon)
2026-05-04 07:23:46,439 [WARNING]   ✗ Could not download photo
2026-05-04 07:23:48,002 [INFO] [12/76]  Nicholas Martin (Essendon)
2026-05-04 07:23:48,002 [WARNING]   ✗ Could not download photo
2026-05-04 07:23:49,608 [INFO] [13/76]  Archie May (Essendon)
2026-05-04 07:23:49,608 [WARNING]   ✗ Could not download photo
2026-05-04 07:23:51,243 [INFO] [14/76]  Zachary Merrett (Essendon)
2026-05-04 07:23:51,243 [WARNING]   ✗ Could not download photo
2026-05-04 07:23:52,863 [INFO] [15/76]  Josh Draper (Fremantle)
2026-05-04 07:23:52,863 [DEBUG]   Fetching Fremantle player data...
2026-05-04 07:23:52,865 [DEBUG] Starting new HTTPS connection (1): www.fremantlefc.com.au:443
2026-05-04 07:23:53,929 [DEBUG] https://www.fremantlefc.com.au:443 "GET /players HTTP/1.1" 200 34280
2026-05-04 07:23:55,656 [WARNING]   ✗ Could not download photo
2026-05-04 07:23:57,298 [INFO] [16/76]  Matt Johnson (Fremantle)
2026-05-04 07:23:57,298 [WARNING]   ✗ Could not download photo
2026-05-04 07:23:58,911 [INFO] [17/76]  Chris Scerri (Fremantle)
2026-05-04 07:23:58,911 [WARNING]   ✗ Could not download photo
2026-05-04 07:24:00,451 [INFO] [18/76]  Bradley Close (Geelong)
2026-05-04 07:24:00,452 [DEBUG]   Fetching Geelong player data...
2026-05-04 07:24:00,454 [DEBUG] Starting new HTTPS connection (1): www.geelongcats.com.au:443
2026-05-04 07:24:01,402 [DEBUG] https://www.geelongcats.com.au:443 "GET /players HTTP/1.1" 200 None
2026-05-04 07:24:03,100 [WARNING]   ✗ Could not download photo
2026-05-04 07:24:04,748 [INFO] [19/76]  Ollie Dempsey (Geelong)
2026-05-04 07:24:04,749 [WARNING]   ✗ Could not download photo
2026-05-04 07:24:06,344 [INFO] [20/76]  Nick Driscoll (Geelong)
2026-05-04 07:24:06,344 [WARNING]   ✗ Could not download photo
2026-05-04 07:24:07,992 [INFO] [21/76]  Lennox Hoffman (Geelong)
2026-05-04 07:24:07,993 [WARNING]   ✗ Could not download photo
2026-05-04 07:24:09,625 [INFO] [22/76]  Mitchell Knevitt (Geelong)
2026-05-04 07:24:09,626 [WARNING]   ✗ Could not download photo
2026-05-04 07:24:11,191 [INFO] [23/76]  Thomas Stewart (Geelong)
2026-05-04 07:24:11,192 [WARNING]   ✗ Could not download photo
2026-05-04 07:24:12,812 [INFO] [24/76]  Samuel Collins (Gold Coast)
2026-05-04 07:24:12,813 [DEBUG]   Fetching Gold Coast player data...
2026-05-04 07:24:12,815 [DEBUG] Starting new HTTPS connection (1): www.goldcoastfc.com.au:443
2026-05-04 07:24:13,734 [DEBUG] https://www.goldcoastfc.com.au:443 "GET /players HTTP/1.1" 200 None
2026-05-04 07:24:15,337 [WARNING]   ✗ Could not download photo
2026-05-04 07:24:16,987 [INFO] [25/76]  Nicholas Holman (Gold Coast)
2026-05-04 07:24:16,988 [WARNING]   ✗ Could not download photo
2026-05-04 07:24:18,618 [INFO] [26/76]  Leo Lombard (Gold Coast)
2026-05-04 07:24:18,619 [WARNING]   ✗ Could not download photo
2026-05-04 07:24:20,259 [INFO] [27/76]  Lachlan Weller (Gold Coast)
2026-05-04 07:24:20,260 [WARNING]   ✗ Could not download photo
2026-05-04 07:24:21,899 [INFO] [28/76]  Lachlan Ash (GWS Giants)
2026-05-04 07:24:21,900 [DEBUG]   Fetching GWS Giants player data...
2026-05-04 07:24:21,903 [DEBUG] Starting new HTTPS connection (1): www.gwsgiants.com.au:443
2026-05-04 07:24:22,806 [DEBUG] https://www.gwsgiants.com.au:443 "GET /players HTTP/1.1" 200 34078
2026-05-04 07:24:24,392 [WARNING]   ✗ Could not download photo
2026-05-04 07:24:26,035 [INFO] [29/76]  Joseph Fonti (GWS Giants)
2026-05-04 07:24:26,035 [WARNING]   ✗ Could not download photo
2026-05-04 07:24:27,591 [INFO] [30/76]  Harrison Himmelberg (GWS Giants)
2026-05-04 07:24:27,591 [WARNING]   ✗ Could not download photo
2026-05-04 07:24:29,227 [INFO] [31/76]  Joshua Kelly (GWS Giants)
2026-05-04 07:24:29,227 [WARNING]   ✗ Could not download photo
2026-05-04 07:24:30,859 [INFO] [32/76]  Nick Madden (GWS Giants)
2026-05-04 07:24:30,860 [WARNING]   ✗ Could not download photo
2026-05-04 07:24:32,466 [INFO] [33/76]  Ollie Greeves (Hawthorn)
2026-05-04 07:24:32,466 [DEBUG]   Fetching Hawthorn player data...
2026-05-04 07:24:32,468 [DEBUG] Starting new HTTPS connection (1): www.hawthornfc.com.au:443
2026-05-04 07:24:33,559 [DEBUG] https://www.hawthornfc.com.au:443 "GET /players HTTP/1.1" 200 34704
2026-05-04 07:24:35,230 [WARNING]   ✗ Could not download photo
2026-05-04 07:24:36,739 [INFO] [34/76]  Mitchell Lewis (Hawthorn)
2026-05-04 07:24:36,739 [WARNING]   ✗ Could not download photo
2026-05-04 07:24:38,304 [INFO] [35/76]  Cameron Mackenzie (Hawthorn)
2026-05-04 07:24:38,304 [WARNING]   ✗ Could not download photo
2026-05-04 07:24:39,930 [INFO] [36/76]  Joshua Weddle (Hawthorn)
2026-05-04 07:24:39,931 [WARNING]   ✗ Could not download photo
2026-05-04 07:24:41,579 [INFO] [37/76]  Lachlan Jones (Port Adelaide)
2026-05-04 07:24:41,580 [DEBUG]   Fetching Port Adelaide player data...
2026-05-04 07:24:41,582 [DEBUG] Starting new HTTPS connection (1): www.portadelaidefc.com.au:443
2026-05-04 07:24:42,568 [DEBUG] https://www.portadelaidefc.com.au:443 "GET /players HTTP/1.1" 200 34760
2026-05-04 07:24:44,128 [WARNING]   ✗ Could not download photo
2026-05-04 07:24:45,715 [INFO] [38/76]  Oliver Wines (Port Adelaide)
2026-05-04 07:24:45,716 [WARNING]   ✗ Could not download photo
2026-05-04 07:24:47,297 [INFO] [39/76]  Thomas Burton (Richmond)
2026-05-04 07:24:47,298 [DEBUG]   Fetching Richmond player data...
2026-05-04 07:24:47,300 [DEBUG] Starting new HTTPS connection (1): www.richmondfc.com.au:443
2026-05-04 07:24:48,405 [DEBUG] https://www.richmondfc.com.au:443 "GET /players HTTP/1.1" 200 34363
2026-05-04 07:24:49,999 [WARNING]   ✗ Could not download photo
2026-05-04 07:24:51,641 [INFO] [40/76]  Samuel Grlj (Richmond)
2026-05-04 07:24:51,642 [WARNING]   ✗ Could not download photo
2026-05-04 07:24:53,247 [INFO] [41/76]  Daniel Butler (St Kilda)
2026-05-04 07:24:53,247 [DEBUG]   Fetching St Kilda player data...
2026-05-04 07:24:53,250 [DEBUG] Starting new HTTPS connection (1): www.saints.com.au:443
2026-05-04 07:24:54,139 [DEBUG] https://www.saints.com.au:443 "GET /players HTTP/1.1" 200 27550
2026-05-04 07:24:54,143 [DEBUG]   Using HTML link fallback for St Kilda (43 unique players)
2026-05-04 07:24:55,795 [WARNING]   ✗ Could not download photo
2026-05-04 07:24:57,394 [INFO] [42/76]  Jackson Macrae (St Kilda)
2026-05-04 07:24:57,395 [WARNING]   ✗ Could not download photo
2026-05-04 07:24:59,019 [INFO] [43/76]  Kobe McDonald (St Kilda)
2026-05-04 07:24:59,020 [DEBUG]   Fetching providerId from player page...
2026-05-04 07:24:59,022 [DEBUG] Starting new HTTPS connection (1): www.saints.com.au:443
2026-05-04 07:24:59,341 [DEBUG] https://www.saints.com.au:443 "GET /players/15854/kobe-mcdonald HTTP/1.1" 200 30640
2026-05-04 07:25:00,043 [DEBUG] Starting new HTTPS connection (1): s.afl.com.au:443
2026-05-04 07:25:00,691 [DEBUG] https://s.afl.com.au:443 "GET /staticfile/AFL%20Tenant/AFL/Players/ChampIDImages/AFL/2026014/1044597.png HTTP/1.1" 404 48734
2026-05-04 07:25:01,271 [DEBUG] Starting new HTTPS connection (1): s.afl.com.au:443
2026-05-04 07:25:02,024 [DEBUG] https://s.afl.com.au:443 "GET /staticfile/AFL%20Tenant/AFL/Players/ChampIDImages/AFL/2025014/1044597.png HTTP/1.1" 404 48734
2026-05-04 07:25:02,676 [WARNING]   ✗ Could not download photo
2026-05-04 07:25:04,306 [INFO] [44/76]  Mitchito Owens (St Kilda)
2026-05-04 07:25:04,307 [WARNING]   ✗ Could not download photo
2026-05-04 07:25:05,944 [INFO] [45/76]  Will Edwards (Sydney)
2026-05-04 07:25:05,945 [DEBUG]   Fetching Sydney player data...
2026-05-04 07:25:05,947 [DEBUG] Starting new HTTPS connection (1): www.sydneyswans.com.au:443
2026-05-04 07:25:07,276 [DEBUG] https://www.sydneyswans.com.au:443 "GET /players HTTP/1.1" 200 None
2026-05-04 07:25:09,039 [WARNING]   ✗ Could not download photo
2026-05-04 07:25:10,609 [INFO] [46/76]  Will Green (Sydney)
2026-05-04 07:25:10,609 [WARNING]   ✗ Could not download photo
2026-05-04 07:25:12,259 [INFO] [47/76]  Matthew Roberts (Sydney)
2026-05-04 07:25:12,260 [WARNING]   ✗ Could not download photo
2026-05-04 07:25:13,859 [INFO] [48/76]  Matthew Flynn (West Coast)
2026-05-04 07:25:13,860 [DEBUG]   Fetching West Coast player data...
2026-05-04 07:25:13,862 [DEBUG] Starting new HTTPS connection (1): www.westcoasteagles.com.au:443
2026-05-04 07:25:15,788 [DEBUG] https://www.westcoasteagles.com.au:443 "GET /players HTTP/1.1" 200 None
2026-05-04 07:25:17,398 [WARNING]   ✗ Could not download photo
2026-05-04 07:25:19,048 [INFO] [49/76]  Matt Owies (West Coast)
2026-05-04 07:25:19,049 [WARNING]   ✗ Could not download photo
2026-05-04 07:25:20,659 [INFO] [50/76]  Nicholas Coffield (Western Bulldogs)
2026-05-04 07:25:20,660 [DEBUG]   Fetching Western Bulldogs player data...
2026-05-04 07:25:20,667 [DEBUG] Starting new HTTPS connection (1): www.westernbulldogs.com.au:443
2026-05-04 07:25:22,030 [DEBUG] https://www.westernbulldogs.com.au:443 "GET /players HTTP/1.1" 200 None
2026-05-04 07:25:23,622 [WARNING]   ✗ Could not download photo
2026-05-04 07:25:25,264 [INFO] [51/76]  Timothy English (Western Bulldogs)
2026-05-04 07:25:25,264 [WARNING]   ✗ Could not download photo
2026-05-04 07:25:26,914 [INFO] [52/76]  Thomas Liberatore (Western Bulldogs)
2026-05-04 07:25:26,915 [WARNING]   ✗ Could not download photo
2026-05-04 07:25:28,417 [INFO] [53/76]  Taylor Duryea (Western Bulldogs)
2026-05-04 07:25:28,418 [WARNING]   ✗ Could not download photo
2026-05-04 07:25:30,059 [INFO] [54/76]  Travis Boak (Port Adelaide)
2026-05-04 07:25:30,060 [WARNING]   ✗ Could not download photo
2026-05-04 07:25:31,674 [INFO] [55/76]  Willie Rioli (Port Adelaide)
2026-05-04 07:25:31,675 [WARNING]   ✗ Could not download photo
2026-05-04 07:25:33,215 [INFO] [56/76]  Jeremy Finlayson (Port Adelaide)
2026-05-04 07:25:33,219 [WARNING]   ✗ Could not download photo
2026-05-04 07:25:34,849 [INFO] [57/76]  Ryan Burton (Port Adelaide)
2026-05-04 07:25:34,850 [WARNING]   ✗ Could not download photo
2026-05-04 07:25:36,465 [INFO] [58/76]  Matt Crouch (Adelaide)
2026-05-04 07:25:36,466 [DEBUG]   Fetching Adelaide player data...
2026-05-04 07:25:36,468 [DEBUG] Starting new HTTPS connection (1): www.afc.com.au:443
2026-05-04 07:25:37,557 [DEBUG] https://www.afc.com.au:443 "GET /players HTTP/1.1" 200 29455
2026-05-04 07:25:39,214 [WARNING]   ✗ Could not download photo
2026-05-04 07:25:40,855 [INFO] [59/76]  Harry Boyd (St Kilda)
2026-05-04 07:25:40,856 [WARNING]   ✗ Could not download photo
2026-05-04 07:25:42,397 [INFO] [60/76]  Arie Schoenmaker (St Kilda)
2026-05-04 07:25:42,398 [WARNING]   ✗ Could not download photo
2026-05-04 07:25:44,048 [INFO] [61/76]  Jimmy Webster (St Kilda)
2026-05-04 07:25:44,048 [WARNING]   ✗ Could not download photo
2026-05-04 07:25:45,698 [INFO] [62/76]  Zaine Cordy (St Kilda)
2026-05-04 07:25:45,699 [WARNING]   ✗ Could not download photo
2026-05-04 07:25:47,348 [INFO] [63/76]  Zak Jones (St Kilda)
2026-05-04 07:25:47,348 [WARNING]   ✗ Could not download photo
2026-05-04 07:25:48,944 [INFO] [64/76]  Ted Clohesy (Geelong)
2026-05-04 07:25:48,944 [WARNING]   ✗ Could not download photo
2026-05-04 07:25:50,536 [INFO] [65/76]  Liam Jones (Western Bulldogs)
2026-05-04 07:25:50,537 [WARNING]   ✗ Could not download photo
2026-05-04 07:25:52,183 [INFO] [66/76]  Lachlan Murphy (Adelaide)
2026-05-04 07:25:52,184 [WARNING]   ✗ Could not download photo
2026-05-04 07:25:53,740 [INFO] [67/76]  Jason Johannisen (Western Bulldogs)
2026-05-04 07:25:53,741 [WARNING]   ✗ Could not download photo
2026-05-04 07:25:55,391 [INFO] [68/76]  Rory Atkins (Port Adelaide)
2026-05-04 07:25:55,392 [WARNING]   ✗ Could not download photo
2026-05-04 07:25:56,976 [INFO] [69/76]  Brodie Smith (Adelaide)
2026-05-04 07:25:56,976 [WARNING]   ✗ Could not download photo
2026-05-04 07:25:58,608 [INFO] [70/76]  Mitch Duncan (Geelong)
2026-05-04 07:25:58,609 [WARNING]   ✗ Could not download photo
2026-05-04 07:26:00,218 [INFO] [71/76]  Caleb Poulter (Western Bulldogs)
2026-05-04 07:26:00,219 [WARNING]   ✗ Could not download photo
2026-05-04 07:26:01,840 [INFO] [72/76]  Jed McEntee (Port Adelaide)
2026-05-04 07:26:01,841 [WARNING]   ✗ Could not download photo
2026-05-04 07:26:03,479 [INFO] [73/76]  Angus McLennan (St Kilda)
2026-05-04 07:26:03,480 [WARNING]   ✗ Could not download photo
2026-05-04 07:26:05,106 [INFO] [74/76]  Hugh Jackson (Port Adelaide)
2026-05-04 07:26:05,107 [WARNING]   ✗ Could not download photo
2026-05-04 07:26:06,715 [INFO] [75/76]  Dylan Williams (Port Adelaide)
2026-05-04 07:26:06,716 [WARNING]   ✗ Could not download photo
2026-05-04 07:26:08,354 [INFO] [76/76]  Chris Burgess (Adelaide)
2026-05-04 07:26:08,354 [WARNING]   ✗ Could not download photo
2026-05-04 07:26:09,996 [INFO] ============================================================
2026-05-04 07:26:09,996 [INFO] SUMMARY
2026-05-04 07:26:09,996 [INFO]   Downloaded (new): 0
2026-05-04 07:26:09,996 [INFO]   Downloaded (team changes): 0
2026-05-04 07:26:09,996 [INFO]   Total downloaded: 0
2026-05-04 07:26:09,996 [INFO]   Failed: 76
2026-05-04 07:26:09,996 [INFO]   Remaining: 0
2026-05-04 07:26:09,996 [INFO] ============================================================
