2026-04-19 08:34:06,800 [INFO] ============================================================
2026-04-19 08:34:06,800 [INFO] AFL Player Photo Auto-Updater
2026-04-19 08:34:06,800 [INFO] Started at: 2026-04-19 08:34:06
2026-04-19 08:34:06,800 [INFO] ============================================================
2026-04-19 08:34:06,811 [INFO] Loaded 790 players from squads_2026.csv
2026-04-19 08:34:07,057 [INFO] Loaded 903 players from Excel
2026-04-19 08:34:07,058 [INFO] Found 75 players without photos
2026-04-19 08:34:07,059 [INFO] Found 2 players who changed teams:
2026-04-19 08:34:07,059 [INFO]   • Mason Cox: Collingwood → Fremantle
2026-04-19 08:34:07,059 [INFO]   • Judd McVee: Melbourne → Fremantle
2026-04-19 08:34:07,059 [INFO] [1/77] [TEAM CHANGE] Mason Cox (Fremantle)
2026-04-19 08:34:07,059 [DEBUG]   Fetching Fremantle player data...
2026-04-19 08:34:07,062 [DEBUG] Starting new HTTPS connection (1): www.fremantlefc.com.au:443
2026-04-19 08:34:08,157 [DEBUG] https://www.fremantlefc.com.au:443 "GET /players HTTP/1.1" 200 34582
2026-04-19 08:34:09,803 [DEBUG] Starting new HTTPS connection (1): s.afl.com.au:443
2026-04-19 08:34:10,136 [DEBUG] https://s.afl.com.au:443 "GET /staticfile/AFL%20Tenant/AFL/Players/ChampIDImages/AFL/2026014/998647.png HTTP/1.1" 200 1202629
2026-04-19 08:34:10,292 [INFO]   ✓ Downloaded (team change: Collingwood → Fremantle)
2026-04-19 08:34:11,871 [INFO] [2/77] [TEAM CHANGE] Judd McVee (Fremantle)
2026-04-19 08:34:11,874 [DEBUG] Starting new HTTPS connection (1): s.afl.com.au:443
2026-04-19 08:34:12,357 [DEBUG] https://s.afl.com.au:443 "GET /staticfile/AFL%20Tenant/AFL/Players/ChampIDImages/AFL/2026014/1017703.png HTTP/1.1" 200 1486375
2026-04-19 08:34:12,523 [INFO]   ✓ Downloaded (team change: Melbourne → Fremantle)
2026-04-19 08:34:14,112 [INFO] [3/77]  Cameron Rayner (Brisbane)
2026-04-19 08:34:14,113 [DEBUG]   Fetching Brisbane player data...
2026-04-19 08:34:14,115 [DEBUG] Starting new HTTPS connection (1): www.lions.com.au:443
2026-04-19 08:34:14,968 [DEBUG] https://www.lions.com.au:443 "GET /players HTTP/1.1" 200 34089
2026-04-19 08:34:16,602 [WARNING]   ✗ Could not download photo
2026-04-19 08:34:18,252 [INFO] [4/77]  Matt Carroll (Carlton)
2026-04-19 08:34:18,252 [DEBUG]   Fetching Carlton player data...
2026-04-19 08:34:18,255 [DEBUG] Starting new HTTPS connection (1): www.carltonfc.com.au:443
2026-04-19 08:34:19,215 [DEBUG] https://www.carltonfc.com.au:443 "GET /players HTTP/1.1" 200 32494
2026-04-19 08:34:20,730 [WARNING]   ✗ Could not download photo
2026-04-19 08:34:22,326 [INFO] [5/77]  Matt Cottrell (Carlton)
2026-04-19 08:34:22,326 [WARNING]   ✗ Could not download photo
2026-04-19 08:34:23,923 [INFO] [6/77]  Lachlan Fogarty (Carlton)
2026-04-19 08:34:23,924 [WARNING]   ✗ Could not download photo
2026-04-19 08:34:25,476 [INFO] [7/77]  Zachary Williams (Carlton)
2026-04-19 08:34:25,476 [WARNING]   ✗ Could not download photo
2026-04-19 08:34:27,077 [INFO] [8/77]  Will Hayes (Collingwood)
2026-04-19 08:34:27,078 [DEBUG]   Fetching Collingwood player data...
2026-04-19 08:34:27,079 [DEBUG] Starting new HTTPS connection (1): www.collingwoodfc.com.au:443
2026-04-19 08:34:28,124 [DEBUG] https://www.collingwoodfc.com.au:443 "GET /players HTTP/1.1" 200 32825
2026-04-19 08:34:29,636 [WARNING]   ✗ Could not download photo
2026-04-19 08:34:31,170 [INFO] [9/77]  Lachlan Schultz (Collingwood)
2026-04-19 08:34:31,171 [WARNING]   ✗ Could not download photo
2026-04-19 08:34:32,772 [INFO] [10/77]  Lachie Sullivan (Collingwood)
2026-04-19 08:34:32,773 [WARNING]   ✗ Could not download photo
2026-04-19 08:34:34,318 [INFO] [11/77]  Samuel Swadling (Collingwood)
2026-04-19 08:34:34,318 [WARNING]   ✗ Could not download photo
2026-04-19 08:34:35,968 [INFO] [12/77]  Nikolas Cox (Essendon)
2026-04-19 08:34:35,969 [DEBUG]   Fetching Essendon player data...
2026-04-19 08:34:35,971 [DEBUG] Starting new HTTPS connection (1): www.essendonfc.com.au:443
2026-04-19 08:34:36,739 [DEBUG] https://www.essendonfc.com.au:443 "GET /players HTTP/1.1" 200 None
2026-04-19 08:34:38,397 [WARNING]   ✗ Could not download photo
2026-04-19 08:34:40,035 [INFO] [13/77]  Tom Edwards (Essendon)
2026-04-19 08:34:40,036 [WARNING]   ✗ Could not download photo
2026-04-19 08:34:41,675 [INFO] [14/77]  Nicholas Martin (Essendon)
2026-04-19 08:34:41,676 [WARNING]   ✗ Could not download photo
2026-04-19 08:34:43,235 [INFO] [15/77]  Archie May (Essendon)
2026-04-19 08:34:43,236 [WARNING]   ✗ Could not download photo
2026-04-19 08:34:44,835 [INFO] [16/77]  Zachary Merrett (Essendon)
2026-04-19 08:34:44,836 [WARNING]   ✗ Could not download photo
2026-04-19 08:34:46,455 [INFO] [17/77]  Josh Draper (Fremantle)
2026-04-19 08:34:46,456 [WARNING]   ✗ Could not download photo
2026-04-19 08:34:47,976 [INFO] [18/77]  Matt Johnson (Fremantle)
2026-04-19 08:34:47,976 [WARNING]   ✗ Could not download photo
2026-04-19 08:34:49,546 [INFO] [19/77]  Chris Scerri (Fremantle)
2026-04-19 08:34:49,547 [WARNING]   ✗ Could not download photo
2026-04-19 08:34:51,127 [INFO] [20/77]  Bradley Close (Geelong)
2026-04-19 08:34:51,127 [DEBUG]   Fetching Geelong player data...
2026-04-19 08:34:51,129 [DEBUG] Starting new HTTPS connection (1): www.geelongcats.com.au:443
2026-04-19 08:34:52,295 [DEBUG] https://www.geelongcats.com.au:443 "GET /players HTTP/1.1" 200 None
2026-04-19 08:34:53,950 [WARNING]   ✗ Could not download photo
2026-04-19 08:34:55,513 [INFO] [21/77]  Ollie Dempsey (Geelong)
2026-04-19 08:34:55,514 [WARNING]   ✗ Could not download photo
2026-04-19 08:34:57,164 [INFO] [22/77]  Nick Driscoll (Geelong)
2026-04-19 08:34:57,165 [WARNING]   ✗ Could not download photo
2026-04-19 08:34:58,802 [INFO] [23/77]  Lennox Hoffman (Geelong)
2026-04-19 08:34:58,803 [WARNING]   ✗ Could not download photo
2026-04-19 08:35:00,424 [INFO] [24/77]  Mitchell Knevitt (Geelong)
2026-04-19 08:35:00,424 [WARNING]   ✗ Could not download photo
2026-04-19 08:35:01,955 [INFO] [25/77]  Thomas Stewart (Geelong)
2026-04-19 08:35:01,956 [WARNING]   ✗ Could not download photo
2026-04-19 08:35:03,475 [INFO] [26/77]  Samuel Collins (Gold Coast)
2026-04-19 08:35:03,475 [DEBUG]   Fetching Gold Coast player data...
2026-04-19 08:35:03,478 [DEBUG] Starting new HTTPS connection (1): www.goldcoastfc.com.au:443
2026-04-19 08:35:04,581 [DEBUG] https://www.goldcoastfc.com.au:443 "GET /players HTTP/1.1" 200 None
2026-04-19 08:35:06,200 [WARNING]   ✗ Could not download photo
2026-04-19 08:35:07,850 [INFO] [27/77]  Nicholas Holman (Gold Coast)
2026-04-19 08:35:07,851 [WARNING]   ✗ Could not download photo
2026-04-19 08:35:09,476 [INFO] [28/77]  Leo Lombard (Gold Coast)
2026-04-19 08:35:09,476 [WARNING]   ✗ Could not download photo
2026-04-19 08:35:11,094 [INFO] [29/77]  Lachlan Weller (Gold Coast)
2026-04-19 08:35:11,095 [WARNING]   ✗ Could not download photo
2026-04-19 08:35:12,740 [INFO] [30/77]  Lachlan Ash (GWS Giants)
2026-04-19 08:35:12,740 [DEBUG]   Fetching GWS Giants player data...
2026-04-19 08:35:12,742 [DEBUG] Starting new HTTPS connection (1): www.gwsgiants.com.au:443
2026-04-19 08:35:13,590 [DEBUG] https://www.gwsgiants.com.au:443 "GET /players HTTP/1.1" 200 34090
2026-04-19 08:35:15,194 [WARNING]   ✗ Could not download photo
2026-04-19 08:35:16,844 [INFO] [31/77]  Joseph Fonti (GWS Giants)
2026-04-19 08:35:16,845 [WARNING]   ✗ Could not download photo
2026-04-19 08:35:18,494 [INFO] [32/77]  Harrison Himmelberg (GWS Giants)
2026-04-19 08:35:18,497 [WARNING]   ✗ Could not download photo
2026-04-19 08:35:20,112 [INFO] [33/77]  Joshua Kelly (GWS Giants)
2026-04-19 08:35:20,112 [WARNING]   ✗ Could not download photo
2026-04-19 08:35:21,735 [INFO] [34/77]  Nick Madden (GWS Giants)
2026-04-19 08:35:21,736 [WARNING]   ✗ Could not download photo
2026-04-19 08:35:23,386 [INFO] [35/77]  Ollie Greeves (Hawthorn)
2026-04-19 08:35:23,387 [DEBUG]   Fetching Hawthorn player data...
2026-04-19 08:35:23,389 [DEBUG] Starting new HTTPS connection (1): www.hawthornfc.com.au:443
2026-04-19 08:35:24,649 [DEBUG] https://www.hawthornfc.com.au:443 "GET /players HTTP/1.1" 200 None
2026-04-19 08:35:26,222 [WARNING]   ✗ Could not download photo
2026-04-19 08:35:27,806 [INFO] [36/77]  Mitchell Lewis (Hawthorn)
2026-04-19 08:35:27,806 [WARNING]   ✗ Could not download photo
2026-04-19 08:35:29,318 [INFO] [37/77]  Cameron Mackenzie (Hawthorn)
2026-04-19 08:35:29,319 [WARNING]   ✗ Could not download photo
2026-04-19 08:35:30,836 [INFO] [38/77]  Joshua Weddle (Hawthorn)
2026-04-19 08:35:30,836 [WARNING]   ✗ Could not download photo
2026-04-19 08:35:32,452 [INFO] [39/77]  Lachlan Jones (Port Adelaide)
2026-04-19 08:35:32,452 [DEBUG]   Fetching Port Adelaide player data...
2026-04-19 08:35:32,455 [DEBUG] Starting new HTTPS connection (1): www.portadelaidefc.com.au:443
2026-04-19 08:35:34,539 [DEBUG] https://www.portadelaidefc.com.au:443 "GET /players HTTP/1.1" 200 34814
2026-04-19 08:35:36,054 [WARNING]   ✗ Could not download photo
2026-04-19 08:35:37,696 [INFO] [40/77]  Oliver Wines (Port Adelaide)
2026-04-19 08:35:37,696 [WARNING]   ✗ Could not download photo
2026-04-19 08:35:39,315 [INFO] [41/77]  Samuel Grlj (Richmond)
2026-04-19 08:35:39,315 [DEBUG]   Fetching Richmond player data...
2026-04-19 08:35:39,317 [DEBUG] Starting new HTTPS connection (1): www.richmondfc.com.au:443
2026-04-19 08:35:39,711 [DEBUG] https://www.richmondfc.com.au:443 "GET /players HTTP/1.1" 200 34747
2026-04-19 08:35:41,354 [WARNING]   ✗ Could not download photo
2026-04-19 08:35:42,950 [INFO] [42/77]  Daniel Butler (St Kilda)
2026-04-19 08:35:42,950 [DEBUG]   Fetching St Kilda player data...
2026-04-19 08:35:42,953 [DEBUG] Starting new HTTPS connection (1): www.saints.com.au:443
2026-04-19 08:35:43,708 [DEBUG] https://www.saints.com.au:443 "GET /players HTTP/1.1" 200 27537
2026-04-19 08:35:43,712 [DEBUG]   Using HTML link fallback for St Kilda (43 unique players)
2026-04-19 08:35:45,362 [WARNING]   ✗ Could not download photo
2026-04-19 08:35:47,003 [INFO] [43/77]  Jackson Macrae (St Kilda)
2026-04-19 08:35:47,004 [WARNING]   ✗ Could not download photo
2026-04-19 08:35:48,631 [INFO] [44/77]  Kobe McDonald (St Kilda)
2026-04-19 08:35:48,632 [DEBUG]   Fetching providerId from player page...
2026-04-19 08:35:48,634 [DEBUG] Starting new HTTPS connection (1): www.saints.com.au:443
2026-04-19 08:35:49,431 [DEBUG] https://www.saints.com.au:443 "GET /players/15854/kobe-mcdonald HTTP/1.1" 200 30658
2026-04-19 08:35:49,979 [DEBUG] Starting new HTTPS connection (1): s.afl.com.au:443
2026-04-19 08:35:50,451 [DEBUG] https://s.afl.com.au:443 "GET /staticfile/AFL%20Tenant/AFL/Players/ChampIDImages/AFL/2026014/1044597.png HTTP/1.1" 404 48734
2026-04-19 08:35:51,079 [DEBUG] Starting new HTTPS connection (1): s.afl.com.au:443
2026-04-19 08:35:51,686 [DEBUG] https://s.afl.com.au:443 "GET /staticfile/AFL%20Tenant/AFL/Players/ChampIDImages/AFL/2025014/1044597.png HTTP/1.1" 404 48734
2026-04-19 08:35:52,331 [WARNING]   ✗ Could not download photo
2026-04-19 08:35:53,903 [INFO] [45/77]  Mitchito Owens (St Kilda)
2026-04-19 08:35:53,903 [WARNING]   ✗ Could not download photo
2026-04-19 08:35:55,525 [INFO] [46/77]  Will Edwards (Sydney)
2026-04-19 08:35:55,525 [DEBUG]   Fetching Sydney player data...
2026-04-19 08:35:55,528 [DEBUG] Starting new HTTPS connection (1): www.sydneyswans.com.au:443
2026-04-19 08:35:56,599 [DEBUG] https://www.sydneyswans.com.au:443 "GET /players HTTP/1.1" 200 None
2026-04-19 08:35:58,236 [WARNING]   ✗ Could not download photo
2026-04-19 08:35:59,756 [INFO] [47/77]  Will Green (Sydney)
2026-04-19 08:35:59,757 [WARNING]   ✗ Could not download photo
2026-04-19 08:36:01,356 [INFO] [48/77]  Matthew Roberts (Sydney)
2026-04-19 08:36:01,357 [WARNING]   ✗ Could not download photo
2026-04-19 08:36:02,976 [INFO] [49/77]  Matthew Flynn (West Coast)
2026-04-19 08:36:02,977 [DEBUG]   Fetching West Coast player data...
2026-04-19 08:36:02,979 [DEBUG] Starting new HTTPS connection (1): www.westcoasteagles.com.au:443
2026-04-19 08:36:03,975 [DEBUG] https://www.westcoasteagles.com.au:443 "GET /players HTTP/1.1" 200 None
2026-04-19 08:36:05,585 [WARNING]   ✗ Could not download photo
2026-04-19 08:36:07,166 [INFO] [50/77]  Matt Owies (West Coast)
2026-04-19 08:36:07,167 [WARNING]   ✗ Could not download photo
2026-04-19 08:36:08,769 [INFO] [51/77]  Nicholas Coffield (Western Bulldogs)
2026-04-19 08:36:08,770 [DEBUG]   Fetching Western Bulldogs player data...
2026-04-19 08:36:08,772 [DEBUG] Starting new HTTPS connection (1): www.westernbulldogs.com.au:443
2026-04-19 08:36:09,809 [DEBUG] https://www.westernbulldogs.com.au:443 "GET /players HTTP/1.1" 200 None
2026-04-19 08:36:11,359 [WARNING]   ✗ Could not download photo
2026-04-19 08:36:12,866 [INFO] [52/77]  Timothy English (Western Bulldogs)
2026-04-19 08:36:12,866 [WARNING]   ✗ Could not download photo
2026-04-19 08:36:14,426 [INFO] [53/77]  Thomas Liberatore (Western Bulldogs)
2026-04-19 08:36:14,427 [WARNING]   ✗ Could not download photo
2026-04-19 08:36:16,056 [INFO] [54/77]  Taylor Duryea (Western Bulldogs)
2026-04-19 08:36:16,057 [WARNING]   ✗ Could not download photo
2026-04-19 08:36:17,695 [INFO] [55/77]  Travis Boak (Port Adelaide)
2026-04-19 08:36:17,696 [WARNING]   ✗ Could not download photo
2026-04-19 08:36:19,312 [INFO] [56/77]  Willie Rioli (Port Adelaide)
2026-04-19 08:36:19,313 [WARNING]   ✗ Could not download photo
2026-04-19 08:36:20,958 [INFO] [57/77]  Jeremy Finlayson (Port Adelaide)
2026-04-19 08:36:20,958 [WARNING]   ✗ Could not download photo
2026-04-19 08:36:22,466 [INFO] [58/77]  Ryan Burton (Port Adelaide)
2026-04-19 08:36:22,467 [WARNING]   ✗ Could not download photo
2026-04-19 08:36:24,097 [INFO] [59/77]  Matt Crouch (Adelaide)
2026-04-19 08:36:24,098 [DEBUG]   Fetching Adelaide player data...
2026-04-19 08:36:24,100 [DEBUG] Starting new HTTPS connection (1): www.afc.com.au:443
2026-04-19 08:36:25,068 [DEBUG] https://www.afc.com.au:443 "GET /players HTTP/1.1" 200 29458
2026-04-19 08:36:26,676 [WARNING]   ✗ Could not download photo
2026-04-19 08:36:28,322 [INFO] [60/77]  Harry Boyd (St Kilda)
2026-04-19 08:36:28,323 [WARNING]   ✗ Could not download photo
2026-04-19 08:36:29,940 [INFO] [61/77]  Arie Schoenmaker (St Kilda)
2026-04-19 08:36:29,940 [WARNING]   ✗ Could not download photo
2026-04-19 08:36:31,525 [INFO] [62/77]  Jimmy Webster (St Kilda)
2026-04-19 08:36:31,526 [WARNING]   ✗ Could not download photo
2026-04-19 08:36:33,176 [INFO] [63/77]  Zaine Cordy (St Kilda)
2026-04-19 08:36:33,176 [WARNING]   ✗ Could not download photo
2026-04-19 08:36:34,827 [INFO] [64/77]  Zak Jones (St Kilda)
2026-04-19 08:36:34,827 [WARNING]   ✗ Could not download photo
2026-04-19 08:36:36,477 [INFO] [65/77]  Ted Clohesy (Geelong)
2026-04-19 08:36:36,478 [WARNING]   ✗ Could not download photo
2026-04-19 08:36:38,030 [INFO] [66/77]  Liam Jones (Western Bulldogs)
2026-04-19 08:36:38,031 [WARNING]   ✗ Could not download photo
2026-04-19 08:36:39,631 [INFO] [67/77]  Lachlan Murphy (Adelaide)
2026-04-19 08:36:39,631 [WARNING]   ✗ Could not download photo
2026-04-19 08:36:41,175 [INFO] [68/77]  Jason Johannisen (Western Bulldogs)
2026-04-19 08:36:41,176 [WARNING]   ✗ Could not download photo
2026-04-19 08:36:42,820 [INFO] [69/77]  Rory Atkins (Port Adelaide)
2026-04-19 08:36:42,821 [WARNING]   ✗ Could not download photo
2026-04-19 08:36:44,436 [INFO] [70/77]  Brodie Smith (Adelaide)
2026-04-19 08:36:44,437 [WARNING]   ✗ Could not download photo
2026-04-19 08:36:45,976 [INFO] [71/77]  Mitch Duncan (Geelong)
2026-04-19 08:36:45,977 [WARNING]   ✗ Could not download photo
2026-04-19 08:36:47,530 [INFO] [72/77]  Caleb Poulter (Western Bulldogs)
2026-04-19 08:36:47,531 [WARNING]   ✗ Could not download photo
2026-04-19 08:36:49,156 [INFO] [73/77]  Jed McEntee (Port Adelaide)
2026-04-19 08:36:49,157 [WARNING]   ✗ Could not download photo
2026-04-19 08:36:50,796 [INFO] [74/77]  Angus McLennan (St Kilda)
2026-04-19 08:36:50,797 [WARNING]   ✗ Could not download photo
2026-04-19 08:36:52,441 [INFO] [75/77]  Hugh Jackson (Port Adelaide)
2026-04-19 08:36:52,441 [WARNING]   ✗ Could not download photo
2026-04-19 08:36:53,984 [INFO] [76/77]  Dylan Williams (Port Adelaide)
2026-04-19 08:36:53,984 [WARNING]   ✗ Could not download photo
2026-04-19 08:36:55,582 [INFO] [77/77]  Chris Burgess (Adelaide)
2026-04-19 08:36:55,582 [WARNING]   ✗ Could not download photo
2026-04-19 08:36:57,250 [INFO] ============================================================
2026-04-19 08:36:57,250 [INFO] SUMMARY
2026-04-19 08:36:57,251 [INFO]   Downloaded (new): 0
2026-04-19 08:36:57,251 [INFO]   Downloaded (team changes): 2
2026-04-19 08:36:57,251 [INFO]   Total downloaded: 2
2026-04-19 08:36:57,251 [INFO]   Failed: 75
2026-04-19 08:36:57,251 [INFO]   Remaining: 0
2026-04-19 08:36:57,251 [INFO] ============================================================
