2026-05-02 07:11:48,559 [INFO] ============================================================
2026-05-02 07:11:48,559 [INFO] AFL Player Photo Auto-Updater
2026-05-02 07:11:48,559 [INFO] Started at: 2026-05-02 07:11:48
2026-05-02 07:11:48,559 [INFO] ============================================================
2026-05-02 07:11:48,570 [INFO] Loaded 791 players from squads_2026.csv
2026-05-02 07:11:48,822 [INFO] Loaded 904 players from Excel
2026-05-02 07:11:48,843 [INFO] Found 76 players without photos
2026-05-02 07:11:48,844 [INFO] [1/76]  Cameron Rayner (Brisbane)
2026-05-02 07:11:48,844 [DEBUG]   Fetching Brisbane player data...
2026-05-02 07:11:48,855 [DEBUG] Starting new HTTPS connection (1): www.lions.com.au:443
2026-05-02 07:11:49,979 [DEBUG] https://www.lions.com.au:443 "GET /players HTTP/1.1" 200 34252
2026-05-02 07:11:51,566 [WARNING]   ✗ Could not download photo
2026-05-02 07:11:53,147 [INFO] [2/76]  Matt Carroll (Carlton)
2026-05-02 07:11:53,148 [DEBUG]   Fetching Carlton player data...
2026-05-02 07:11:53,150 [DEBUG] Starting new HTTPS connection (1): www.carltonfc.com.au:443
2026-05-02 07:11:54,641 [DEBUG] https://www.carltonfc.com.au:443 "GET /players HTTP/1.1" 200 32622
2026-05-02 07:11:56,297 [WARNING]   ✗ Could not download photo
2026-05-02 07:11:57,937 [INFO] [3/76]  Matt Cottrell (Carlton)
2026-05-02 07:11:57,938 [WARNING]   ✗ Could not download photo
2026-05-02 07:11:59,477 [INFO] [4/76]  Lachlan Fogarty (Carlton)
2026-05-02 07:11:59,478 [WARNING]   ✗ Could not download photo
2026-05-02 07:12:01,017 [INFO] [5/76]  Zachary Williams (Carlton)
2026-05-02 07:12:01,018 [WARNING]   ✗ Could not download photo
2026-05-02 07:12:02,648 [INFO] [6/76]  Will Hayes (Collingwood)
2026-05-02 07:12:02,648 [DEBUG]   Fetching Collingwood player data...
2026-05-02 07:12:02,650 [DEBUG] Starting new HTTPS connection (1): www.collingwoodfc.com.au:443
2026-05-02 07:12:03,701 [DEBUG] https://www.collingwoodfc.com.au:443 "GET /players HTTP/1.1" 200 32679
2026-05-02 07:12:05,338 [WARNING]   ✗ Could not download photo
2026-05-02 07:12:06,974 [INFO] [7/76]  Lachlan Schultz (Collingwood)
2026-05-02 07:12:06,974 [WARNING]   ✗ Could not download photo
2026-05-02 07:12:08,582 [INFO] [8/76]  Lachie Sullivan (Collingwood)
2026-05-02 07:12:08,582 [WARNING]   ✗ Could not download photo
2026-05-02 07:12:10,231 [INFO] [9/76]  Samuel Swadling (Collingwood)
2026-05-02 07:12:10,231 [WARNING]   ✗ Could not download photo
2026-05-02 07:12:11,852 [INFO] [10/76]  Nikolas Cox (Essendon)
2026-05-02 07:12:11,852 [DEBUG]   Fetching Essendon player data...
2026-05-02 07:12:11,855 [DEBUG] Starting new HTTPS connection (1): www.essendonfc.com.au:443
2026-05-02 07:12:12,815 [DEBUG] https://www.essendonfc.com.au:443 "GET /players HTTP/1.1" 200 None
2026-05-02 07:12:14,383 [WARNING]   ✗ Could not download photo
2026-05-02 07:12:16,009 [INFO] [11/76]  Tom Edwards (Essendon)
2026-05-02 07:12:16,010 [WARNING]   ✗ Could not download photo
2026-05-02 07:12:17,655 [INFO] [12/76]  Nicholas Martin (Essendon)
2026-05-02 07:12:17,656 [WARNING]   ✗ Could not download photo
2026-05-02 07:12:19,272 [INFO] [13/76]  Archie May (Essendon)
2026-05-02 07:12:19,272 [WARNING]   ✗ Could not download photo
2026-05-02 07:12:20,846 [INFO] [14/76]  Zachary Merrett (Essendon)
2026-05-02 07:12:20,847 [WARNING]   ✗ Could not download photo
2026-05-02 07:12:22,487 [INFO] [15/76]  Josh Draper (Fremantle)
2026-05-02 07:12:22,488 [DEBUG]   Fetching Fremantle player data...
2026-05-02 07:12:22,491 [DEBUG] Starting new HTTPS connection (1): www.fremantlefc.com.au:443
2026-05-02 07:12:23,875 [DEBUG] https://www.fremantlefc.com.au:443 "GET /players HTTP/1.1" 200 34309
2026-05-02 07:12:25,383 [WARNING]   ✗ Could not download photo
2026-05-02 07:12:26,897 [INFO] [16/76]  Matt Johnson (Fremantle)
2026-05-02 07:12:26,897 [WARNING]   ✗ Could not download photo
2026-05-02 07:12:28,548 [INFO] [17/76]  Chris Scerri (Fremantle)
2026-05-02 07:12:28,548 [WARNING]   ✗ Could not download photo
2026-05-02 07:12:30,177 [INFO] [18/76]  Bradley Close (Geelong)
2026-05-02 07:12:30,177 [DEBUG]   Fetching Geelong player data...
2026-05-02 07:12:30,180 [DEBUG] Starting new HTTPS connection (1): www.geelongcats.com.au:443
2026-05-02 07:12:31,390 [DEBUG] https://www.geelongcats.com.au:443 "GET /players HTTP/1.1" 200 None
2026-05-02 07:12:33,008 [WARNING]   ✗ Could not download photo
2026-05-02 07:12:34,658 [INFO] [19/76]  Ollie Dempsey (Geelong)
2026-05-02 07:12:34,659 [WARNING]   ✗ Could not download photo
2026-05-02 07:12:36,258 [INFO] [20/76]  Nick Driscoll (Geelong)
2026-05-02 07:12:36,258 [WARNING]   ✗ Could not download photo
2026-05-02 07:12:37,876 [INFO] [21/76]  Lennox Hoffman (Geelong)
2026-05-02 07:12:37,876 [WARNING]   ✗ Could not download photo
2026-05-02 07:12:39,521 [INFO] [22/76]  Mitchell Knevitt (Geelong)
2026-05-02 07:12:39,522 [WARNING]   ✗ Could not download photo
2026-05-02 07:12:41,151 [INFO] [23/76]  Thomas Stewart (Geelong)
2026-05-02 07:12:41,152 [WARNING]   ✗ Could not download photo
2026-05-02 07:12:42,758 [INFO] [24/76]  Samuel Collins (Gold Coast)
2026-05-02 07:12:42,758 [DEBUG]   Fetching Gold Coast player data...
2026-05-02 07:12:42,761 [DEBUG] Starting new HTTPS connection (1): www.goldcoastfc.com.au:443
2026-05-02 07:12:44,048 [DEBUG] https://www.goldcoastfc.com.au:443 "GET /players HTTP/1.1" 200 None
2026-05-02 07:12:45,687 [WARNING]   ✗ Could not download photo
2026-05-02 07:12:47,288 [INFO] [25/76]  Nicholas Holman (Gold Coast)
2026-05-02 07:12:47,289 [WARNING]   ✗ Could not download photo
2026-05-02 07:12:48,911 [INFO] [26/76]  Leo Lombard (Gold Coast)
2026-05-02 07:12:48,911 [WARNING]   ✗ Could not download photo
2026-05-02 07:12:50,557 [INFO] [27/76]  Lachlan Weller (Gold Coast)
2026-05-02 07:12:50,558 [WARNING]   ✗ Could not download photo
2026-05-02 07:12:52,161 [INFO] [28/76]  Lachlan Ash (GWS Giants)
2026-05-02 07:12:52,161 [DEBUG]   Fetching GWS Giants player data...
2026-05-02 07:12:52,164 [DEBUG] Starting new HTTPS connection (1): www.gwsgiants.com.au:443
2026-05-02 07:12:53,059 [DEBUG] https://www.gwsgiants.com.au:443 "GET /players HTTP/1.1" 200 33962
2026-05-02 07:12:54,696 [WARNING]   ✗ Could not download photo
2026-05-02 07:12:56,335 [INFO] [29/76]  Joseph Fonti (GWS Giants)
2026-05-02 07:12:56,335 [WARNING]   ✗ Could not download photo
2026-05-02 07:12:57,917 [INFO] [30/76]  Harrison Himmelberg (GWS Giants)
2026-05-02 07:12:57,917 [WARNING]   ✗ Could not download photo
2026-05-02 07:12:59,527 [INFO] [31/76]  Joshua Kelly (GWS Giants)
2026-05-02 07:12:59,528 [WARNING]   ✗ Could not download photo
2026-05-02 07:13:01,177 [INFO] [32/76]  Nick Madden (GWS Giants)
2026-05-02 07:13:01,178 [WARNING]   ✗ Could not download photo
2026-05-02 07:13:02,758 [INFO] [33/76]  Ollie Greeves (Hawthorn)
2026-05-02 07:13:02,758 [DEBUG]   Fetching Hawthorn player data...
2026-05-02 07:13:02,761 [DEBUG] Starting new HTTPS connection (1): www.hawthornfc.com.au:443
2026-05-02 07:13:03,915 [DEBUG] https://www.hawthornfc.com.au:443 "GET /players HTTP/1.1" 200 34693
2026-05-02 07:13:05,514 [WARNING]   ✗ Could not download photo
2026-05-02 07:13:07,161 [INFO] [34/76]  Mitchell Lewis (Hawthorn)
2026-05-02 07:13:07,161 [WARNING]   ✗ Could not download photo
2026-05-02 07:13:08,798 [INFO] [35/76]  Cameron Mackenzie (Hawthorn)
2026-05-02 07:13:08,798 [WARNING]   ✗ Could not download photo
2026-05-02 07:13:10,359 [INFO] [36/76]  Joshua Weddle (Hawthorn)
2026-05-02 07:13:10,360 [WARNING]   ✗ Could not download photo
2026-05-02 07:13:11,998 [INFO] [37/76]  Lachlan Jones (Port Adelaide)
2026-05-02 07:13:11,998 [DEBUG]   Fetching Port Adelaide player data...
2026-05-02 07:13:12,000 [DEBUG] Starting new HTTPS connection (1): www.portadelaidefc.com.au:443
2026-05-02 07:13:13,028 [DEBUG] https://www.portadelaidefc.com.au:443 "GET /players HTTP/1.1" 200 34757
2026-05-02 07:13:14,633 [WARNING]   ✗ Could not download photo
2026-05-02 07:13:16,283 [INFO] [38/76]  Oliver Wines (Port Adelaide)
2026-05-02 07:13:16,284 [WARNING]   ✗ Could not download photo
2026-05-02 07:13:17,929 [INFO] [39/76]  Thomas Burton (Richmond)
2026-05-02 07:13:17,929 [DEBUG]   Fetching Richmond player data...
2026-05-02 07:13:17,931 [DEBUG] Starting new HTTPS connection (1): www.richmondfc.com.au:443
2026-05-02 07:13:18,967 [DEBUG] https://www.richmondfc.com.au:443 "GET /players HTTP/1.1" 200 33498
2026-05-02 07:13:20,507 [WARNING]   ✗ Could not download photo
2026-05-02 07:13:22,157 [INFO] [40/76]  Samuel Grlj (Richmond)
2026-05-02 07:13:22,157 [WARNING]   ✗ Could not download photo
2026-05-02 07:13:23,800 [INFO] [41/76]  Daniel Butler (St Kilda)
2026-05-02 07:13:23,800 [DEBUG]   Fetching St Kilda player data...
2026-05-02 07:13:23,803 [DEBUG] Starting new HTTPS connection (1): www.saints.com.au:443
2026-05-02 07:13:24,716 [DEBUG] https://www.saints.com.au:443 "GET /players HTTP/1.1" 200 27558
2026-05-02 07:13:24,722 [DEBUG]   Using HTML link fallback for St Kilda (43 unique players)
2026-05-02 07:13:26,351 [WARNING]   ✗ Could not download photo
2026-05-02 07:13:27,958 [INFO] [42/76]  Jackson Macrae (St Kilda)
2026-05-02 07:13:27,958 [WARNING]   ✗ Could not download photo
2026-05-02 07:13:29,597 [INFO] [43/76]  Kobe McDonald (St Kilda)
2026-05-02 07:13:29,597 [DEBUG]   Fetching providerId from player page...
2026-05-02 07:13:29,600 [DEBUG] Starting new HTTPS connection (1): www.saints.com.au:443
2026-05-02 07:13:30,492 [DEBUG] https://www.saints.com.au:443 "GET /players/15854/kobe-mcdonald HTTP/1.1" 200 29331
2026-05-02 07:13:31,134 [DEBUG] Starting new HTTPS connection (1): s.afl.com.au:443
2026-05-02 07:13:31,767 [DEBUG] https://s.afl.com.au:443 "GET /staticfile/AFL%20Tenant/AFL/Players/ChampIDImages/AFL/2026014/1044597.png HTTP/1.1" 404 48734
2026-05-02 07:13:32,539 [DEBUG] Starting new HTTPS connection (1): s.afl.com.au:443
2026-05-02 07:13:33,199 [DEBUG] https://s.afl.com.au:443 "GET /staticfile/AFL%20Tenant/AFL/Players/ChampIDImages/AFL/2025014/1044597.png HTTP/1.1" 404 48734
2026-05-02 07:13:33,785 [WARNING]   ✗ Could not download photo
2026-05-02 07:13:35,403 [INFO] [44/76]  Mitchito Owens (St Kilda)
2026-05-02 07:13:35,404 [WARNING]   ✗ Could not download photo
2026-05-02 07:13:37,054 [INFO] [45/76]  Will Edwards (Sydney)
2026-05-02 07:13:37,054 [DEBUG]   Fetching Sydney player data...
2026-05-02 07:13:37,057 [DEBUG] Starting new HTTPS connection (1): www.sydneyswans.com.au:443
2026-05-02 07:13:38,646 [DEBUG] https://www.sydneyswans.com.au:443 "GET /players HTTP/1.1" 200 34023
2026-05-02 07:13:40,400 [WARNING]   ✗ Could not download photo
2026-05-02 07:13:41,961 [INFO] [46/76]  Will Green (Sydney)
2026-05-02 07:13:41,962 [WARNING]   ✗ Could not download photo
2026-05-02 07:13:43,597 [INFO] [47/76]  Matthew Roberts (Sydney)
2026-05-02 07:13:43,598 [WARNING]   ✗ Could not download photo
2026-05-02 07:13:45,231 [INFO] [48/76]  Matthew Flynn (West Coast)
2026-05-02 07:13:45,231 [DEBUG]   Fetching West Coast player data...
2026-05-02 07:13:45,234 [DEBUG] Starting new HTTPS connection (1): www.westcoasteagles.com.au:443
2026-05-02 07:13:47,280 [DEBUG] https://www.westcoasteagles.com.au:443 "GET /players HTTP/1.1" 200 None
2026-05-02 07:13:48,923 [WARNING]   ✗ Could not download photo
2026-05-02 07:13:50,453 [INFO] [49/76]  Matt Owies (West Coast)
2026-05-02 07:13:50,453 [WARNING]   ✗ Could not download photo
2026-05-02 07:13:52,077 [INFO] [50/76]  Nicholas Coffield (Western Bulldogs)
2026-05-02 07:13:52,077 [DEBUG]   Fetching Western Bulldogs player data...
2026-05-02 07:13:52,080 [DEBUG] Starting new HTTPS connection (1): www.westernbulldogs.com.au:443
2026-05-02 07:13:53,468 [DEBUG] https://www.westernbulldogs.com.au:443 "GET /players HTTP/1.1" 200 None
2026-05-02 07:13:55,008 [WARNING]   ✗ Could not download photo
2026-05-02 07:13:56,658 [INFO] [51/76]  Timothy English (Western Bulldogs)
2026-05-02 07:13:56,659 [WARNING]   ✗ Could not download photo
2026-05-02 07:13:58,257 [INFO] [52/76]  Thomas Liberatore (Western Bulldogs)
2026-05-02 07:13:58,257 [WARNING]   ✗ Could not download photo
2026-05-02 07:13:59,896 [INFO] [53/76]  Taylor Duryea (Western Bulldogs)
2026-05-02 07:13:59,896 [WARNING]   ✗ Could not download photo
2026-05-02 07:14:01,475 [INFO] [54/76]  Travis Boak (Port Adelaide)
2026-05-02 07:14:01,476 [WARNING]   ✗ Could not download photo
2026-05-02 07:14:03,001 [INFO] [55/76]  Willie Rioli (Port Adelaide)
2026-05-02 07:14:03,001 [WARNING]   ✗ Could not download photo
2026-05-02 07:14:04,565 [INFO] [56/76]  Jeremy Finlayson (Port Adelaide)
2026-05-02 07:14:04,566 [WARNING]   ✗ Could not download photo
2026-05-02 07:14:06,165 [INFO] [57/76]  Ryan Burton (Port Adelaide)
2026-05-02 07:14:06,166 [WARNING]   ✗ Could not download photo
2026-05-02 07:14:07,809 [INFO] [58/76]  Matt Crouch (Adelaide)
2026-05-02 07:14:07,809 [DEBUG]   Fetching Adelaide player data...
2026-05-02 07:14:07,811 [DEBUG] Starting new HTTPS connection (1): www.afc.com.au:443
2026-05-02 07:14:09,041 [DEBUG] https://www.afc.com.au:443 "GET /players HTTP/1.1" 200 29449
2026-05-02 07:14:10,633 [WARNING]   ✗ Could not download photo
2026-05-02 07:14:12,168 [INFO] [59/76]  Harry Boyd (St Kilda)
2026-05-02 07:14:12,168 [WARNING]   ✗ Could not download photo
2026-05-02 07:14:13,695 [INFO] [60/76]  Arie Schoenmaker (St Kilda)
2026-05-02 07:14:13,695 [WARNING]   ✗ Could not download photo
2026-05-02 07:14:15,321 [INFO] [61/76]  Jimmy Webster (St Kilda)
2026-05-02 07:14:15,324 [WARNING]   ✗ Could not download photo
2026-05-02 07:14:16,964 [INFO] [62/76]  Zaine Cordy (St Kilda)
2026-05-02 07:14:16,965 [WARNING]   ✗ Could not download photo
2026-05-02 07:14:18,597 [INFO] [63/76]  Zak Jones (St Kilda)
2026-05-02 07:14:18,597 [WARNING]   ✗ Could not download photo
2026-05-02 07:14:20,237 [INFO] [64/76]  Ted Clohesy (Geelong)
2026-05-02 07:14:20,237 [WARNING]   ✗ Could not download photo
2026-05-02 07:14:21,887 [INFO] [65/76]  Liam Jones (Western Bulldogs)
2026-05-02 07:14:21,887 [WARNING]   ✗ Could not download photo
2026-05-02 07:14:23,528 [INFO] [66/76]  Lachlan Murphy (Adelaide)
2026-05-02 07:14:23,529 [WARNING]   ✗ Could not download photo
2026-05-02 07:14:25,088 [INFO] [67/76]  Jason Johannisen (Western Bulldogs)
2026-05-02 07:14:25,088 [WARNING]   ✗ Could not download photo
2026-05-02 07:14:26,727 [INFO] [68/76]  Rory Atkins (Port Adelaide)
2026-05-02 07:14:26,727 [WARNING]   ✗ Could not download photo
2026-05-02 07:14:28,375 [INFO] [69/76]  Brodie Smith (Adelaide)
2026-05-02 07:14:28,376 [WARNING]   ✗ Could not download photo
2026-05-02 07:14:29,884 [INFO] [70/76]  Mitch Duncan (Geelong)
2026-05-02 07:14:29,885 [WARNING]   ✗ Could not download photo
2026-05-02 07:14:31,429 [INFO] [71/76]  Caleb Poulter (Western Bulldogs)
2026-05-02 07:14:31,430 [WARNING]   ✗ Could not download photo
2026-05-02 07:14:33,077 [INFO] [72/76]  Jed McEntee (Port Adelaide)
2026-05-02 07:14:33,077 [WARNING]   ✗ Could not download photo
2026-05-02 07:14:34,685 [INFO] [73/76]  Angus McLennan (St Kilda)
2026-05-02 07:14:34,686 [WARNING]   ✗ Could not download photo
2026-05-02 07:14:36,264 [INFO] [74/76]  Hugh Jackson (Port Adelaide)
2026-05-02 07:14:36,264 [WARNING]   ✗ Could not download photo
2026-05-02 07:14:37,884 [INFO] [75/76]  Dylan Williams (Port Adelaide)
2026-05-02 07:14:37,885 [WARNING]   ✗ Could not download photo
2026-05-02 07:14:39,528 [INFO] [76/76]  Chris Burgess (Adelaide)
2026-05-02 07:14:39,529 [WARNING]   ✗ Could not download photo
2026-05-02 07:14:41,194 [INFO] ============================================================
2026-05-02 07:14:41,194 [INFO] SUMMARY
2026-05-02 07:14:41,194 [INFO]   Downloaded (new): 0
2026-05-02 07:14:41,194 [INFO]   Downloaded (team changes): 0
2026-05-02 07:14:41,194 [INFO]   Total downloaded: 0
2026-05-02 07:14:41,194 [INFO]   Failed: 76
2026-05-02 07:14:41,194 [INFO]   Remaining: 0
2026-05-02 07:14:41,194 [INFO] ============================================================
