2026-03-23 07:14:56,369 [INFO] ============================================================
2026-03-23 07:14:56,369 [INFO] AFL Player Photo Auto-Updater
2026-03-23 07:14:56,369 [INFO] Started at: 2026-03-23 07:14:56
2026-03-23 07:14:56,370 [INFO] ============================================================
2026-03-23 07:14:56,380 [INFO] Loaded 790 players from squads_2026.csv
2026-03-23 07:14:56,628 [INFO] Loaded 903 players from Excel
2026-03-23 07:14:56,633 [INFO] Found 75 players without photos
2026-03-23 07:14:56,634 [INFO] [1/75]  Cameron Rayner (Brisbane)
2026-03-23 07:14:56,634 [DEBUG]   Fetching Brisbane player data...
2026-03-23 07:14:56,637 [DEBUG] Starting new HTTPS connection (1): www.lions.com.au:443
2026-03-23 07:14:57,876 [DEBUG] https://www.lions.com.au:443 "GET /players HTTP/1.1" 200 33937
2026-03-23 07:14:59,517 [WARNING]   ✗ Could not download photo
2026-03-23 07:15:01,151 [INFO] [2/75]  Matt Carroll (Carlton)
2026-03-23 07:15:01,151 [DEBUG]   Fetching Carlton player data...
2026-03-23 07:15:01,154 [DEBUG] Starting new HTTPS connection (1): www.carltonfc.com.au:443
2026-03-23 07:15:02,575 [DEBUG] https://www.carltonfc.com.au:443 "GET /players HTTP/1.1" 200 None
2026-03-23 07:15:04,184 [WARNING]   ✗ Could not download photo
2026-03-23 07:15:05,834 [INFO] [3/75]  Matt Cottrell (Carlton)
2026-03-23 07:15:05,835 [WARNING]   ✗ Could not download photo
2026-03-23 07:15:07,473 [INFO] [4/75]  Lachlan Fogarty (Carlton)
2026-03-23 07:15:07,473 [WARNING]   ✗ Could not download photo
2026-03-23 07:15:09,105 [INFO] [5/75]  Zachary Williams (Carlton)
2026-03-23 07:15:09,105 [WARNING]   ✗ Could not download photo
2026-03-23 07:15:10,754 [INFO] [6/75]  Will Hayes (Collingwood)
2026-03-23 07:15:10,754 [DEBUG]   Fetching Collingwood player data...
2026-03-23 07:15:10,757 [DEBUG] Starting new HTTPS connection (1): www.collingwoodfc.com.au:443
2026-03-23 07:15:12,109 [DEBUG] https://www.collingwoodfc.com.au:443 "GET /players HTTP/1.1" 200 None
2026-03-23 07:15:13,751 [WARNING]   ✗ Could not download photo
2026-03-23 07:15:15,364 [INFO] [7/75]  Lachlan Schultz (Collingwood)
2026-03-23 07:15:15,364 [WARNING]   ✗ Could not download photo
2026-03-23 07:15:16,992 [INFO] [8/75]  Lachie Sullivan (Collingwood)
2026-03-23 07:15:16,993 [WARNING]   ✗ Could not download photo
2026-03-23 07:15:18,602 [INFO] [9/75]  Samuel Swadling (Collingwood)
2026-03-23 07:15:18,603 [WARNING]   ✗ Could not download photo
2026-03-23 07:15:20,250 [INFO] [10/75]  Nikolas Cox (Essendon)
2026-03-23 07:15:20,251 [DEBUG]   Fetching Essendon player data...
2026-03-23 07:15:20,253 [DEBUG] Starting new HTTPS connection (1): www.essendonfc.com.au:443
2026-03-23 07:15:21,428 [DEBUG] https://www.essendonfc.com.au:443 "GET /players HTTP/1.1" 200 None
2026-03-23 07:15:23,054 [WARNING]   ✗ Could not download photo
2026-03-23 07:15:24,704 [INFO] [11/75]  Tom Edwards (Essendon)
2026-03-23 07:15:24,704 [WARNING]   ✗ Could not download photo
2026-03-23 07:15:26,333 [INFO] [12/75]  Nicholas Martin (Essendon)
2026-03-23 07:15:26,333 [WARNING]   ✗ Could not download photo
2026-03-23 07:15:27,896 [INFO] [13/75]  Archie May (Essendon)
2026-03-23 07:15:27,897 [WARNING]   ✗ Could not download photo
2026-03-23 07:15:29,519 [INFO] [14/75]  Zachary Merrett (Essendon)
2026-03-23 07:15:29,520 [WARNING]   ✗ Could not download photo
2026-03-23 07:15:31,170 [INFO] [15/75]  Josh Draper (Fremantle)
2026-03-23 07:15:31,170 [DEBUG]   Fetching Fremantle player data...
2026-03-23 07:15:31,173 [DEBUG] Starting new HTTPS connection (1): www.fremantlefc.com.au:443
2026-03-23 07:15:32,435 [DEBUG] https://www.fremantlefc.com.au:443 "GET /players HTTP/1.1" 200 34192
2026-03-23 07:15:34,014 [WARNING]   ✗ Could not download photo
2026-03-23 07:15:35,659 [INFO] [16/75]  Matt Johnson (Fremantle)
2026-03-23 07:15:35,659 [WARNING]   ✗ Could not download photo
2026-03-23 07:15:37,292 [INFO] [17/75]  Chris Scerri (Fremantle)
2026-03-23 07:15:37,292 [WARNING]   ✗ Could not download photo
2026-03-23 07:15:38,914 [INFO] [18/75]  Bradley Close (Geelong)
2026-03-23 07:15:38,914 [DEBUG]   Fetching Geelong player data...
2026-03-23 07:15:38,915 [DEBUG] Starting new HTTPS connection (1): www.geelongcats.com.au:443
2026-03-23 07:15:40,353 [DEBUG] https://www.geelongcats.com.au:443 "GET /players HTTP/1.1" 200 35006
2026-03-23 07:15:42,004 [WARNING]   ✗ Could not download photo
2026-03-23 07:15:43,574 [INFO] [19/75]  Ollie Dempsey (Geelong)
2026-03-23 07:15:43,574 [WARNING]   ✗ Could not download photo
2026-03-23 07:15:45,122 [INFO] [20/75]  Nick Driscoll (Geelong)
2026-03-23 07:15:45,122 [WARNING]   ✗ Could not download photo
2026-03-23 07:15:46,762 [INFO] [21/75]  Lennox Hoffman (Geelong)
2026-03-23 07:15:46,763 [WARNING]   ✗ Could not download photo
2026-03-23 07:15:48,405 [INFO] [22/75]  Mitchell Knevitt (Geelong)
2026-03-23 07:15:48,406 [WARNING]   ✗ Could not download photo
2026-03-23 07:15:50,042 [INFO] [23/75]  Thomas Stewart (Geelong)
2026-03-23 07:15:50,042 [WARNING]   ✗ Could not download photo
2026-03-23 07:15:51,692 [INFO] [24/75]  Samuel Collins (Gold Coast)
2026-03-23 07:15:51,693 [DEBUG]   Fetching Gold Coast player data...
2026-03-23 07:15:51,695 [DEBUG] Starting new HTTPS connection (1): www.goldcoastfc.com.au:443
2026-03-23 07:15:52,677 [DEBUG] https://www.goldcoastfc.com.au:443 "GET /players HTTP/1.1" 200 32869
2026-03-23 07:15:54,250 [WARNING]   ✗ Could not download photo
2026-03-23 07:15:55,896 [INFO] [25/75]  Nicholas Holman (Gold Coast)
2026-03-23 07:15:55,897 [WARNING]   ✗ Could not download photo
2026-03-23 07:15:57,544 [INFO] [26/75]  Leo Lombard (Gold Coast)
2026-03-23 07:15:57,544 [WARNING]   ✗ Could not download photo
2026-03-23 07:15:59,171 [INFO] [27/75]  Lachlan Weller (Gold Coast)
2026-03-23 07:15:59,172 [WARNING]   ✗ Could not download photo
2026-03-23 07:16:00,701 [INFO] [28/75]  Lachlan Ash (GWS Giants)
2026-03-23 07:16:00,701 [DEBUG]   Fetching GWS Giants player data...
2026-03-23 07:16:00,704 [DEBUG] Starting new HTTPS connection (1): www.gwsgiants.com.au:443
2026-03-23 07:16:01,556 [DEBUG] https://www.gwsgiants.com.au:443 "GET /players HTTP/1.1" 200 None
2026-03-23 07:16:03,171 [WARNING]   ✗ Could not download photo
2026-03-23 07:16:04,822 [INFO] [29/75]  Joseph Fonti (GWS Giants)
2026-03-23 07:16:04,822 [WARNING]   ✗ Could not download photo
2026-03-23 07:16:06,467 [INFO] [30/75]  Harrison Himmelberg (GWS Giants)
2026-03-23 07:16:06,467 [WARNING]   ✗ Could not download photo
2026-03-23 07:16:08,070 [INFO] [31/75]  Joshua Kelly (GWS Giants)
2026-03-23 07:16:08,070 [WARNING]   ✗ Could not download photo
2026-03-23 07:16:09,679 [INFO] [32/75]  Nick Madden (GWS Giants)
2026-03-23 07:16:09,680 [WARNING]   ✗ Could not download photo
2026-03-23 07:16:11,242 [INFO] [33/75]  Ollie Greeves (Hawthorn)
2026-03-23 07:16:11,242 [DEBUG]   Fetching Hawthorn player data...
2026-03-23 07:16:11,243 [DEBUG] Starting new HTTPS connection (1): www.hawthornfc.com.au:443
2026-03-23 07:16:12,674 [DEBUG] https://www.hawthornfc.com.au:443 "GET /players HTTP/1.1" 200 34694
2026-03-23 07:16:14,306 [WARNING]   ✗ Could not download photo
2026-03-23 07:16:15,892 [INFO] [34/75]  Mitchell Lewis (Hawthorn)
2026-03-23 07:16:15,892 [WARNING]   ✗ Could not download photo
2026-03-23 07:16:17,524 [INFO] [35/75]  Cameron Mackenzie (Hawthorn)
2026-03-23 07:16:17,524 [WARNING]   ✗ Could not download photo
2026-03-23 07:16:19,125 [INFO] [36/75]  Joshua Weddle (Hawthorn)
2026-03-23 07:16:19,125 [WARNING]   ✗ Could not download photo
2026-03-23 07:16:20,742 [INFO] [37/75]  Lachlan Jones (Port Adelaide)
2026-03-23 07:16:20,742 [DEBUG]   Fetching Port Adelaide player data...
2026-03-23 07:16:20,744 [DEBUG] Starting new HTTPS connection (1): www.portadelaidefc.com.au:443
2026-03-23 07:16:22,459 [DEBUG] https://www.portadelaidefc.com.au:443 "GET /players HTTP/1.1" 200 34527
2026-03-23 07:16:24,093 [WARNING]   ✗ Could not download photo
2026-03-23 07:16:25,743 [INFO] [38/75]  Oliver Wines (Port Adelaide)
2026-03-23 07:16:25,744 [WARNING]   ✗ Could not download photo
2026-03-23 07:16:27,360 [INFO] [39/75]  Samuel Grlj (Richmond)
2026-03-23 07:16:27,360 [DEBUG]   Fetching Richmond player data...
2026-03-23 07:16:27,362 [DEBUG] Starting new HTTPS connection (1): www.richmondfc.com.au:443
2026-03-23 07:16:28,705 [DEBUG] https://www.richmondfc.com.au:443 "GET /players HTTP/1.1" 200 34425
2026-03-23 07:16:30,274 [WARNING]   ✗ Could not download photo
2026-03-23 07:16:31,880 [INFO] [40/75]  Daniel Butler (St Kilda)
2026-03-23 07:16:31,881 [DEBUG]   Fetching St Kilda player data...
2026-03-23 07:16:31,883 [DEBUG] Starting new HTTPS connection (1): www.saints.com.au:443
2026-03-23 07:16:32,800 [DEBUG] https://www.saints.com.au:443 "GET /players HTTP/1.1" 200 27538
2026-03-23 07:16:32,823 [DEBUG]   Using HTML link fallback for St Kilda (43 unique players)
2026-03-23 07:16:34,334 [WARNING]   ✗ Could not download photo
2026-03-23 07:16:35,942 [INFO] [41/75]  Jackson Macrae (St Kilda)
2026-03-23 07:16:35,942 [WARNING]   ✗ Could not download photo
2026-03-23 07:16:37,541 [INFO] [42/75]  Kobe McDonald (St Kilda)
2026-03-23 07:16:37,541 [DEBUG]   Fetching providerId from player page...
2026-03-23 07:16:37,543 [DEBUG] Starting new HTTPS connection (1): www.saints.com.au:443
2026-03-23 07:16:38,639 [DEBUG] https://www.saints.com.au:443 "GET /players/15854/kobe-mcdonald HTTP/1.1" 200 30651
2026-03-23 07:16:39,301 [DEBUG] Starting new HTTPS connection (1): s.afl.com.au:443
2026-03-23 07:16:40,173 [DEBUG] https://s.afl.com.au:443 "GET /staticfile/AFL%20Tenant/AFL/Players/ChampIDImages/AFL/2026014/1044597.png HTTP/1.1" 404 48734
2026-03-23 07:16:40,845 [DEBUG] Starting new HTTPS connection (1): s.afl.com.au:443
2026-03-23 07:16:41,505 [DEBUG] https://s.afl.com.au:443 "GET /staticfile/AFL%20Tenant/AFL/Players/ChampIDImages/AFL/2025014/1044597.png HTTP/1.1" 404 48734
2026-03-23 07:16:42,124 [WARNING]   ✗ Could not download photo
2026-03-23 07:16:43,739 [INFO] [43/75]  Mitchito Owens (St Kilda)
2026-03-23 07:16:43,739 [WARNING]   ✗ Could not download photo
2026-03-23 07:16:45,316 [INFO] [44/75]  Will Edwards (Sydney)
2026-03-23 07:16:45,317 [DEBUG]   Fetching Sydney player data...
2026-03-23 07:16:45,319 [DEBUG] Starting new HTTPS connection (1): www.sydneyswans.com.au:443
2026-03-23 07:16:46,421 [DEBUG] https://www.sydneyswans.com.au:443 "GET /players HTTP/1.1" 200 33698
2026-03-23 07:16:48,058 [WARNING]   ✗ Could not download photo
2026-03-23 07:16:49,708 [INFO] [45/75]  Will Green (Sydney)
2026-03-23 07:16:49,708 [WARNING]   ✗ Could not download photo
2026-03-23 07:16:51,350 [INFO] [46/75]  Matthew Roberts (Sydney)
2026-03-23 07:16:51,350 [WARNING]   ✗ Could not download photo
2026-03-23 07:16:52,866 [INFO] [47/75]  Matthew Flynn (West Coast)
2026-03-23 07:16:52,867 [DEBUG]   Fetching West Coast player data...
2026-03-23 07:16:52,869 [DEBUG] Starting new HTTPS connection (1): www.westcoasteagles.com.au:443
2026-03-23 07:16:55,016 [DEBUG] https://www.westcoasteagles.com.au:443 "GET /players HTTP/1.1" 200 None
2026-03-23 07:16:56,576 [WARNING]   ✗ Could not download photo
2026-03-23 07:16:58,224 [INFO] [48/75]  Matt Owies (West Coast)
2026-03-23 07:16:58,224 [WARNING]   ✗ Could not download photo
2026-03-23 07:16:59,776 [INFO] [49/75]  Nicholas Coffield (Western Bulldogs)
2026-03-23 07:16:59,776 [DEBUG]   Fetching Western Bulldogs player data...
2026-03-23 07:16:59,778 [DEBUG] Starting new HTTPS connection (1): www.westernbulldogs.com.au:443
2026-03-23 07:17:00,861 [DEBUG] https://www.westernbulldogs.com.au:443 "GET /players HTTP/1.1" 200 33424
2026-03-23 07:17:02,454 [WARNING]   ✗ Could not download photo
2026-03-23 07:17:04,067 [INFO] [50/75]  Timothy English (Western Bulldogs)
2026-03-23 07:17:04,068 [WARNING]   ✗ Could not download photo
2026-03-23 07:17:05,710 [INFO] [51/75]  Thomas Liberatore (Western Bulldogs)
2026-03-23 07:17:05,710 [WARNING]   ✗ Could not download photo
2026-03-23 07:17:07,301 [INFO] [52/75]  Taylor Duryea (Western Bulldogs)
2026-03-23 07:17:07,301 [WARNING]   ✗ Could not download photo
2026-03-23 07:17:08,808 [INFO] [53/75]  Travis Boak (Port Adelaide)
2026-03-23 07:17:08,808 [WARNING]   ✗ Could not download photo
2026-03-23 07:17:10,458 [INFO] [54/75]  Willie Rioli (Port Adelaide)
2026-03-23 07:17:10,458 [WARNING]   ✗ Could not download photo
2026-03-23 07:17:11,999 [INFO] [55/75]  Jeremy Finlayson (Port Adelaide)
2026-03-23 07:17:11,999 [WARNING]   ✗ Could not download photo
2026-03-23 07:17:13,641 [INFO] [56/75]  Ryan Burton (Port Adelaide)
2026-03-23 07:17:13,641 [WARNING]   ✗ Could not download photo
2026-03-23 07:17:15,287 [INFO] [57/75]  Matt Crouch (Adelaide)
2026-03-23 07:17:15,288 [DEBUG]   Fetching Adelaide player data...
2026-03-23 07:17:15,290 [DEBUG] Starting new HTTPS connection (1): www.afc.com.au:443
2026-03-23 07:17:16,321 [DEBUG] https://www.afc.com.au:443 "GET /players HTTP/1.1" 200 29789
2026-03-23 07:17:17,958 [WARNING]   ✗ Could not download photo
2026-03-23 07:17:19,596 [INFO] [58/75]  Harry Boyd (St Kilda)
2026-03-23 07:17:19,596 [WARNING]   ✗ Could not download photo
2026-03-23 07:17:21,235 [INFO] [59/75]  Arie Schoenmaker (St Kilda)
2026-03-23 07:17:21,235 [WARNING]   ✗ Could not download photo
2026-03-23 07:17:22,830 [INFO] [60/75]  Jimmy Webster (St Kilda)
2026-03-23 07:17:22,830 [WARNING]   ✗ Could not download photo
2026-03-23 07:17:24,445 [INFO] [61/75]  Zaine Cordy (St Kilda)
2026-03-23 07:17:24,445 [WARNING]   ✗ Could not download photo
2026-03-23 07:17:26,091 [INFO] [62/75]  Zak Jones (St Kilda)
2026-03-23 07:17:26,092 [WARNING]   ✗ Could not download photo
2026-03-23 07:17:27,725 [INFO] [63/75]  Ted Clohesy (Geelong)
2026-03-23 07:17:27,725 [WARNING]   ✗ Could not download photo
2026-03-23 07:17:29,364 [INFO] [64/75]  Liam Jones (Western Bulldogs)
2026-03-23 07:17:29,364 [WARNING]   ✗ Could not download photo
2026-03-23 07:17:30,937 [INFO] [65/75]  Lachlan Murphy (Adelaide)
2026-03-23 07:17:30,938 [WARNING]   ✗ Could not download photo
2026-03-23 07:17:32,567 [INFO] [66/75]  Jason Johannisen (Western Bulldogs)
2026-03-23 07:17:32,568 [WARNING]   ✗ Could not download photo
2026-03-23 07:17:34,107 [INFO] [67/75]  Rory Atkins (Port Adelaide)
2026-03-23 07:17:34,108 [WARNING]   ✗ Could not download photo
2026-03-23 07:17:35,749 [INFO] [68/75]  Brodie Smith (Adelaide)
2026-03-23 07:17:35,749 [WARNING]   ✗ Could not download photo
2026-03-23 07:17:37,391 [INFO] [69/75]  Mitch Duncan (Geelong)
2026-03-23 07:17:37,391 [WARNING]   ✗ Could not download photo
2026-03-23 07:17:39,026 [INFO] [70/75]  Caleb Poulter (Western Bulldogs)
2026-03-23 07:17:39,027 [WARNING]   ✗ Could not download photo
2026-03-23 07:17:40,552 [INFO] [71/75]  Jed McEntee (Port Adelaide)
2026-03-23 07:17:40,553 [WARNING]   ✗ Could not download photo
2026-03-23 07:17:42,184 [INFO] [72/75]  Angus McLennan (St Kilda)
2026-03-23 07:17:42,184 [WARNING]   ✗ Could not download photo
2026-03-23 07:17:43,816 [INFO] [73/75]  Hugh Jackson (Port Adelaide)
2026-03-23 07:17:43,816 [WARNING]   ✗ Could not download photo
2026-03-23 07:17:45,380 [INFO] [74/75]  Dylan Williams (Port Adelaide)
2026-03-23 07:17:45,380 [WARNING]   ✗ Could not download photo
2026-03-23 07:17:46,953 [INFO] [75/75]  Chris Burgess (Adelaide)
2026-03-23 07:17:46,954 [WARNING]   ✗ Could not download photo
2026-03-23 07:17:48,522 [INFO] ============================================================
2026-03-23 07:17:48,522 [INFO] SUMMARY
2026-03-23 07:17:48,522 [INFO]   Downloaded (new): 0
2026-03-23 07:17:48,522 [INFO]   Downloaded (team changes): 0
2026-03-23 07:17:48,523 [INFO]   Total downloaded: 0
2026-03-23 07:17:48,523 [INFO]   Failed: 75
2026-03-23 07:17:48,523 [INFO]   Remaining: 0
2026-03-23 07:17:48,523 [INFO] ============================================================
