2026-04-21 08:54:14,815 [INFO] ============================================================
2026-04-21 08:54:14,815 [INFO] AFL Player Photo Auto-Updater
2026-04-21 08:54:14,815 [INFO] Started at: 2026-04-21 08:54:14
2026-04-21 08:54:14,815 [INFO] ============================================================
2026-04-21 08:54:14,826 [INFO] Loaded 790 players from squads_2026.csv
2026-04-21 08:54:15,079 [INFO] Loaded 903 players from Excel
2026-04-21 08:54:15,081 [INFO] Found 75 players without photos
2026-04-21 08:54:15,082 [INFO] [1/75]  Cameron Rayner (Brisbane)
2026-04-21 08:54:15,082 [DEBUG]   Fetching Brisbane player data...
2026-04-21 08:54:15,085 [DEBUG] Starting new HTTPS connection (1): www.lions.com.au:443
2026-04-21 08:54:16,035 [DEBUG] https://www.lions.com.au:443 "GET /players HTTP/1.1" 200 34383
2026-04-21 08:54:17,691 [WARNING]   ✗ Could not download photo
2026-04-21 08:54:19,227 [INFO] [2/75]  Matt Carroll (Carlton)
2026-04-21 08:54:19,227 [DEBUG]   Fetching Carlton player data...
2026-04-21 08:54:19,230 [DEBUG] Starting new HTTPS connection (1): www.carltonfc.com.au:443
2026-04-21 08:54:20,216 [DEBUG] https://www.carltonfc.com.au:443 "GET /players HTTP/1.1" 200 32448
2026-04-21 08:54:21,776 [WARNING]   ✗ Could not download photo
2026-04-21 08:54:23,426 [INFO] [3/75]  Matt Cottrell (Carlton)
2026-04-21 08:54:23,427 [WARNING]   ✗ Could not download photo
2026-04-21 08:54:25,033 [INFO] [4/75]  Lachlan Fogarty (Carlton)
2026-04-21 08:54:25,034 [WARNING]   ✗ Could not download photo
2026-04-21 08:54:26,637 [INFO] [5/75]  Zachary Williams (Carlton)
2026-04-21 08:54:26,638 [WARNING]   ✗ Could not download photo
2026-04-21 08:54:28,239 [INFO] [6/75]  Will Hayes (Collingwood)
2026-04-21 08:54:28,239 [DEBUG]   Fetching Collingwood player data...
2026-04-21 08:54:28,242 [DEBUG] Starting new HTTPS connection (1): www.collingwoodfc.com.au:443
2026-04-21 08:54:29,321 [DEBUG] https://www.collingwoodfc.com.au:443 "GET /players HTTP/1.1" 200 33027
2026-04-21 08:54:30,939 [WARNING]   ✗ Could not download photo
2026-04-21 08:54:32,564 [INFO] [7/75]  Lachlan Schultz (Collingwood)
2026-04-21 08:54:32,564 [WARNING]   ✗ Could not download photo
2026-04-21 08:54:34,140 [INFO] [8/75]  Lachie Sullivan (Collingwood)
2026-04-21 08:54:34,141 [WARNING]   ✗ Could not download photo
2026-04-21 08:54:35,787 [INFO] [9/75]  Samuel Swadling (Collingwood)
2026-04-21 08:54:35,787 [WARNING]   ✗ Could not download photo
2026-04-21 08:54:37,399 [INFO] [10/75]  Nikolas Cox (Essendon)
2026-04-21 08:54:37,399 [DEBUG]   Fetching Essendon player data...
2026-04-21 08:54:37,402 [DEBUG] Starting new HTTPS connection (1): www.essendonfc.com.au:443
2026-04-21 08:54:38,526 [DEBUG] https://www.essendonfc.com.au:443 "GET /players HTTP/1.1" 200 None
2026-04-21 08:54:40,179 [WARNING]   ✗ Could not download photo
2026-04-21 08:54:41,795 [INFO] [11/75]  Tom Edwards (Essendon)
2026-04-21 08:54:41,796 [WARNING]   ✗ Could not download photo
2026-04-21 08:54:43,439 [INFO] [12/75]  Nicholas Martin (Essendon)
2026-04-21 08:54:43,439 [WARNING]   ✗ Could not download photo
2026-04-21 08:54:45,009 [INFO] [13/75]  Archie May (Essendon)
2026-04-21 08:54:45,009 [WARNING]   ✗ Could not download photo
2026-04-21 08:54:46,596 [INFO] [14/75]  Zachary Merrett (Essendon)
2026-04-21 08:54:46,597 [WARNING]   ✗ Could not download photo
2026-04-21 08:54:48,227 [INFO] [15/75]  Josh Draper (Fremantle)
2026-04-21 08:54:48,227 [DEBUG]   Fetching Fremantle player data...
2026-04-21 08:54:48,229 [DEBUG] Starting new HTTPS connection (1): www.fremantlefc.com.au:443
2026-04-21 08:54:49,191 [DEBUG] https://www.fremantlefc.com.au:443 "GET /players HTTP/1.1" 200 34127
2026-04-21 08:54:50,844 [WARNING]   ✗ Could not download photo
2026-04-21 08:54:52,479 [INFO] [16/75]  Matt Johnson (Fremantle)
2026-04-21 08:54:52,479 [WARNING]   ✗ Could not download photo
2026-04-21 08:54:54,119 [INFO] [17/75]  Chris Scerri (Fremantle)
2026-04-21 08:54:54,119 [WARNING]   ✗ Could not download photo
2026-04-21 08:54:55,759 [INFO] [18/75]  Bradley Close (Geelong)
2026-04-21 08:54:55,759 [DEBUG]   Fetching Geelong player data...
2026-04-21 08:54:55,762 [DEBUG] Starting new HTTPS connection (1): www.geelongcats.com.au:443
2026-04-21 08:54:57,277 [DEBUG] https://www.geelongcats.com.au:443 "GET /players HTTP/1.1" 200 None
2026-04-21 08:54:58,930 [WARNING]   ✗ Could not download photo
2026-04-21 08:55:00,565 [INFO] [19/75]  Ollie Dempsey (Geelong)
2026-04-21 08:55:00,566 [WARNING]   ✗ Could not download photo
2026-04-21 08:55:02,211 [INFO] [20/75]  Nick Driscoll (Geelong)
2026-04-21 08:55:02,211 [WARNING]   ✗ Could not download photo
2026-04-21 08:55:03,839 [INFO] [21/75]  Lennox Hoffman (Geelong)
2026-04-21 08:55:03,839 [WARNING]   ✗ Could not download photo
2026-04-21 08:55:05,464 [INFO] [22/75]  Mitchell Knevitt (Geelong)
2026-04-21 08:55:05,465 [WARNING]   ✗ Could not download photo
2026-04-21 08:55:07,113 [INFO] [23/75]  Thomas Stewart (Geelong)
2026-04-21 08:55:07,114 [WARNING]   ✗ Could not download photo
2026-04-21 08:55:08,743 [INFO] [24/75]  Samuel Collins (Gold Coast)
2026-04-21 08:55:08,744 [DEBUG]   Fetching Gold Coast player data...
2026-04-21 08:55:08,746 [DEBUG] Starting new HTTPS connection (1): www.goldcoastfc.com.au:443
2026-04-21 08:55:09,670 [DEBUG] https://www.goldcoastfc.com.au:443 "GET /players HTTP/1.1" 200 None
2026-04-21 08:55:11,215 [WARNING]   ✗ Could not download photo
2026-04-21 08:55:12,865 [INFO] [25/75]  Nicholas Holman (Gold Coast)
2026-04-21 08:55:12,865 [WARNING]   ✗ Could not download photo
2026-04-21 08:55:14,499 [INFO] [26/75]  Leo Lombard (Gold Coast)
2026-04-21 08:55:14,499 [WARNING]   ✗ Could not download photo
2026-04-21 08:55:16,119 [INFO] [27/75]  Lachlan Weller (Gold Coast)
2026-04-21 08:55:16,119 [WARNING]   ✗ Could not download photo
2026-04-21 08:55:17,759 [INFO] [28/75]  Lachlan Ash (GWS Giants)
2026-04-21 08:55:17,760 [DEBUG]   Fetching GWS Giants player data...
2026-04-21 08:55:17,762 [DEBUG] Starting new HTTPS connection (1): www.gwsgiants.com.au:443
2026-04-21 08:55:18,534 [DEBUG] https://www.gwsgiants.com.au:443 "GET /players HTTP/1.1" 200 33994
2026-04-21 08:55:20,099 [WARNING]   ✗ Could not download photo
2026-04-21 08:55:21,704 [INFO] [29/75]  Joseph Fonti (GWS Giants)
2026-04-21 08:55:21,704 [WARNING]   ✗ Could not download photo
2026-04-21 08:55:23,313 [INFO] [30/75]  Harrison Himmelberg (GWS Giants)
2026-04-21 08:55:23,314 [WARNING]   ✗ Could not download photo
2026-04-21 08:55:24,938 [INFO] [31/75]  Joshua Kelly (GWS Giants)
2026-04-21 08:55:24,939 [WARNING]   ✗ Could not download photo
2026-04-21 08:55:26,479 [INFO] [32/75]  Nick Madden (GWS Giants)
2026-04-21 08:55:26,479 [WARNING]   ✗ Could not download photo
2026-04-21 08:55:28,123 [INFO] [33/75]  Ollie Greeves (Hawthorn)
2026-04-21 08:55:28,123 [DEBUG]   Fetching Hawthorn player data...
2026-04-21 08:55:28,125 [DEBUG] Starting new HTTPS connection (1): www.hawthornfc.com.au:443
2026-04-21 08:55:29,738 [DEBUG] https://www.hawthornfc.com.au:443 "GET /players HTTP/1.1" 200 None
2026-04-21 08:55:31,329 [WARNING]   ✗ Could not download photo
2026-04-21 08:55:32,895 [INFO] [34/75]  Mitchell Lewis (Hawthorn)
2026-04-21 08:55:32,895 [WARNING]   ✗ Could not download photo
2026-04-21 08:55:34,429 [INFO] [35/75]  Cameron Mackenzie (Hawthorn)
2026-04-21 08:55:34,429 [WARNING]   ✗ Could not download photo
2026-04-21 08:55:36,077 [INFO] [36/75]  Joshua Weddle (Hawthorn)
2026-04-21 08:55:36,077 [WARNING]   ✗ Could not download photo
2026-04-21 08:55:37,699 [INFO] [37/75]  Lachlan Jones (Port Adelaide)
2026-04-21 08:55:37,699 [DEBUG]   Fetching Port Adelaide player data...
2026-04-21 08:55:37,702 [DEBUG] Starting new HTTPS connection (1): www.portadelaidefc.com.au:443
2026-04-21 08:55:38,648 [DEBUG] https://www.portadelaidefc.com.au:443 "GET /players HTTP/1.1" 200 34794
2026-04-21 08:55:40,238 [WARNING]   ✗ Could not download photo
2026-04-21 08:55:41,883 [INFO] [38/75]  Oliver Wines (Port Adelaide)
2026-04-21 08:55:41,884 [WARNING]   ✗ Could not download photo
2026-04-21 08:55:43,497 [INFO] [39/75]  Samuel Grlj (Richmond)
2026-04-21 08:55:43,497 [DEBUG]   Fetching Richmond player data...
2026-04-21 08:55:43,500 [DEBUG] Starting new HTTPS connection (1): www.richmondfc.com.au:443
2026-04-21 08:55:44,382 [DEBUG] https://www.richmondfc.com.au:443 "GET /players HTTP/1.1" 200 34510
2026-04-21 08:55:45,930 [WARNING]   ✗ Could not download photo
2026-04-21 08:55:47,567 [INFO] [40/75]  Daniel Butler (St Kilda)
2026-04-21 08:55:47,567 [DEBUG]   Fetching St Kilda player data...
2026-04-21 08:55:47,569 [DEBUG] Starting new HTTPS connection (1): www.saints.com.au:443
2026-04-21 08:55:48,583 [DEBUG] https://www.saints.com.au:443 "GET /players HTTP/1.1" 200 27540
2026-04-21 08:55:48,587 [DEBUG]   Using HTML link fallback for St Kilda (43 unique players)
2026-04-21 08:55:50,099 [WARNING]   ✗ Could not download photo
2026-04-21 08:55:51,688 [INFO] [41/75]  Jackson Macrae (St Kilda)
2026-04-21 08:55:51,689 [WARNING]   ✗ Could not download photo
2026-04-21 08:55:53,339 [INFO] [42/75]  Kobe McDonald (St Kilda)
2026-04-21 08:55:53,339 [DEBUG]   Fetching providerId from player page...
2026-04-21 08:55:53,341 [DEBUG] Starting new HTTPS connection (1): www.saints.com.au:443
2026-04-21 08:55:54,212 [DEBUG] https://www.saints.com.au:443 "GET /players/15854/kobe-mcdonald HTTP/1.1" 200 30654
2026-04-21 08:55:54,818 [DEBUG] Starting new HTTPS connection (1): s.afl.com.au:443
2026-04-21 08:55:55,645 [DEBUG] https://s.afl.com.au:443 "GET /staticfile/AFL%20Tenant/AFL/Players/ChampIDImages/AFL/2026014/1044597.png HTTP/1.1" 404 48734
2026-04-21 08:55:56,299 [DEBUG] Starting new HTTPS connection (1): s.afl.com.au:443
2026-04-21 08:55:57,182 [DEBUG] https://s.afl.com.au:443 "GET /staticfile/AFL%20Tenant/AFL/Players/ChampIDImages/AFL/2025014/1044597.png HTTP/1.1" 404 48734
2026-04-21 08:55:57,719 [WARNING]   ✗ Could not download photo
2026-04-21 08:55:59,233 [INFO] [43/75]  Mitchito Owens (St Kilda)
2026-04-21 08:55:59,234 [WARNING]   ✗ Could not download photo
2026-04-21 08:56:00,779 [INFO] [44/75]  Will Edwards (Sydney)
2026-04-21 08:56:00,779 [DEBUG]   Fetching Sydney player data...
2026-04-21 08:56:00,781 [DEBUG] Starting new HTTPS connection (1): www.sydneyswans.com.au:443
2026-04-21 08:56:01,895 [DEBUG] https://www.sydneyswans.com.au:443 "GET /players HTTP/1.1" 200 None
2026-04-21 08:56:03,492 [WARNING]   ✗ Could not download photo
2026-04-21 08:56:05,129 [INFO] [45/75]  Will Green (Sydney)
2026-04-21 08:56:05,130 [WARNING]   ✗ Could not download photo
2026-04-21 08:56:06,747 [INFO] [46/75]  Matthew Roberts (Sydney)
2026-04-21 08:56:06,747 [WARNING]   ✗ Could not download photo
2026-04-21 08:56:08,379 [INFO] [47/75]  Matthew Flynn (West Coast)
2026-04-21 08:56:08,379 [DEBUG]   Fetching West Coast player data...
2026-04-21 08:56:08,381 [DEBUG] Starting new HTTPS connection (1): www.westcoasteagles.com.au:443
2026-04-21 08:56:10,392 [DEBUG] https://www.westcoasteagles.com.au:443 "GET /players HTTP/1.1" 200 None
2026-04-21 08:56:12,023 [WARNING]   ✗ Could not download photo
2026-04-21 08:56:13,606 [INFO] [48/75]  Matt Owies (West Coast)
2026-04-21 08:56:13,606 [WARNING]   ✗ Could not download photo
2026-04-21 08:56:15,218 [INFO] [49/75]  Nicholas Coffield (Western Bulldogs)
2026-04-21 08:56:15,219 [DEBUG]   Fetching Western Bulldogs player data...
2026-04-21 08:56:15,221 [DEBUG] Starting new HTTPS connection (1): www.westernbulldogs.com.au:443
2026-04-21 08:56:16,129 [DEBUG] https://www.westernbulldogs.com.au:443 "GET /players HTTP/1.1" 200 None
2026-04-21 08:56:17,688 [WARNING]   ✗ Could not download photo
2026-04-21 08:56:19,313 [INFO] [50/75]  Timothy English (Western Bulldogs)
2026-04-21 08:56:19,314 [WARNING]   ✗ Could not download photo
2026-04-21 08:56:20,921 [INFO] [51/75]  Thomas Liberatore (Western Bulldogs)
2026-04-21 08:56:20,921 [WARNING]   ✗ Could not download photo
2026-04-21 08:56:22,563 [INFO] [52/75]  Taylor Duryea (Western Bulldogs)
2026-04-21 08:56:22,564 [WARNING]   ✗ Could not download photo
2026-04-21 08:56:24,143 [INFO] [53/75]  Travis Boak (Port Adelaide)
2026-04-21 08:56:24,144 [WARNING]   ✗ Could not download photo
2026-04-21 08:56:25,708 [INFO] [54/75]  Willie Rioli (Port Adelaide)
2026-04-21 08:56:25,708 [WARNING]   ✗ Could not download photo
2026-04-21 08:56:27,313 [INFO] [55/75]  Jeremy Finlayson (Port Adelaide)
2026-04-21 08:56:27,314 [WARNING]   ✗ Could not download photo
2026-04-21 08:56:28,941 [INFO] [56/75]  Ryan Burton (Port Adelaide)
2026-04-21 08:56:28,941 [WARNING]   ✗ Could not download photo
2026-04-21 08:56:30,495 [INFO] [57/75]  Matt Crouch (Adelaide)
2026-04-21 08:56:30,495 [DEBUG]   Fetching Adelaide player data...
2026-04-21 08:56:30,497 [DEBUG] Starting new HTTPS connection (1): www.afc.com.au:443
2026-04-21 08:56:31,311 [DEBUG] https://www.afc.com.au:443 "GET /players HTTP/1.1" 200 29465
2026-04-21 08:56:32,975 [WARNING]   ✗ Could not download photo
2026-04-21 08:56:34,573 [INFO] [58/75]  Harry Boyd (St Kilda)
2026-04-21 08:56:34,573 [WARNING]   ✗ Could not download photo
2026-04-21 08:56:36,100 [INFO] [59/75]  Arie Schoenmaker (St Kilda)
2026-04-21 08:56:36,100 [WARNING]   ✗ Could not download photo
2026-04-21 08:56:37,738 [INFO] [60/75]  Jimmy Webster (St Kilda)
2026-04-21 08:56:37,739 [WARNING]   ✗ Could not download photo
2026-04-21 08:56:39,323 [INFO] [61/75]  Zaine Cordy (St Kilda)
2026-04-21 08:56:39,323 [WARNING]   ✗ Could not download photo
2026-04-21 08:56:40,938 [INFO] [62/75]  Zak Jones (St Kilda)
2026-04-21 08:56:40,939 [WARNING]   ✗ Could not download photo
2026-04-21 08:56:42,489 [INFO] [63/75]  Ted Clohesy (Geelong)
2026-04-21 08:56:42,489 [WARNING]   ✗ Could not download photo
2026-04-21 08:56:44,129 [INFO] [64/75]  Liam Jones (Western Bulldogs)
2026-04-21 08:56:44,129 [WARNING]   ✗ Could not download photo
2026-04-21 08:56:45,777 [INFO] [65/75]  Lachlan Murphy (Adelaide)
2026-04-21 08:56:45,778 [WARNING]   ✗ Could not download photo
2026-04-21 08:56:47,428 [INFO] [66/75]  Jason Johannisen (Western Bulldogs)
2026-04-21 08:56:47,429 [WARNING]   ✗ Could not download photo
2026-04-21 08:56:49,078 [INFO] [67/75]  Rory Atkins (Port Adelaide)
2026-04-21 08:56:49,078 [WARNING]   ✗ Could not download photo
2026-04-21 08:56:50,664 [INFO] [68/75]  Brodie Smith (Adelaide)
2026-04-21 08:56:50,664 [WARNING]   ✗ Could not download photo
2026-04-21 08:56:52,294 [INFO] [69/75]  Mitch Duncan (Geelong)
2026-04-21 08:56:52,295 [WARNING]   ✗ Could not download photo
2026-04-21 08:56:53,941 [INFO] [70/75]  Caleb Poulter (Western Bulldogs)
2026-04-21 08:56:53,942 [WARNING]   ✗ Could not download photo
2026-04-21 08:56:55,557 [INFO] [71/75]  Jed McEntee (Port Adelaide)
2026-04-21 08:56:55,558 [WARNING]   ✗ Could not download photo
2026-04-21 08:56:57,198 [INFO] [72/75]  Angus McLennan (St Kilda)
2026-04-21 08:56:57,199 [WARNING]   ✗ Could not download photo
2026-04-21 08:56:58,838 [INFO] [73/75]  Hugh Jackson (Port Adelaide)
2026-04-21 08:56:58,839 [WARNING]   ✗ Could not download photo
2026-04-21 08:57:00,486 [INFO] [74/75]  Dylan Williams (Port Adelaide)
2026-04-21 08:57:00,486 [WARNING]   ✗ Could not download photo
2026-04-21 08:57:02,137 [INFO] [75/75]  Chris Burgess (Adelaide)
2026-04-21 08:57:02,137 [WARNING]   ✗ Could not download photo
2026-04-21 08:57:03,717 [INFO] ============================================================
2026-04-21 08:57:03,718 [INFO] SUMMARY
2026-04-21 08:57:03,718 [INFO]   Downloaded (new): 0
2026-04-21 08:57:03,718 [INFO]   Downloaded (team changes): 0
2026-04-21 08:57:03,718 [INFO]   Total downloaded: 0
2026-04-21 08:57:03,718 [INFO]   Failed: 75
2026-04-21 08:57:03,718 [INFO]   Remaining: 0
2026-04-21 08:57:03,718 [INFO] ============================================================
