2026-04-16 07:11:49,573 [INFO] ============================================================
2026-04-16 07:11:49,573 [INFO] AFL Player Photo Auto-Updater
2026-04-16 07:11:49,573 [INFO] Started at: 2026-04-16 07:11:49
2026-04-16 07:11:49,573 [INFO] ============================================================
2026-04-16 07:11:49,584 [INFO] Loaded 790 players from squads_2026.csv
2026-04-16 07:11:49,833 [INFO] Loaded 903 players from Excel
2026-04-16 07:11:49,835 [INFO] Found 75 players without photos
2026-04-16 07:11:49,836 [INFO] [1/75]  Cameron Rayner (Brisbane)
2026-04-16 07:11:49,836 [DEBUG]   Fetching Brisbane player data...
2026-04-16 07:11:49,843 [DEBUG] Starting new HTTPS connection (1): www.lions.com.au:443
2026-04-16 07:11:51,051 [DEBUG] https://www.lions.com.au:443 "GET /players HTTP/1.1" 200 33800
2026-04-16 07:11:52,710 [WARNING]   ✗ Could not download photo
2026-04-16 07:11:54,359 [INFO] [2/75]  Matt Carroll (Carlton)
2026-04-16 07:11:54,360 [DEBUG]   Fetching Carlton player data...
2026-04-16 07:11:54,362 [DEBUG] Starting new HTTPS connection (1): www.carltonfc.com.au:443
2026-04-16 07:11:55,455 [DEBUG] https://www.carltonfc.com.au:443 "GET /players HTTP/1.1" 200 None
2026-04-16 07:11:57,047 [WARNING]   ✗ Could not download photo
2026-04-16 07:11:58,693 [INFO] [3/75]  Matt Cottrell (Carlton)
2026-04-16 07:11:58,693 [WARNING]   ✗ Could not download photo
2026-04-16 07:12:00,331 [INFO] [4/75]  Lachlan Fogarty (Carlton)
2026-04-16 07:12:00,332 [WARNING]   ✗ Could not download photo
2026-04-16 07:12:01,973 [INFO] [5/75]  Zachary Williams (Carlton)
2026-04-16 07:12:01,974 [WARNING]   ✗ Could not download photo
2026-04-16 07:12:03,567 [INFO] [6/75]  Will Hayes (Collingwood)
2026-04-16 07:12:03,568 [DEBUG]   Fetching Collingwood player data...
2026-04-16 07:12:03,571 [DEBUG] Starting new HTTPS connection (1): www.collingwoodfc.com.au:443
2026-04-16 07:12:04,568 [DEBUG] https://www.collingwoodfc.com.au:443 "GET /players HTTP/1.1" 200 None
2026-04-16 07:12:06,168 [WARNING]   ✗ Could not download photo
2026-04-16 07:12:07,736 [INFO] [7/75]  Lachlan Schultz (Collingwood)
2026-04-16 07:12:07,737 [WARNING]   ✗ Could not download photo
2026-04-16 07:12:09,382 [INFO] [8/75]  Lachie Sullivan (Collingwood)
2026-04-16 07:12:09,383 [WARNING]   ✗ Could not download photo
2026-04-16 07:12:11,026 [INFO] [9/75]  Samuel Swadling (Collingwood)
2026-04-16 07:12:11,027 [WARNING]   ✗ Could not download photo
2026-04-16 07:12:12,676 [INFO] [10/75]  Nikolas Cox (Essendon)
2026-04-16 07:12:12,676 [DEBUG]   Fetching Essendon player data...
2026-04-16 07:12:12,679 [DEBUG] Starting new HTTPS connection (1): www.essendonfc.com.au:443
2026-04-16 07:12:14,273 [DEBUG] https://www.essendonfc.com.au:443 "GET /players HTTP/1.1" 200 None
2026-04-16 07:12:15,922 [WARNING]   ✗ Could not download photo
2026-04-16 07:12:17,567 [INFO] [11/75]  Tom Edwards (Essendon)
2026-04-16 07:12:17,567 [WARNING]   ✗ Could not download photo
2026-04-16 07:12:19,182 [INFO] [12/75]  Nicholas Martin (Essendon)
2026-04-16 07:12:19,183 [WARNING]   ✗ Could not download photo
2026-04-16 07:12:20,800 [INFO] [13/75]  Archie May (Essendon)
2026-04-16 07:12:20,801 [WARNING]   ✗ Could not download photo
2026-04-16 07:12:22,451 [INFO] [14/75]  Zachary Merrett (Essendon)
2026-04-16 07:12:22,452 [WARNING]   ✗ Could not download photo
2026-04-16 07:12:24,100 [INFO] [15/75]  Josh Draper (Fremantle)
2026-04-16 07:12:24,101 [DEBUG]   Fetching Fremantle player data...
2026-04-16 07:12:24,103 [DEBUG] Starting new HTTPS connection (1): www.fremantlefc.com.au:443
2026-04-16 07:12:25,522 [DEBUG] https://www.fremantlefc.com.au:443 "GET /players HTTP/1.1" 200 34516
2026-04-16 07:12:27,131 [WARNING]   ✗ Could not download photo
2026-04-16 07:12:28,666 [INFO] [16/75]  Matt Johnson (Fremantle)
2026-04-16 07:12:28,666 [WARNING]   ✗ Could not download photo
2026-04-16 07:12:30,301 [INFO] [17/75]  Chris Scerri (Fremantle)
2026-04-16 07:12:30,304 [WARNING]   ✗ Could not download photo
2026-04-16 07:12:31,829 [INFO] [18/75]  Bradley Close (Geelong)
2026-04-16 07:12:31,830 [DEBUG]   Fetching Geelong player data...
2026-04-16 07:12:31,832 [DEBUG] Starting new HTTPS connection (1): www.geelongcats.com.au:443
2026-04-16 07:12:33,153 [DEBUG] https://www.geelongcats.com.au:443 "GET /players HTTP/1.1" 200 None
2026-04-16 07:12:34,809 [WARNING]   ✗ Could not download photo
2026-04-16 07:12:36,460 [INFO] [19/75]  Ollie Dempsey (Geelong)
2026-04-16 07:12:36,460 [WARNING]   ✗ Could not download photo
2026-04-16 07:12:38,111 [INFO] [20/75]  Nick Driscoll (Geelong)
2026-04-16 07:12:38,111 [WARNING]   ✗ Could not download photo
2026-04-16 07:12:39,682 [INFO] [21/75]  Lennox Hoffman (Geelong)
2026-04-16 07:12:39,682 [WARNING]   ✗ Could not download photo
2026-04-16 07:12:41,329 [INFO] [22/75]  Mitchell Knevitt (Geelong)
2026-04-16 07:12:41,329 [WARNING]   ✗ Could not download photo
2026-04-16 07:12:42,941 [INFO] [23/75]  Thomas Stewart (Geelong)
2026-04-16 07:12:42,941 [WARNING]   ✗ Could not download photo
2026-04-16 07:12:44,522 [INFO] [24/75]  Samuel Collins (Gold Coast)
2026-04-16 07:12:44,522 [DEBUG]   Fetching Gold Coast player data...
2026-04-16 07:12:44,525 [DEBUG] Starting new HTTPS connection (1): www.goldcoastfc.com.au:443
2026-04-16 07:12:45,733 [DEBUG] https://www.goldcoastfc.com.au:443 "GET /players HTTP/1.1" 200 None
2026-04-16 07:12:47,293 [WARNING]   ✗ Could not download photo
2026-04-16 07:12:48,929 [INFO] [25/75]  Nicholas Holman (Gold Coast)
2026-04-16 07:12:48,930 [WARNING]   ✗ Could not download photo
2026-04-16 07:12:50,493 [INFO] [26/75]  Leo Lombard (Gold Coast)
2026-04-16 07:12:50,493 [WARNING]   ✗ Could not download photo
2026-04-16 07:12:52,144 [INFO] [27/75]  Lachlan Weller (Gold Coast)
2026-04-16 07:12:52,144 [WARNING]   ✗ Could not download photo
2026-04-16 07:12:53,794 [INFO] [28/75]  Lachlan Ash (GWS Giants)
2026-04-16 07:12:53,795 [DEBUG]   Fetching GWS Giants player data...
2026-04-16 07:12:53,797 [DEBUG] Starting new HTTPS connection (1): www.gwsgiants.com.au:443
2026-04-16 07:12:54,748 [DEBUG] https://www.gwsgiants.com.au:443 "GET /players HTTP/1.1" 200 34005
2026-04-16 07:12:56,353 [WARNING]   ✗ Could not download photo
2026-04-16 07:12:58,002 [INFO] [29/75]  Joseph Fonti (GWS Giants)
2026-04-16 07:12:58,003 [WARNING]   ✗ Could not download photo
2026-04-16 07:12:59,631 [INFO] [30/75]  Harrison Himmelberg (GWS Giants)
2026-04-16 07:12:59,631 [WARNING]   ✗ Could not download photo
2026-04-16 07:13:01,222 [INFO] [31/75]  Joshua Kelly (GWS Giants)
2026-04-16 07:13:01,222 [WARNING]   ✗ Could not download photo
2026-04-16 07:13:02,862 [INFO] [32/75]  Nick Madden (GWS Giants)
2026-04-16 07:13:02,862 [WARNING]   ✗ Could not download photo
2026-04-16 07:13:04,513 [INFO] [33/75]  Ollie Greeves (Hawthorn)
2026-04-16 07:13:04,513 [DEBUG]   Fetching Hawthorn player data...
2026-04-16 07:13:04,516 [DEBUG] Starting new HTTPS connection (1): www.hawthornfc.com.au:443
2026-04-16 07:13:04,992 [DEBUG] https://www.hawthornfc.com.au:443 "GET /players HTTP/1.1" 200 None
2026-04-16 07:13:06,648 [WARNING]   ✗ Could not download photo
2026-04-16 07:13:08,263 [INFO] [34/75]  Mitchell Lewis (Hawthorn)
2026-04-16 07:13:08,263 [WARNING]   ✗ Could not download photo
2026-04-16 07:13:09,909 [INFO] [35/75]  Cameron Mackenzie (Hawthorn)
2026-04-16 07:13:09,910 [WARNING]   ✗ Could not download photo
2026-04-16 07:13:11,543 [INFO] [36/75]  Joshua Weddle (Hawthorn)
2026-04-16 07:13:11,543 [WARNING]   ✗ Could not download photo
2026-04-16 07:13:13,186 [INFO] [37/75]  Lachlan Jones (Port Adelaide)
2026-04-16 07:13:13,187 [DEBUG]   Fetching Port Adelaide player data...
2026-04-16 07:13:13,189 [DEBUG] Starting new HTTPS connection (1): www.portadelaidefc.com.au:443
2026-04-16 07:13:13,994 [DEBUG] https://www.portadelaidefc.com.au:443 "GET /players HTTP/1.1" 200 34710
2026-04-16 07:13:15,640 [WARNING]   ✗ Could not download photo
2026-04-16 07:13:17,279 [INFO] [38/75]  Oliver Wines (Port Adelaide)
2026-04-16 07:13:17,279 [WARNING]   ✗ Could not download photo
2026-04-16 07:13:18,882 [INFO] [39/75]  Samuel Grlj (Richmond)
2026-04-16 07:13:18,882 [DEBUG]   Fetching Richmond player data...
2026-04-16 07:13:18,885 [DEBUG] Starting new HTTPS connection (1): www.richmondfc.com.au:443
2026-04-16 07:13:20,373 [DEBUG] https://www.richmondfc.com.au:443 "GET /players HTTP/1.1" 200 34626
2026-04-16 07:13:22,017 [WARNING]   ✗ Could not download photo
2026-04-16 07:13:23,617 [INFO] [40/75]  Daniel Butler (St Kilda)
2026-04-16 07:13:23,617 [DEBUG]   Fetching St Kilda player data...
2026-04-16 07:13:23,619 [DEBUG] Starting new HTTPS connection (1): www.saints.com.au:443
2026-04-16 07:13:24,748 [DEBUG] https://www.saints.com.au:443 "GET /players HTTP/1.1" 200 27541
2026-04-16 07:13:24,752 [DEBUG]   Using HTML link fallback for St Kilda (43 unique players)
2026-04-16 07:13:26,293 [WARNING]   ✗ Could not download photo
2026-04-16 07:13:27,917 [INFO] [41/75]  Jackson Macrae (St Kilda)
2026-04-16 07:13:27,918 [WARNING]   ✗ Could not download photo
2026-04-16 07:13:29,487 [INFO] [42/75]  Kobe McDonald (St Kilda)
2026-04-16 07:13:29,487 [DEBUG]   Fetching providerId from player page...
2026-04-16 07:13:29,490 [DEBUG] Starting new HTTPS connection (1): www.saints.com.au:443
2026-04-16 07:13:29,791 [DEBUG] https://www.saints.com.au:443 "GET /players/15854/kobe-mcdonald HTTP/1.1" 200 30649
2026-04-16 07:13:30,445 [DEBUG] Starting new HTTPS connection (1): s.afl.com.au:443
2026-04-16 07:13:31,201 [DEBUG] https://s.afl.com.au:443 "GET /staticfile/AFL%20Tenant/AFL/Players/ChampIDImages/AFL/2026014/1044597.png HTTP/1.1" 404 48734
2026-04-16 07:13:31,806 [DEBUG] Starting new HTTPS connection (1): s.afl.com.au:443
2026-04-16 07:13:32,633 [DEBUG] https://s.afl.com.au:443 "GET /staticfile/AFL%20Tenant/AFL/Players/ChampIDImages/AFL/2025014/1044597.png HTTP/1.1" 404 48734
2026-04-16 07:13:33,292 [WARNING]   ✗ Could not download photo
2026-04-16 07:13:34,851 [INFO] [43/75]  Mitchito Owens (St Kilda)
2026-04-16 07:13:34,852 [WARNING]   ✗ Could not download photo
2026-04-16 07:13:36,419 [INFO] [44/75]  Will Edwards (Sydney)
2026-04-16 07:13:36,420 [DEBUG]   Fetching Sydney player data...
2026-04-16 07:13:36,422 [DEBUG] Starting new HTTPS connection (1): www.sydneyswans.com.au:443
2026-04-16 07:13:37,675 [DEBUG] https://www.sydneyswans.com.au:443 "GET /players HTTP/1.1" 200 None
2026-04-16 07:13:39,293 [WARNING]   ✗ Could not download photo
2026-04-16 07:13:40,800 [INFO] [45/75]  Will Green (Sydney)
2026-04-16 07:13:40,801 [WARNING]   ✗ Could not download photo
2026-04-16 07:13:42,428 [INFO] [46/75]  Matthew Roberts (Sydney)
2026-04-16 07:13:42,428 [WARNING]   ✗ Could not download photo
2026-04-16 07:13:44,059 [INFO] [47/75]  Matthew Flynn (West Coast)
2026-04-16 07:13:44,059 [DEBUG]   Fetching West Coast player data...
2026-04-16 07:13:44,062 [DEBUG] Starting new HTTPS connection (1): www.westcoasteagles.com.au:443
2026-04-16 07:13:47,072 [DEBUG] https://www.westcoasteagles.com.au:443 "GET /players HTTP/1.1" 200 None
2026-04-16 07:13:48,728 [WARNING]   ✗ Could not download photo
2026-04-16 07:13:50,324 [INFO] [48/75]  Matt Owies (West Coast)
2026-04-16 07:13:50,324 [WARNING]   ✗ Could not download photo
2026-04-16 07:13:51,917 [INFO] [49/75]  Nicholas Coffield (Western Bulldogs)
2026-04-16 07:13:51,918 [DEBUG]   Fetching Western Bulldogs player data...
2026-04-16 07:13:51,920 [DEBUG] Starting new HTTPS connection (1): www.westernbulldogs.com.au:443
2026-04-16 07:13:53,088 [DEBUG] https://www.westernbulldogs.com.au:443 "GET /players HTTP/1.1" 200 None
2026-04-16 07:13:54,630 [WARNING]   ✗ Could not download photo
2026-04-16 07:13:56,178 [INFO] [50/75]  Timothy English (Western Bulldogs)
2026-04-16 07:13:56,179 [WARNING]   ✗ Could not download photo
2026-04-16 07:13:57,820 [INFO] [51/75]  Thomas Liberatore (Western Bulldogs)
2026-04-16 07:13:57,820 [WARNING]   ✗ Could not download photo
2026-04-16 07:13:59,460 [INFO] [52/75]  Taylor Duryea (Western Bulldogs)
2026-04-16 07:13:59,460 [WARNING]   ✗ Could not download photo
2026-04-16 07:14:01,109 [INFO] [53/75]  Travis Boak (Port Adelaide)
2026-04-16 07:14:01,110 [WARNING]   ✗ Could not download photo
2026-04-16 07:14:02,745 [INFO] [54/75]  Willie Rioli (Port Adelaide)
2026-04-16 07:14:02,746 [WARNING]   ✗ Could not download photo
2026-04-16 07:14:04,396 [INFO] [55/75]  Jeremy Finlayson (Port Adelaide)
2026-04-16 07:14:04,396 [WARNING]   ✗ Could not download photo
2026-04-16 07:14:05,992 [INFO] [56/75]  Ryan Burton (Port Adelaide)
2026-04-16 07:14:05,993 [WARNING]   ✗ Could not download photo
2026-04-16 07:14:07,643 [INFO] [57/75]  Matt Crouch (Adelaide)
2026-04-16 07:14:07,643 [DEBUG]   Fetching Adelaide player data...
2026-04-16 07:14:07,646 [DEBUG] Starting new HTTPS connection (1): www.afc.com.au:443
2026-04-16 07:14:08,913 [DEBUG] https://www.afc.com.au:443 "GET /players HTTP/1.1" 200 29447
2026-04-16 07:14:10,542 [WARNING]   ✗ Could not download photo
2026-04-16 07:14:12,192 [INFO] [58/75]  Harry Boyd (St Kilda)
2026-04-16 07:14:12,193 [WARNING]   ✗ Could not download photo
2026-04-16 07:14:13,802 [INFO] [59/75]  Arie Schoenmaker (St Kilda)
2026-04-16 07:14:13,802 [WARNING]   ✗ Could not download photo
2026-04-16 07:14:15,417 [INFO] [60/75]  Jimmy Webster (St Kilda)
2026-04-16 07:14:15,418 [WARNING]   ✗ Could not download photo
2026-04-16 07:14:17,042 [INFO] [61/75]  Zaine Cordy (St Kilda)
2026-04-16 07:14:17,042 [WARNING]   ✗ Could not download photo
2026-04-16 07:14:18,547 [INFO] [62/75]  Zak Jones (St Kilda)
2026-04-16 07:14:18,547 [WARNING]   ✗ Could not download photo
2026-04-16 07:14:20,197 [INFO] [63/75]  Ted Clohesy (Geelong)
2026-04-16 07:14:20,198 [WARNING]   ✗ Could not download photo
2026-04-16 07:14:21,792 [INFO] [64/75]  Liam Jones (Western Bulldogs)
2026-04-16 07:14:21,793 [WARNING]   ✗ Could not download photo
2026-04-16 07:14:23,417 [INFO] [65/75]  Lachlan Murphy (Adelaide)
2026-04-16 07:14:23,418 [WARNING]   ✗ Could not download photo
2026-04-16 07:14:25,045 [INFO] [66/75]  Jason Johannisen (Western Bulldogs)
2026-04-16 07:14:25,046 [WARNING]   ✗ Could not download photo
2026-04-16 07:14:26,576 [INFO] [67/75]  Rory Atkins (Port Adelaide)
2026-04-16 07:14:26,576 [WARNING]   ✗ Could not download photo
2026-04-16 07:14:28,187 [INFO] [68/75]  Brodie Smith (Adelaide)
2026-04-16 07:14:28,188 [WARNING]   ✗ Could not download photo
2026-04-16 07:14:29,820 [INFO] [69/75]  Mitch Duncan (Geelong)
2026-04-16 07:14:29,820 [WARNING]   ✗ Could not download photo
2026-04-16 07:14:31,462 [INFO] [70/75]  Caleb Poulter (Western Bulldogs)
2026-04-16 07:14:31,465 [WARNING]   ✗ Could not download photo
2026-04-16 07:14:33,042 [INFO] [71/75]  Jed McEntee (Port Adelaide)
2026-04-16 07:14:33,042 [WARNING]   ✗ Could not download photo
2026-04-16 07:14:34,546 [INFO] [72/75]  Angus McLennan (St Kilda)
2026-04-16 07:14:34,546 [WARNING]   ✗ Could not download photo
2026-04-16 07:14:36,167 [INFO] [73/75]  Hugh Jackson (Port Adelaide)
2026-04-16 07:14:36,168 [WARNING]   ✗ Could not download photo
2026-04-16 07:14:37,703 [INFO] [74/75]  Dylan Williams (Port Adelaide)
2026-04-16 07:14:37,704 [WARNING]   ✗ Could not download photo
2026-04-16 07:14:39,261 [INFO] [75/75]  Chris Burgess (Adelaide)
2026-04-16 07:14:39,262 [WARNING]   ✗ Could not download photo
2026-04-16 07:14:40,906 [INFO] ============================================================
2026-04-16 07:14:40,906 [INFO] SUMMARY
2026-04-16 07:14:40,906 [INFO]   Downloaded (new): 0
2026-04-16 07:14:40,906 [INFO]   Downloaded (team changes): 0
2026-04-16 07:14:40,906 [INFO]   Total downloaded: 0
2026-04-16 07:14:40,906 [INFO]   Failed: 75
2026-04-16 07:14:40,906 [INFO]   Remaining: 0
2026-04-16 07:14:40,906 [INFO] ============================================================
