2026-04-20 12:16:27,358 [INFO] ============================================================
2026-04-20 12:16:27,358 [INFO] AFL Player Photo Auto-Updater
2026-04-20 12:16:27,358 [INFO] Started at: 2026-04-20 12:16:27
2026-04-20 12:16:27,358 [INFO] ============================================================
2026-04-20 12:16:27,369 [INFO] Loaded 790 players from squads_2026.csv
2026-04-20 12:16:27,617 [INFO] Loaded 903 players from Excel
2026-04-20 12:16:27,619 [INFO] Found 75 players without photos
2026-04-20 12:16:27,620 [INFO] [1/75]  Cameron Rayner (Brisbane)
2026-04-20 12:16:27,620 [DEBUG]   Fetching Brisbane player data...
2026-04-20 12:16:27,625 [DEBUG] Starting new HTTPS connection (1): www.lions.com.au:443
2026-04-20 12:16:28,449 [DEBUG] https://www.lions.com.au:443 "GET /players HTTP/1.1" 200 34081
2026-04-20 12:16:30,066 [WARNING]   ✗ Could not download photo
2026-04-20 12:16:31,567 [INFO] [2/75]  Matt Carroll (Carlton)
2026-04-20 12:16:31,568 [DEBUG]   Fetching Carlton player data...
2026-04-20 12:16:31,570 [DEBUG] Starting new HTTPS connection (1): www.carltonfc.com.au:443
2026-04-20 12:16:32,632 [DEBUG] https://www.carltonfc.com.au:443 "GET /players HTTP/1.1" 200 32476
2026-04-20 12:16:34,289 [WARNING]   ✗ Could not download photo
2026-04-20 12:18:19,590 [INFO] [3/75]  Matt Cottrell (Carlton)
2026-04-20 12:18:19,591 [WARNING]   ✗ Could not download photo
2026-04-20 12:18:21,213 [INFO] [4/75]  Lachlan Fogarty (Carlton)
2026-04-20 12:18:21,214 [WARNING]   ✗ Could not download photo
2026-04-20 12:18:22,861 [INFO] [5/75]  Zachary Williams (Carlton)
2026-04-20 12:18:22,861 [WARNING]   ✗ Could not download photo
2026-04-20 12:18:24,493 [INFO] [6/75]  Will Hayes (Collingwood)
2026-04-20 12:18:24,493 [DEBUG]   Fetching Collingwood player data...
2026-04-20 12:18:24,495 [DEBUG] Starting new HTTPS connection (1): www.collingwoodfc.com.au:443
2026-04-20 12:18:25,673 [DEBUG] https://www.collingwoodfc.com.au:443 "GET /players HTTP/1.1" 200 32951
2026-04-20 12:18:27,309 [WARNING]   ✗ Could not download photo
2026-04-20 12:18:28,958 [INFO] [7/75]  Lachlan Schultz (Collingwood)
2026-04-20 12:18:28,959 [WARNING]   ✗ Could not download photo
2026-04-20 12:18:30,609 [INFO] [8/75]  Lachie Sullivan (Collingwood)
2026-04-20 12:18:30,610 [WARNING]   ✗ Could not download photo
2026-04-20 12:18:32,233 [INFO] [9/75]  Samuel Swadling (Collingwood)
2026-04-20 12:18:32,234 [WARNING]   ✗ Could not download photo
2026-04-20 12:18:33,882 [INFO] [10/75]  Nikolas Cox (Essendon)
2026-04-20 12:18:33,882 [DEBUG]   Fetching Essendon player data...
2026-04-20 12:18:33,885 [DEBUG] Starting new HTTPS connection (1): www.essendonfc.com.au:443
2026-04-20 12:18:34,993 [DEBUG] https://www.essendonfc.com.au:443 "GET /players HTTP/1.1" 200 None
2026-04-20 12:18:36,611 [WARNING]   ✗ Could not download photo
2026-04-20 12:18:38,133 [INFO] [11/75]  Tom Edwards (Essendon)
2026-04-20 12:18:38,134 [WARNING]   ✗ Could not download photo
2026-04-20 12:18:39,733 [INFO] [12/75]  Nicholas Martin (Essendon)
2026-04-20 12:18:39,734 [WARNING]   ✗ Could not download photo
2026-04-20 12:18:41,382 [INFO] [13/75]  Archie May (Essendon)
2026-04-20 12:18:41,382 [WARNING]   ✗ Could not download photo
2026-04-20 12:18:42,972 [INFO] [14/75]  Zachary Merrett (Essendon)
2026-04-20 12:18:42,972 [WARNING]   ✗ Could not download photo
2026-04-20 12:18:44,615 [INFO] [15/75]  Josh Draper (Fremantle)
2026-04-20 12:18:44,616 [DEBUG]   Fetching Fremantle player data...
2026-04-20 12:18:44,618 [DEBUG] Starting new HTTPS connection (1): www.fremantlefc.com.au:443
2026-04-20 12:18:45,957 [DEBUG] https://www.fremantlefc.com.au:443 "GET /players HTTP/1.1" 200 34121
2026-04-20 12:18:47,491 [WARNING]   ✗ Could not download photo
2026-04-20 12:18:49,120 [INFO] [16/75]  Matt Johnson (Fremantle)
2026-04-20 12:18:49,121 [WARNING]   ✗ Could not download photo
2026-04-20 12:18:50,681 [INFO] [17/75]  Chris Scerri (Fremantle)
2026-04-20 12:18:50,681 [WARNING]   ✗ Could not download photo
2026-04-20 12:18:52,185 [INFO] [18/75]  Bradley Close (Geelong)
2026-04-20 12:18:52,185 [DEBUG]   Fetching Geelong player data...
2026-04-20 12:18:52,188 [DEBUG] Starting new HTTPS connection (1): www.geelongcats.com.au:443
2026-04-20 12:18:53,322 [DEBUG] https://www.geelongcats.com.au:443 "GET /players HTTP/1.1" 200 None
2026-04-20 12:18:54,933 [WARNING]   ✗ Could not download photo
2026-04-20 12:18:56,451 [INFO] [19/75]  Ollie Dempsey (Geelong)
2026-04-20 12:18:56,451 [WARNING]   ✗ Could not download photo
2026-04-20 12:18:58,101 [INFO] [20/75]  Nick Driscoll (Geelong)
2026-04-20 12:18:58,102 [WARNING]   ✗ Could not download photo
2026-04-20 12:18:59,752 [INFO] [21/75]  Lennox Hoffman (Geelong)
2026-04-20 12:18:59,752 [WARNING]   ✗ Could not download photo
2026-04-20 12:19:01,273 [INFO] [22/75]  Mitchell Knevitt (Geelong)
2026-04-20 12:19:01,273 [WARNING]   ✗ Could not download photo
2026-04-20 12:19:02,908 [INFO] [23/75]  Thomas Stewart (Geelong)
2026-04-20 12:19:02,908 [WARNING]   ✗ Could not download photo
2026-04-20 12:19:04,509 [INFO] [24/75]  Samuel Collins (Gold Coast)
2026-04-20 12:19:04,509 [DEBUG]   Fetching Gold Coast player data...
2026-04-20 12:19:04,511 [DEBUG] Starting new HTTPS connection (1): www.goldcoastfc.com.au:443
2026-04-20 12:21:07,420 [DEBUG] Error getting team data for Gold Coast: HTTPSConnectionPool(host='www.goldcoastfc.com.au', port=443): Read timed out. (read timeout=15)
2026-04-20 12:21:09,031 [WARNING]   Could not load team player data
2026-04-20 12:21:09,031 [INFO] [25/75]  Nicholas Holman (Gold Coast)
2026-04-20 12:21:09,031 [WARNING]   Could not load team player data
2026-04-20 12:21:09,031 [INFO] [26/75]  Leo Lombard (Gold Coast)
2026-04-20 12:21:09,031 [WARNING]   Could not load team player data
2026-04-20 12:21:09,031 [INFO] [27/75]  Lachlan Weller (Gold Coast)
2026-04-20 12:21:09,031 [WARNING]   Could not load team player data
2026-04-20 12:21:09,031 [INFO] [28/75]  Lachlan Ash (GWS Giants)
2026-04-20 12:21:09,031 [DEBUG]   Fetching GWS Giants player data...
2026-04-20 12:21:09,032 [DEBUG] Starting new HTTPS connection (1): www.gwsgiants.com.au:443
2026-04-20 12:21:10,114 [DEBUG] https://www.gwsgiants.com.au:443 "GET /players HTTP/1.1" 200 33992
2026-04-20 12:21:11,644 [WARNING]   ✗ Could not download photo
2026-04-20 12:21:13,289 [INFO] [29/75]  Joseph Fonti (GWS Giants)
2026-04-20 12:21:13,290 [WARNING]   ✗ Could not download photo
2026-04-20 12:21:14,878 [INFO] [30/75]  Harrison Himmelberg (GWS Giants)
2026-04-20 12:21:14,878 [WARNING]   ✗ Could not download photo
2026-04-20 12:21:16,509 [INFO] [31/75]  Joshua Kelly (GWS Giants)
2026-04-20 12:21:16,509 [WARNING]   ✗ Could not download photo
2026-04-20 12:21:18,038 [INFO] [32/75]  Nick Madden (GWS Giants)
2026-04-20 12:21:18,038 [WARNING]   ✗ Could not download photo
2026-04-20 12:21:19,688 [INFO] [33/75]  Ollie Greeves (Hawthorn)
2026-04-20 12:21:19,688 [DEBUG]   Fetching Hawthorn player data...
2026-04-20 12:21:19,690 [DEBUG] Starting new HTTPS connection (1): www.hawthornfc.com.au:443
2026-04-20 12:21:20,985 [DEBUG] https://www.hawthornfc.com.au:443 "GET /players HTTP/1.1" 200 None
2026-04-20 12:21:22,623 [WARNING]   ✗ Could not download photo
2026-04-20 12:21:24,186 [INFO] [34/75]  Mitchell Lewis (Hawthorn)
2026-04-20 12:21:24,186 [WARNING]   ✗ Could not download photo
2026-04-20 12:21:25,827 [INFO] [35/75]  Cameron Mackenzie (Hawthorn)
2026-04-20 12:21:25,828 [WARNING]   ✗ Could not download photo
2026-04-20 12:21:27,418 [INFO] [36/75]  Joshua Weddle (Hawthorn)
2026-04-20 12:21:27,419 [WARNING]   ✗ Could not download photo
2026-04-20 12:21:29,048 [INFO] [37/75]  Lachlan Jones (Port Adelaide)
2026-04-20 12:21:29,048 [DEBUG]   Fetching Port Adelaide player data...
2026-04-20 12:21:29,050 [DEBUG] Starting new HTTPS connection (1): www.portadelaidefc.com.au:443
2026-04-20 12:21:30,276 [DEBUG] https://www.portadelaidefc.com.au:443 "GET /players HTTP/1.1" 200 34897
2026-04-20 12:21:31,936 [WARNING]   ✗ Could not download photo
2026-04-20 12:21:33,569 [INFO] [38/75]  Oliver Wines (Port Adelaide)
2026-04-20 12:21:33,570 [WARNING]   ✗ Could not download photo
2026-04-20 12:21:35,134 [INFO] [39/75]  Samuel Grlj (Richmond)
2026-04-20 12:21:35,134 [DEBUG]   Fetching Richmond player data...
2026-04-20 12:21:35,136 [DEBUG] Starting new HTTPS connection (1): www.richmondfc.com.au:443
2026-04-20 12:21:36,243 [DEBUG] https://www.richmondfc.com.au:443 "GET /players HTTP/1.1" 200 34437
2026-04-20 12:21:37,864 [WARNING]   ✗ Could not download photo
2026-04-20 12:21:39,481 [INFO] [40/75]  Daniel Butler (St Kilda)
2026-04-20 12:21:39,481 [DEBUG]   Fetching St Kilda player data...
2026-04-20 12:21:39,484 [DEBUG] Starting new HTTPS connection (1): www.saints.com.au:443
2026-04-20 12:30:33,713 [DEBUG] Error getting team data for St Kilda: HTTPSConnectionPool(host='www.saints.com.au', port=443): Read timed out. (read timeout=15)
2026-04-20 12:30:35,355 [WARNING]   Could not load team player data
2026-04-20 12:30:35,356 [INFO] [41/75]  Jackson Macrae (St Kilda)
2026-04-20 12:30:35,356 [WARNING]   Could not load team player data
2026-04-20 12:30:35,356 [INFO] [42/75]  Kobe McDonald (St Kilda)
2026-04-20 12:30:35,356 [WARNING]   Could not load team player data
2026-04-20 12:30:35,356 [INFO] [43/75]  Mitchito Owens (St Kilda)
2026-04-20 12:30:35,356 [WARNING]   Could not load team player data
2026-04-20 12:30:35,356 [INFO] [44/75]  Will Edwards (Sydney)
2026-04-20 12:30:35,357 [DEBUG]   Fetching Sydney player data...
2026-04-20 12:30:35,359 [DEBUG] Starting new HTTPS connection (1): www.sydneyswans.com.au:443
2026-04-20 12:30:36,411 [DEBUG] https://www.sydneyswans.com.au:443 "GET /players HTTP/1.1" 200 None
2026-04-20 12:30:37,993 [WARNING]   ✗ Could not download photo
2026-04-20 12:30:39,542 [INFO] [45/75]  Will Green (Sydney)
2026-04-20 12:30:39,542 [WARNING]   ✗ Could not download photo
2026-04-20 12:30:41,163 [INFO] [46/75]  Matthew Roberts (Sydney)
2026-04-20 12:30:41,164 [WARNING]   ✗ Could not download photo
2026-04-20 12:30:42,791 [INFO] [47/75]  Matthew Flynn (West Coast)
2026-04-20 12:30:42,791 [DEBUG]   Fetching West Coast player data...
2026-04-20 12:30:42,793 [DEBUG] Starting new HTTPS connection (1): www.westcoasteagles.com.au:443
2026-04-20 12:30:45,143 [DEBUG] https://www.westcoasteagles.com.au:443 "GET /players HTTP/1.1" 200 None
2026-04-20 12:30:46,754 [WARNING]   ✗ Could not download photo
2026-04-20 12:30:48,372 [INFO] [48/75]  Matt Owies (West Coast)
2026-04-20 12:30:48,372 [WARNING]   ✗ Could not download photo
2026-04-20 12:30:50,018 [INFO] [49/75]  Nicholas Coffield (Western Bulldogs)
2026-04-20 12:30:50,018 [DEBUG]   Fetching Western Bulldogs player data...
2026-04-20 12:30:50,020 [DEBUG] Starting new HTTPS connection (1): www.westernbulldogs.com.au:443
2026-04-20 12:30:50,844 [DEBUG] https://www.westernbulldogs.com.au:443 "GET /players HTTP/1.1" 200 None
2026-04-20 12:30:52,402 [WARNING]   ✗ Could not download photo
2026-04-20 12:30:53,970 [INFO] [50/75]  Timothy English (Western Bulldogs)
2026-04-20 12:30:53,971 [WARNING]   ✗ Could not download photo
2026-04-20 12:30:55,526 [INFO] [51/75]  Thomas Liberatore (Western Bulldogs)
2026-04-20 12:30:55,527 [WARNING]   ✗ Could not download photo
2026-04-20 12:30:57,131 [INFO] [52/75]  Taylor Duryea (Western Bulldogs)
2026-04-20 12:30:57,132 [WARNING]   ✗ Could not download photo
2026-04-20 12:30:58,775 [INFO] [53/75]  Travis Boak (Port Adelaide)
2026-04-20 12:30:58,775 [WARNING]   ✗ Could not download photo
2026-04-20 12:31:00,373 [INFO] [54/75]  Willie Rioli (Port Adelaide)
2026-04-20 12:31:00,374 [WARNING]   ✗ Could not download photo
2026-04-20 12:31:01,894 [INFO] [55/75]  Jeremy Finlayson (Port Adelaide)
2026-04-20 12:31:01,894 [WARNING]   ✗ Could not download photo
2026-04-20 12:31:03,491 [INFO] [56/75]  Ryan Burton (Port Adelaide)
2026-04-20 12:31:03,492 [WARNING]   ✗ Could not download photo
2026-04-20 12:31:05,071 [INFO] [57/75]  Matt Crouch (Adelaide)
2026-04-20 12:31:05,072 [DEBUG]   Fetching Adelaide player data...
2026-04-20 12:31:05,073 [DEBUG] Starting new HTTPS connection (1): www.afc.com.au:443
2026-04-20 12:33:21,692 [DEBUG] Error getting team data for Adelaide: HTTPSConnectionPool(host='www.afc.com.au', port=443): Read timed out. (read timeout=15)
2026-04-20 12:33:23,278 [WARNING]   Could not load team player data
2026-04-20 12:33:23,278 [INFO] [58/75]  Harry Boyd (St Kilda)
2026-04-20 12:33:23,278 [WARNING]   Could not load team player data
2026-04-20 12:33:23,278 [INFO] [59/75]  Arie Schoenmaker (St Kilda)
2026-04-20 12:33:23,278 [WARNING]   Could not load team player data
2026-04-20 12:33:23,278 [INFO] [60/75]  Jimmy Webster (St Kilda)
2026-04-20 12:33:23,278 [WARNING]   Could not load team player data
2026-04-20 12:33:23,279 [INFO] [61/75]  Zaine Cordy (St Kilda)
2026-04-20 12:33:23,279 [WARNING]   Could not load team player data
2026-04-20 12:33:23,279 [INFO] [62/75]  Zak Jones (St Kilda)
2026-04-20 12:33:23,279 [WARNING]   Could not load team player data
2026-04-20 12:33:23,279 [INFO] [63/75]  Ted Clohesy (Geelong)
2026-04-20 12:33:23,279 [WARNING]   ✗ Could not download photo
2026-04-20 12:33:24,917 [INFO] [64/75]  Liam Jones (Western Bulldogs)
2026-04-20 12:33:24,918 [WARNING]   ✗ Could not download photo
2026-04-20 12:33:26,555 [INFO] [65/75]  Lachlan Murphy (Adelaide)
2026-04-20 12:33:26,555 [WARNING]   Could not load team player data
2026-04-20 12:33:26,555 [INFO] [66/75]  Jason Johannisen (Western Bulldogs)
2026-04-20 12:33:26,555 [WARNING]   ✗ Could not download photo
2026-04-20 12:33:28,198 [INFO] [67/75]  Rory Atkins (Port Adelaide)
2026-04-20 12:33:28,199 [WARNING]   ✗ Could not download photo
2026-04-20 12:33:29,727 [INFO] [68/75]  Brodie Smith (Adelaide)
2026-04-20 12:33:29,727 [WARNING]   Could not load team player data
2026-04-20 12:33:29,727 [INFO] [69/75]  Mitch Duncan (Geelong)
2026-04-20 12:33:29,727 [WARNING]   ✗ Could not download photo
2026-04-20 12:33:31,294 [INFO] [70/75]  Caleb Poulter (Western Bulldogs)
2026-04-20 12:33:31,294 [WARNING]   ✗ Could not download photo
2026-04-20 12:33:32,800 [INFO] [71/75]  Jed McEntee (Port Adelaide)
2026-04-20 12:33:32,801 [WARNING]   ✗ Could not download photo
2026-04-20 12:33:34,451 [INFO] [72/75]  Angus McLennan (St Kilda)
2026-04-20 12:33:34,451 [WARNING]   Could not load team player data
2026-04-20 12:33:34,451 [INFO] [73/75]  Hugh Jackson (Port Adelaide)
2026-04-20 12:33:34,452 [WARNING]   ✗ Could not download photo
2026-04-20 12:33:36,035 [INFO] [74/75]  Dylan Williams (Port Adelaide)
2026-04-20 12:33:36,036 [WARNING]   ✗ Could not download photo
2026-04-20 12:33:37,654 [INFO] [75/75]  Chris Burgess (Adelaide)
2026-04-20 12:33:37,655 [WARNING]   Could not load team player data
2026-04-20 12:33:37,673 [INFO] ============================================================
2026-04-20 12:33:37,673 [INFO] SUMMARY
2026-04-20 12:33:37,673 [INFO]   Downloaded (new): 0
2026-04-20 12:33:37,673 [INFO]   Downloaded (team changes): 0
2026-04-20 12:33:37,673 [INFO]   Total downloaded: 0
2026-04-20 12:33:37,673 [INFO]   Failed: 75
2026-04-20 12:33:37,673 [INFO]   Remaining: 0
2026-04-20 12:33:37,673 [INFO] ============================================================
