2026-04-24 19:00:06,949 [INFO] Log file: /Users/marcuswagner/coding/AFL_dashboard/logs/scheduled_update_2026-04-24_1900.log
2026-04-24 19:00:06,949 [INFO] ============================================================
2026-04-24 19:00:06,949 [INFO] AFL Dashboard – Scheduled Data Update
2026-04-24 19:00:06,949 [INFO] Date: Friday 24 April 2026 19:00
2026-04-24 19:00:06,949 [INFO] Mode: FULL
2026-04-24 19:00:06,950 [INFO] ============================================================
2026-04-24 19:00:06,950 [INFO] Python: /opt/homebrew/Caskroom/miniconda/base/envs/afl/bin/python
2026-04-24 19:00:06,950 [INFO] 
Steps to run (1):
2026-04-24 19:00:06,950 [INFO]   • team_selections: Scrape team selections & fixture from FootyWire + Squiggle API
2026-04-24 19:00:06,950 [INFO] 
2026-04-24 19:00:06,950 [INFO] START [team_selections] Scrape team selections & fixture from FootyWire + Squiggle API
2026-04-24 19:00:06,950 [INFO]   Running: /opt/homebrew/Caskroom/miniconda/base/envs/afl/bin/python /Users/marcuswagner/coding/AFL_dashboard/scrape_team_selections.py 
2026-04-24 19:00:12,158 [INFO]   DONE [team_selections] in 5.2s
2026-04-24 19:00:12,158 [INFO]     | 
2026-04-24 19:00:12,158 [INFO] 
2026-04-24 19:00:12,159 [INFO] ============================================================
2026-04-24 19:00:12,159 [INFO] UPDATE SUMMARY
2026-04-24 19:00:12,159 [INFO] ============================================================
2026-04-24 19:00:12,159 [INFO]   ✓ team_selections: OK
2026-04-24 19:00:12,159 [INFO] 
2026-04-24 19:00:12,159 [INFO] Results: 1 passed, 0 failed, 0 skipped
2026-04-24 19:00:12,159 [INFO] Total time: 5s (0.1 min)
2026-04-24 19:00:12,159 [INFO] Log: /Users/marcuswagner/coding/AFL_dashboard/logs/scheduled_update_2026-04-24_1900.log
2026-04-24 19:00:12,162 [INFO] Log rotation: removed 1 old log file(s)
2026-04-24 19:00:12,176 [INFO] Stopped Streamlit (PIDs: 78010)
2026-04-24 19:00:14,255 [INFO] Restarted Streamlit app.
2026-04-24 19:00:14,256 [INFO] 
✅ All steps completed successfully!
2026-04-24 19:00:21,194 [INFO] Email sent to marcus.wagner@futureedgesport.com.au
