2026-03-20 07:00:03,274 [INFO] Log file: /Users/marcuswagner/coding/AFL_dashboard/logs/scheduled_update_2026-03-20_0700.log
2026-03-20 07:00:03,274 [INFO] ============================================================
2026-03-20 07:00:03,274 [INFO] AFL Dashboard – Scheduled Data Update
2026-03-20 07:00:03,274 [INFO] Date: Friday 20 March 2026 07:00
2026-03-20 07:00:03,274 [INFO] Mode: FULL
2026-03-20 07:00:03,274 [INFO] ============================================================
2026-03-20 07:00:03,274 [INFO] Python: /opt/homebrew/Caskroom/miniconda/base/envs/afl/bin/python
2026-03-20 07:00:03,274 [INFO] 
Steps to run (2):
2026-03-20 07:00:03,274 [INFO]   • wheelo_ratings: Scrape Wheelo team & player ratings (Selenium) [SLOW]
2026-03-20 07:00:03,274 [INFO]   • wheelo_match_stats: Scrape Wheelo match-by-match player ratings + Brownlow predictions (Selenium) [SLOW]
2026-03-20 07:00:03,274 [INFO] 
2026-03-20 07:00:03,274 [INFO] Log file: /Users/marcuswagner/coding/AFL_dashboard/logs/scheduled_update_2026-03-20_0700.log
2026-03-20 07:00:03,274 [INFO] START [wheelo_ratings] Scrape Wheelo team & player ratings (Selenium)
2026-03-20 07:00:03,274 [INFO] ============================================================
2026-03-20 07:00:03,274 [INFO]   Running: /opt/homebrew/Caskroom/miniconda/base/envs/afl/bin/python /Users/marcuswagner/coding/AFL_dashboard/scrape_wheelo_ratings.py --all
2026-03-20 07:00:03,274 [INFO] AFL Dashboard – Scheduled Data Update
2026-03-20 07:00:03,274 [INFO] Date: Friday 20 March 2026 07:00
2026-03-20 07:00:03,274 [INFO] Mode: FULL
2026-03-20 07:00:03,275 [INFO] ============================================================
2026-03-20 07:00:03,275 [INFO] Python: /opt/homebrew/Caskroom/miniconda/base/envs/afl/bin/python
2026-03-20 07:00:03,275 [INFO] 
Steps to run (15):
2026-03-20 07:00:03,275 [INFO]   • footywire_squads: Scrape player squads from Footywire
2026-03-20 07:00:03,275 [INFO]   • footywire_extended: Scrape contracts & draft history from Footywire
2026-03-20 07:00:03,275 [INFO]   • afl_ladders: Scrape AFL ladder standings from Footywire (current season)
2026-03-20 07:00:03,275 [INFO]   • wheelo_ratings: Scrape Wheelo team & player ratings (Selenium) [SLOW]
2026-03-20 07:00:03,275 [INFO]   • wheelo_match_stats: Scrape Wheelo match-by-match player ratings + Brownlow predictions (Selenium) [SLOW]
2026-03-20 07:00:03,275 [INFO]   • traits_api: Fetch Traits API data for current-season players [SLOW]
2026-03-20 07:00:03,275 [INFO]   • wheelo_to_raw: Copy Wheelo team stats to raw data folder for ratings pipeline
2026-03-20 07:00:03,275 [INFO]   • build_season: Build season data files (squads, stats, traits CSVs)
2026-03-20 07:00:03,275 [INFO]   • wheelo_player_to_raw: Merge Wheelo player season data (matches, ratings) into raw player CSVs
2026-03-20 07:00:03,275 [INFO]   • regenerate_ratings: Regenerate computed team summaries and ladders
2026-03-20 07:00:03,275 [INFO]   • refresh_master_ladders: Update master workbook Team_Ladders_All with freshly-scraped ladder data
2026-03-20 07:00:03,275 [INFO]   • update_photos: Download photos for any new/missing players [SLOW]
2026-03-20 07:00:03,275 [INFO]   • validate_freshness: Validate pipeline output files are present and fresh
2026-03-20 07:00:03,275 [INFO]   • validate_schemas: Validate CSV output schemas (columns, row counts, data quality)
2026-03-20 07:00:03,275 [INFO]   • data_diff_check: Compare pipeline outputs against backups and alert on anomalies
2026-03-20 07:00:03,275 [INFO] 
2026-03-20 07:00:03,275 [INFO] START [footywire_squads] Scrape player squads from Footywire
2026-03-20 07:00:03,275 [INFO]   Running: /opt/homebrew/Caskroom/miniconda/base/envs/afl/bin/python /Users/marcuswagner/coding/AFL_dashboard/scrape_footywire.py 
2026-03-20 07:00:35,175 [INFO]   DONE [footywire_squads] in 31.9s
2026-03-20 07:00:35,176 [INFO]     | DefenderRuck          1
2026-03-20 07:00:35,176 [INFO]     | Name: count, dtype: int64
2026-03-20 07:00:35,176 [INFO]     | 
2026-03-20 07:00:35,176 [INFO]     | 
2026-03-20 07:00:35,176 [INFO]     | Updated DOB cache: 1 new entries
2026-03-20 07:00:35,176 [INFO] START [footywire_extended] Scrape contracts & draft history from Footywire
2026-03-20 07:00:35,176 [INFO]   Running: /opt/homebrew/Caskroom/miniconda/base/envs/afl/bin/python /Users/marcuswagner/coding/AFL_dashboard/scrape_footywire_extended.py --current-only
2026-03-20 07:00:52,609 [INFO]   DONE [wheelo_ratings] in 49.3s
2026-03-20 07:00:52,609 [INFO]     | 📊 Team Stats downloaded: 3 files
2026-03-20 07:00:52,609 [INFO]     | 📊 Player Stats downloaded: 3 files
2026-03-20 07:00:52,609 [INFO]     | 📊 Squad Lists downloaded: 1 file
2026-03-20 07:00:52,609 [INFO]     | 
2026-03-20 07:00:52,609 [INFO]     | 📁 CSV files saved in: /Users/marcuswagner/coding/AFL_dashboard/wheelo_downloads
2026-03-20 07:00:52,610 [INFO] START [wheelo_match_stats] Scrape Wheelo match-by-match player ratings + Brownlow predictions (Selenium)
2026-03-20 07:00:52,610 [INFO]   Running: /opt/homebrew/Caskroom/miniconda/base/envs/afl/bin/python /Users/marcuswagner/coding/AFL_dashboard/scrape_wheelo_match_stats.py --brownlow
2026-03-20 07:01:30,493 [INFO]   DONE [wheelo_match_stats] in 37.9s
2026-03-20 07:01:30,494 [INFO]     | ============================================================
2026-03-20 07:01:30,494 [INFO]     | 🔧 Chrome driver attempt 1/3…
2026-03-20 07:01:30,494 [INFO]     | ✅ Chrome driver ready
2026-03-20 07:01:30,494 [INFO]     | 
2026-03-20 07:01:30,494 [INFO]     | 💾 Saved 644 rows → /Users/marcuswagner/coding/AFL_dashboard/data/raw/player/brownlow_predictions_2026.csv
2026-03-20 07:01:30,494 [INFO] 
2026-03-20 07:01:30,494 [INFO] ============================================================
2026-03-20 07:01:30,494 [INFO] UPDATE SUMMARY
2026-03-20 07:01:30,494 [INFO] ============================================================
2026-03-20 07:01:30,494 [INFO]   ✓ wheelo_ratings: OK
2026-03-20 07:01:30,494 [INFO]   ✓ wheelo_match_stats: OK
2026-03-20 07:01:30,494 [INFO] 
2026-03-20 07:01:30,494 [INFO] Results: 2 passed, 0 failed, 0 skipped
2026-03-20 07:01:30,494 [INFO] Total time: 87s (1.5 min)
2026-03-20 07:01:30,494 [INFO] Log: /Users/marcuswagner/coding/AFL_dashboard/logs/scheduled_update_2026-03-20_0700.log
2026-03-20 07:01:30,497 [INFO] 
✅ All steps completed successfully!
2026-03-20 07:01:36,021 [INFO] Email sent to marcus.wagner@futureedgesport.com.au
2026-03-20 07:08:44,376 [INFO]   DONE [footywire_extended] in 489.2s
2026-03-20 07:08:44,377 [INFO]     | 5  Adelaide    Brayden Cook           2026.0           Non-Free Agent      2020.0    National          1.0        25.0
2026-03-20 07:08:44,377 [INFO]     | 6  Adelaide     Indy Cotton           2027.0                  Unknown         NaN        None          NaN         NaN
2026-03-20 07:08:44,377 [INFO]     | 7  Adelaide   Isaac Cumming           2030.0           Non-Free Agent      2016.0    National          1.0        20.0
2026-03-20 07:08:44,377 [INFO]     | 8  Adelaide   Daniel Curtin           2029.0           Non-Free Agent      2023.0    National          1.0         8.0
2026-03-20 07:08:44,377 [INFO]     | 9  Adelaide   Jordan Dawson           2029.0    Restricted Free Agent      2015.0    National          4.0        56.0
2026-03-20 07:08:44,377 [INFO] START [afl_ladders] Scrape AFL ladder standings from Footywire (current season)
2026-03-20 07:08:44,377 [INFO]   Running: /opt/homebrew/Caskroom/miniconda/base/envs/afl/bin/python /Users/marcuswagner/coding/AFL_dashboard/scrape_afl_ladders.py --current-only
2026-03-20 07:08:46,598 [INFO]   DONE [afl_ladders] in 2.2s
2026-03-20 07:08:46,598 [INFO]     |   2026: 18 teams
2026-03-20 07:08:46,598 [INFO]     | 
2026-03-20 07:08:46,598 [INFO]     | ============================================================
2026-03-20 07:08:46,598 [INFO]     | Completed: 2026-03-20 07:08:46
2026-03-20 07:08:46,598 [INFO]     | ============================================================
2026-03-20 07:08:46,598 [INFO] START [wheelo_ratings] Scrape Wheelo team & player ratings (Selenium)
2026-03-20 07:08:46,598 [INFO]   Running: /opt/homebrew/Caskroom/miniconda/base/envs/afl/bin/python /Users/marcuswagner/coding/AFL_dashboard/scrape_wheelo_ratings.py --all
2026-03-20 07:09:31,294 [INFO]   DONE [wheelo_ratings] in 44.7s
2026-03-20 07:09:31,294 [INFO]     | 📊 Team Stats downloaded: 3 files
2026-03-20 07:09:31,294 [INFO]     | 📊 Player Stats downloaded: 3 files
2026-03-20 07:09:31,294 [INFO]     | 📊 Squad Lists downloaded: 1 file
2026-03-20 07:09:31,294 [INFO]     | 
2026-03-20 07:09:31,295 [INFO]     | 📁 CSV files saved in: /Users/marcuswagner/coding/AFL_dashboard/wheelo_downloads
2026-03-20 07:09:31,295 [INFO] START [wheelo_match_stats] Scrape Wheelo match-by-match player ratings + Brownlow predictions (Selenium)
2026-03-20 07:09:31,295 [INFO]   Running: /opt/homebrew/Caskroom/miniconda/base/envs/afl/bin/python /Users/marcuswagner/coding/AFL_dashboard/scrape_wheelo_match_stats.py --brownlow
2026-03-20 07:10:09,865 [INFO]   DONE [wheelo_match_stats] in 38.6s
2026-03-20 07:10:09,866 [INFO]     | ============================================================
2026-03-20 07:10:09,866 [INFO]     | 🔧 Chrome driver attempt 1/3…
2026-03-20 07:10:09,866 [INFO]     | ✅ Chrome driver ready
2026-03-20 07:10:09,866 [INFO]     | 
2026-03-20 07:10:09,866 [INFO]     | 💾 Saved 644 rows → /Users/marcuswagner/coding/AFL_dashboard/data/raw/player/brownlow_predictions_2026.csv
2026-03-20 07:10:09,866 [INFO] START [traits_api] Fetch Traits API data for current-season players
2026-03-20 07:10:09,866 [INFO]   Running: /opt/homebrew/Caskroom/miniconda/base/envs/afl/bin/python /Users/marcuswagner/coding/AFL_dashboard/run_traits_api.py 
2026-03-20 07:14:34,831 [INFO]   DONE [traits_api] in 265.0s
2026-03-20 07:14:34,831 [INFO]     | 11      Sid Draper  Adelaide           1.38               None           None
2026-03-20 07:14:34,831 [INFO]     | 
2026-03-20 07:14:34,831 [INFO]     | Top 10 Overall Rated Players:
2026-03-20 07:14:34,831 [INFO]     | 
2026-03-20 07:14:34,831 [INFO]     | ⚠️  Dataset enhancement failed: Column 'Overall_Rating' has dtype object, cannot use method 'nlargest' with this dtype
2026-03-20 07:14:34,831 [INFO] START [wheelo_to_raw] Copy Wheelo team stats to raw data folder for ratings pipeline
2026-03-20 07:14:35,135 [INFO]   Backed up team_stats_2026.csv → backups/team_stats_2026_20260320_071435.csv
2026-03-20 07:14:35,138 [INFO]   Copied Wheelo 2026 Season -> team_stats_2026.csv (18 teams)
2026-03-20 07:14:35,154 [INFO]   Backed up team_stats_2026_L10.csv → backups/team_stats_2026_L10_20260320_071435.csv
2026-03-20 07:14:35,156 [INFO]   Copied Wheelo 2026 L10 -> team_stats_2026_L10.csv (18 teams)
2026-03-20 07:14:35,177 [INFO]   Backed up team_stats_2026_L5.csv → backups/team_stats_2026_L5_20260320_071435.csv
2026-03-20 07:14:35,179 [INFO]   Copied Wheelo 2026 L5 -> team_stats_2026_L5.csv (18 teams)
2026-03-20 07:14:35,179 [INFO]   DONE [wheelo_to_raw] in 0.3s
2026-03-20 07:14:35,179 [INFO] START [build_season] Build season data files (squads, stats, traits CSVs)
2026-03-20 07:14:35,179 [INFO]   Running: /opt/homebrew/Caskroom/miniconda/base/envs/afl/bin/python /Users/marcuswagner/coding/AFL_dashboard/build_season_data.py 
2026-03-20 07:14:35,434 [INFO]   DONE [build_season] in 0.3s
2026-03-20 07:14:35,434 [INFO]     |   Western Bulldogs      43 players  Avg Age: 24.3  Avg Games: 73
2026-03-20 07:14:35,434 [INFO]     | 
2026-03-20 07:14:35,434 [INFO]     | ============================================================
2026-03-20 07:14:35,434 [INFO]     | ✅ 2026 DATA BUILD COMPLETE
2026-03-20 07:14:35,434 [INFO]     | ============================================================
2026-03-20 07:14:35,434 [INFO] START [wheelo_player_to_raw] Merge Wheelo player season data (matches, ratings) into raw player CSVs
2026-03-20 07:14:35,550 [INFO]   Wheelo Wheelo 2026 Season: 432 players, 18 teams
2026-03-20 07:14:35,565 [INFO]   Name mappings (31): {'Matthew Johnson': 'Matt Johnson', 'Jack Macrae': 'Jackson Macrae', 'Lachie Schultz': 'Lachlan Schultz', 'Zac Williams': 'Zachary Williams', 'Leonardo Lombard': 'Leo Lombard', 'Connor Macdonald': 'Connor MacDonald', 'Josh Weddle': 'Joshua Weddle', 'Cam Rayner': 'Cameron Rayner', 'Mitch Owens': 'Mitchito Owens', 'Tom Stewart': 'Thomas Stewart', 'Joe Fonti': 'Joseph Fonti', 'Tim English': 'Timothy English', 'Oliver Dempsey': 'Ollie Dempsey', 'Cam Mackenzie': 'Cameron Mackenzie', 'Jacob van Rooyen': 'Jacob Van Rooyen', 'Matt Flynn': 'Matthew Flynn', 'Lachie Ash': 'Lachlan Ash', 'Lachie Weller': 'Lachlan Weller', 'Brad Close': 'Bradley Close', 'Sam Grlj': 'Samuel Grlj', 'Zach Merrett': 'Zachary Merrett', 'Archer May': 'Archie May', 'Sam Collins': 'Samuel Collins', 'Matthew Carroll': 'Matt Carroll', 'Tom Liberatore': 'Thomas Liberatore', 'Harry Himmelberg': 'Harrison Himmelberg', 'Mitch Lewis': 'Mitchell Lewis', 'Matt Roberts': 'Matthew Roberts', 'Mitch Knevitt': 'Mitchell Knevitt', 'Lachie Jones': 'Lachlan Jones', 'Lachie Fogarty': 'Lachlan Fogarty'}
2026-03-20 07:14:35,573 [INFO]   Backed up player_stats_2026.csv → backups/player_stats_2026_20260320_071435.csv
2026-03-20 07:14:35,575 [INFO]   Updated player_stats_2026.csv: 432 players with matches from Wheelo
2026-03-20 07:14:35,592 [INFO]   Backed up squads_2026.csv → backups/squads_2026_20260320_071435.csv
2026-03-20 07:14:35,594 [INFO]   Updated squads_2026.csv: 432 players matched from Wheelo
2026-03-20 07:14:35,594 [INFO]   DONE [wheelo_player_to_raw] in 0.2s
2026-03-20 07:14:35,594 [INFO] START [regenerate_ratings] Regenerate computed team summaries and ladders
2026-03-20 07:14:35,594 [INFO]   Running: /opt/homebrew/Caskroom/miniconda/base/envs/afl/bin/python /Users/marcuswagner/coding/AFL_dashboard/regenerate_ratings.py 
2026-03-20 07:14:35,871 [INFO]   DONE [regenerate_ratings] in 0.3s
2026-03-20 07:14:35,871 [INFO]     | Skipping 2025 Last 5 - no raw data
2026-03-20 07:14:35,871 [INFO]     | 
2026-03-20 07:14:35,871 [INFO]     | ============================================================
2026-03-20 07:14:35,871 [INFO]     | DONE!
2026-03-20 07:14:35,871 [INFO]     | ============================================================
2026-03-20 07:14:35,871 [INFO] START [refresh_master_ladders] Update master workbook Team_Ladders_All with freshly-scraped ladder data
2026-03-20 07:14:48,260 [INFO]   Refreshed Team_Ladders_All: 287 rows
2026-03-20 07:14:48,264 [INFO]   DONE [refresh_master_ladders] in 12.4s
2026-03-20 07:14:48,264 [INFO] START [update_photos] Download photos for any new/missing players
2026-03-20 07:14:48,264 [INFO]   Running: /opt/homebrew/Caskroom/miniconda/base/envs/afl/bin/python /Users/marcuswagner/coding/AFL_dashboard/auto_update_photos.py 
2026-03-20 07:17:42,560 [INFO]   DONE [update_photos] in 174.3s
2026-03-20 07:17:42,561 [INFO]     | 
2026-03-20 07:17:42,561 [INFO] START [validate_freshness] Validate pipeline output files are present and fresh
2026-03-20 07:17:42,561 [INFO]   Running: /opt/homebrew/Caskroom/miniconda/base/envs/afl/bin/python /Users/marcuswagner/coding/AFL_dashboard/validate_pipeline_freshness.py 
2026-03-20 07:17:42,601 [INFO]   DONE [validate_freshness] in 0.0s
2026-03-20 07:17:42,601 [INFO]     |   ✓ FRESH    footywire_drafts_history.csv  (07:08)
2026-03-20 07:17:42,601 [INFO]     |   ✓ FRESH    footywire_2026_with_traits.csv  (07:14)
2026-03-20 07:17:42,601 [INFO]     |   ✓ FRESH    traits_2026.csv  (07:14)
2026-03-20 07:17:42,601 [INFO]     | 
2026-03-20 07:17:42,601 [INFO]     | ✅ All required files are present and fresh.
2026-03-20 07:17:42,601 [INFO] START [validate_schemas] Validate CSV output schemas (columns, row counts, data quality)
2026-03-20 07:17:42,612 [INFO]   DONE [validate_schemas] 0 warning(s) in 0.0s
2026-03-20 07:17:42,613 [INFO] START [data_diff_check] Compare pipeline outputs against backups and alert on anomalies
2026-03-20 07:17:42,622 [INFO]   DONE [data_diff_check] no anomalies in 0.0s
2026-03-20 07:17:42,622 [INFO] 
2026-03-20 07:17:42,622 [INFO] ============================================================
2026-03-20 07:17:42,622 [INFO] UPDATE SUMMARY
2026-03-20 07:17:42,622 [INFO] ============================================================
2026-03-20 07:17:42,622 [INFO]   ✓ footywire_squads: OK
2026-03-20 07:17:42,622 [INFO]   ✓ footywire_extended: OK
2026-03-20 07:17:42,622 [INFO]   ✓ afl_ladders: OK
2026-03-20 07:17:42,622 [INFO]   ✓ wheelo_ratings: OK
2026-03-20 07:17:42,622 [INFO]   ✓ wheelo_match_stats: OK
2026-03-20 07:17:42,622 [INFO]   ✓ traits_api: OK
2026-03-20 07:17:42,622 [INFO]   ✓ wheelo_to_raw: OK
2026-03-20 07:17:42,622 [INFO]   ✓ build_season: OK
2026-03-20 07:17:42,622 [INFO]   ✓ wheelo_player_to_raw: OK
2026-03-20 07:17:42,622 [INFO]   ✓ regenerate_ratings: OK
2026-03-20 07:17:42,622 [INFO]   ✓ refresh_master_ladders: OK
2026-03-20 07:17:42,622 [INFO]   ✓ update_photos: OK
2026-03-20 07:17:42,622 [INFO]   ✓ validate_freshness: OK
2026-03-20 07:17:42,622 [INFO]   ✓ validate_schemas: OK
2026-03-20 07:17:42,622 [INFO]   ✓ data_diff_check: OK
2026-03-20 07:17:42,622 [INFO] 
2026-03-20 07:17:42,622 [INFO] Results: 15 passed, 0 failed, 0 skipped
2026-03-20 07:17:42,622 [INFO] Total time: 1059s (17.7 min)
2026-03-20 07:17:42,622 [INFO] Log: /Users/marcuswagner/coding/AFL_dashboard/logs/scheduled_update_2026-03-20_0700.log
2026-03-20 07:17:42,622 [INFO] 
✅ All steps completed successfully!
2026-03-20 07:17:47,935 [INFO] Email sent to marcus.wagner@futureedgesport.com.au
