2026-04-15 07:00:05,780 [INFO] Log file: /Users/marcuswagner/coding/AFL_dashboard/logs/scheduled_update_2026-04-15_0700.log
2026-04-15 07:00:05,780 [INFO] Log file: /Users/marcuswagner/coding/AFL_dashboard/logs/scheduled_update_2026-04-15_0700.log
2026-04-15 07:00:05,780 [INFO] ============================================================
2026-04-15 07:00:05,780 [INFO] ============================================================
2026-04-15 07:00:05,780 [INFO] AFL Dashboard – Scheduled Data Update
2026-04-15 07:00:05,780 [INFO] Date: Wednesday 15 April 2026 07:00
2026-04-15 07:00:05,780 [INFO] AFL Dashboard – Scheduled Data Update
2026-04-15 07:00:05,780 [INFO] Mode: FULL
2026-04-15 07:00:05,780 [INFO] Date: Wednesday 15 April 2026 07:00
2026-04-15 07:00:05,780 [INFO] ============================================================
2026-04-15 07:00:05,780 [INFO] Mode: FULL
2026-04-15 07:00:05,780 [INFO] ============================================================
2026-04-15 07:00:05,780 [INFO] Python: /opt/homebrew/Caskroom/miniconda/base/envs/afl/bin/python
2026-04-15 07:00:05,780 [INFO] Python: /opt/homebrew/Caskroom/miniconda/base/envs/afl/bin/python
2026-04-15 07:00:05,780 [INFO] 
Steps to run (15):
2026-04-15 07:00:05,780 [INFO] 
Steps to run (2):
2026-04-15 07:00:05,780 [INFO]   • wheelo_ratings: Scrape Wheelo team & player ratings (Selenium) [SLOW]
2026-04-15 07:00:05,780 [INFO]   • wheelo_match_stats: Scrape Wheelo match-by-match player ratings + Brownlow predictions (Selenium) [SLOW]
2026-04-15 07:00:05,780 [INFO]   • footywire_squads: Scrape player squads from Footywire
2026-04-15 07:00:05,781 [INFO] 
2026-04-15 07:00:05,781 [INFO]   • footywire_extended: Scrape contracts & draft history from Footywire
2026-04-15 07:00:05,781 [INFO]   • afl_ladders: Scrape AFL ladder standings from Footywire (current season)
2026-04-15 07:00:05,781 [INFO]   • wheelo_ratings: Scrape Wheelo team & player ratings (Selenium) [SLOW]
2026-04-15 07:00:05,781 [INFO] START [wheelo_ratings] Scrape Wheelo team & player ratings (Selenium)
2026-04-15 07:00:05,781 [INFO]   • wheelo_match_stats: Scrape Wheelo match-by-match player ratings + Brownlow predictions (Selenium) [SLOW]
2026-04-15 07:00:05,781 [INFO]   Running: /opt/homebrew/Caskroom/miniconda/base/envs/afl/bin/python /Users/marcuswagner/coding/AFL_dashboard/scrape_wheelo_ratings.py --all
2026-04-15 07:00:05,781 [INFO]   • traits_api: Fetch Traits API data for current-season players [SLOW]
2026-04-15 07:00:05,781 [INFO]   • wheelo_to_raw: Copy Wheelo team stats to raw data folder for ratings pipeline
2026-04-15 07:00:05,781 [INFO]   • build_season: Build season data files (squads, stats, traits CSVs)
2026-04-15 07:00:05,781 [INFO]   • wheelo_player_to_raw: Merge Wheelo player season data (matches, ratings) into raw player CSVs
2026-04-15 07:00:05,781 [INFO]   • regenerate_ratings: Regenerate computed team summaries and ladders
2026-04-15 07:00:05,781 [INFO]   • refresh_master_ladders: Update master workbook Team_Ladders_All with freshly-scraped ladder data
2026-04-15 07:00:05,781 [INFO]   • update_photos: Download photos for any new/missing players [SLOW]
2026-04-15 07:00:05,781 [INFO]   • validate_freshness: Validate pipeline output files are present and fresh
2026-04-15 07:00:05,781 [INFO]   • validate_schemas: Validate CSV output schemas (columns, row counts, data quality)
2026-04-15 07:00:05,781 [INFO]   • data_diff_check: Compare pipeline outputs against backups and alert on anomalies
2026-04-15 07:00:05,781 [INFO] 
2026-04-15 07:00:05,781 [INFO] START [footywire_squads] Scrape player squads from Footywire
2026-04-15 07:00:05,781 [INFO]   Running: /opt/homebrew/Caskroom/miniconda/base/envs/afl/bin/python /Users/marcuswagner/coding/AFL_dashboard/scrape_footywire.py 
2026-04-15 07:00:38,198 [INFO]   DONE [footywire_squads] in 32.4s
2026-04-15 07:00:38,198 [INFO]     | DefenderMidfieldForward      1
2026-04-15 07:00:38,198 [INFO]     | Name: count, dtype: int64
2026-04-15 07:00:38,198 [INFO]     | 
2026-04-15 07:00:38,198 [INFO]     | 
2026-04-15 07:00:38,198 [INFO]     | Updated DOB cache: 0 new entries
2026-04-15 07:00:38,198 [INFO] START [footywire_extended] Scrape contracts & draft history from Footywire
2026-04-15 07:00:38,198 [INFO]   Running: /opt/homebrew/Caskroom/miniconda/base/envs/afl/bin/python /Users/marcuswagner/coding/AFL_dashboard/scrape_footywire_extended.py --current-only
2026-04-15 07:01:03,737 [INFO]   DONE [wheelo_ratings] in 58.0s
2026-04-15 07:01:03,738 [INFO]     | 📊 Team Stats downloaded: 3 files
2026-04-15 07:01:03,738 [INFO]     | 📊 Player Stats downloaded: 3 files
2026-04-15 07:01:03,738 [INFO]     | 📊 Squad Lists downloaded: 1 file
2026-04-15 07:01:03,738 [INFO]     | 
2026-04-15 07:01:03,738 [INFO]     | 📁 CSV files saved in: /Users/marcuswagner/coding/AFL_dashboard/wheelo_downloads
2026-04-15 07:01:03,738 [INFO] START [wheelo_match_stats] Scrape Wheelo match-by-match player ratings + Brownlow predictions (Selenium)
2026-04-15 07:01:03,738 [INFO]   Running: /opt/homebrew/Caskroom/miniconda/base/envs/afl/bin/python /Users/marcuswagner/coding/AFL_dashboard/scrape_wheelo_match_stats.py --brownlow
2026-04-15 07:02:04,411 [INFO]   DONE [wheelo_match_stats] in 60.7s
2026-04-15 07:02:04,412 [INFO]     | ============================================================
2026-04-15 07:02:04,412 [INFO]     | 🔧 Chrome driver attempt 1/3…
2026-04-15 07:02:04,412 [INFO]     | ✅ Chrome driver ready
2026-04-15 07:02:04,412 [INFO]     | 
2026-04-15 07:02:04,412 [INFO]     | 💾 Saved 2070 rows → /Users/marcuswagner/coding/AFL_dashboard/data/raw/player/brownlow_predictions_2026.csv
2026-04-15 07:02:04,412 [INFO] 
2026-04-15 07:02:04,412 [INFO] ============================================================
2026-04-15 07:02:04,412 [INFO] UPDATE SUMMARY
2026-04-15 07:02:04,412 [INFO] ============================================================
2026-04-15 07:02:04,412 [INFO]   ✓ wheelo_ratings: OK
2026-04-15 07:02:04,412 [INFO]   ✓ wheelo_match_stats: OK
2026-04-15 07:02:04,412 [INFO] 
2026-04-15 07:02:04,412 [INFO] Results: 2 passed, 0 failed, 0 skipped
2026-04-15 07:02:04,412 [INFO] Total time: 119s (2.0 min)
2026-04-15 07:02:04,412 [INFO] Log: /Users/marcuswagner/coding/AFL_dashboard/logs/scheduled_update_2026-04-15_0700.log
2026-04-15 07:02:04,416 [INFO] Log rotation: removed 1 old log file(s)
2026-04-15 07:02:04,432 [INFO] Stopped Streamlit (PIDs: 77104)
2026-04-15 07:02:06,435 [INFO] Restarted Streamlit app.
2026-04-15 07:02:06,435 [INFO] 
✅ All steps completed successfully!
2026-04-15 07:02:11,387 [INFO] Email sent to marcus.wagner@futureedgesport.com.au
2026-04-15 07:09:02,419 [INFO]   DONE [footywire_extended] in 504.2s
2026-04-15 07:09:02,419 [INFO]     | 5  Adelaide    Brayden Cook           2026.0           Non-Free Agent      2020.0    National          1.0        25.0
2026-04-15 07:09:02,419 [INFO]     | 6  Adelaide     Indy Cotton           2027.0                  Unknown         NaN        None          NaN         NaN
2026-04-15 07:09:02,419 [INFO]     | 7  Adelaide   Isaac Cumming           2030.0           Non-Free Agent      2016.0    National          1.0        20.0
2026-04-15 07:09:02,420 [INFO]     | 8  Adelaide   Daniel Curtin           2029.0           Non-Free Agent      2023.0    National          1.0         8.0
2026-04-15 07:09:02,420 [INFO]     | 9  Adelaide   Jordan Dawson           2029.0    Restricted Free Agent      2015.0    National          4.0        56.0
2026-04-15 07:09:02,420 [INFO] START [afl_ladders] Scrape AFL ladder standings from Footywire (current season)
2026-04-15 07:09:02,420 [INFO]   Running: /opt/homebrew/Caskroom/miniconda/base/envs/afl/bin/python /Users/marcuswagner/coding/AFL_dashboard/scrape_afl_ladders.py --current-only
2026-04-15 07:09:04,426 [INFO]   DONE [afl_ladders] in 2.0s
2026-04-15 07:09:04,426 [INFO]     |   2026: 18 teams
2026-04-15 07:09:04,426 [INFO]     | 
2026-04-15 07:09:04,426 [INFO]     | ============================================================
2026-04-15 07:09:04,426 [INFO]     | Completed: 2026-04-15 07:09:04
2026-04-15 07:09:04,426 [INFO]     | ============================================================
2026-04-15 07:09:04,426 [INFO] START [wheelo_ratings] Scrape Wheelo team & player ratings (Selenium)
2026-04-15 07:09:04,426 [INFO]   Running: /opt/homebrew/Caskroom/miniconda/base/envs/afl/bin/python /Users/marcuswagner/coding/AFL_dashboard/scrape_wheelo_ratings.py --all
2026-04-15 07:09:49,551 [INFO]   DONE [wheelo_ratings] in 45.1s
2026-04-15 07:09:49,552 [INFO]     | 📊 Team Stats downloaded: 3 files
2026-04-15 07:09:49,552 [INFO]     | 📊 Player Stats downloaded: 3 files
2026-04-15 07:09:49,552 [INFO]     | 📊 Squad Lists downloaded: 1 file
2026-04-15 07:09:49,552 [INFO]     | 
2026-04-15 07:09:49,552 [INFO]     | 📁 CSV files saved in: /Users/marcuswagner/coding/AFL_dashboard/wheelo_downloads
2026-04-15 07:09:49,552 [INFO] START [wheelo_match_stats] Scrape Wheelo match-by-match player ratings + Brownlow predictions (Selenium)
2026-04-15 07:09:49,552 [INFO]   Running: /opt/homebrew/Caskroom/miniconda/base/envs/afl/bin/python /Users/marcuswagner/coding/AFL_dashboard/scrape_wheelo_match_stats.py --brownlow
2026-04-15 07:10:47,471 [INFO]   DONE [wheelo_match_stats] in 57.9s
2026-04-15 07:10:47,472 [INFO]     | ============================================================
2026-04-15 07:10:47,472 [INFO]     | 🔧 Chrome driver attempt 1/3…
2026-04-15 07:10:47,472 [INFO]     | ✅ Chrome driver ready
2026-04-15 07:10:47,472 [INFO]     | 
2026-04-15 07:10:47,472 [INFO]     | 💾 Saved 2070 rows → /Users/marcuswagner/coding/AFL_dashboard/data/raw/player/brownlow_predictions_2026.csv
2026-04-15 07:10:47,472 [INFO]   SKIP [traits_api] – Skipped: only runs on Mon, Tue, Sun
2026-04-15 07:10:47,472 [INFO] START [wheelo_to_raw] Copy Wheelo team stats to raw data folder for ratings pipeline
2026-04-15 07:10:47,810 [INFO]   Backed up team_stats_2026.csv → backups/team_stats_2026_20260415_071047.csv
2026-04-15 07:10:47,813 [INFO]   Copied Wheelo 2026 Season -> team_stats_2026.csv (18 teams)
2026-04-15 07:10:47,829 [INFO]   Backed up team_stats_2026_L10.csv → backups/team_stats_2026_L10_20260415_071047.csv
2026-04-15 07:10:47,830 [INFO]   Copied Wheelo 2026 L10 -> team_stats_2026_L10.csv (18 teams)
2026-04-15 07:10:47,852 [INFO]   Backed up team_stats_2026_L5.csv → backups/team_stats_2026_L5_20260415_071047.csv
2026-04-15 07:10:47,853 [INFO]   Copied Wheelo 2026 L5 -> team_stats_2026_L5.csv (18 teams)
2026-04-15 07:10:47,853 [INFO]   DONE [wheelo_to_raw] in 0.4s
2026-04-15 07:10:47,854 [INFO] START [build_season] Build season data files (squads, stats, traits CSVs)
2026-04-15 07:10:47,854 [INFO]   Running: /opt/homebrew/Caskroom/miniconda/base/envs/afl/bin/python /Users/marcuswagner/coding/AFL_dashboard/build_season_data.py 
2026-04-15 07:10:48,123 [INFO]   DONE [build_season] in 0.3s
2026-04-15 07:10:48,123 [INFO]     |   Western Bulldogs      43 players  Avg Age: 24.4  Avg Games: 74
2026-04-15 07:10:48,123 [INFO]     | 
2026-04-15 07:10:48,123 [INFO]     | ============================================================
2026-04-15 07:10:48,123 [INFO]     | ✅ 2026 DATA BUILD COMPLETE
2026-04-15 07:10:48,123 [INFO]     | ============================================================
2026-04-15 07:10:48,123 [INFO] START [wheelo_player_to_raw] Merge Wheelo player season data (matches, ratings) into raw player CSVs
2026-04-15 07:10:48,268 [INFO]   Wheelo Wheelo 2026 Season: 526 players, 18 teams
2026-04-15 07:10:48,285 [INFO]   Name mappings (39): {'Tom Stewart': 'Thomas Stewart', 'Lachie Jones': 'Lachlan Jones', 'Connor Macdonald': 'Connor MacDonald', 'Ollie Wines': 'Oliver Wines', 'Zach Merrett': 'Zachary Merrett', 'Brad Close': 'Bradley Close', 'Tom Liberatore': 'Thomas Liberatore', 'Zac Williams': 'Zachary Williams', 'Tim English': 'Timothy English', 'Mitch Owens': 'Mitchito Owens', 'Archer May': 'Archie May', 'Sam Grlj': 'Samuel Grlj', 'Cam Mackenzie': 'Cameron Mackenzie', 'Josh Weddle': 'Joshua Weddle', 'Joe Fonti': 'Joseph Fonti', 'Sam Collins': 'Samuel Collins', 'Lachie Weller': 'Lachlan Weller', 'Jack Macrae': 'Jackson Macrae', 'Christopher Scerri': 'Chris Scerri', 'William Hayes': 'Will Hayes', 'Matthew Owies': 'Matt Owies', 'Oliver Dempsey': 'Ollie Dempsey', 'Matt Roberts': 'Matthew Roberts', 'Lachie Ash': 'Lachlan Ash', 'Jacob van Rooyen': 'Jacob Van Rooyen', 'Matthew Johnson': 'Matt Johnson', 'Dan Butler': 'Daniel Butler', 'Matthew Carroll': 'Matt Carroll', 'Lachie Schultz': 'Lachlan Schultz', 'Mitch Knevitt': 'Mitchell Knevitt', 'Nicholas Madden': 'Nick Madden', 'Harry Himmelberg': 'Harrison Himmelberg', 'Cam Rayner': 'Cameron Rayner', 'Lachie Fogarty': 'Lachlan Fogarty', 'Matt Flynn': 'Matthew Flynn', 'Leonardo Lombard': 'Leo Lombard', 'Lachlan Sullivan': 'Lachie Sullivan', 'Thomas Edwards': 'Tom Edwards', 'Mitch Lewis': 'Mitchell Lewis'}
2026-04-15 07:10:48,294 [INFO]   Backed up player_stats_2026.csv → backups/player_stats_2026_20260415_071048.csv
2026-04-15 07:10:48,296 [INFO]   Updated player_stats_2026.csv: 526 players with matches from Wheelo
2026-04-15 07:10:48,313 [INFO]   Backed up squads_2026.csv → backups/squads_2026_20260415_071048.csv
2026-04-15 07:10:48,315 [INFO]   Updated squads_2026.csv: 526 players matched from Wheelo
2026-04-15 07:10:48,315 [INFO]   DONE [wheelo_player_to_raw] in 0.2s
2026-04-15 07:10:48,316 [INFO] START [regenerate_ratings] Regenerate computed team summaries and ladders
2026-04-15 07:10:48,316 [INFO]   Running: /opt/homebrew/Caskroom/miniconda/base/envs/afl/bin/python /Users/marcuswagner/coding/AFL_dashboard/regenerate_ratings.py 
2026-04-15 07:10:48,590 [INFO]   DONE [regenerate_ratings] in 0.3s
2026-04-15 07:10:48,590 [INFO]     | Skipping 2025 Last 5 - no raw data
2026-04-15 07:10:48,590 [INFO]     | 
2026-04-15 07:10:48,590 [INFO]     | ============================================================
2026-04-15 07:10:48,590 [INFO]     | DONE!
2026-04-15 07:10:48,590 [INFO]     | ============================================================
2026-04-15 07:10:48,590 [INFO] START [refresh_master_ladders] Update master workbook Team_Ladders_All with freshly-scraped ladder data
2026-04-15 07:11:01,120 [INFO]   Refreshed Team_Ladders_All: 287 rows
2026-04-15 07:11:01,123 [INFO]   DONE [refresh_master_ladders] in 12.5s
2026-04-15 07:11:01,123 [INFO] START [update_photos] Download photos for any new/missing players
2026-04-15 07:11:01,123 [INFO]   Running: /opt/homebrew/Caskroom/miniconda/base/envs/afl/bin/python /Users/marcuswagner/coding/AFL_dashboard/auto_update_photos.py 
2026-04-15 07:13:50,467 [INFO]   DONE [update_photos] in 169.3s
2026-04-15 07:13:50,468 [INFO]     | 
2026-04-15 07:13:50,468 [INFO] START [validate_freshness] Validate pipeline output files are present and fresh
2026-04-15 07:13:50,468 [INFO]   Running: /opt/homebrew/Caskroom/miniconda/base/envs/afl/bin/python /Users/marcuswagner/coding/AFL_dashboard/validate_pipeline_freshness.py 
2026-04-15 07:13:50,500 [INFO]   DONE [validate_freshness] in 0.0s
2026-04-15 07:13:50,500 [INFO]     |   ✓ FRESH    footywire_drafts_history.csv  (07:09)
2026-04-15 07:13:50,500 [INFO]     |   ⊘ OPTIONAL footywire_2026_with_traits.csv  (stale — 9.9h ago)
2026-04-15 07:13:50,500 [INFO]     |   ✓ FRESH    traits_2026.csv  (07:10)
2026-04-15 07:13:50,500 [INFO]     | 
2026-04-15 07:13:50,500 [INFO]     | ✅ All required files are present and fresh.
2026-04-15 07:13:50,500 [INFO] START [validate_schemas] Validate CSV output schemas (columns, row counts, data quality)
2026-04-15 07:13:50,511 [INFO]   DONE [validate_schemas] 0 warning(s) in 0.0s
2026-04-15 07:13:50,511 [INFO] START [data_diff_check] Compare pipeline outputs against backups and alert on anomalies
2026-04-15 07:13:50,521 [WARNING] ⚠️ Data-diff alerts (1 issue(s)):
  • COLUMNS LOST: traits_2026.csv lost 4 column(s): Aerial_Rating, Ball Use_Rating, Ball Winning_Rating, Defence_Rating
2026-04-15 07:13:55,306 [INFO] Email sent to marcus.wagner@futureedgesport.com.au
2026-04-15 07:13:55,307 [INFO]   DONE [data_diff_check] with alerts in 0.0s
2026-04-15 07:13:55,307 [INFO] 
2026-04-15 07:13:55,307 [INFO] ============================================================
2026-04-15 07:13:55,307 [INFO] UPDATE SUMMARY
2026-04-15 07:13:55,307 [INFO] ============================================================
2026-04-15 07:13:55,307 [INFO]   ✓ footywire_squads: OK
2026-04-15 07:13:55,307 [INFO]   ✓ footywire_extended: OK
2026-04-15 07:13:55,308 [INFO]   ✓ afl_ladders: OK
2026-04-15 07:13:55,308 [INFO]   ✓ wheelo_ratings: OK
2026-04-15 07:13:55,308 [INFO]   ✓ wheelo_match_stats: OK
2026-04-15 07:13:55,308 [INFO]   ⊘ traits_api: SKIPPED: Skipped: only runs on Mon, Tue, Sun
2026-04-15 07:13:55,308 [INFO]   ✓ wheelo_to_raw: OK
2026-04-15 07:13:55,308 [INFO]   ✓ build_season: OK
2026-04-15 07:13:55,308 [INFO]   ✓ wheelo_player_to_raw: OK
2026-04-15 07:13:55,308 [INFO]   ✓ regenerate_ratings: OK
2026-04-15 07:13:55,308 [INFO]   ✓ refresh_master_ladders: OK
2026-04-15 07:13:55,308 [INFO]   ✓ update_photos: OK
2026-04-15 07:13:55,309 [INFO]   ✓ validate_freshness: OK
2026-04-15 07:13:55,309 [INFO]   ✓ validate_schemas: OK
2026-04-15 07:13:55,309 [INFO]   ✓ data_diff_check: OK
2026-04-15 07:13:55,309 [INFO] 
2026-04-15 07:13:55,309 [INFO] Results: 15 passed, 0 failed, 1 skipped
2026-04-15 07:13:55,309 [INFO] Total time: 830s (13.8 min)
2026-04-15 07:13:55,309 [INFO] Log: /Users/marcuswagner/coding/AFL_dashboard/logs/scheduled_update_2026-04-15_0700.log
2026-04-15 07:13:55,354 [INFO] Stopped Streamlit (PIDs: 24977)
2026-04-15 07:13:57,449 [INFO] Restarted Streamlit app.
2026-04-15 07:13:57,450 [WARNING] 
⚠️  Completed with 1 skipped step(s).
2026-04-15 07:14:02,787 [INFO] Email sent to marcus.wagner@futureedgesport.com.au
