2026-04-16 13:41:04,947 [INFO] Log file: /Users/marcuswagner/coding/AFL_dashboard/logs/scheduled_update_2026-04-16_1341.log
2026-04-16 13:41:04,948 [INFO] ============================================================
2026-04-16 13:41:04,948 [INFO] AFL Dashboard – Scheduled Data Update
2026-04-16 13:41:04,948 [INFO] Date: Thursday 16 April 2026 13:41
2026-04-16 13:41:04,948 [INFO] Mode: DRY RUN
2026-04-16 13:41:04,948 [INFO] ============================================================
2026-04-16 13:41:04,948 [INFO] Python: /Users/marcuswagner/coding/AFL_dashboard/.venv/bin/python
2026-04-16 13:41:04,948 [INFO] 
Steps to run (17):
2026-04-16 13:41:04,948 [INFO]   • footywire_squads: Scrape player squads from Footywire
2026-04-16 13:41:04,948 [INFO]   • footywire_extended: Scrape contracts & draft history from Footywire
2026-04-16 13:41:04,948 [INFO]   • afl_ladders: Scrape AFL ladder standings from Footywire (current season)
2026-04-16 13:41:04,948 [INFO]   • wheelo_ratings: Scrape Wheelo team & player ratings (Selenium) [SLOW]
2026-04-16 13:41:04,948 [INFO]   • wheelo_match_stats: Scrape Wheelo match-by-match player ratings + Brownlow predictions (Selenium) [SLOW]
2026-04-16 13:41:04,948 [INFO]   • traits_api: Fetch Traits API data for current-season players [SLOW]
2026-04-16 13:41:04,948 [INFO]   • wheelo_to_raw: Copy Wheelo team stats to raw data folder for ratings pipeline
2026-04-16 13:41:04,948 [INFO]   • build_season: Build season data files (squads, stats, traits CSVs)
2026-04-16 13:41:04,948 [INFO]   • wheelo_player_to_raw: Merge Wheelo player season data (matches, ratings) into raw player CSVs
2026-04-16 13:41:04,948 [INFO]   • regenerate_ratings: Regenerate computed team summaries and ladders
2026-04-16 13:41:04,948 [INFO]   • refresh_master_ladders: Update master workbook Team_Ladders_All with freshly-scraped ladder data
2026-04-16 13:41:04,948 [INFO]   • update_photos: Download photos for any new/missing players [SLOW]
2026-04-16 13:41:04,948 [INFO]   • validate_freshness: Validate pipeline output files are present and fresh
2026-04-16 13:41:04,948 [INFO]   • validate_schemas: Validate CSV output schemas (columns, row counts, data quality)
2026-04-16 13:41:04,948 [INFO]   • data_diff_check: Compare pipeline outputs against backups and alert on anomalies
2026-04-16 13:41:04,948 [INFO]   • team_selections: Scrape team selections & fixture from FootyWire + Squiggle API
2026-04-16 13:41:04,948 [INFO]   • validate_selections: Validate announced squads against actual match-day players
2026-04-16 13:41:04,948 [INFO] 
2026-04-16 13:41:04,948 [INFO] Dry run complete – no scripts executed.
