2026-03-10 14:18:33,388 [INFO] Log file: /Users/marcuswagner/coding/AFL_dashboard/logs/scheduled_update_2026-03-10_1418.log
2026-03-10 14:18:33,388 [INFO] ============================================================
2026-03-10 14:18:33,388 [INFO] AFL Dashboard – Scheduled Data Update
2026-03-10 14:18:33,388 [INFO] Date: Tuesday 10 March 2026 14:18
2026-03-10 14:18:33,388 [INFO] Mode: FULL
2026-03-10 14:18:33,388 [INFO] ============================================================
2026-03-10 14:18:33,388 [INFO] Python: /Users/marcuswagner/coding/AFL_dashboard/.venv/bin/python
2026-03-10 14:18:33,388 [INFO] 
Steps to run (8):
2026-03-10 14:18:33,388 [INFO]   • footywire_squads: Scrape 2026 player squads from Footywire
2026-03-10 14:18:33,388 [INFO]   • footywire_extended: Scrape contracts & draft history from Footywire
2026-03-10 14:18:33,388 [INFO]   • afl_ladders: Scrape AFL ladder standings from Footywire
2026-03-10 14:18:33,388 [INFO]   • wheelo_ratings: Scrape Wheelo team & player ratings (Selenium) [SLOW]
2026-03-10 14:18:33,388 [INFO]   • traits_api: Fetch Traits API data for 2026 players [SLOW]
2026-03-10 14:18:33,388 [INFO]   • build_2026: Build 2026 season data files (squads, stats, traits CSVs)
2026-03-10 14:18:33,389 [INFO]   • regenerate_ratings: Regenerate computed team summaries and ladders
2026-03-10 14:18:33,389 [INFO]   • update_photos: Download photos for any new/missing players [SLOW]
2026-03-10 14:18:33,389 [INFO] 
2026-03-10 14:18:33,389 [INFO] START [footywire_squads] Scrape 2026 player squads from Footywire
2026-03-10 14:18:33,389 [INFO]   Running: /Users/marcuswagner/coding/AFL_dashboard/.venv/bin/python /Users/marcuswagner/coding/AFL_dashboard/scrape_footywire_2026.py 
2026-03-10 14:18:33,656 [ERROR]   FAILED [footywire_squads] exit code 1 (0.3s)
2026-03-10 14:18:33,656 [ERROR]     | Traceback (most recent call last):
2026-03-10 14:18:33,656 [ERROR]     |   File "/Users/marcuswagner/coding/AFL_dashboard/scrape_footywire_2026.py", line 9, in <module>
2026-03-10 14:18:33,656 [ERROR]     |     from bs4 import BeautifulSoup
2026-03-10 14:18:33,656 [ERROR]     | ModuleNotFoundError: No module named 'bs4'
2026-03-10 14:18:33,656 [INFO] START [footywire_extended] Scrape contracts & draft history from Footywire
2026-03-10 14:18:33,656 [INFO]   Running: /Users/marcuswagner/coding/AFL_dashboard/.venv/bin/python /Users/marcuswagner/coding/AFL_dashboard/scrape_footywire_extended.py 
2026-03-10 14:18:33,715 [ERROR]   FAILED [footywire_extended] exit code 1 (0.1s)
2026-03-10 14:18:33,715 [ERROR]     | Traceback (most recent call last):
2026-03-10 14:18:33,715 [ERROR]     |   File "/Users/marcuswagner/coding/AFL_dashboard/scrape_footywire_extended.py", line 13, in <module>
2026-03-10 14:18:33,715 [ERROR]     |     from bs4 import BeautifulSoup
2026-03-10 14:18:33,715 [ERROR]     | ModuleNotFoundError: No module named 'bs4'
2026-03-10 14:18:33,715 [INFO] START [afl_ladders] Scrape AFL ladder standings from Footywire
2026-03-10 14:18:33,715 [INFO]   Running: /Users/marcuswagner/coding/AFL_dashboard/.venv/bin/python /Users/marcuswagner/coding/AFL_dashboard/scrape_afl_ladders.py 
2026-03-10 14:18:33,774 [ERROR]   FAILED [afl_ladders] exit code 1 (0.1s)
2026-03-10 14:18:33,775 [ERROR]     | Traceback (most recent call last):
2026-03-10 14:18:33,775 [ERROR]     |   File "/Users/marcuswagner/coding/AFL_dashboard/scrape_afl_ladders.py", line 8, in <module>
2026-03-10 14:18:33,775 [ERROR]     |     from bs4 import BeautifulSoup
2026-03-10 14:18:33,775 [ERROR]     | ModuleNotFoundError: No module named 'bs4'
2026-03-10 14:18:33,775 [INFO] START [wheelo_ratings] Scrape Wheelo team & player ratings (Selenium)
2026-03-10 14:18:33,775 [INFO]   Running: /Users/marcuswagner/coding/AFL_dashboard/.venv/bin/python /Users/marcuswagner/coding/AFL_dashboard/scrape_wheelo_ratings.py --all
2026-03-10 14:18:33,798 [ERROR]   FAILED [wheelo_ratings] exit code 1 (0.0s)
2026-03-10 14:18:33,798 [ERROR]     | ❌ Required packages not installed.
2026-03-10 14:18:33,798 [ERROR]     |    Run: pip install selenium webdriver-manager
2026-03-10 14:18:33,798 [INFO] START [traits_api] Fetch Traits API data for 2026 players
2026-03-10 14:18:33,798 [INFO]   Running: /Users/marcuswagner/coding/AFL_dashboard/.venv/bin/python /Users/marcuswagner/coding/AFL_dashboard/run_traits_api_2026.py 
2026-03-10 14:18:35,431 [ERROR]   FAILED [traits_api] exit code 1 (1.6s)
2026-03-10 14:18:35,431 [ERROR]     | Traceback (most recent call last):
2026-03-10 14:18:35,431 [ERROR]     |   File "/Users/marcuswagner/coding/AFL_dashboard/run_traits_api_2026.py", line 18, in <module>
2026-03-10 14:18:35,431 [ERROR]     |     from traits_api import (
2026-03-10 14:18:35,431 [ERROR]     |   File "/Users/marcuswagner/coding/AFL_dashboard/traits_api.py", line 14, in <module>
2026-03-10 14:18:35,431 [ERROR]     |     from bs4 import BeautifulSoup
2026-03-10 14:18:35,431 [ERROR]     | ModuleNotFoundError: No module named 'bs4'
2026-03-10 14:18:35,431 [INFO] START [build_2026] Build 2026 season data files (squads, stats, traits CSVs)
2026-03-10 14:18:35,431 [INFO]   Running: /Users/marcuswagner/coding/AFL_dashboard/.venv/bin/python /Users/marcuswagner/coding/AFL_dashboard/build_2026_data.py 
2026-03-10 14:18:35,765 [INFO]   DONE [build_2026] in 0.3s
2026-03-10 14:18:35,765 [INFO]     |   Western Bulldogs      42 players  Avg Age: 24.2  Avg Games: 73
2026-03-10 14:18:35,765 [INFO]     | 
2026-03-10 14:18:35,765 [INFO]     | ============================================================
2026-03-10 14:18:35,765 [INFO]     | ✅ 2026 DATA BUILD COMPLETE
2026-03-10 14:18:35,765 [INFO]     | ============================================================
2026-03-10 14:18:35,765 [INFO] START [regenerate_ratings] Regenerate computed team summaries and ladders
2026-03-10 14:18:35,765 [INFO]   Running: /Users/marcuswagner/coding/AFL_dashboard/.venv/bin/python /Users/marcuswagner/coding/AFL_dashboard/regenerate_ratings.py 
2026-03-10 14:18:36,060 [INFO]   DONE [regenerate_ratings] in 0.3s
2026-03-10 14:18:36,060 [INFO]     |       Gold Coast              80
2026-03-10 14:18:36,060 [INFO]     | 
2026-03-10 14:18:36,060 [INFO]     | ============================================================
2026-03-10 14:18:36,060 [INFO]     | DONE!
2026-03-10 14:18:36,060 [INFO]     | ============================================================
2026-03-10 14:18:36,060 [INFO] START [update_photos] Download photos for any new/missing players
2026-03-10 14:18:36,060 [INFO]   Running: /Users/marcuswagner/coding/AFL_dashboard/.venv/bin/python /Users/marcuswagner/coding/AFL_dashboard/auto_update_photos.py 
2026-03-10 14:22:09,607 [INFO]   DONE [update_photos] in 213.5s
2026-03-10 14:22:09,607 [INFO]     | 
2026-03-10 14:22:09,607 [INFO] 
2026-03-10 14:22:09,607 [INFO] ============================================================
2026-03-10 14:22:09,607 [INFO] UPDATE SUMMARY
2026-03-10 14:22:09,607 [INFO] ============================================================
2026-03-10 14:22:09,607 [INFO]   ✗ footywire_squads: FAILED: Exit code 1
2026-03-10 14:22:09,607 [INFO]   ✗ footywire_extended: FAILED: Exit code 1
2026-03-10 14:22:09,607 [INFO]   ✗ afl_ladders: FAILED: Exit code 1
2026-03-10 14:22:09,607 [INFO]   ✗ wheelo_ratings: FAILED: Exit code 1
2026-03-10 14:22:09,607 [INFO]   ✗ traits_api: FAILED: Exit code 1
2026-03-10 14:22:09,607 [INFO]   ✓ build_2026: OK
2026-03-10 14:22:09,607 [INFO]   ✓ regenerate_ratings: OK
2026-03-10 14:22:09,607 [INFO]   ✓ update_photos: OK
2026-03-10 14:22:09,607 [INFO] 
2026-03-10 14:22:09,607 [INFO] Results: 3 passed, 5 failed
2026-03-10 14:22:09,607 [INFO] Total time: 216s (3.6 min)
2026-03-10 14:22:09,607 [INFO] Log: /Users/marcuswagner/coding/AFL_dashboard/logs/scheduled_update_2026-03-10_1418.log
2026-03-10 14:22:09,607 [WARNING] 
⚠️  5 step(s) failed. Check log for details.
