2026-04-03 07:03:31,779 [INFO] Log file: /Users/marcuswagner/coding/AFL_dashboard/logs/scheduled_update_2026-04-03_0703.log
2026-04-03 07:03:31,779 [INFO] Log file: /Users/marcuswagner/coding/AFL_dashboard/logs/scheduled_update_2026-04-03_0703.log
2026-04-03 07:03:31,779 [INFO] ============================================================
2026-04-03 07:03:31,779 [INFO] ============================================================
2026-04-03 07:03:31,779 [INFO] AFL Dashboard – Scheduled Data Update
2026-04-03 07:03:31,779 [INFO] AFL Dashboard – Scheduled Data Update
2026-04-03 07:03:31,779 [INFO] Date: Friday 03 April 2026 07:03
2026-04-03 07:03:31,779 [INFO] Date: Friday 03 April 2026 07:03
2026-04-03 07:03:31,779 [INFO] Mode: FULL
2026-04-03 07:03:31,779 [INFO] Mode: FULL
2026-04-03 07:03:31,779 [INFO] ============================================================
2026-04-03 07:03:31,779 [INFO] ============================================================
2026-04-03 07:03:31,779 [INFO] Python: /opt/homebrew/Caskroom/miniconda/base/envs/afl/bin/python
2026-04-03 07:03:31,779 [INFO] Python: /opt/homebrew/Caskroom/miniconda/base/envs/afl/bin/python
2026-04-03 07:03:31,779 [INFO] 
Steps to run (15):
2026-04-03 07:03:31,779 [INFO] 
Steps to run (2):
2026-04-03 07:03:31,779 [INFO]   • footywire_squads: Scrape player squads from Footywire
2026-04-03 07:03:31,779 [INFO]   • wheelo_ratings: Scrape Wheelo team & player ratings (Selenium) [SLOW]
2026-04-03 07:03:31,779 [INFO]   • footywire_extended: Scrape contracts & draft history from Footywire
2026-04-03 07:03:31,779 [INFO]   • wheelo_match_stats: Scrape Wheelo match-by-match player ratings + Brownlow predictions (Selenium) [SLOW]
2026-04-03 07:03:31,779 [INFO]   • afl_ladders: Scrape AFL ladder standings from Footywire (current season)
2026-04-03 07:03:31,779 [INFO] 
2026-04-03 07:03:31,779 [INFO]   • wheelo_ratings: Scrape Wheelo team & player ratings (Selenium) [SLOW]
2026-04-03 07:03:31,779 [INFO]   • wheelo_match_stats: Scrape Wheelo match-by-match player ratings + Brownlow predictions (Selenium) [SLOW]
2026-04-03 07:03:31,779 [INFO] START [wheelo_ratings] Scrape Wheelo team & player ratings (Selenium)
2026-04-03 07:03:31,779 [INFO]   • traits_api: Fetch Traits API data for current-season players [SLOW]
2026-04-03 07:03:31,779 [INFO]   Running: /opt/homebrew/Caskroom/miniconda/base/envs/afl/bin/python /Users/marcuswagner/coding/AFL_dashboard/scrape_wheelo_ratings.py --all
2026-04-03 07:03:31,779 [INFO]   • wheelo_to_raw: Copy Wheelo team stats to raw data folder for ratings pipeline
2026-04-03 07:03:31,779 [INFO]   • build_season: Build season data files (squads, stats, traits CSVs)
2026-04-03 07:03:31,779 [INFO]   • wheelo_player_to_raw: Merge Wheelo player season data (matches, ratings) into raw player CSVs
2026-04-03 07:03:31,779 [INFO]   • regenerate_ratings: Regenerate computed team summaries and ladders
2026-04-03 07:03:31,779 [INFO]   • refresh_master_ladders: Update master workbook Team_Ladders_All with freshly-scraped ladder data
2026-04-03 07:03:31,779 [INFO]   • update_photos: Download photos for any new/missing players [SLOW]
2026-04-03 07:03:31,779 [INFO]   • validate_freshness: Validate pipeline output files are present and fresh
2026-04-03 07:03:31,780 [INFO]   • validate_schemas: Validate CSV output schemas (columns, row counts, data quality)
2026-04-03 07:03:31,780 [INFO]   • data_diff_check: Compare pipeline outputs against backups and alert on anomalies
2026-04-03 07:03:31,780 [INFO] 
2026-04-03 07:03:31,780 [INFO] START [footywire_squads] Scrape player squads from Footywire
2026-04-03 07:03:31,780 [INFO]   Running: /opt/homebrew/Caskroom/miniconda/base/envs/afl/bin/python /Users/marcuswagner/coding/AFL_dashboard/scrape_footywire.py 
2026-04-03 08:48:37,241 [INFO]   DONE [footywire_squads] in 6305.5s
2026-04-03 08:48:37,241 [INFO]     | DefenderRuck          1
2026-04-03 08:48:37,241 [INFO]     | Name: count, dtype: int64
2026-04-03 08:48:37,241 [INFO]     | 
2026-04-03 08:48:37,241 [INFO]     | 
2026-04-03 08:48:37,241 [INFO]     | Updated DOB cache: 0 new entries
2026-04-03 08:48:37,241 [INFO] START [footywire_extended] Scrape contracts & draft history from Footywire
2026-04-03 08:48:37,241 [INFO]   Running: /opt/homebrew/Caskroom/miniconda/base/envs/afl/bin/python /Users/marcuswagner/coding/AFL_dashboard/scrape_footywire_extended.py --current-only
2026-04-03 09:04:00,820 [INFO]   DONE [wheelo_ratings] in 7229.0s
2026-04-03 09:04:00,821 [INFO]     | 📊 Team Stats downloaded: 3 files
2026-04-03 09:04:00,821 [INFO]     | 📊 Player Stats downloaded: 2 files
2026-04-03 09:04:00,821 [INFO]     | 📊 Squad Lists downloaded: 1 file
2026-04-03 09:04:00,821 [INFO]     | 
2026-04-03 09:04:00,821 [INFO]     | 📁 CSV files saved in: /Users/marcuswagner/coding/AFL_dashboard/wheelo_downloads
2026-04-03 09:04:00,821 [INFO] START [wheelo_match_stats] Scrape Wheelo match-by-match player ratings + Brownlow predictions (Selenium)
2026-04-03 09:04:00,821 [INFO]   Running: /opt/homebrew/Caskroom/miniconda/base/envs/afl/bin/python /Users/marcuswagner/coding/AFL_dashboard/scrape_wheelo_match_stats.py --brownlow
2026-04-03 10:17:29,933 [INFO]   DONE [wheelo_match_stats] in 4409.1s
2026-04-03 10:17:29,933 [INFO]     |   ⚠️  Attempt 1 failed: Could not reach host. Are you offline?
2026-04-03 10:17:29,933 [INFO]     | 🔧 Chrome driver attempt 2/3…
2026-04-03 10:17:29,933 [INFO]     | ✅ Chrome driver ready
2026-04-03 10:17:29,933 [INFO]     | 
2026-04-03 10:17:29,933 [INFO]     | 💾 Saved 1288 rows → /Users/marcuswagner/coding/AFL_dashboard/data/raw/player/brownlow_predictions_2026.csv
2026-04-03 10:17:29,934 [INFO] 
2026-04-03 10:17:29,934 [INFO] ============================================================
2026-04-03 10:17:29,934 [INFO] UPDATE SUMMARY
2026-04-03 10:17:29,934 [INFO] ============================================================
2026-04-03 10:17:29,934 [INFO]   ✓ wheelo_ratings: OK
2026-04-03 10:17:29,934 [INFO]   ✓ wheelo_match_stats: OK
2026-04-03 10:17:29,934 [INFO] 
2026-04-03 10:17:29,934 [INFO] Results: 2 passed, 0 failed, 0 skipped
2026-04-03 10:17:29,934 [INFO] Total time: 11638s (194.0 min)
2026-04-03 10:17:29,934 [INFO] Log: /Users/marcuswagner/coding/AFL_dashboard/logs/scheduled_update_2026-04-03_0703.log
2026-04-03 10:17:29,936 [INFO] Log rotation: removed 1 old log file(s)
2026-04-03 10:17:29,936 [INFO] 
✅ All steps completed successfully!
2026-04-03 10:17:35,673 [INFO] Email sent to marcus.wagner@futureedgesport.com.au
2026-04-03 21:45:28,576 [INFO]   DONE [footywire_extended] in 46611.3s
2026-04-03 21:45:28,576 [INFO]     | 5  Adelaide    Brayden Cook           2026.0           Non-Free Agent      2020.0    National          1.0        25.0
2026-04-03 21:45:28,576 [INFO]     | 6  Adelaide     Indy Cotton           2027.0                  Unknown         NaN        None          NaN         NaN
2026-04-03 21:45:28,576 [INFO]     | 7  Adelaide   Isaac Cumming           2030.0           Non-Free Agent      2016.0    National          1.0        20.0
2026-04-03 21:45:28,576 [INFO]     | 8  Adelaide   Daniel Curtin           2029.0           Non-Free Agent      2023.0    National          1.0         8.0
2026-04-03 21:45:28,576 [INFO]     | 9  Adelaide   Jordan Dawson           2029.0    Restricted Free Agent      2015.0    National          4.0        56.0
2026-04-03 21:45:28,576 [INFO] START [afl_ladders] Scrape AFL ladder standings from Footywire (current season)
2026-04-03 21:45:28,576 [INFO]   Running: /opt/homebrew/Caskroom/miniconda/base/envs/afl/bin/python /Users/marcuswagner/coding/AFL_dashboard/scrape_afl_ladders.py --current-only
2026-04-03 21:53:48,214 [INFO]   DONE [afl_ladders] in 499.6s
2026-04-03 21:53:48,214 [INFO]     |   2026: 18 teams
2026-04-03 21:53:48,214 [INFO]     | 
2026-04-03 21:53:48,214 [INFO]     | ============================================================
2026-04-03 21:53:48,214 [INFO]     | Completed: 2026-04-03 21:53:48
2026-04-03 21:53:48,214 [INFO]     | ============================================================
2026-04-03 21:53:48,214 [INFO] START [wheelo_ratings] Scrape Wheelo team & player ratings (Selenium)
2026-04-03 21:53:48,214 [INFO]   Running: /opt/homebrew/Caskroom/miniconda/base/envs/afl/bin/python /Users/marcuswagner/coding/AFL_dashboard/scrape_wheelo_ratings.py --all
2026-04-03 23:12:56,442 [INFO]   DONE [wheelo_ratings] in 4748.2s
2026-04-03 23:12:56,442 [INFO]     | 📊 Team Stats downloaded: 3 files
2026-04-03 23:12:56,442 [INFO]     | 📊 Player Stats downloaded: 3 files
2026-04-03 23:12:56,443 [INFO]     | 📊 Squad Lists downloaded: 1 file
2026-04-03 23:12:56,443 [INFO]     | 
2026-04-03 23:12:56,443 [INFO]     | 📁 CSV files saved in: /Users/marcuswagner/coding/AFL_dashboard/wheelo_downloads
2026-04-03 23:12:56,443 [INFO] START [wheelo_match_stats] Scrape Wheelo match-by-match player ratings + Brownlow predictions (Selenium)
2026-04-03 23:12:56,443 [INFO]   Running: /opt/homebrew/Caskroom/miniconda/base/envs/afl/bin/python /Users/marcuswagner/coding/AFL_dashboard/scrape_wheelo_match_stats.py --brownlow
2026-04-03 23:29:29,943 [ERROR]   FAILED [wheelo_match_stats] exit code 1 (993.5s)
2026-04-03 23:29:29,943 [ERROR]     | 6   chromedriver                        0x0000000104b2a220 cxxbridge1$str$ptr + 2891948
2026-04-03 23:29:29,943 [ERROR]     | 7   chromedriver                        0x0000000104b2d910 cxxbridge1$str$ptr + 2906012
2026-04-03 23:29:29,943 [ERROR]     | 8   chromedriver                        0x0000000104b0f5d8 cxxbridge1$str$ptr + 2782308
2026-04-03 23:29:29,943 [ERROR]     | 9   chromedriver                        0x0000000104b2e194 cxxbridge1$str$ptr + 2908192
2026-04-03 23:29:29,943 [ERROR]     | 10  chromedriver                        0x0000000104b00090 cxxbridge1$str$ptr + 2719516
2026-04-03 23:29:29,943 [ERROR]     | 11  chromedriver                        0x0000000104b52b30 cxxbridge1$str$ptr + 3058108
2026-04-03 23:29:29,943 [ERROR]     | 12  chromedriver                        0x0000000104b52cac cxxbridge1$str$ptr + 3058488
2026-04-03 23:29:29,943 [ERROR]     | 13  chromedriver                        0x0000000104b63680 cxxbridge1$str$ptr + 3126540
2026-04-03 23:29:29,944 [ERROR]     | 14  libsystem_pthread.dylib             0x000000019d915c08 _pthread_start + 136
2026-04-03 23:29:29,944 [ERROR]     | 15  libsystem_pthread.dylib             0x000000019d910ba8 thread_start + 8
2026-04-03 23:29:29,944 [ERROR]     | ============================================================
2026-04-03 23:29:29,944 [ERROR]     |   WHEELO MATCH STATS SCRAPER — 2026
2026-04-03 23:29:29,944 [ERROR]     | ============================================================
2026-04-03 23:29:29,944 [ERROR]     | 🔧 Chrome driver attempt 1/3…
2026-04-03 23:29:29,944 [ERROR]     | ✅ Chrome driver ready
2026-04-03 23:29:29,944 [INFO] START [traits_api] Fetch Traits API data for current-season players
2026-04-03 23:29:29,944 [INFO]   Running: /opt/homebrew/Caskroom/miniconda/base/envs/afl/bin/python /Users/marcuswagner/coding/AFL_dashboard/run_traits_api.py 
2026-04-04 10:40:30,585 [INFO]   DONE [traits_api] in 40260.6s
2026-04-04 10:40:30,585 [INFO]     | 11      Sid Draper  Adelaide           1.38               None           None
2026-04-04 10:40:30,585 [INFO]     | 
2026-04-04 10:40:30,585 [INFO]     | Top 10 Overall Rated Players:
2026-04-04 10:40:30,585 [INFO]     | 
2026-04-04 10:40:30,585 [INFO]     | ⚠️  Dataset enhancement failed: Column 'Overall_Rating' has dtype object, cannot use method 'nlargest' with this dtype
2026-04-04 10:40:30,585 [INFO] START [wheelo_to_raw] Copy Wheelo team stats to raw data folder for ratings pipeline
2026-04-04 10:40:31,140 [INFO]   Backed up team_stats_2026.csv → backups/team_stats_2026_20260404_104031.csv
2026-04-04 10:40:31,143 [INFO]   Copied Wheelo 2026 Season -> team_stats_2026.csv (18 teams)
2026-04-04 10:40:31,159 [INFO]   Backed up team_stats_2026_L10.csv → backups/team_stats_2026_L10_20260404_104031.csv
2026-04-04 10:40:31,161 [INFO]   Copied Wheelo 2026 L10 -> team_stats_2026_L10.csv (18 teams)
2026-04-04 10:40:31,183 [INFO]   Backed up team_stats_2026_L5.csv → backups/team_stats_2026_L5_20260404_104031.csv
2026-04-04 10:40:31,185 [INFO]   Copied Wheelo 2026 L5 -> team_stats_2026_L5.csv (18 teams)
2026-04-04 10:40:31,185 [INFO]   DONE [wheelo_to_raw] in 0.6s
2026-04-04 10:40:31,185 [INFO] START [build_season] Build season data files (squads, stats, traits CSVs)
2026-04-04 10:40:31,185 [INFO]   Running: /opt/homebrew/Caskroom/miniconda/base/envs/afl/bin/python /Users/marcuswagner/coding/AFL_dashboard/build_season_data.py 
2026-04-04 10:40:31,495 [INFO]   DONE [build_season] in 0.3s
2026-04-04 10:40:31,495 [INFO]     |   Western Bulldogs      43 players  Avg Age: 24.4  Avg Games: 73
2026-04-04 10:40:31,495 [INFO]     | 
2026-04-04 10:40:31,495 [INFO]     | ============================================================
2026-04-04 10:40:31,495 [INFO]     | ✅ 2026 DATA BUILD COMPLETE
2026-04-04 10:40:31,495 [INFO]     | ============================================================
2026-04-04 10:40:31,495 [INFO] START [wheelo_player_to_raw] Merge Wheelo player season data (matches, ratings) into raw player CSVs
2026-04-04 10:40:31,648 [INFO]   Wheelo Wheelo 2026 Season: 486 players, 18 teams
2026-04-04 10:40:31,672 [INFO]   Name mappings (33): {'William Hayes': 'Will Hayes', 'Lachie Ash': 'Lachlan Ash', 'Zac Williams': 'Zachary Williams', 'Mitch Owens': 'Mitchito Owens', 'Leonardo Lombard': 'Leo Lombard', 'Tom Stewart': 'Thomas Stewart', 'Lachie Weller': 'Lachlan Weller', 'Cam Mackenzie': 'Cameron Mackenzie', 'Oliver Dempsey': 'Ollie Dempsey', 'Lachie Jones': 'Lachlan Jones', 'Matt Flynn': 'Matthew Flynn', 'Jacob van Rooyen': 'Jacob Van Rooyen', 'Matt Roberts': 'Matthew Roberts', 'Tom Liberatore': 'Thomas Liberatore', 'Christopher Scerri': 'Chris Scerri', 'Cam Rayner': 'Cameron Rayner', 'Brad Close': 'Bradley Close', 'Matthew Johnson': 'Matt Johnson', 'Matthew Carroll': 'Matt Carroll', 'Mitch Knevitt': 'Mitchell Knevitt', 'Josh Weddle': 'Joshua Weddle', 'Mitch Lewis': 'Mitchell Lewis', 'Lachie Fogarty': 'Lachlan Fogarty', 'Jack Macrae': 'Jackson Macrae', 'Sam Grlj': 'Samuel Grlj', 'Connor Macdonald': 'Connor MacDonald', 'Dan Butler': 'Daniel Butler', 'Joe Fonti': 'Joseph Fonti', 'Lachie Schultz': 'Lachlan Schultz', 'Lachlan Sullivan': 'Lachie Sullivan', 'Sam Collins': 'Samuel Collins', 'Harry Himmelberg': 'Harrison Himmelberg', 'Tim English': 'Timothy English'}
2026-04-04 10:40:31,672 [WARNING]   UNMATCHED Wheelo players (29): [('Archer Day-Wicks', 'Essendon'), ('Jye Caldwell', 'Essendon'), ('Max Kondogiannis', 'Essendon'), ('Zach Reid', 'Essendon'), ('Saad El-Hawli', 'Essendon'), ('Ben McKay', 'Essendon'), ('Xavier Duursma', 'Essendon'), ('Brayden Fiorini', 'Essendon'), ('Peter Wright', 'Essendon'), ('Zak Johnson', 'Essendon'), ('Mason Redman', 'Essendon'), ('Kyle Langford', 'Essendon'), ('Darcy Parish', 'Essendon'), ('Lachlan Blakiston', 'Essendon'), ('Archie Roberts', 'Essendon'), ('Jade Gresham', 'Essendon'), ('Archie Perkins', 'Essendon'), ('Matt Guelfi', 'Essendon'), ('Jaxon Prior', 'Essendon'), ('Isaac Kako', 'Essendon'), ('Zach Merrett', 'Essendon'), ('Hussien El Achkar', 'Essendon'), ('Jacob Farrow', 'Essendon'), ('Dyson Sharp', 'Essendon'), ('Sam Durham', 'Essendon'), ('Andrew McGrath', 'Essendon'), ('Archer May', 'Essendon'), ('Nate Caddy', 'Essendon'), ('Jayden Nguyen', 'Essendon')]
2026-04-04 10:40:31,681 [INFO]   Backed up player_stats_2026.csv → backups/player_stats_2026_20260404_104031.csv
2026-04-04 10:40:31,684 [INFO]   Updated player_stats_2026.csv: 457 players with matches from Wheelo
2026-04-04 10:40:31,704 [INFO]   Backed up squads_2026.csv → backups/squads_2026_20260404_104031.csv
2026-04-04 10:40:31,706 [INFO]   Updated squads_2026.csv: 457 players matched from Wheelo
2026-04-04 10:40:31,707 [INFO]   DONE [wheelo_player_to_raw] in 0.2s
2026-04-04 10:40:31,707 [INFO] START [regenerate_ratings] Regenerate computed team summaries and ladders
2026-04-04 10:40:31,707 [INFO]   Running: /opt/homebrew/Caskroom/miniconda/base/envs/afl/bin/python /Users/marcuswagner/coding/AFL_dashboard/regenerate_ratings.py 
2026-04-04 10:40:32,000 [ERROR]   FAILED [regenerate_ratings] exit code 1 (0.3s)
2026-04-04 10:40:32,000 [ERROR]     | Traceback (most recent call last):
2026-04-04 10:40:32,000 [ERROR]     |   File "/Users/marcuswagner/coding/AFL_dashboard/regenerate_ratings.py", line 11, in <module>
2026-04-04 10:40:32,000 [ERROR]     |     from data_pipeline.compute_team_summary import compute_team_summary, compute_team_ladders
2026-04-04 10:40:32,000 [ERROR]     |   File "/Users/marcuswagner/coding/AFL_dashboard/data_pipeline/__init__.py", line 36, in <module>
2026-04-04 10:40:32,000 [ERROR]     |     from .compute_list_ladder import (
2026-04-04 10:40:32,000 [ERROR]     | ImportError: cannot import name 'RATING_TIERS' from 'data_pipeline.compute_list_ladder' (/Users/marcuswagner/coding/AFL_dashboard/data_pipeline/compute_list_ladder.py)
2026-04-04 10:40:32,000 [WARNING]   SKIP [refresh_master_ladders] – Skipped: prerequisite(s) failed (regenerate_ratings)
2026-04-04 10:40:32,000 [INFO] START [update_photos] Download photos for any new/missing players
2026-04-04 10:40:32,000 [INFO]   Running: /opt/homebrew/Caskroom/miniconda/base/envs/afl/bin/python /Users/marcuswagner/coding/AFL_dashboard/auto_update_photos.py 
2026-04-04 16:16:29,769 [INFO]   DONE [update_photos] in 20157.8s
2026-04-04 16:16:29,769 [INFO]     | 
2026-04-04 16:16:29,770 [INFO] START [validate_freshness] Validate pipeline output files are present and fresh
2026-04-04 16:16:29,770 [INFO]   Running: /opt/homebrew/Caskroom/miniconda/base/envs/afl/bin/python /Users/marcuswagner/coding/AFL_dashboard/validate_pipeline_freshness.py 
2026-04-04 16:16:29,854 [ERROR]   FAILED [validate_freshness] exit code 1 (0.1s)
2026-04-04 16:16:29,854 [ERROR]     |   ⊘ OPTIONAL footywire_drafts_history.csv  (stale — 18.5h ago)
2026-04-04 16:16:29,854 [ERROR]     |   ⊘ OPTIONAL footywire_2026_with_traits.csv  (stale — 5.6h ago)
2026-04-04 16:16:29,854 [ERROR]     |   ⊘ OPTIONAL traits_2026.csv  (stale — 5.6h ago)
2026-04-04 16:16:29,854 [ERROR]     | 
2026-04-04 16:16:29,854 [ERROR]     | ⚠️  Some required files are missing or stale.
2026-04-04 16:16:29,854 [INFO] START [validate_schemas] Validate CSV output schemas (columns, row counts, data quality)
2026-04-04 16:16:29,875 [WARNING]   [WARN] squads: Only 17 teams found (expected 18)
2026-04-04 16:16:29,875 [WARNING]   [WARN] player_stats: Only 17 teams found (expected 18)
2026-04-04 16:16:29,875 [WARNING]   [WARN] footywire_lists: Only 17 teams found (expected 18)
2026-04-04 16:16:29,875 [WARNING]   [WARN] footywire_complete: Only 17 teams found (expected 18)
2026-04-04 16:16:29,875 [INFO]   DONE [validate_schemas] 4 warning(s) in 0.0s
2026-04-04 16:16:29,875 [INFO] START [data_diff_check] Compare pipeline outputs against backups and alert on anomalies
2026-04-04 16:16:29,885 [WARNING] ⚠️ Data-diff alerts (1 issue(s)):
  • COLUMNS LOST: traits_2026.csv lost 21 column(s): Aerial, Ball Use, Ball Winning, Connecting, Contest
2026-04-04 16:16:35,858 [INFO] Email sent to marcus.wagner@futureedgesport.com.au
2026-04-04 16:16:35,859 [INFO]   DONE [data_diff_check] with alerts in 0.0s
2026-04-04 16:16:35,859 [INFO] 
2026-04-04 16:16:35,859 [INFO] ============================================================
2026-04-04 16:16:35,859 [INFO] UPDATE SUMMARY
2026-04-04 16:16:35,859 [INFO] ============================================================
2026-04-04 16:16:35,860 [INFO]   ✓ footywire_squads: OK
2026-04-04 16:16:35,860 [INFO]   ✓ footywire_extended: OK
2026-04-04 16:16:35,860 [INFO]   ✓ afl_ladders: OK
2026-04-04 16:16:35,860 [INFO]   ✓ wheelo_ratings: OK
2026-04-04 16:16:35,860 [INFO]   ✗ wheelo_match_stats: FAILED: Exit code 1
2026-04-04 16:16:35,860 [INFO]   ✓ traits_api: OK
2026-04-04 16:16:35,860 [INFO]   ✓ wheelo_to_raw: OK
2026-04-04 16:16:35,860 [INFO]   ✓ build_season: OK
2026-04-04 16:16:35,860 [INFO]   ✓ wheelo_player_to_raw: OK
2026-04-04 16:16:35,861 [INFO]   ✗ regenerate_ratings: FAILED: Exit code 1
2026-04-04 16:16:35,861 [INFO]   ⊘ refresh_master_ladders: SKIPPED: Skipped: prerequisite(s) failed (regenerate_ratings)
2026-04-04 16:16:35,861 [INFO]   ✓ update_photos: OK
2026-04-04 16:16:35,861 [INFO]   ✗ validate_freshness: FAILED: Exit code 1
2026-04-04 16:16:35,861 [INFO]   ✓ validate_schemas: OK
2026-04-04 16:16:35,861 [INFO]   ✓ data_diff_check: OK
2026-04-04 16:16:35,861 [INFO] 
2026-04-04 16:16:35,861 [INFO] Results: 11 passed, 3 failed, 1 skipped
2026-04-04 16:16:35,861 [INFO] Total time: 119584s (1993.1 min)
2026-04-04 16:16:35,862 [INFO] Log: /Users/marcuswagner/coding/AFL_dashboard/logs/scheduled_update_2026-04-03_0703.log
2026-04-04 16:16:35,866 [WARNING] 
⚠️  3 step(s) failed. Check log for details.
2026-04-04 16:25:05,503 [WARNING] SMTP email failed: Connection unexpectedly closed: The read operation timed out
2026-04-04 16:25:05,565 [INFO] Email sent via mailx to marcus.wagner@futureedgesport.com.au
