2026-03-16 07:08:39,835 [INFO] Log file: /Users/marcuswagner/coding/AFL_dashboard/logs/scheduled_update_2026-03-16_0708.log
2026-03-16 07:08:39,835 [INFO] ============================================================
2026-03-16 07:08:39,835 [INFO] AFL Dashboard – Scheduled Data Update
2026-03-16 07:08:39,835 [INFO] Date: Monday 16 March 2026 07:08
2026-03-16 07:08:39,835 [INFO] Mode: FULL
2026-03-16 07:08:39,835 [INFO] ============================================================
2026-03-16 07:08:39,835 [INFO] Python: /opt/homebrew/Caskroom/miniconda/base/envs/afl/bin/python
2026-03-16 07:08:39,835 [INFO] 
Steps to run (2):
2026-03-16 07:08:39,835 [INFO]   • wheelo_ratings: Scrape Wheelo team & player ratings (Selenium) [SLOW]
2026-03-16 07:08:39,835 [INFO]   • wheelo_match_stats: Scrape Wheelo match-by-match player ratings (Selenium) [SLOW]
2026-03-16 07:08:39,835 [INFO] 
2026-03-16 07:08:39,835 [INFO] START [wheelo_ratings] Scrape Wheelo team & player ratings (Selenium)
2026-03-16 07:08:39,835 [INFO]   Running: /opt/homebrew/Caskroom/miniconda/base/envs/afl/bin/python /Users/marcuswagner/coding/AFL_dashboard/scrape_wheelo_ratings.py --all
2026-03-16 07:08:39,835 [INFO] Log file: /Users/marcuswagner/coding/AFL_dashboard/logs/scheduled_update_2026-03-16_0708.log
2026-03-16 07:08:39,835 [INFO] ============================================================
2026-03-16 07:08:39,835 [INFO] AFL Dashboard – Scheduled Data Update
2026-03-16 07:08:39,835 [INFO] Date: Monday 16 March 2026 07:08
2026-03-16 07:08:39,835 [INFO] Mode: FULL
2026-03-16 07:08:39,835 [INFO] ============================================================
2026-03-16 07:08:39,835 [INFO] Python: /opt/homebrew/Caskroom/miniconda/base/envs/afl/bin/python
2026-03-16 07:08:39,835 [INFO] 
Steps to run (15):
2026-03-16 07:08:39,835 [INFO]   • footywire_squads: Scrape player squads from Footywire
2026-03-16 07:08:39,835 [INFO]   • footywire_extended: Scrape contracts & draft history from Footywire
2026-03-16 07:08:39,835 [INFO]   • afl_ladders: Scrape AFL ladder standings from Footywire (current season)
2026-03-16 07:08:39,835 [INFO]   • wheelo_ratings: Scrape Wheelo team & player ratings (Selenium) [SLOW]
2026-03-16 07:08:39,835 [INFO]   • wheelo_match_stats: Scrape Wheelo match-by-match player ratings (Selenium) [SLOW]
2026-03-16 07:08:39,835 [INFO]   • traits_api: Fetch Traits API data for current-season players [SLOW]
2026-03-16 07:08:39,836 [INFO]   • wheelo_to_raw: Copy Wheelo team stats to raw data folder for ratings pipeline
2026-03-16 07:08:39,836 [INFO]   • build_season: Build season data files (squads, stats, traits CSVs)
2026-03-16 07:08:39,836 [INFO]   • wheelo_player_to_raw: Merge Wheelo player season data (matches, ratings) into raw player CSVs
2026-03-16 07:08:39,836 [INFO]   • regenerate_ratings: Regenerate computed team summaries and ladders
2026-03-16 07:08:39,836 [INFO]   • refresh_master_ladders: Update master workbook Team_Ladders_All with freshly-scraped ladder data
2026-03-16 07:08:39,836 [INFO]   • update_photos: Download photos for any new/missing players [SLOW]
2026-03-16 07:08:39,836 [INFO]   • validate_freshness: Validate pipeline output files are present and fresh
2026-03-16 07:08:39,836 [INFO]   • validate_schemas: Validate CSV output schemas (columns, row counts, data quality)
2026-03-16 07:08:39,836 [INFO]   • data_diff_check: Compare pipeline outputs against backups and alert on anomalies
2026-03-16 07:08:39,836 [INFO] 
2026-03-16 07:08:39,836 [INFO] START [footywire_squads] Scrape player squads from Footywire
2026-03-16 07:08:39,836 [INFO]   Running: /opt/homebrew/Caskroom/miniconda/base/envs/afl/bin/python /Users/marcuswagner/coding/AFL_dashboard/scrape_footywire.py 
2026-03-16 07:09:20,889 [INFO]   DONE [footywire_squads] in 41.1s
2026-03-16 07:09:20,889 [INFO]     | DefenderRuck          1
2026-03-16 07:09:20,889 [INFO]     | Name: count, dtype: int64
2026-03-16 07:09:20,889 [INFO]     | 
2026-03-16 07:09:20,889 [INFO]     | 
2026-03-16 07:09:20,889 [INFO]     | Updated DOB cache: 1 new entries
2026-03-16 07:09:20,889 [INFO] START [footywire_extended] Scrape contracts & draft history from Footywire
2026-03-16 07:09:20,889 [INFO]   Running: /opt/homebrew/Caskroom/miniconda/base/envs/afl/bin/python /Users/marcuswagner/coding/AFL_dashboard/scrape_footywire_extended.py --current-only
2026-03-16 07:25:19,630 [INFO]   DONE [wheelo_ratings] in 999.8s
2026-03-16 07:25:19,630 [INFO]     | 📊 Team Stats downloaded: 3 files
2026-03-16 07:25:19,630 [INFO]     | 📊 Player Stats downloaded: 3 files
2026-03-16 07:25:19,630 [INFO]     | 📊 Squad Lists downloaded: 1 file
2026-03-16 07:25:19,630 [INFO]     | 
2026-03-16 07:25:19,630 [INFO]     | 📁 CSV files saved in: /Users/marcuswagner/coding/AFL_dashboard/wheelo_downloads
2026-03-16 07:25:19,630 [INFO] START [wheelo_match_stats] Scrape Wheelo match-by-match player ratings (Selenium)
2026-03-16 07:25:19,630 [INFO]   Running: /opt/homebrew/Caskroom/miniconda/base/envs/afl/bin/python /Users/marcuswagner/coding/AFL_dashboard/scrape_wheelo_match_stats.py 
2026-03-16 07:49:01,103 [INFO]   DONE [wheelo_match_stats] in 1421.5s
2026-03-16 07:49:01,103 [INFO]     |   📋 Round 1 (round 1)
2026-03-16 07:49:01,103 [INFO]     |     📥 Downloading all matches…
2026-03-16 07:49:01,103 [INFO]     |     ✅ 414 rows
2026-03-16 07:49:01,103 [INFO]     | 
2026-03-16 07:49:01,103 [INFO]     | 💾 Saved 644 rows → /Users/marcuswagner/coding/AFL_dashboard/data/raw/player/match_ratings_2026.csv
2026-03-16 07:49:01,103 [INFO] 
2026-03-16 07:49:01,103 [INFO] ============================================================
2026-03-16 07:49:01,103 [INFO] UPDATE SUMMARY
2026-03-16 07:49:01,103 [INFO] ============================================================
2026-03-16 07:49:01,103 [INFO]   ✓ wheelo_ratings: OK
2026-03-16 07:49:01,103 [INFO]   ✓ wheelo_match_stats: OK
2026-03-16 07:49:01,103 [INFO] 
2026-03-16 07:49:01,103 [INFO] Results: 2 passed, 0 failed, 0 skipped
2026-03-16 07:49:01,103 [INFO] Total time: 2421s (40.4 min)
2026-03-16 07:49:01,103 [INFO] Log: /Users/marcuswagner/coding/AFL_dashboard/logs/scheduled_update_2026-03-16_0708.log
2026-03-16 07:49:01,104 [INFO] 
✅ All steps completed successfully!
2026-03-16 07:57:48,144 [WARNING] SMTP email failed: Connection unexpectedly closed: The read operation timed out
2026-03-16 07:57:48,203 [INFO] Email sent via mailx to marcus.wagner@futureedgesport.com.au
2026-03-16 08:56:51,638 [INFO]   DONE [footywire_extended] in 6450.7s
2026-03-16 08:56:51,638 [INFO]     | 5  Adelaide    Brayden Cook           2026.0           Non-Free Agent      2020.0    National          1.0        25.0
2026-03-16 08:56:51,638 [INFO]     | 6  Adelaide     Indy Cotton           2027.0                  Unknown         NaN        None          NaN         NaN
2026-03-16 08:56:51,638 [INFO]     | 7  Adelaide   Isaac Cumming           2030.0           Non-Free Agent      2016.0    National          1.0        20.0
2026-03-16 08:56:51,638 [INFO]     | 8  Adelaide   Daniel Curtin           2029.0           Non-Free Agent      2023.0    National          1.0         8.0
2026-03-16 08:56:51,638 [INFO]     | 9  Adelaide   Jordan Dawson           2029.0    Restricted Free Agent      2015.0    National          4.0        56.0
2026-03-16 08:56:51,638 [INFO] START [afl_ladders] Scrape AFL ladder standings from Footywire (current season)
2026-03-16 08:56:51,638 [INFO]   Running: /opt/homebrew/Caskroom/miniconda/base/envs/afl/bin/python /Users/marcuswagner/coding/AFL_dashboard/scrape_afl_ladders.py --current-only
2026-03-16 08:56:54,066 [INFO]   DONE [afl_ladders] in 2.4s
2026-03-16 08:56:54,067 [INFO]     |   2026: 18 teams
2026-03-16 08:56:54,067 [INFO]     | 
2026-03-16 08:56:54,067 [INFO]     | ============================================================
2026-03-16 08:56:54,067 [INFO]     | Completed: 2026-03-16 08:56:54
2026-03-16 08:56:54,067 [INFO]     | ============================================================
2026-03-16 08:56:54,067 [INFO] START [wheelo_ratings] Scrape Wheelo team & player ratings (Selenium)
2026-03-16 08:56:54,067 [INFO]   Running: /opt/homebrew/Caskroom/miniconda/base/envs/afl/bin/python /Users/marcuswagner/coding/AFL_dashboard/scrape_wheelo_ratings.py --all
2026-03-16 08:57:38,444 [INFO]   DONE [wheelo_ratings] in 44.4s
2026-03-16 08:57:38,444 [INFO]     | 📊 Team Stats downloaded: 3 files
2026-03-16 08:57:38,444 [INFO]     | 📊 Player Stats downloaded: 3 files
2026-03-16 08:57:38,444 [INFO]     | 📊 Squad Lists downloaded: 1 file
2026-03-16 08:57:38,444 [INFO]     | 
2026-03-16 08:57:38,444 [INFO]     | 📁 CSV files saved in: /Users/marcuswagner/coding/AFL_dashboard/wheelo_downloads
2026-03-16 08:57:38,444 [INFO] START [wheelo_match_stats] Scrape Wheelo match-by-match player ratings (Selenium)
2026-03-16 08:57:38,444 [INFO]   Running: /opt/homebrew/Caskroom/miniconda/base/envs/afl/bin/python /Users/marcuswagner/coding/AFL_dashboard/scrape_wheelo_match_stats.py 
2026-03-16 08:58:00,653 [INFO]   DONE [wheelo_match_stats] in 22.2s
2026-03-16 08:58:00,653 [INFO]     |   📋 Round 1 (round 1)
2026-03-16 08:58:00,653 [INFO]     |     📥 Downloading all matches…
2026-03-16 08:58:00,653 [INFO]     |     ✅ 414 rows
2026-03-16 08:58:00,654 [INFO]     | 
2026-03-16 08:58:00,654 [INFO]     | 💾 Saved 644 rows → /Users/marcuswagner/coding/AFL_dashboard/data/raw/player/match_ratings_2026.csv
2026-03-16 08:58:00,654 [INFO] START [traits_api] Fetch Traits API data for current-season players
2026-03-16 08:58:00,654 [INFO]   Running: /opt/homebrew/Caskroom/miniconda/base/envs/afl/bin/python /Users/marcuswagner/coding/AFL_dashboard/run_traits_api.py 
2026-03-16 09:02:23,497 [INFO]   DONE [traits_api] in 262.8s
2026-03-16 09:02:23,497 [INFO]     | 11      Sid Draper  Adelaide           1.38               None           None
2026-03-16 09:02:23,497 [INFO]     | 
2026-03-16 09:02:23,497 [INFO]     | Top 10 Overall Rated Players:
2026-03-16 09:02:23,497 [INFO]     | 
2026-03-16 09:02:23,497 [INFO]     | ⚠️  Dataset enhancement failed: Column 'Overall_Rating' has dtype object, cannot use method 'nlargest' with this dtype
2026-03-16 09:02:23,497 [INFO] START [wheelo_to_raw] Copy Wheelo team stats to raw data folder for ratings pipeline
2026-03-16 09:02:24,057 [INFO]   Backed up team_stats_2026.csv → backups/team_stats_2026_20260316_090224.csv
2026-03-16 09:02:24,059 [INFO]   Copied Wheelo 2026 Season -> team_stats_2026.csv (18 teams)
2026-03-16 09:02:24,077 [INFO]   Backed up team_stats_2026_L10.csv → backups/team_stats_2026_L10_20260316_090224.csv
2026-03-16 09:02:24,079 [INFO]   Copied Wheelo 2026 L10 -> team_stats_2026_L10.csv (18 teams)
2026-03-16 09:02:24,104 [INFO]   Backed up team_stats_2026_L5.csv → backups/team_stats_2026_L5_20260316_090224.csv
2026-03-16 09:02:24,106 [INFO]   Copied Wheelo 2026 L5 -> team_stats_2026_L5.csv (18 teams)
2026-03-16 09:02:24,106 [INFO]   DONE [wheelo_to_raw] in 0.6s
2026-03-16 09:02:24,106 [INFO] START [build_season] Build season data files (squads, stats, traits CSVs)
2026-03-16 09:02:24,106 [INFO]   Running: /opt/homebrew/Caskroom/miniconda/base/envs/afl/bin/python /Users/marcuswagner/coding/AFL_dashboard/build_season_data.py 
2026-03-16 09:02:24,419 [INFO]   DONE [build_season] in 0.3s
2026-03-16 09:02:24,420 [INFO]     |   Western Bulldogs      43 players  Avg Age: 24.3  Avg Games: 73
2026-03-16 09:02:24,420 [INFO]     | 
2026-03-16 09:02:24,420 [INFO]     | ============================================================
2026-03-16 09:02:24,420 [INFO]     | ✅ 2026 DATA BUILD COMPLETE
2026-03-16 09:02:24,420 [INFO]     | ============================================================
2026-03-16 09:02:24,420 [INFO] START [wheelo_player_to_raw] Merge Wheelo player season data (matches, ratings) into raw player CSVs
2026-03-16 09:02:24,546 [INFO]   Wheelo Wheelo 2026 Season: 430 players, 18 teams
2026-03-16 09:02:24,563 [INFO]   Name mappings (31): {'Mitch Knevitt': 'Mitchell Knevitt', 'Oliver Dempsey': 'Ollie Dempsey', 'Lachie Fogarty': 'Lachlan Fogarty', 'Brad Close': 'Bradley Close', 'Leonardo Lombard': 'Leo Lombard', 'Cam Rayner': 'Cameron Rayner', 'Lachie Jones': 'Lachlan Jones', 'Zac Williams': 'Zachary Williams', 'Mitch Lewis': 'Mitchell Lewis', 'Joe Fonti': 'Joseph Fonti', 'Matt Roberts': 'Matthew Roberts', 'Matt Flynn': 'Matthew Flynn', 'Sam Collins': 'Samuel Collins', 'Tim English': 'Timothy English', 'Tom Liberatore': 'Thomas Liberatore', 'Jacob van Rooyen': 'Jacob Van Rooyen', 'Lachie Ash': 'Lachlan Ash', 'Josh Weddle': 'Joshua Weddle', 'Matthew Johnson': 'Matt Johnson', 'Jack Macrae': 'Jackson Macrae', 'Cam Mackenzie': 'Cameron Mackenzie', 'Lachie Schultz': 'Lachlan Schultz', 'Archer May': 'Archie May', 'Connor Macdonald': 'Connor MacDonald', 'Mitch Owens': 'Mitchito Owens', 'Matthew Carroll': 'Matt Carroll', 'Harry Himmelberg': 'Harrison Himmelberg', 'Zach Merrett': 'Zachary Merrett', 'Tom Stewart': 'Thomas Stewart', 'Lachie Weller': 'Lachlan Weller', 'Sam Grlj': 'Samuel Grlj'}
2026-03-16 09:02:24,570 [INFO]   Backed up player_stats_2026.csv → backups/player_stats_2026_20260316_090224.csv
2026-03-16 09:02:24,572 [INFO]   Updated player_stats_2026.csv: 430 players with matches from Wheelo
2026-03-16 09:02:24,591 [INFO]   Backed up squads_2026.csv → backups/squads_2026_20260316_090224.csv
2026-03-16 09:02:24,594 [INFO]   Updated squads_2026.csv: 430 players matched from Wheelo
2026-03-16 09:02:24,594 [INFO]   DONE [wheelo_player_to_raw] in 0.2s
2026-03-16 09:02:24,594 [INFO] START [regenerate_ratings] Regenerate computed team summaries and ladders
2026-03-16 09:02:24,594 [INFO]   Running: /opt/homebrew/Caskroom/miniconda/base/envs/afl/bin/python /Users/marcuswagner/coding/AFL_dashboard/regenerate_ratings.py 
2026-03-16 09:02:24,920 [INFO]   DONE [regenerate_ratings] in 0.3s
2026-03-16 09:02:24,920 [INFO]     | Skipping 2025 Last 5 - no raw data
2026-03-16 09:02:24,920 [INFO]     | 
2026-03-16 09:02:24,920 [INFO]     | ============================================================
2026-03-16 09:02:24,920 [INFO]     | DONE!
2026-03-16 09:02:24,920 [INFO]     | ============================================================
2026-03-16 09:02:24,920 [INFO] START [refresh_master_ladders] Update master workbook Team_Ladders_All with freshly-scraped ladder data
2026-03-16 09:02:38,954 [INFO]   Refreshed Team_Ladders_All: 287 rows
2026-03-16 09:02:38,958 [INFO]   DONE [refresh_master_ladders] in 14.0s
2026-03-16 09:02:38,958 [INFO] START [update_photos] Download photos for any new/missing players
2026-03-16 09:02:38,958 [INFO]   Running: /opt/homebrew/Caskroom/miniconda/base/envs/afl/bin/python /Users/marcuswagner/coding/AFL_dashboard/auto_update_photos.py 
2026-03-16 09:05:29,990 [INFO]   DONE [update_photos] in 171.0s
2026-03-16 09:05:29,990 [INFO]     | 
2026-03-16 09:05:29,990 [INFO] START [validate_freshness] Validate pipeline output files are present and fresh
2026-03-16 09:05:29,991 [INFO]   Running: /opt/homebrew/Caskroom/miniconda/base/envs/afl/bin/python /Users/marcuswagner/coding/AFL_dashboard/validate_pipeline_freshness.py 
2026-03-16 09:05:30,029 [INFO]   DONE [validate_freshness] in 0.0s
2026-03-16 09:05:30,029 [INFO]     |   ✓ FRESH    footywire_drafts_history.csv  (08:56)
2026-03-16 09:05:30,029 [INFO]     |   ✓ FRESH    footywire_2026_with_traits.csv  (09:02)
2026-03-16 09:05:30,029 [INFO]     |   ✓ FRESH    traits_2026.csv  (09:02)
2026-03-16 09:05:30,029 [INFO]     | 
2026-03-16 09:05:30,029 [INFO]     | ✅ All required files are present and fresh.
2026-03-16 09:05:30,029 [INFO] START [validate_schemas] Validate CSV output schemas (columns, row counts, data quality)
2026-03-16 09:05:30,051 [INFO]   DONE [validate_schemas] 0 warning(s) in 0.0s
2026-03-16 09:05:30,051 [INFO] START [data_diff_check] Compare pipeline outputs against backups and alert on anomalies
2026-03-16 09:05:30,062 [INFO]   DONE [data_diff_check] no anomalies in 0.0s
2026-03-16 09:05:30,062 [INFO] 
2026-03-16 09:05:30,062 [INFO] ============================================================
2026-03-16 09:05:30,062 [INFO] UPDATE SUMMARY
2026-03-16 09:05:30,062 [INFO] ============================================================
2026-03-16 09:05:30,062 [INFO]   ✓ footywire_squads: OK
2026-03-16 09:05:30,062 [INFO]   ✓ footywire_extended: OK
2026-03-16 09:05:30,063 [INFO]   ✓ afl_ladders: OK
2026-03-16 09:05:30,063 [INFO]   ✓ wheelo_ratings: OK
2026-03-16 09:05:30,063 [INFO]   ✓ wheelo_match_stats: OK
2026-03-16 09:05:30,063 [INFO]   ✓ traits_api: OK
2026-03-16 09:05:30,063 [INFO]   ✓ wheelo_to_raw: OK
2026-03-16 09:05:30,063 [INFO]   ✓ build_season: OK
2026-03-16 09:05:30,063 [INFO]   ✓ wheelo_player_to_raw: OK
2026-03-16 09:05:30,063 [INFO]   ✓ regenerate_ratings: OK
2026-03-16 09:05:30,063 [INFO]   ✓ refresh_master_ladders: OK
2026-03-16 09:05:30,063 [INFO]   ✓ update_photos: OK
2026-03-16 09:05:30,063 [INFO]   ✓ validate_freshness: OK
2026-03-16 09:05:30,063 [INFO]   ✓ validate_schemas: OK
2026-03-16 09:05:30,063 [INFO]   ✓ data_diff_check: OK
2026-03-16 09:05:30,063 [INFO] 
2026-03-16 09:05:30,063 [INFO] Results: 15 passed, 0 failed, 0 skipped
2026-03-16 09:05:30,063 [INFO] Total time: 7010s (116.8 min)
2026-03-16 09:05:30,063 [INFO] Log: /Users/marcuswagner/coding/AFL_dashboard/logs/scheduled_update_2026-03-16_0708.log
2026-03-16 09:05:30,063 [INFO] 
✅ All steps completed successfully!
2026-03-16 09:05:35,253 [INFO] Email sent to marcus.wagner@futureedgesport.com.au
