2026-05-06 07:02:30,881 [INFO] Log file: /Users/marcuswagner/coding/AFL_dashboard/logs/scheduled_update_2026-05-06_0702.log
2026-05-06 07:02:30,881 [INFO] ============================================================
2026-05-06 07:02:30,881 [INFO] AFL Dashboard – Scheduled Data Update
2026-05-06 07:02:30,881 [INFO] Date: Wednesday 06 May 2026 07:02
2026-05-06 07:02:30,881 [INFO] Mode: FULL
2026-05-06 07:02:30,881 [INFO] ============================================================
2026-05-06 07:02:30,881 [INFO] Python: /opt/homebrew/Caskroom/miniconda/base/envs/afl/bin/python
2026-05-06 07:02:30,881 [INFO] 
Steps to run (2):
2026-05-06 07:02:30,881 [INFO]   • wheelo_ratings: Scrape Wheelo team & player ratings (Selenium) [SLOW]
2026-05-06 07:02:30,881 [INFO]   • wheelo_match_stats: Scrape Wheelo match-by-match player ratings + Brownlow predictions (Selenium) [SLOW]
2026-05-06 07:02:30,881 [INFO] 
2026-05-06 07:02:30,882 [INFO] START [wheelo_ratings] Scrape Wheelo team & player ratings (Selenium)
2026-05-06 07:02:30,882 [INFO]   Running: /opt/homebrew/Caskroom/miniconda/base/envs/afl/bin/python /Users/marcuswagner/coding/AFL_dashboard/scrape_wheelo_ratings.py --all
2026-05-06 07:02:30,882 [INFO] Log file: /Users/marcuswagner/coding/AFL_dashboard/logs/scheduled_update_2026-05-06_0702.log
2026-05-06 07:02:30,882 [INFO] ============================================================
2026-05-06 07:02:30,882 [INFO] AFL Dashboard – Scheduled Data Update
2026-05-06 07:02:30,882 [INFO] Date: Wednesday 06 May 2026 07:02
2026-05-06 07:02:30,882 [INFO] Mode: FULL
2026-05-06 07:02:30,882 [INFO] ============================================================
2026-05-06 07:02:30,882 [INFO] Python: /opt/homebrew/Caskroom/miniconda/base/envs/afl/bin/python
2026-05-06 07:02:30,882 [INFO] 
Steps to run (17):
2026-05-06 07:02:30,882 [INFO]   • footywire_squads: Scrape player squads from Footywire
2026-05-06 07:02:30,882 [INFO]   • footywire_extended: Scrape contracts & draft history from Footywire
2026-05-06 07:02:30,882 [INFO]   • afl_ladders: Scrape AFL ladder standings from Footywire (current season)
2026-05-06 07:02:30,882 [INFO]   • wheelo_ratings: Scrape Wheelo team & player ratings (Selenium) [SLOW]
2026-05-06 07:02:30,882 [INFO]   • wheelo_match_stats: Scrape Wheelo match-by-match player ratings + Brownlow predictions (Selenium) [SLOW]
2026-05-06 07:02:30,882 [INFO]   • traits_api: Fetch Traits API data for current-season players [SLOW]
2026-05-06 07:02:30,882 [INFO]   • wheelo_to_raw: Copy Wheelo team stats to raw data folder for ratings pipeline
2026-05-06 07:02:30,882 [INFO]   • build_season: Build season data files (squads, stats, traits CSVs)
2026-05-06 07:02:30,882 [INFO]   • wheelo_player_to_raw: Merge Wheelo player season data (matches, ratings) into raw player CSVs
2026-05-06 07:02:30,882 [INFO]   • regenerate_ratings: Regenerate computed team summaries and ladders
2026-05-06 07:02:30,882 [INFO]   • refresh_master_ladders: Update master workbook Team_Ladders_All with freshly-scraped ladder data
2026-05-06 07:02:30,883 [INFO]   • update_photos: Download photos for any new/missing players [SLOW]
2026-05-06 07:02:30,883 [INFO]   • validate_freshness: Validate pipeline output files are present and fresh
2026-05-06 07:02:30,883 [INFO]   • validate_schemas: Validate CSV output schemas (columns, row counts, data quality)
2026-05-06 07:02:30,883 [INFO]   • data_diff_check: Compare pipeline outputs against backups and alert on anomalies
2026-05-06 07:02:30,883 [INFO]   • team_selections: Scrape team selections & fixture from FootyWire + Squiggle API
2026-05-06 07:02:30,883 [INFO]   • validate_selections: Validate announced squads against actual match-day players
2026-05-06 07:02:30,883 [INFO] 
2026-05-06 07:02:30,883 [INFO] START [footywire_squads] Scrape player squads from Footywire
2026-05-06 07:02:30,883 [INFO]   Running: /opt/homebrew/Caskroom/miniconda/base/envs/afl/bin/python /Users/marcuswagner/coding/AFL_dashboard/scrape_footywire.py 
2026-05-06 07:03:04,827 [INFO]   DONE [footywire_squads] in 33.9s
2026-05-06 07:03:04,827 [INFO]     | DefenderMidfieldForward      1
2026-05-06 07:03:04,827 [INFO]     | Name: count, dtype: int64
2026-05-06 07:03:04,827 [INFO]     | 
2026-05-06 07:03:04,827 [INFO]     | 
2026-05-06 07:03:04,827 [INFO]     | Updated DOB cache: 0 new entries
2026-05-06 07:03:04,827 [INFO] START [footywire_extended] Scrape contracts & draft history from Footywire
2026-05-06 07:03:04,827 [INFO]   Running: /opt/homebrew/Caskroom/miniconda/base/envs/afl/bin/python /Users/marcuswagner/coding/AFL_dashboard/scrape_footywire_extended.py --current-only
2026-05-06 07:03:35,743 [INFO]   DONE [wheelo_ratings] in 64.9s
2026-05-06 07:03:35,743 [INFO]     | 📊 Team Stats downloaded: 3 files
2026-05-06 07:03:35,743 [INFO]     | 📊 Player Stats downloaded: 3 files
2026-05-06 07:03:35,743 [INFO]     | 📊 Squad Lists downloaded: 1 file
2026-05-06 07:03:35,743 [INFO]     | 
2026-05-06 07:03:35,743 [INFO]     | 📁 CSV files saved in: /Users/marcuswagner/coding/AFL_dashboard/wheelo_downloads
2026-05-06 07:03:35,744 [INFO] START [wheelo_match_stats] Scrape Wheelo match-by-match player ratings + Brownlow predictions (Selenium)
2026-05-06 07:03:35,744 [INFO]   Running: /opt/homebrew/Caskroom/miniconda/base/envs/afl/bin/python /Users/marcuswagner/coding/AFL_dashboard/scrape_wheelo_match_stats.py --brownlow
2026-05-06 07:21:07,986 [ERROR]   FAILED [wheelo_match_stats] exit code 1 (1052.2s)
2026-05-06 07:21:07,986 [ERROR]     | 6   chromedriver                        0x0000000102ec7f60 cxxbridge1$str$ptr + 2943204
2026-05-06 07:21:07,986 [ERROR]     | 7   chromedriver                        0x0000000102ecb744 cxxbridge1$str$ptr + 2957512
2026-05-06 07:21:07,986 [ERROR]     | 8   chromedriver                        0x0000000102eace50 cxxbridge1$str$ptr + 2832340
2026-05-06 07:21:07,986 [ERROR]     | 9   chromedriver                        0x0000000102ecbfc4 cxxbridge1$str$ptr + 2959688
2026-05-06 07:21:07,986 [ERROR]     | 10  chromedriver                        0x0000000102e9d828 cxxbridge1$str$ptr + 2769324
2026-05-06 07:21:07,986 [ERROR]     | 11  chromedriver                        0x0000000102ef0920 cxxbridge1$str$ptr + 3109540
2026-05-06 07:21:07,986 [ERROR]     | 12  chromedriver                        0x0000000102ef0a9c cxxbridge1$str$ptr + 3109920
2026-05-06 07:21:07,986 [ERROR]     | 13  chromedriver                        0x0000000102f01ae4 cxxbridge1$str$ptr + 3179624
2026-05-06 07:21:07,986 [ERROR]     | 14  libsystem_pthread.dylib             0x000000019b8fdc08 _pthread_start + 136
2026-05-06 07:21:07,986 [ERROR]     | 15  libsystem_pthread.dylib             0x000000019b8f8ba8 thread_start + 8
2026-05-06 07:21:07,986 [ERROR]     | 
2026-05-06 07:21:07,986 [ERROR]     |   📋 Round 5 (round 5)
2026-05-06 07:21:07,986 [ERROR]     |     (no games found)
2026-05-06 07:21:07,986 [ERROR]     | 
2026-05-06 07:21:07,986 [ERROR]     |   📋 Round 6 (round 6)
2026-05-06 07:21:07,986 [INFO] 
2026-05-06 07:21:07,986 [INFO] ============================================================
2026-05-06 07:21:07,986 [INFO] UPDATE SUMMARY
2026-05-06 07:21:07,986 [INFO] ============================================================
2026-05-06 07:21:07,986 [INFO]   ✓ wheelo_ratings: OK
2026-05-06 07:21:07,986 [INFO]   ✗ wheelo_match_stats: FAILED: Exit code 1
2026-05-06 07:21:07,986 [INFO] 
2026-05-06 07:21:07,986 [INFO] Results: 1 passed, 1 failed, 0 skipped
2026-05-06 07:21:07,986 [INFO] Total time: 1117s (18.6 min)
2026-05-06 07:21:07,986 [INFO] Log: /Users/marcuswagner/coding/AFL_dashboard/logs/scheduled_update_2026-05-06_0702.log
2026-05-06 07:21:07,989 [INFO] Log rotation: removed 1 old log file(s)
2026-05-06 07:21:08,003 [INFO] No running Streamlit process found – skip restart.
2026-05-06 07:21:08,003 [WARNING] 
⚠️  1 step(s) failed. Check log for details.
2026-05-06 07:21:12,705 [INFO] Email sent to marcus.wagner@futureedgesport.com.au
2026-05-06 09:33:13,170 [INFO]   DONE [footywire_extended] in 9008.3s
2026-05-06 09:33:13,170 [INFO]     | 5  Adelaide    Brayden Cook           2026.0           Non-Free Agent      2020.0    National          1.0        25.0
2026-05-06 09:33:13,170 [INFO]     | 6  Adelaide     Indy Cotton           2027.0                  Unknown         NaN        None          NaN         NaN
2026-05-06 09:33:13,170 [INFO]     | 7  Adelaide   Isaac Cumming           2030.0           Non-Free Agent      2016.0    National          1.0        20.0
2026-05-06 09:33:13,170 [INFO]     | 8  Adelaide   Daniel Curtin           2029.0           Non-Free Agent      2023.0    National          1.0         8.0
2026-05-06 09:33:13,170 [INFO]     | 9  Adelaide   Jordan Dawson           2029.0    Restricted Free Agent      2015.0    National          4.0        56.0
2026-05-06 09:33:13,171 [INFO] START [afl_ladders] Scrape AFL ladder standings from Footywire (current season)
2026-05-06 09:33:13,171 [INFO]   Running: /opt/homebrew/Caskroom/miniconda/base/envs/afl/bin/python /Users/marcuswagner/coding/AFL_dashboard/scrape_afl_ladders.py --current-only
2026-05-06 09:33:14,991 [INFO]   DONE [afl_ladders] in 1.8s
2026-05-06 09:33:14,991 [INFO]     |   2026: 18 teams
2026-05-06 09:33:14,991 [INFO]     | 
2026-05-06 09:33:14,991 [INFO]     | ============================================================
2026-05-06 09:33:14,991 [INFO]     | Completed: 2026-05-06 09:33:14
2026-05-06 09:33:14,991 [INFO]     | ============================================================
2026-05-06 09:33:14,991 [INFO] START [wheelo_ratings] Scrape Wheelo team & player ratings (Selenium)
2026-05-06 09:33:14,991 [INFO]   Running: /opt/homebrew/Caskroom/miniconda/base/envs/afl/bin/python /Users/marcuswagner/coding/AFL_dashboard/scrape_wheelo_ratings.py --all
2026-05-06 09:35:46,326 [INFO]   DONE [wheelo_ratings] in 151.3s
2026-05-06 09:35:46,326 [INFO]     | 📊 Team Stats downloaded: 3 files
2026-05-06 09:35:46,326 [INFO]     | 📊 Player Stats downloaded: 2 files
2026-05-06 09:35:46,326 [INFO]     | 📊 Squad Lists downloaded: 1 file
2026-05-06 09:35:46,326 [INFO]     | 
2026-05-06 09:35:46,326 [INFO]     | 📁 CSV files saved in: /Users/marcuswagner/coding/AFL_dashboard/wheelo_downloads
2026-05-06 09:35:46,326 [INFO] START [wheelo_match_stats] Scrape Wheelo match-by-match player ratings + Brownlow predictions (Selenium)
2026-05-06 09:35:46,326 [INFO]   Running: /opt/homebrew/Caskroom/miniconda/base/envs/afl/bin/python /Users/marcuswagner/coding/AFL_dashboard/scrape_wheelo_match_stats.py --brownlow
2026-05-06 09:37:07,255 [INFO]   DONE [wheelo_match_stats] in 80.9s
2026-05-06 09:37:07,255 [INFO]     | ============================================================
2026-05-06 09:37:07,255 [INFO]     | 🔧 Chrome driver attempt 1/3…
2026-05-06 09:37:07,255 [INFO]     | ✅ Chrome driver ready
2026-05-06 09:37:07,255 [INFO]     | 
2026-05-06 09:37:07,255 [INFO]     | 💾 Saved 3312 rows → /Users/marcuswagner/coding/AFL_dashboard/data/raw/player/brownlow_predictions_2026.csv
2026-05-06 09:37:07,255 [INFO]   SKIP [traits_api] – Skipped: only runs on Mon, Tue, Sun
2026-05-06 09:37:07,255 [INFO] START [wheelo_to_raw] Copy Wheelo team stats to raw data folder for ratings pipeline
2026-05-06 09:37:07,535 [INFO]   Backed up team_stats_2026.csv → backups/team_stats_2026_20260506_093707.csv
2026-05-06 09:37:07,537 [INFO]   Copied Wheelo 2026 Season -> team_stats_2026.csv (18 teams)
2026-05-06 09:37:07,554 [INFO]   Backed up team_stats_2026_L10.csv → backups/team_stats_2026_L10_20260506_093707.csv
2026-05-06 09:37:07,555 [INFO]   Copied Wheelo 2026 L10 -> team_stats_2026_L10.csv (18 teams)
2026-05-06 09:37:07,577 [INFO]   Backed up team_stats_2026_L5.csv → backups/team_stats_2026_L5_20260506_093707.csv
2026-05-06 09:37:07,578 [INFO]   Copied Wheelo 2026 L5 -> team_stats_2026_L5.csv (18 teams)
2026-05-06 09:37:07,578 [INFO]   DONE [wheelo_to_raw] in 0.3s
2026-05-06 09:37:07,579 [INFO] START [build_season] Build season data files (squads, stats, traits CSVs)
2026-05-06 09:37:07,579 [INFO]   Running: /opt/homebrew/Caskroom/miniconda/base/envs/afl/bin/python /Users/marcuswagner/coding/AFL_dashboard/build_season_data.py 
2026-05-06 09:37:07,843 [INFO]   DONE [build_season] in 0.3s
2026-05-06 09:37:07,843 [INFO]     |   Western Bulldogs      43 players  Avg Age: 24.5  Avg Games: 76
2026-05-06 09:37:07,843 [INFO]     | 
2026-05-06 09:37:07,843 [INFO]     | ============================================================
2026-05-06 09:37:07,843 [INFO]     | ✅ 2026 DATA BUILD COMPLETE
2026-05-06 09:37:07,843 [INFO]     | ============================================================
2026-05-06 09:37:07,843 [INFO] START [wheelo_player_to_raw] Merge Wheelo player season data (matches, ratings) into raw player CSVs
2026-05-06 09:37:07,846 [INFO]   DONE [wheelo_player_to_raw] in 0.0s
2026-05-06 09:37:07,846 [INFO] START [regenerate_ratings] Regenerate computed team summaries and ladders
2026-05-06 09:37:07,846 [INFO]   Running: /opt/homebrew/Caskroom/miniconda/base/envs/afl/bin/python /Users/marcuswagner/coding/AFL_dashboard/regenerate_ratings.py 
2026-05-06 09:37:08,122 [INFO]   DONE [regenerate_ratings] in 0.3s
2026-05-06 09:37:08,122 [INFO]     | Skipping 2025 Last 5 - no raw data
2026-05-06 09:37:08,122 [INFO]     | 
2026-05-06 09:37:08,122 [INFO]     | ============================================================
2026-05-06 09:37:08,122 [INFO]     | DONE!
2026-05-06 09:37:08,122 [INFO]     | ============================================================
2026-05-06 09:37:08,122 [INFO] START [refresh_master_ladders] Update master workbook Team_Ladders_All with freshly-scraped ladder data
2026-05-06 09:37:23,263 [INFO]   Refreshed Team_Ladders_All: 287 rows
2026-05-06 09:37:23,263 [INFO]   DONE [refresh_master_ladders] in 15.1s
2026-05-06 09:37:23,267 [INFO] START [update_photos] Download photos for any new/missing players
2026-05-06 09:37:23,267 [INFO]   Running: /opt/homebrew/Caskroom/miniconda/base/envs/afl/bin/python /Users/marcuswagner/coding/AFL_dashboard/auto_update_photos.py 
2026-05-06 09:40:12,514 [INFO]   DONE [update_photos] in 169.2s
2026-05-06 09:40:12,515 [INFO]     | 
2026-05-06 09:40:12,515 [INFO] START [validate_freshness] Validate pipeline output files are present and fresh
2026-05-06 09:40:12,515 [INFO]   Running: /opt/homebrew/Caskroom/miniconda/base/envs/afl/bin/python /Users/marcuswagner/coding/AFL_dashboard/validate_pipeline_freshness.py 
2026-05-06 09:40:12,542 [INFO]   DONE [validate_freshness] in 0.0s
2026-05-06 09:40:12,542 [INFO]     |   ✓ FRESH    footywire_drafts_history.csv  (09:33)
2026-05-06 09:40:12,542 [INFO]     |   ⊘ OPTIONAL footywire_2026_with_traits.csv  (stale — 26.3h ago)
2026-05-06 09:40:12,542 [INFO]     |   ✓ FRESH    traits_2026.csv  (09:37)
2026-05-06 09:40:12,542 [INFO]     | 
2026-05-06 09:40:12,542 [INFO]     | ✅ All required files are present and fresh.
2026-05-06 09:40:12,542 [INFO] START [validate_schemas] Validate CSV output schemas (columns, row counts, data quality)
2026-05-06 09:40:12,554 [INFO]   DONE [validate_schemas] 0 warning(s) in 0.0s
2026-05-06 09:40:12,555 [INFO] START [data_diff_check] Compare pipeline outputs against backups and alert on anomalies
2026-05-06 09:40:12,565 [WARNING] ⚠️ Data-diff alerts (1 issue(s)):
  • COLUMNS LOST: player_stats_2026.csv lost 6 column(s): CoachesVotes_Avg, CoachesVotes_Total, DreamTeamPoints_Avg, RatingPoints_Avg, Supercoach_Avg
2026-05-06 09:40:17,659 [INFO] Email sent to marcus.wagner@futureedgesport.com.au
2026-05-06 09:40:17,661 [INFO]   DONE [data_diff_check] with alerts in 0.0s
2026-05-06 09:40:17,663 [INFO] START [team_selections] Scrape team selections & fixture from FootyWire + Squiggle API
2026-05-06 09:40:17,664 [INFO]   Running: /opt/homebrew/Caskroom/miniconda/base/envs/afl/bin/python /Users/marcuswagner/coding/AFL_dashboard/scrape_team_selections.py 
2026-05-06 09:40:20,368 [INFO]   DONE [team_selections] in 2.7s
2026-05-06 09:40:20,368 [INFO]     | 
2026-05-06 09:40:20,368 [INFO]   SKIP [validate_selections] – Skipped: only runs on Mon, Tue
2026-05-06 09:40:20,368 [INFO] 
2026-05-06 09:40:20,368 [INFO] ============================================================
2026-05-06 09:40:20,368 [INFO] UPDATE SUMMARY
2026-05-06 09:40:20,368 [INFO] ============================================================
2026-05-06 09:40:20,368 [INFO]   ✓ footywire_squads: OK
2026-05-06 09:40:20,368 [INFO]   ✓ footywire_extended: OK
2026-05-06 09:40:20,368 [INFO]   ✓ afl_ladders: OK
2026-05-06 09:40:20,368 [INFO]   ✓ wheelo_ratings: OK
2026-05-06 09:40:20,368 [INFO]   ✓ wheelo_match_stats: OK
2026-05-06 09:40:20,368 [INFO]   ⊘ traits_api: SKIPPED: Skipped: only runs on Mon, Tue, Sun
2026-05-06 09:40:20,368 [INFO]   ✓ wheelo_to_raw: OK
2026-05-06 09:40:20,368 [INFO]   ✓ build_season: OK
2026-05-06 09:40:20,368 [INFO]   ✓ wheelo_player_to_raw: OK
2026-05-06 09:40:20,368 [INFO]   ✓ regenerate_ratings: OK
2026-05-06 09:40:20,368 [INFO]   ✓ refresh_master_ladders: OK
2026-05-06 09:40:20,368 [INFO]   ✓ update_photos: OK
2026-05-06 09:40:20,368 [INFO]   ✓ validate_freshness: OK
2026-05-06 09:40:20,368 [INFO]   ✓ validate_schemas: OK
2026-05-06 09:40:20,368 [INFO]   ✓ data_diff_check: OK
2026-05-06 09:40:20,368 [INFO]   ✓ team_selections: OK
2026-05-06 09:40:20,368 [INFO]   ⊘ validate_selections: SKIPPED: Skipped: only runs on Mon, Tue
2026-05-06 09:40:20,368 [INFO] 
2026-05-06 09:40:20,368 [INFO] Results: 17 passed, 0 failed, 2 skipped
2026-05-06 09:40:20,368 [INFO] Total time: 9469s (157.8 min)
2026-05-06 09:40:20,368 [INFO] Log: /Users/marcuswagner/coding/AFL_dashboard/logs/scheduled_update_2026-05-06_0702.log
2026-05-06 09:40:20,385 [INFO] No running Streamlit process found – skip restart.
2026-05-06 09:40:20,385 [WARNING] 
⚠️  Completed with 2 skipped step(s).
2026-05-06 09:40:25,463 [INFO] Email sent to marcus.wagner@futureedgesport.com.au
