2026-04-21 07:03:43,583 [INFO] Log file: /Users/marcuswagner/coding/AFL_dashboard/logs/scheduled_update_2026-04-21_0703.log
2026-04-21 07:03:43,583 [INFO] Log file: /Users/marcuswagner/coding/AFL_dashboard/logs/scheduled_update_2026-04-21_0703.log
2026-04-21 07:03:43,583 [INFO] ============================================================
2026-04-21 07:03:43,583 [INFO] ============================================================
2026-04-21 07:03:43,583 [INFO] AFL Dashboard – Scheduled Data Update
2026-04-21 07:03:43,583 [INFO] AFL Dashboard – Scheduled Data Update
2026-04-21 07:03:43,583 [INFO] Date: Tuesday 21 April 2026 07:03
2026-04-21 07:03:43,583 [INFO] Date: Tuesday 21 April 2026 07:03
2026-04-21 07:03:43,583 [INFO] Mode: FULL
2026-04-21 07:03:43,583 [INFO] Mode: FULL
2026-04-21 07:03:43,583 [INFO] ============================================================
2026-04-21 07:03:43,583 [INFO] ============================================================
2026-04-21 07:03:43,583 [INFO] Python: /opt/homebrew/Caskroom/miniconda/base/envs/afl/bin/python
2026-04-21 07:03:43,583 [INFO] Python: /opt/homebrew/Caskroom/miniconda/base/envs/afl/bin/python
2026-04-21 07:03:43,583 [INFO] 
Steps to run (17):
2026-04-21 07:03:43,583 [INFO] 
Steps to run (2):
2026-04-21 07:03:43,583 [INFO]   • footywire_squads: Scrape player squads from Footywire
2026-04-21 07:03:43,583 [INFO]   • wheelo_ratings: Scrape Wheelo team & player ratings (Selenium) [SLOW]
2026-04-21 07:03:43,583 [INFO]   • footywire_extended: Scrape contracts & draft history from Footywire
2026-04-21 07:03:43,583 [INFO]   • wheelo_match_stats: Scrape Wheelo match-by-match player ratings + Brownlow predictions (Selenium) [SLOW]
2026-04-21 07:03:43,583 [INFO]   • afl_ladders: Scrape AFL ladder standings from Footywire (current season)
2026-04-21 07:03:43,583 [INFO] 
2026-04-21 07:03:43,583 [INFO]   • wheelo_ratings: Scrape Wheelo team & player ratings (Selenium) [SLOW]
2026-04-21 07:03:43,583 [INFO]   • wheelo_match_stats: Scrape Wheelo match-by-match player ratings + Brownlow predictions (Selenium) [SLOW]
2026-04-21 07:03:43,583 [INFO] START [wheelo_ratings] Scrape Wheelo team & player ratings (Selenium)
2026-04-21 07:03:43,583 [INFO]   • traits_api: Fetch Traits API data for current-season players [SLOW]
2026-04-21 07:03:43,583 [INFO]   Running: /opt/homebrew/Caskroom/miniconda/base/envs/afl/bin/python /Users/marcuswagner/coding/AFL_dashboard/scrape_wheelo_ratings.py --all
2026-04-21 07:03:43,583 [INFO]   • wheelo_to_raw: Copy Wheelo team stats to raw data folder for ratings pipeline
2026-04-21 07:03:43,583 [INFO]   • build_season: Build season data files (squads, stats, traits CSVs)
2026-04-21 07:03:43,583 [INFO]   • wheelo_player_to_raw: Merge Wheelo player season data (matches, ratings) into raw player CSVs
2026-04-21 07:03:43,583 [INFO]   • regenerate_ratings: Regenerate computed team summaries and ladders
2026-04-21 07:03:43,583 [INFO]   • refresh_master_ladders: Update master workbook Team_Ladders_All with freshly-scraped ladder data
2026-04-21 07:03:43,583 [INFO]   • update_photos: Download photos for any new/missing players [SLOW]
2026-04-21 07:03:43,583 [INFO]   • validate_freshness: Validate pipeline output files are present and fresh
2026-04-21 07:03:43,583 [INFO]   • validate_schemas: Validate CSV output schemas (columns, row counts, data quality)
2026-04-21 07:03:43,583 [INFO]   • data_diff_check: Compare pipeline outputs against backups and alert on anomalies
2026-04-21 07:03:43,583 [INFO]   • team_selections: Scrape team selections & fixture from FootyWire + Squiggle API
2026-04-21 07:03:43,583 [INFO]   • validate_selections: Validate announced squads against actual match-day players
2026-04-21 07:03:43,583 [INFO] 
2026-04-21 07:03:43,583 [INFO] START [footywire_squads] Scrape player squads from Footywire
2026-04-21 07:03:43,583 [INFO]   Running: /opt/homebrew/Caskroom/miniconda/base/envs/afl/bin/python /Users/marcuswagner/coding/AFL_dashboard/scrape_footywire.py 
2026-04-21 07:04:15,719 [INFO]   DONE [footywire_squads] in 32.1s
2026-04-21 07:04:15,720 [INFO]     | DefenderMidfieldForward      1
2026-04-21 07:04:15,720 [INFO]     | Name: count, dtype: int64
2026-04-21 07:04:15,720 [INFO]     | 
2026-04-21 07:04:15,720 [INFO]     | 
2026-04-21 07:04:15,720 [INFO]     | Updated DOB cache: 0 new entries
2026-04-21 07:04:15,720 [INFO] START [footywire_extended] Scrape contracts & draft history from Footywire
2026-04-21 07:04:15,720 [INFO]   Running: /opt/homebrew/Caskroom/miniconda/base/envs/afl/bin/python /Users/marcuswagner/coding/AFL_dashboard/scrape_footywire_extended.py --current-only
2026-04-21 07:18:46,984 [INFO]   DONE [wheelo_ratings] in 903.4s
2026-04-21 07:18:46,984 [INFO]     | 📊 Team Stats downloaded: 3 files
2026-04-21 07:18:46,985 [INFO]     | 📊 Player Stats downloaded: 3 files
2026-04-21 07:18:46,985 [INFO]     | 📊 Squad Lists downloaded: 1 file
2026-04-21 07:18:46,985 [INFO]     | 
2026-04-21 07:18:46,985 [INFO]     | 📁 CSV files saved in: /Users/marcuswagner/coding/AFL_dashboard/wheelo_downloads
2026-04-21 07:18:46,985 [INFO] START [wheelo_match_stats] Scrape Wheelo match-by-match player ratings + Brownlow predictions (Selenium)
2026-04-21 07:18:46,985 [INFO]   Running: /opt/homebrew/Caskroom/miniconda/base/envs/afl/bin/python /Users/marcuswagner/coding/AFL_dashboard/scrape_wheelo_match_stats.py --brownlow
2026-04-21 07:19:57,488 [INFO]   DONE [wheelo_match_stats] in 70.5s
2026-04-21 07:19:57,489 [INFO]     | ============================================================
2026-04-21 07:19:57,489 [INFO]     | 🔧 Chrome driver attempt 1/3…
2026-04-21 07:19:57,489 [INFO]     | ✅ Chrome driver ready
2026-04-21 07:19:57,489 [INFO]     | 
2026-04-21 07:19:57,489 [INFO]     | 💾 Saved 2484 rows → /Users/marcuswagner/coding/AFL_dashboard/data/raw/player/brownlow_predictions_2026.csv
2026-04-21 07:19:57,489 [INFO] 
2026-04-21 07:19:57,489 [INFO] ============================================================
2026-04-21 07:19:57,489 [INFO] UPDATE SUMMARY
2026-04-21 07:19:57,489 [INFO] ============================================================
2026-04-21 07:19:57,489 [INFO]   ✓ wheelo_ratings: OK
2026-04-21 07:19:57,489 [INFO]   ✓ wheelo_match_stats: OK
2026-04-21 07:19:57,489 [INFO] 
2026-04-21 07:19:57,489 [INFO] Results: 2 passed, 0 failed, 0 skipped
2026-04-21 07:19:57,489 [INFO] Total time: 974s (16.2 min)
2026-04-21 07:19:57,489 [INFO] Log: /Users/marcuswagner/coding/AFL_dashboard/logs/scheduled_update_2026-04-21_0703.log
2026-04-21 07:19:57,492 [INFO] Log rotation: removed 1 old log file(s)
2026-04-21 07:19:57,505 [INFO] Stopped Streamlit (PIDs: 37891)
2026-04-21 07:19:59,664 [INFO] Restarted Streamlit app.
2026-04-21 07:19:59,665 [INFO] 
✅ All steps completed successfully!
2026-04-21 07:20:05,447 [INFO] Email sent to marcus.wagner@futureedgesport.com.au
2026-04-21 08:32:18,031 [INFO]   DONE [footywire_extended] in 5282.3s
2026-04-21 08:32:18,032 [INFO]     | 5  Adelaide    Brayden Cook           2026.0           Non-Free Agent      2020.0    National          1.0        25.0
2026-04-21 08:32:18,032 [INFO]     | 6  Adelaide     Indy Cotton           2027.0                  Unknown         NaN        None          NaN         NaN
2026-04-21 08:32:18,032 [INFO]     | 7  Adelaide   Isaac Cumming           2030.0           Non-Free Agent      2016.0    National          1.0        20.0
2026-04-21 08:32:18,032 [INFO]     | 8  Adelaide   Daniel Curtin           2029.0           Non-Free Agent      2023.0    National          1.0         8.0
2026-04-21 08:32:18,032 [INFO]     | 9  Adelaide   Jordan Dawson           2029.0    Restricted Free Agent      2015.0    National          4.0        56.0
2026-04-21 08:32:18,032 [INFO] START [afl_ladders] Scrape AFL ladder standings from Footywire (current season)
2026-04-21 08:32:18,032 [INFO]   Running: /opt/homebrew/Caskroom/miniconda/base/envs/afl/bin/python /Users/marcuswagner/coding/AFL_dashboard/scrape_afl_ladders.py --current-only
2026-04-21 08:32:20,031 [INFO]   DONE [afl_ladders] in 2.0s
2026-04-21 08:32:20,031 [INFO]     |   2026: 18 teams
2026-04-21 08:32:20,031 [INFO]     | 
2026-04-21 08:32:20,031 [INFO]     | ============================================================
2026-04-21 08:32:20,031 [INFO]     | Completed: 2026-04-21 08:32:20
2026-04-21 08:32:20,031 [INFO]     | ============================================================
2026-04-21 08:32:20,031 [INFO] START [wheelo_ratings] Scrape Wheelo team & player ratings (Selenium)
2026-04-21 08:32:20,031 [INFO]   Running: /opt/homebrew/Caskroom/miniconda/base/envs/afl/bin/python /Users/marcuswagner/coding/AFL_dashboard/scrape_wheelo_ratings.py --all
2026-04-21 08:35:06,392 [INFO]   DONE [wheelo_ratings] in 166.4s
2026-04-21 08:35:06,393 [INFO]     | 📊 Team Stats downloaded: 3 files
2026-04-21 08:35:06,393 [INFO]     | 📊 Player Stats downloaded: 3 files
2026-04-21 08:35:06,393 [INFO]     | 📊 Squad Lists downloaded: 1 file
2026-04-21 08:35:06,393 [INFO]     | 
2026-04-21 08:35:06,393 [INFO]     | 📁 CSV files saved in: /Users/marcuswagner/coding/AFL_dashboard/wheelo_downloads
2026-04-21 08:35:06,393 [INFO] START [wheelo_match_stats] Scrape Wheelo match-by-match player ratings + Brownlow predictions (Selenium)
2026-04-21 08:35:06,393 [INFO]   Running: /opt/homebrew/Caskroom/miniconda/base/envs/afl/bin/python /Users/marcuswagner/coding/AFL_dashboard/scrape_wheelo_match_stats.py --brownlow
2026-04-21 08:37:30,106 [INFO]   DONE [wheelo_match_stats] in 143.7s
2026-04-21 08:37:30,107 [INFO]     | ============================================================
2026-04-21 08:37:30,107 [INFO]     | 🔧 Chrome driver attempt 1/3…
2026-04-21 08:37:30,107 [INFO]     | ✅ Chrome driver ready
2026-04-21 08:37:30,107 [INFO]     | 
2026-04-21 08:37:30,107 [INFO]     | 💾 Saved 2484 rows → /Users/marcuswagner/coding/AFL_dashboard/data/raw/player/brownlow_predictions_2026.csv
2026-04-21 08:37:30,107 [INFO] START [traits_api] Fetch Traits API data for current-season players
2026-04-21 08:37:30,107 [INFO]   Running: /opt/homebrew/Caskroom/miniconda/base/envs/afl/bin/python /Users/marcuswagner/coding/AFL_dashboard/run_traits_api.py 
2026-04-21 08:54:00,697 [INFO]   DONE [traits_api] in 990.6s
2026-04-21 08:54:00,698 [INFO]     |    Flynn Young    Carlton            3.45                3.57            3.66
2026-04-21 08:54:00,698 [INFO]     |  Brodie Grundy     Sydney            3.37                3.41            3.49
2026-04-21 08:54:00,698 [INFO]     |    Josh Treacy  Fremantle            3.36                3.29             3.2
2026-04-21 08:54:00,698 [INFO]     | 
2026-04-21 08:54:00,698 [INFO]     | Snapshot: R6 already finalised — updated with latest values
2026-04-21 08:54:00,698 [INFO] START [wheelo_to_raw] Copy Wheelo team stats to raw data folder for ratings pipeline
2026-04-21 08:54:01,240 [INFO]   Backed up team_stats_2026.csv → backups/team_stats_2026_20260421_085401.csv
2026-04-21 08:54:01,242 [INFO]   Copied Wheelo 2026 Season -> team_stats_2026.csv (18 teams)
2026-04-21 08:54:01,258 [INFO]   Backed up team_stats_2026_L10.csv → backups/team_stats_2026_L10_20260421_085401.csv
2026-04-21 08:54:01,260 [INFO]   Copied Wheelo 2026 L10 -> team_stats_2026_L10.csv (18 teams)
2026-04-21 08:54:01,281 [INFO]   Backed up team_stats_2026_L5.csv → backups/team_stats_2026_L5_20260421_085401.csv
2026-04-21 08:54:01,283 [INFO]   Copied Wheelo 2026 L5 -> team_stats_2026_L5.csv (18 teams)
2026-04-21 08:54:01,283 [INFO]   DONE [wheelo_to_raw] in 0.6s
2026-04-21 08:54:01,283 [INFO] START [build_season] Build season data files (squads, stats, traits CSVs)
2026-04-21 08:54:01,283 [INFO]   Running: /opt/homebrew/Caskroom/miniconda/base/envs/afl/bin/python /Users/marcuswagner/coding/AFL_dashboard/build_season_data.py 
2026-04-21 08:54:01,569 [INFO]   DONE [build_season] in 0.3s
2026-04-21 08:54:01,569 [INFO]     |   Western Bulldogs      43 players  Avg Age: 24.5  Avg Games: 75
2026-04-21 08:54:01,569 [INFO]     | 
2026-04-21 08:54:01,569 [INFO]     | ============================================================
2026-04-21 08:54:01,569 [INFO]     | ✅ 2026 DATA BUILD COMPLETE
2026-04-21 08:54:01,569 [INFO]     | ============================================================
2026-04-21 08:54:01,569 [INFO] START [wheelo_player_to_raw] Merge Wheelo player season data (matches, ratings) into raw player CSVs
2026-04-21 08:54:01,712 [INFO]   Wheelo Wheelo 2026 Season: 538 players, 18 teams
2026-04-21 08:54:01,729 [INFO]   Name mappings (39): {'Matthew Owies': 'Matt Owies', 'Thomas Edwards': 'Tom Edwards', 'Harry Himmelberg': 'Harrison Himmelberg', 'Tom Liberatore': 'Thomas Liberatore', 'Mitch Owens': 'Mitchito Owens', 'Cam Rayner': 'Cameron Rayner', 'Mitch Knevitt': 'Mitchell Knevitt', 'Cam Mackenzie': 'Cameron Mackenzie', 'Lachie Jones': 'Lachlan Jones', 'Lachlan Sullivan': 'Lachie Sullivan', 'Zac Williams': 'Zachary Williams', 'Dan Butler': 'Daniel Butler', 'Tim English': 'Timothy English', 'Lachie Ash': 'Lachlan Ash', 'Sam Grlj': 'Samuel Grlj', 'William Hayes': 'Will Hayes', 'Josh Weddle': 'Joshua Weddle', 'Christopher Scerri': 'Chris Scerri', 'Lachie Fogarty': 'Lachlan Fogarty', 'Lachie Schultz': 'Lachlan Schultz', 'Matthew Johnson': 'Matt Johnson', 'Sam Collins': 'Samuel Collins', 'Leonardo Lombard': 'Leo Lombard', 'Jacob van Rooyen': 'Jacob Van Rooyen', 'Archer May': 'Archie May', 'Mitch Lewis': 'Mitchell Lewis', 'Lachie Weller': 'Lachlan Weller', 'Tom Stewart': 'Thomas Stewart', 'Matt Roberts': 'Matthew Roberts', 'Matt Flynn': 'Matthew Flynn', 'Brad Close': 'Bradley Close', 'Zach Merrett': 'Zachary Merrett', 'Connor Macdonald': 'Connor MacDonald', 'Matthew Carroll': 'Matt Carroll', 'Oliver Dempsey': 'Ollie Dempsey', 'Nicholas Madden': 'Nick Madden', 'Joe Fonti': 'Joseph Fonti', 'Jack Macrae': 'Jackson Macrae', 'Ollie Wines': 'Oliver Wines'}
2026-04-21 08:54:01,742 [INFO]   Backed up player_stats_2026.csv → backups/player_stats_2026_20260421_085401.csv
2026-04-21 08:54:01,744 [INFO]   Updated player_stats_2026.csv: 538 players with matches from Wheelo
2026-04-21 08:54:01,762 [INFO]   Backed up squads_2026.csv → backups/squads_2026_20260421_085401.csv
2026-04-21 08:54:01,764 [INFO]   Updated squads_2026.csv: 538 players matched from Wheelo
2026-04-21 08:54:01,764 [INFO]   DONE [wheelo_player_to_raw] in 0.2s
2026-04-21 08:54:01,764 [INFO] START [regenerate_ratings] Regenerate computed team summaries and ladders
2026-04-21 08:54:01,764 [INFO]   Running: /opt/homebrew/Caskroom/miniconda/base/envs/afl/bin/python /Users/marcuswagner/coding/AFL_dashboard/regenerate_ratings.py 
2026-04-21 08:54:02,042 [INFO]   DONE [regenerate_ratings] in 0.3s
2026-04-21 08:54:02,042 [INFO]     | Skipping 2025 Last 5 - no raw data
2026-04-21 08:54:02,042 [INFO]     | 
2026-04-21 08:54:02,042 [INFO]     | ============================================================
2026-04-21 08:54:02,042 [INFO]     | DONE!
2026-04-21 08:54:02,042 [INFO]     | ============================================================
2026-04-21 08:54:02,042 [INFO] START [refresh_master_ladders] Update master workbook Team_Ladders_All with freshly-scraped ladder data
2026-04-21 08:54:14,468 [INFO]   Refreshed Team_Ladders_All: 287 rows
2026-04-21 08:54:14,472 [INFO]   DONE [refresh_master_ladders] in 12.4s
2026-04-21 08:54:14,472 [INFO] START [update_photos] Download photos for any new/missing players
2026-04-21 08:54:14,472 [INFO]   Running: /opt/homebrew/Caskroom/miniconda/base/envs/afl/bin/python /Users/marcuswagner/coding/AFL_dashboard/auto_update_photos.py 
2026-04-21 08:57:03,795 [INFO]   DONE [update_photos] in 169.3s
2026-04-21 08:57:03,796 [INFO]     | 
2026-04-21 08:57:03,796 [INFO] START [validate_freshness] Validate pipeline output files are present and fresh
2026-04-21 08:57:03,796 [INFO]   Running: /opt/homebrew/Caskroom/miniconda/base/envs/afl/bin/python /Users/marcuswagner/coding/AFL_dashboard/validate_pipeline_freshness.py 
2026-04-21 08:57:03,825 [INFO]   DONE [validate_freshness] in 0.0s
2026-04-21 08:57:03,825 [INFO]     |   ✓ FRESH    footywire_drafts_history.csv  (08:32)
2026-04-21 08:57:03,825 [INFO]     |   ✓ FRESH    footywire_2026_with_traits.csv  (08:54)
2026-04-21 08:57:03,825 [INFO]     |   ✓ FRESH    traits_2026.csv  (08:54)
2026-04-21 08:57:03,825 [INFO]     | 
2026-04-21 08:57:03,825 [INFO]     | ✅ All required files are present and fresh.
2026-04-21 08:57:03,825 [INFO] START [validate_schemas] Validate CSV output schemas (columns, row counts, data quality)
2026-04-21 08:57:03,838 [INFO]   DONE [validate_schemas] 0 warning(s) in 0.0s
2026-04-21 08:57:03,838 [INFO] START [data_diff_check] Compare pipeline outputs against backups and alert on anomalies
2026-04-21 08:57:03,849 [INFO]   DONE [data_diff_check] no anomalies in 0.0s
2026-04-21 08:57:03,849 [INFO]   SKIP [team_selections] – Skipped: only runs on Wed, Thu, Fri
2026-04-21 08:57:03,849 [INFO] START [validate_selections] Validate announced squads against actual match-day players
2026-04-21 08:57:03,849 [INFO]   Running: /opt/homebrew/Caskroom/miniconda/base/envs/afl/bin/python /Users/marcuswagner/coding/AFL_dashboard/scrape_team_selections.py --validate
2026-04-21 08:57:04,230 [INFO]   DONE [validate_selections] in 0.4s
2026-04-21 08:57:04,230 [INFO]     | 
2026-04-21 08:57:04,230 [INFO] 
2026-04-21 08:57:04,230 [INFO] ============================================================
2026-04-21 08:57:04,230 [INFO] UPDATE SUMMARY
2026-04-21 08:57:04,230 [INFO] ============================================================
2026-04-21 08:57:04,230 [INFO]   ✓ footywire_squads: OK
2026-04-21 08:57:04,230 [INFO]   ✓ footywire_extended: OK
2026-04-21 08:57:04,230 [INFO]   ✓ afl_ladders: OK
2026-04-21 08:57:04,230 [INFO]   ✓ wheelo_ratings: OK
2026-04-21 08:57:04,230 [INFO]   ✓ wheelo_match_stats: OK
2026-04-21 08:57:04,230 [INFO]   ✓ traits_api: OK
2026-04-21 08:57:04,230 [INFO]   ✓ wheelo_to_raw: OK
2026-04-21 08:57:04,230 [INFO]   ✓ build_season: OK
2026-04-21 08:57:04,230 [INFO]   ✓ wheelo_player_to_raw: OK
2026-04-21 08:57:04,230 [INFO]   ✓ regenerate_ratings: OK
2026-04-21 08:57:04,230 [INFO]   ✓ refresh_master_ladders: OK
2026-04-21 08:57:04,230 [INFO]   ✓ update_photos: OK
2026-04-21 08:57:04,230 [INFO]   ✓ validate_freshness: OK
2026-04-21 08:57:04,230 [INFO]   ✓ validate_schemas: OK
2026-04-21 08:57:04,230 [INFO]   ✓ data_diff_check: OK
2026-04-21 08:57:04,230 [INFO]   ⊘ team_selections: SKIPPED: Skipped: only runs on Wed, Thu, Fri
2026-04-21 08:57:04,230 [INFO]   ✓ validate_selections: OK
2026-04-21 08:57:04,230 [INFO] 
2026-04-21 08:57:04,230 [INFO] Results: 17 passed, 0 failed, 1 skipped
2026-04-21 08:57:04,230 [INFO] Total time: 6801s (113.3 min)
2026-04-21 08:57:04,230 [INFO] Log: /Users/marcuswagner/coding/AFL_dashboard/logs/scheduled_update_2026-04-21_0703.log
2026-04-21 08:57:04,246 [INFO] Stopped Streamlit (PIDs: 43981)
2026-04-21 08:57:06,409 [INFO] Restarted Streamlit app.
2026-04-21 08:57:06,409 [WARNING] 
⚠️  Completed with 1 skipped step(s).
2026-04-21 08:57:12,082 [INFO] Email sent to marcus.wagner@futureedgesport.com.au
