2026-04-13 07:00:04,696 [INFO] Log file: /Users/marcuswagner/coding/AFL_dashboard/logs/scheduled_update_2026-04-13_0700.log
2026-04-13 07:00:04,696 [INFO] Log file: /Users/marcuswagner/coding/AFL_dashboard/logs/scheduled_update_2026-04-13_0700.log
2026-04-13 07:00:04,696 [INFO] ============================================================
2026-04-13 07:00:04,696 [INFO] ============================================================
2026-04-13 07:00:04,696 [INFO] AFL Dashboard – Scheduled Data Update
2026-04-13 07:00:04,696 [INFO] AFL Dashboard – Scheduled Data Update
2026-04-13 07:00:04,696 [INFO] Date: Monday 13 April 2026 07:00
2026-04-13 07:00:04,696 [INFO] Date: Monday 13 April 2026 07:00
2026-04-13 07:00:04,696 [INFO] Mode: FULL
2026-04-13 07:00:04,696 [INFO] Mode: FULL
2026-04-13 07:00:04,696 [INFO] ============================================================
2026-04-13 07:00:04,696 [INFO] ============================================================
2026-04-13 07:00:04,696 [INFO] Python: /opt/homebrew/Caskroom/miniconda/base/envs/afl/bin/python
2026-04-13 07:00:04,696 [INFO] Python: /opt/homebrew/Caskroom/miniconda/base/envs/afl/bin/python
2026-04-13 07:00:04,696 [INFO] 
Steps to run (2):
2026-04-13 07:00:04,696 [INFO] 
Steps to run (15):
2026-04-13 07:00:04,696 [INFO]   • wheelo_ratings: Scrape Wheelo team & player ratings (Selenium) [SLOW]
2026-04-13 07:00:04,696 [INFO]   • footywire_squads: Scrape player squads from Footywire
2026-04-13 07:00:04,696 [INFO]   • wheelo_match_stats: Scrape Wheelo match-by-match player ratings + Brownlow predictions (Selenium) [SLOW]
2026-04-13 07:00:04,696 [INFO]   • footywire_extended: Scrape contracts & draft history from Footywire
2026-04-13 07:00:04,696 [INFO] 
2026-04-13 07:00:04,696 [INFO]   • afl_ladders: Scrape AFL ladder standings from Footywire (current season)
2026-04-13 07:00:04,696 [INFO]   • wheelo_ratings: Scrape Wheelo team & player ratings (Selenium) [SLOW]
2026-04-13 07:00:04,696 [INFO]   • wheelo_match_stats: Scrape Wheelo match-by-match player ratings + Brownlow predictions (Selenium) [SLOW]
2026-04-13 07:00:04,696 [INFO]   • traits_api: Fetch Traits API data for current-season players [SLOW]
2026-04-13 07:00:04,696 [INFO]   • wheelo_to_raw: Copy Wheelo team stats to raw data folder for ratings pipeline
2026-04-13 07:00:04,696 [INFO]   • build_season: Build season data files (squads, stats, traits CSVs)
2026-04-13 07:00:04,696 [INFO]   • wheelo_player_to_raw: Merge Wheelo player season data (matches, ratings) into raw player CSVs
2026-04-13 07:00:04,696 [INFO]   • regenerate_ratings: Regenerate computed team summaries and ladders
2026-04-13 07:00:04,696 [INFO]   • refresh_master_ladders: Update master workbook Team_Ladders_All with freshly-scraped ladder data
2026-04-13 07:00:04,696 [INFO]   • update_photos: Download photos for any new/missing players [SLOW]
2026-04-13 07:00:04,696 [INFO]   • validate_freshness: Validate pipeline output files are present and fresh
2026-04-13 07:00:04,696 [INFO]   • validate_schemas: Validate CSV output schemas (columns, row counts, data quality)
2026-04-13 07:00:04,696 [INFO]   • data_diff_check: Compare pipeline outputs against backups and alert on anomalies
2026-04-13 07:00:04,696 [INFO] 
2026-04-13 07:00:04,696 [INFO] START [wheelo_ratings] Scrape Wheelo team & player ratings (Selenium)
2026-04-13 07:00:04,696 [INFO] START [footywire_squads] Scrape player squads from Footywire
2026-04-13 07:00:04,696 [INFO]   Running: /opt/homebrew/Caskroom/miniconda/base/envs/afl/bin/python /Users/marcuswagner/coding/AFL_dashboard/scrape_wheelo_ratings.py --all
2026-04-13 07:00:04,696 [INFO]   Running: /opt/homebrew/Caskroom/miniconda/base/envs/afl/bin/python /Users/marcuswagner/coding/AFL_dashboard/scrape_footywire.py 
2026-04-13 07:00:37,261 [INFO]   DONE [footywire_squads] in 32.6s
2026-04-13 07:00:37,262 [INFO]     | DefenderMidfieldForward      1
2026-04-13 07:00:37,262 [INFO]     | Name: count, dtype: int64
2026-04-13 07:00:37,262 [INFO]     | 
2026-04-13 07:00:37,262 [INFO]     | 
2026-04-13 07:00:37,262 [INFO]     | Updated DOB cache: 0 new entries
2026-04-13 07:00:37,262 [INFO] START [footywire_extended] Scrape contracts & draft history from Footywire
2026-04-13 07:00:37,262 [INFO]   Running: /opt/homebrew/Caskroom/miniconda/base/envs/afl/bin/python /Users/marcuswagner/coding/AFL_dashboard/scrape_footywire_extended.py --current-only
2026-04-13 07:00:52,687 [INFO]   DONE [wheelo_ratings] in 48.0s
2026-04-13 07:00:52,687 [INFO]     | 📊 Team Stats downloaded: 3 files
2026-04-13 07:00:52,688 [INFO]     | 📊 Player Stats downloaded: 3 files
2026-04-13 07:00:52,688 [INFO]     | 📊 Squad Lists downloaded: 1 file
2026-04-13 07:00:52,688 [INFO]     | 
2026-04-13 07:00:52,688 [INFO]     | 📁 CSV files saved in: /Users/marcuswagner/coding/AFL_dashboard/wheelo_downloads
2026-04-13 07:00:52,688 [INFO] START [wheelo_match_stats] Scrape Wheelo match-by-match player ratings + Brownlow predictions (Selenium)
2026-04-13 07:00:52,688 [INFO]   Running: /opt/homebrew/Caskroom/miniconda/base/envs/afl/bin/python /Users/marcuswagner/coding/AFL_dashboard/scrape_wheelo_match_stats.py --brownlow
2026-04-13 07:01:50,034 [INFO]   DONE [wheelo_match_stats] in 57.3s
2026-04-13 07:01:50,034 [INFO]     | ============================================================
2026-04-13 07:01:50,034 [INFO]     | 🔧 Chrome driver attempt 1/3…
2026-04-13 07:01:50,034 [INFO]     | ✅ Chrome driver ready
2026-04-13 07:01:50,034 [INFO]     | 
2026-04-13 07:01:50,034 [INFO]     | 💾 Saved 1656 rows → /Users/marcuswagner/coding/AFL_dashboard/data/raw/player/brownlow_predictions_2026.csv
2026-04-13 07:01:50,034 [INFO] 
2026-04-13 07:01:50,034 [INFO] ============================================================
2026-04-13 07:01:50,034 [INFO] UPDATE SUMMARY
2026-04-13 07:01:50,034 [INFO] ============================================================
2026-04-13 07:01:50,034 [INFO]   ✓ wheelo_ratings: OK
2026-04-13 07:01:50,034 [INFO]   ✓ wheelo_match_stats: OK
2026-04-13 07:01:50,034 [INFO] 
2026-04-13 07:01:50,034 [INFO] Results: 2 passed, 0 failed, 0 skipped
2026-04-13 07:01:50,034 [INFO] Total time: 105s (1.8 min)
2026-04-13 07:01:50,034 [INFO] Log: /Users/marcuswagner/coding/AFL_dashboard/logs/scheduled_update_2026-04-13_0700.log
2026-04-13 07:01:50,035 [INFO] Log rotation: removed 1 old log file(s)
2026-04-13 07:01:50,049 [INFO] Stopped Streamlit (PIDs: 41974)
2026-04-13 07:01:52,073 [INFO] Restarted Streamlit app.
2026-04-13 07:01:52,073 [INFO] 
✅ All steps completed successfully!
2026-04-13 07:01:57,926 [INFO] Email sent to marcus.wagner@futureedgesport.com.au
2026-04-13 07:08:44,850 [INFO]   DONE [footywire_extended] in 487.6s
2026-04-13 07:08:44,854 [INFO]     | 5  Adelaide    Brayden Cook           2026.0           Non-Free Agent      2020.0    National          1.0        25.0
2026-04-13 07:08:44,854 [INFO]     | 6  Adelaide     Indy Cotton           2027.0                  Unknown         NaN        None          NaN         NaN
2026-04-13 07:08:44,854 [INFO]     | 7  Adelaide   Isaac Cumming           2030.0           Non-Free Agent      2016.0    National          1.0        20.0
2026-04-13 07:08:44,854 [INFO]     | 8  Adelaide   Daniel Curtin           2029.0           Non-Free Agent      2023.0    National          1.0         8.0
2026-04-13 07:08:44,854 [INFO]     | 9  Adelaide   Jordan Dawson           2029.0    Restricted Free Agent      2015.0    National          4.0        56.0
2026-04-13 07:08:44,854 [INFO] START [afl_ladders] Scrape AFL ladder standings from Footywire (current season)
2026-04-13 07:08:44,854 [INFO]   Running: /opt/homebrew/Caskroom/miniconda/base/envs/afl/bin/python /Users/marcuswagner/coding/AFL_dashboard/scrape_afl_ladders.py --current-only
2026-04-13 07:08:46,721 [INFO]   DONE [afl_ladders] in 1.9s
2026-04-13 07:08:46,721 [INFO]     |   2026: 18 teams
2026-04-13 07:08:46,721 [INFO]     | 
2026-04-13 07:08:46,721 [INFO]     | ============================================================
2026-04-13 07:08:46,721 [INFO]     | Completed: 2026-04-13 07:08:46
2026-04-13 07:08:46,721 [INFO]     | ============================================================
2026-04-13 07:08:46,721 [INFO] START [wheelo_ratings] Scrape Wheelo team & player ratings (Selenium)
2026-04-13 07:08:46,721 [INFO]   Running: /opt/homebrew/Caskroom/miniconda/base/envs/afl/bin/python /Users/marcuswagner/coding/AFL_dashboard/scrape_wheelo_ratings.py --all
2026-04-13 07:09:31,979 [INFO]   DONE [wheelo_ratings] in 45.3s
2026-04-13 07:09:31,980 [INFO]     | 📊 Team Stats downloaded: 3 files
2026-04-13 07:09:31,980 [INFO]     | 📊 Player Stats downloaded: 3 files
2026-04-13 07:09:31,980 [INFO]     | 📊 Squad Lists downloaded: 1 file
2026-04-13 07:09:31,980 [INFO]     | 
2026-04-13 07:09:31,980 [INFO]     | 📁 CSV files saved in: /Users/marcuswagner/coding/AFL_dashboard/wheelo_downloads
2026-04-13 07:09:31,980 [INFO] START [wheelo_match_stats] Scrape Wheelo match-by-match player ratings + Brownlow predictions (Selenium)
2026-04-13 07:09:31,980 [INFO]   Running: /opt/homebrew/Caskroom/miniconda/base/envs/afl/bin/python /Users/marcuswagner/coding/AFL_dashboard/scrape_wheelo_match_stats.py --brownlow
2026-04-13 07:10:29,230 [INFO]   DONE [wheelo_match_stats] in 57.2s
2026-04-13 07:10:29,230 [INFO]     | ============================================================
2026-04-13 07:10:29,230 [INFO]     | 🔧 Chrome driver attempt 1/3…
2026-04-13 07:10:29,230 [INFO]     | ✅ Chrome driver ready
2026-04-13 07:10:29,230 [INFO]     | 
2026-04-13 07:10:29,230 [INFO]     | 💾 Saved 1656 rows → /Users/marcuswagner/coding/AFL_dashboard/data/raw/player/brownlow_predictions_2026.csv
2026-04-13 07:10:29,231 [INFO] START [traits_api] Fetch Traits API data for current-season players
2026-04-13 07:10:29,231 [INFO]   Running: /opt/homebrew/Caskroom/miniconda/base/envs/afl/bin/python /Users/marcuswagner/coding/AFL_dashboard/run_traits_api.py 
2026-04-13 07:15:33,209 [INFO]   DONE [traits_api] in 304.0s
2026-04-13 07:15:33,209 [INFO]     |  Callum Wilkie    St Kilda            3.43               None           None
2026-04-13 07:15:33,209 [INFO]     |   Errol Gulden      Sydney            3.38               None           None
2026-04-13 07:15:33,209 [INFO]     | Harris Andrews    Brisbane            3.36               None           None
2026-04-13 07:15:33,209 [INFO]     |   James Sicily    Hawthorn            3.36               None           None
2026-04-13 07:15:33,209 [INFO]     | Finn Maginness    Hawthorn            3.35               None           None
2026-04-13 07:15:33,210 [INFO] START [wheelo_to_raw] Copy Wheelo team stats to raw data folder for ratings pipeline
2026-04-13 07:15:33,625 [INFO]   Backed up team_stats_2026.csv → backups/team_stats_2026_20260413_071533.csv
2026-04-13 07:15:33,628 [INFO]   Copied Wheelo 2026 Season -> team_stats_2026.csv (18 teams)
2026-04-13 07:15:33,644 [INFO]   Backed up team_stats_2026_L10.csv → backups/team_stats_2026_L10_20260413_071533.csv
2026-04-13 07:15:33,645 [INFO]   Copied Wheelo 2026 L10 -> team_stats_2026_L10.csv (18 teams)
2026-04-13 07:15:33,667 [INFO]   Backed up team_stats_2026_L5.csv → backups/team_stats_2026_L5_20260413_071533.csv
2026-04-13 07:15:33,669 [INFO]   Copied Wheelo 2026 L5 -> team_stats_2026_L5.csv (18 teams)
2026-04-13 07:15:33,669 [INFO]   DONE [wheelo_to_raw] in 0.5s
2026-04-13 07:15:33,669 [INFO] START [build_season] Build season data files (squads, stats, traits CSVs)
2026-04-13 07:15:33,669 [INFO]   Running: /opt/homebrew/Caskroom/miniconda/base/envs/afl/bin/python /Users/marcuswagner/coding/AFL_dashboard/build_season_data.py 
2026-04-13 07:15:33,946 [INFO]   DONE [build_season] in 0.3s
2026-04-13 07:15:33,946 [INFO]     |   Western Bulldogs      43 players  Avg Age: 24.4  Avg Games: 74
2026-04-13 07:15:33,946 [INFO]     | 
2026-04-13 07:15:33,946 [INFO]     | ============================================================
2026-04-13 07:15:33,946 [INFO]     | ✅ 2026 DATA BUILD COMPLETE
2026-04-13 07:15:33,946 [INFO]     | ============================================================
2026-04-13 07:15:33,946 [INFO] START [wheelo_player_to_raw] Merge Wheelo player season data (matches, ratings) into raw player CSVs
2026-04-13 07:15:34,091 [INFO]   Wheelo Wheelo 2026 Season: 526 players, 18 teams
2026-04-13 07:15:34,114 [INFO]   Name mappings (39): {'Nicholas Madden': 'Nick Madden', 'Lachie Schultz': 'Lachlan Schultz', 'Matt Flynn': 'Matthew Flynn', 'Brad Close': 'Bradley Close', 'Zac Williams': 'Zachary Williams', 'Tom Liberatore': 'Thomas Liberatore', 'Lachie Jones': 'Lachlan Jones', 'Cam Mackenzie': 'Cameron Mackenzie', 'Joe Fonti': 'Joseph Fonti', 'Matthew Carroll': 'Matt Carroll', 'Thomas Edwards': 'Tom Edwards', 'Leonardo Lombard': 'Leo Lombard', 'Tim English': 'Timothy English', 'Matt Roberts': 'Matthew Roberts', 'Christopher Scerri': 'Chris Scerri', 'Mitch Lewis': 'Mitchell Lewis', 'Lachlan Sullivan': 'Lachie Sullivan', 'Josh Weddle': 'Joshua Weddle', 'Jack Macrae': 'Jackson Macrae', 'Sam Collins': 'Samuel Collins', 'Zach Merrett': 'Zachary Merrett', 'Mitch Owens': 'Mitchito Owens', 'Oliver Dempsey': 'Ollie Dempsey', 'Sam Grlj': 'Samuel Grlj', 'Lachie Fogarty': 'Lachlan Fogarty', 'Cam Rayner': 'Cameron Rayner', 'Matthew Owies': 'Matt Owies', 'Harry Himmelberg': 'Harrison Himmelberg', 'Lachie Ash': 'Lachlan Ash', 'Dan Butler': 'Daniel Butler', 'Mitch Knevitt': 'Mitchell Knevitt', 'Archer May': 'Archie May', 'Connor Macdonald': 'Connor MacDonald', 'Ollie Wines': 'Oliver Wines', 'Jacob van Rooyen': 'Jacob Van Rooyen', 'Matthew Johnson': 'Matt Johnson', 'Tom Stewart': 'Thomas Stewart', 'William Hayes': 'Will Hayes', 'Lachie Weller': 'Lachlan Weller'}
2026-04-13 07:15:34,123 [INFO]   Backed up player_stats_2026.csv → backups/player_stats_2026_20260413_071534.csv
2026-04-13 07:15:34,125 [INFO]   Updated player_stats_2026.csv: 526 players with matches from Wheelo
2026-04-13 07:15:34,143 [INFO]   Backed up squads_2026.csv → backups/squads_2026_20260413_071534.csv
2026-04-13 07:15:34,145 [INFO]   Updated squads_2026.csv: 526 players matched from Wheelo
2026-04-13 07:15:34,145 [INFO]   DONE [wheelo_player_to_raw] in 0.2s
2026-04-13 07:15:34,145 [INFO] START [regenerate_ratings] Regenerate computed team summaries and ladders
2026-04-13 07:15:34,145 [INFO]   Running: /opt/homebrew/Caskroom/miniconda/base/envs/afl/bin/python /Users/marcuswagner/coding/AFL_dashboard/regenerate_ratings.py 
2026-04-13 07:15:34,421 [INFO]   DONE [regenerate_ratings] in 0.3s
2026-04-13 07:15:34,421 [INFO]     | Skipping 2025 Last 5 - no raw data
2026-04-13 07:15:34,421 [INFO]     | 
2026-04-13 07:15:34,421 [INFO]     | ============================================================
2026-04-13 07:15:34,421 [INFO]     | DONE!
2026-04-13 07:15:34,421 [INFO]     | ============================================================
2026-04-13 07:15:34,421 [INFO] START [refresh_master_ladders] Update master workbook Team_Ladders_All with freshly-scraped ladder data
2026-04-13 07:15:46,950 [INFO]   Refreshed Team_Ladders_All: 287 rows
2026-04-13 07:15:46,953 [INFO]   DONE [refresh_master_ladders] in 12.5s
2026-04-13 07:15:46,954 [INFO] START [update_photos] Download photos for any new/missing players
2026-04-13 07:15:46,954 [INFO]   Running: /opt/homebrew/Caskroom/miniconda/base/envs/afl/bin/python /Users/marcuswagner/coding/AFL_dashboard/auto_update_photos.py 
2026-04-13 07:18:37,313 [INFO]   DONE [update_photos] in 170.4s
2026-04-13 07:18:37,314 [INFO]     | 
2026-04-13 07:18:37,314 [INFO] START [validate_freshness] Validate pipeline output files are present and fresh
2026-04-13 07:18:37,314 [INFO]   Running: /opt/homebrew/Caskroom/miniconda/base/envs/afl/bin/python /Users/marcuswagner/coding/AFL_dashboard/validate_pipeline_freshness.py 
2026-04-13 07:18:37,344 [INFO]   DONE [validate_freshness] in 0.0s
2026-04-13 07:18:37,344 [INFO]     |   ✓ FRESH    footywire_drafts_history.csv  (07:08)
2026-04-13 07:18:37,344 [INFO]     |   ✓ FRESH    footywire_2026_with_traits.csv  (07:15)
2026-04-13 07:18:37,344 [INFO]     |   ✓ FRESH    traits_2026.csv  (07:15)
2026-04-13 07:18:37,344 [INFO]     | 
2026-04-13 07:18:37,344 [INFO]     | ✅ All required files are present and fresh.
2026-04-13 07:18:37,344 [INFO] START [validate_schemas] Validate CSV output schemas (columns, row counts, data quality)
2026-04-13 07:18:37,356 [INFO]   DONE [validate_schemas] 0 warning(s) in 0.0s
2026-04-13 07:18:37,356 [INFO] START [data_diff_check] Compare pipeline outputs against backups and alert on anomalies
2026-04-13 07:18:37,365 [INFO]   DONE [data_diff_check] no anomalies in 0.0s
2026-04-13 07:18:37,365 [INFO] 
2026-04-13 07:18:37,365 [INFO] ============================================================
2026-04-13 07:18:37,365 [INFO] UPDATE SUMMARY
2026-04-13 07:18:37,365 [INFO] ============================================================
2026-04-13 07:18:37,365 [INFO]   ✓ footywire_squads: OK
2026-04-13 07:18:37,365 [INFO]   ✓ footywire_extended: OK
2026-04-13 07:18:37,365 [INFO]   ✓ afl_ladders: OK
2026-04-13 07:18:37,365 [INFO]   ✓ wheelo_ratings: OK
2026-04-13 07:18:37,365 [INFO]   ✓ wheelo_match_stats: OK
2026-04-13 07:18:37,365 [INFO]   ✓ traits_api: OK
2026-04-13 07:18:37,365 [INFO]   ✓ wheelo_to_raw: OK
2026-04-13 07:18:37,365 [INFO]   ✓ build_season: OK
2026-04-13 07:18:37,365 [INFO]   ✓ wheelo_player_to_raw: OK
2026-04-13 07:18:37,365 [INFO]   ✓ regenerate_ratings: OK
2026-04-13 07:18:37,365 [INFO]   ✓ refresh_master_ladders: OK
2026-04-13 07:18:37,365 [INFO]   ✓ update_photos: OK
2026-04-13 07:18:37,365 [INFO]   ✓ validate_freshness: OK
2026-04-13 07:18:37,365 [INFO]   ✓ validate_schemas: OK
2026-04-13 07:18:37,365 [INFO]   ✓ data_diff_check: OK
2026-04-13 07:18:37,365 [INFO] 
2026-04-13 07:18:37,365 [INFO] Results: 15 passed, 0 failed, 0 skipped
2026-04-13 07:18:37,365 [INFO] Total time: 1113s (18.5 min)
2026-04-13 07:18:37,365 [INFO] Log: /Users/marcuswagner/coding/AFL_dashboard/logs/scheduled_update_2026-04-13_0700.log
2026-04-13 07:18:37,378 [INFO] Stopped Streamlit (PIDs: 56505)
2026-04-13 07:18:39,543 [INFO] Restarted Streamlit app.
2026-04-13 07:18:39,544 [INFO] 
✅ All steps completed successfully!
2026-04-13 07:18:44,253 [INFO] Email sent to marcus.wagner@futureedgesport.com.au
