2026-04-25 07:07:43,851 [INFO] Log file: /Users/marcuswagner/coding/AFL_dashboard/logs/scheduled_update_2026-04-25_0707.log
2026-04-25 07:07:43,851 [INFO] Log file: /Users/marcuswagner/coding/AFL_dashboard/logs/scheduled_update_2026-04-25_0707.log
2026-04-25 07:07:43,851 [INFO] ============================================================
2026-04-25 07:07:43,851 [INFO] ============================================================
2026-04-25 07:07:43,851 [INFO] AFL Dashboard – Scheduled Data Update
2026-04-25 07:07:43,851 [INFO] AFL Dashboard – Scheduled Data Update
2026-04-25 07:07:43,851 [INFO] Date: Saturday 25 April 2026 07:07
2026-04-25 07:07:43,851 [INFO] Date: Saturday 25 April 2026 07:07
2026-04-25 07:07:43,851 [INFO] Mode: FULL
2026-04-25 07:07:43,851 [INFO] Mode: FULL
2026-04-25 07:07:43,851 [INFO] ============================================================
2026-04-25 07:07:43,851 [INFO] ============================================================
2026-04-25 07:07:43,851 [INFO] Python: /opt/homebrew/Caskroom/miniconda/base/envs/afl/bin/python
2026-04-25 07:07:43,851 [INFO] Python: /opt/homebrew/Caskroom/miniconda/base/envs/afl/bin/python
2026-04-25 07:07:43,851 [INFO] 
Steps to run (2):
2026-04-25 07:07:43,851 [INFO] 
Steps to run (17):
2026-04-25 07:07:43,851 [INFO]   • wheelo_ratings: Scrape Wheelo team & player ratings (Selenium) [SLOW]
2026-04-25 07:07:43,851 [INFO]   • footywire_squads: Scrape player squads from Footywire
2026-04-25 07:07:43,851 [INFO]   • wheelo_match_stats: Scrape Wheelo match-by-match player ratings + Brownlow predictions (Selenium) [SLOW]
2026-04-25 07:07:43,851 [INFO]   • footywire_extended: Scrape contracts & draft history from Footywire
2026-04-25 07:07:43,851 [INFO] 
2026-04-25 07:07:43,851 [INFO]   • afl_ladders: Scrape AFL ladder standings from Footywire (current season)
2026-04-25 07:07:43,851 [INFO]   • wheelo_ratings: Scrape Wheelo team & player ratings (Selenium) [SLOW]
2026-04-25 07:07:43,851 [INFO]   • wheelo_match_stats: Scrape Wheelo match-by-match player ratings + Brownlow predictions (Selenium) [SLOW]
2026-04-25 07:07:43,851 [INFO]   • traits_api: Fetch Traits API data for current-season players [SLOW]
2026-04-25 07:07:43,851 [INFO]   • wheelo_to_raw: Copy Wheelo team stats to raw data folder for ratings pipeline
2026-04-25 07:07:43,851 [INFO]   • build_season: Build season data files (squads, stats, traits CSVs)
2026-04-25 07:07:43,851 [INFO]   • wheelo_player_to_raw: Merge Wheelo player season data (matches, ratings) into raw player CSVs
2026-04-25 07:07:43,851 [INFO]   • regenerate_ratings: Regenerate computed team summaries and ladders
2026-04-25 07:07:43,851 [INFO]   • refresh_master_ladders: Update master workbook Team_Ladders_All with freshly-scraped ladder data
2026-04-25 07:07:43,851 [INFO]   • update_photos: Download photos for any new/missing players [SLOW]
2026-04-25 07:07:43,851 [INFO] START [wheelo_ratings] Scrape Wheelo team & player ratings (Selenium)
2026-04-25 07:07:43,851 [INFO]   • validate_freshness: Validate pipeline output files are present and fresh
2026-04-25 07:07:43,851 [INFO]   Running: /opt/homebrew/Caskroom/miniconda/base/envs/afl/bin/python /Users/marcuswagner/coding/AFL_dashboard/scrape_wheelo_ratings.py --all
2026-04-25 07:07:43,851 [INFO]   • validate_schemas: Validate CSV output schemas (columns, row counts, data quality)
2026-04-25 07:07:43,851 [INFO]   • data_diff_check: Compare pipeline outputs against backups and alert on anomalies
2026-04-25 07:07:43,851 [INFO]   • team_selections: Scrape team selections & fixture from FootyWire + Squiggle API
2026-04-25 07:07:43,851 [INFO]   • validate_selections: Validate announced squads against actual match-day players
2026-04-25 07:07:43,851 [INFO] 
2026-04-25 07:07:43,851 [INFO] START [footywire_squads] Scrape player squads from Footywire
2026-04-25 07:07:43,851 [INFO]   Running: /opt/homebrew/Caskroom/miniconda/base/envs/afl/bin/python /Users/marcuswagner/coding/AFL_dashboard/scrape_footywire.py 
2026-04-25 07:08:16,303 [INFO]   DONE [footywire_squads] in 32.5s
2026-04-25 07:08:16,303 [INFO]     | DefenderMidfieldForward      1
2026-04-25 07:08:16,304 [INFO]     | Name: count, dtype: int64
2026-04-25 07:08:16,304 [INFO]     | 
2026-04-25 07:08:16,304 [INFO]     | 
2026-04-25 07:08:16,304 [INFO]     | Updated DOB cache: 1 new entries
2026-04-25 07:08:16,304 [INFO] START [footywire_extended] Scrape contracts & draft history from Footywire
2026-04-25 07:08:16,304 [INFO]   Running: /opt/homebrew/Caskroom/miniconda/base/envs/afl/bin/python /Users/marcuswagner/coding/AFL_dashboard/scrape_footywire_extended.py --current-only
2026-04-25 07:08:35,346 [INFO]   DONE [wheelo_ratings] in 51.5s
2026-04-25 07:08:35,347 [INFO]     | 📊 Team Stats downloaded: 3 files
2026-04-25 07:08:35,347 [INFO]     | 📊 Player Stats downloaded: 3 files
2026-04-25 07:08:35,347 [INFO]     | 📊 Squad Lists downloaded: 1 file
2026-04-25 07:08:35,347 [INFO]     | 
2026-04-25 07:08:35,347 [INFO]     | 📁 CSV files saved in: /Users/marcuswagner/coding/AFL_dashboard/wheelo_downloads
2026-04-25 07:08:35,347 [INFO] START [wheelo_match_stats] Scrape Wheelo match-by-match player ratings + Brownlow predictions (Selenium)
2026-04-25 07:08:35,347 [INFO]   Running: /opt/homebrew/Caskroom/miniconda/base/envs/afl/bin/python /Users/marcuswagner/coding/AFL_dashboard/scrape_wheelo_match_stats.py --brownlow
2026-04-25 07:18:31,820 [INFO]   DONE [wheelo_match_stats] in 596.5s
2026-04-25 07:18:31,821 [INFO]     | ============================================================
2026-04-25 07:18:31,821 [INFO]     | 🔧 Chrome driver attempt 1/3…
2026-04-25 07:18:31,821 [INFO]     | ✅ Chrome driver ready
2026-04-25 07:18:31,821 [INFO]     | 
2026-04-25 07:18:31,821 [INFO]     | 💾 Saved 2484 rows → /Users/marcuswagner/coding/AFL_dashboard/data/raw/player/brownlow_predictions_2026.csv
2026-04-25 07:18:31,821 [INFO] 
2026-04-25 07:18:31,821 [INFO] ============================================================
2026-04-25 07:18:31,821 [INFO] UPDATE SUMMARY
2026-04-25 07:18:31,821 [INFO] ============================================================
2026-04-25 07:18:31,821 [INFO]   ✓ wheelo_ratings: OK
2026-04-25 07:18:31,821 [INFO]   ✓ wheelo_match_stats: OK
2026-04-25 07:18:31,821 [INFO] 
2026-04-25 07:18:31,821 [INFO] Results: 2 passed, 0 failed, 0 skipped
2026-04-25 07:18:31,821 [INFO] Total time: 648s (10.8 min)
2026-04-25 07:18:31,821 [INFO] Log: /Users/marcuswagner/coding/AFL_dashboard/logs/scheduled_update_2026-04-25_0707.log
2026-04-25 07:18:31,824 [INFO] Log rotation: removed 1 old log file(s)
2026-04-25 07:18:31,840 [INFO] Stopped Streamlit (PIDs: 83693)
2026-04-25 07:18:33,994 [INFO] Restarted Streamlit app.
2026-04-25 07:18:33,995 [INFO] 
✅ All steps completed successfully!
2026-04-25 07:18:40,467 [INFO] Email sent to marcus.wagner@futureedgesport.com.au
2026-04-25 09:20:53,079 [INFO]   DONE [footywire_extended] in 7956.8s
2026-04-25 09:20:53,080 [INFO]     | 5  Adelaide    Brayden Cook           2026.0           Non-Free Agent      2020.0    National          1.0        25.0
2026-04-25 09:20:53,080 [INFO]     | 6  Adelaide     Indy Cotton           2027.0                  Unknown         NaN        None          NaN         NaN
2026-04-25 09:20:53,080 [INFO]     | 7  Adelaide   Isaac Cumming           2030.0           Non-Free Agent      2016.0    National          1.0        20.0
2026-04-25 09:20:53,080 [INFO]     | 8  Adelaide   Daniel Curtin           2029.0           Non-Free Agent      2023.0    National          1.0         8.0
2026-04-25 09:20:53,080 [INFO]     | 9  Adelaide   Jordan Dawson           2029.0    Restricted Free Agent      2015.0    National          4.0        56.0
2026-04-25 09:20:53,081 [INFO] START [afl_ladders] Scrape AFL ladder standings from Footywire (current season)
2026-04-25 09:20:53,081 [INFO]   Running: /opt/homebrew/Caskroom/miniconda/base/envs/afl/bin/python /Users/marcuswagner/coding/AFL_dashboard/scrape_afl_ladders.py --current-only
2026-04-25 09:20:54,955 [INFO]   DONE [afl_ladders] in 1.9s
2026-04-25 09:20:54,955 [INFO]     |   2026: 18 teams
2026-04-25 09:20:54,955 [INFO]     | 
2026-04-25 09:20:54,955 [INFO]     | ============================================================
2026-04-25 09:20:54,955 [INFO]     | Completed: 2026-04-25 09:20:54
2026-04-25 09:20:54,955 [INFO]     | ============================================================
2026-04-25 09:20:54,956 [INFO] START [wheelo_ratings] Scrape Wheelo team & player ratings (Selenium)
2026-04-25 09:20:54,956 [INFO]   Running: /opt/homebrew/Caskroom/miniconda/base/envs/afl/bin/python /Users/marcuswagner/coding/AFL_dashboard/scrape_wheelo_ratings.py --all
2026-04-25 09:32:09,039 [INFO]   DONE [wheelo_ratings] in 674.1s
2026-04-25 09:32:09,039 [INFO]     | 📊 Team Stats downloaded: 3 files
2026-04-25 09:32:09,039 [INFO]     | 📊 Player Stats downloaded: 3 files
2026-04-25 09:32:09,039 [INFO]     | 📊 Squad Lists downloaded: 1 file
2026-04-25 09:32:09,039 [INFO]     | 
2026-04-25 09:32:09,039 [INFO]     | 📁 CSV files saved in: /Users/marcuswagner/coding/AFL_dashboard/wheelo_downloads
2026-04-25 09:32:09,039 [INFO] START [wheelo_match_stats] Scrape Wheelo match-by-match player ratings + Brownlow predictions (Selenium)
2026-04-25 09:32:09,039 [INFO]   Running: /opt/homebrew/Caskroom/miniconda/base/envs/afl/bin/python /Users/marcuswagner/coding/AFL_dashboard/scrape_wheelo_match_stats.py --brownlow
2026-04-25 09:36:33,355 [INFO]   DONE [wheelo_match_stats] in 264.3s
2026-04-25 09:36:33,356 [INFO]     | ============================================================
2026-04-25 09:36:33,356 [INFO]     | 🔧 Chrome driver attempt 1/3…
2026-04-25 09:36:33,356 [INFO]     | ✅ Chrome driver ready
2026-04-25 09:36:33,356 [INFO]     | 
2026-04-25 09:36:33,356 [INFO]     | 💾 Saved 2484 rows → /Users/marcuswagner/coding/AFL_dashboard/data/raw/player/brownlow_predictions_2026.csv
2026-04-25 09:36:33,356 [INFO]   SKIP [traits_api] – Skipped: only runs on Mon, Tue, Sun
2026-04-25 09:36:33,356 [INFO] START [wheelo_to_raw] Copy Wheelo team stats to raw data folder for ratings pipeline
2026-04-25 09:36:33,714 [INFO]   Backed up team_stats_2026.csv → backups/team_stats_2026_20260425_093633.csv
2026-04-25 09:36:33,716 [INFO]   Copied Wheelo 2026 Season -> team_stats_2026.csv (18 teams)
2026-04-25 09:36:33,732 [INFO]   Backed up team_stats_2026_L10.csv → backups/team_stats_2026_L10_20260425_093633.csv
2026-04-25 09:36:33,734 [INFO]   Copied Wheelo 2026 L10 -> team_stats_2026_L10.csv (18 teams)
2026-04-25 09:36:33,755 [INFO]   Backed up team_stats_2026_L5.csv → backups/team_stats_2026_L5_20260425_093633.csv
2026-04-25 09:36:33,756 [INFO]   Copied Wheelo 2026 L5 -> team_stats_2026_L5.csv (18 teams)
2026-04-25 09:36:33,756 [INFO]   DONE [wheelo_to_raw] in 0.4s
2026-04-25 09:36:33,756 [INFO] START [build_season] Build season data files (squads, stats, traits CSVs)
2026-04-25 09:36:33,757 [INFO]   Running: /opt/homebrew/Caskroom/miniconda/base/envs/afl/bin/python /Users/marcuswagner/coding/AFL_dashboard/build_season_data.py 
2026-04-25 09:36:34,024 [INFO]   DONE [build_season] in 0.3s
2026-04-25 09:36:34,024 [INFO]     |   Western Bulldogs      43 players  Avg Age: 24.5  Avg Games: 75
2026-04-25 09:36:34,024 [INFO]     | 
2026-04-25 09:36:34,024 [INFO]     | ============================================================
2026-04-25 09:36:34,024 [INFO]     | ✅ 2026 DATA BUILD COMPLETE
2026-04-25 09:36:34,024 [INFO]     | ============================================================
2026-04-25 09:36:34,024 [INFO] START [wheelo_player_to_raw] Merge Wheelo player season data (matches, ratings) into raw player CSVs
2026-04-25 09:36:34,173 [INFO]   Wheelo Wheelo 2026 Season: 546 players, 18 teams
2026-04-25 09:36:34,194 [INFO]   Name mappings (41): {'Matt Flynn': 'Matthew Flynn', 'Archer May': 'Archie May', 'Leonardo Lombard': 'Leo Lombard', 'Matthew Johnson': 'Matt Johnson', 'Tom Stewart': 'Thomas Stewart', 'Thomas Edwards': 'Tom Edwards', 'Cam Mackenzie': 'Cameron Mackenzie', 'Matthew Owies': 'Matt Owies', 'Cam Rayner': 'Cameron Rayner', 'Zac Williams': 'Zachary Williams', 'Lachie Jones': 'Lachlan Jones', 'Tom Burton': 'Thomas Burton', 'Lachie Ash': 'Lachlan Ash', 'Oliver Dempsey': 'Ollie Dempsey', 'Zach Merrett': 'Zachary Merrett', 'Sam Collins': 'Samuel Collins', 'Christopher Scerri': 'Chris Scerri', 'Jack Macrae': 'Jackson Macrae', 'William Hayes': 'Will Hayes', 'Connor Macdonald': 'Connor MacDonald', 'Lachie Weller': 'Lachlan Weller', 'Ollie Wines': 'Oliver Wines', 'Joe Fonti': 'Joseph Fonti', 'Harry Himmelberg': 'Harrison Himmelberg', 'Jacob van Rooyen': 'Jacob Van Rooyen', 'Tom Liberatore': 'Thomas Liberatore', 'Mitch Knevitt': 'Mitchell Knevitt', 'Brad Close': 'Bradley Close', 'Nicholas Madden': 'Nick Madden', 'Matthew Carroll': 'Matt Carroll', 'Dan Butler': 'Daniel Butler', 'Lachlan Sullivan': 'Lachie Sullivan', 'Lachie Schultz': 'Lachlan Schultz', 'Sam Grlj': 'Samuel Grlj', 'Mitch Lewis': 'Mitchell Lewis', 'Josh Weddle': 'Joshua Weddle', 'Lachie Fogarty': 'Lachlan Fogarty', 'Mitch Owens': 'Mitchito Owens', 'Tim English': 'Timothy English', 'William Edwards': 'Will Edwards', 'Matt Roberts': 'Matthew Roberts'}
2026-04-25 09:36:34,203 [INFO]   Backed up player_stats_2026.csv → backups/player_stats_2026_20260425_093634.csv
2026-04-25 09:36:34,206 [INFO]   Updated player_stats_2026.csv: 546 players with matches from Wheelo
2026-04-25 09:36:34,223 [INFO]   Backed up squads_2026.csv → backups/squads_2026_20260425_093634.csv
2026-04-25 09:36:34,226 [INFO]   Updated squads_2026.csv: 546 players matched from Wheelo
2026-04-25 09:36:34,226 [INFO]   DONE [wheelo_player_to_raw] in 0.2s
2026-04-25 09:36:34,226 [INFO] START [regenerate_ratings] Regenerate computed team summaries and ladders
2026-04-25 09:36:34,226 [INFO]   Running: /opt/homebrew/Caskroom/miniconda/base/envs/afl/bin/python /Users/marcuswagner/coding/AFL_dashboard/regenerate_ratings.py 
2026-04-25 09:36:34,499 [INFO]   DONE [regenerate_ratings] in 0.3s
2026-04-25 09:36:34,500 [INFO]     | Skipping 2025 Last 5 - no raw data
2026-04-25 09:36:34,500 [INFO]     | 
2026-04-25 09:36:34,500 [INFO]     | ============================================================
2026-04-25 09:36:34,500 [INFO]     | DONE!
2026-04-25 09:36:34,500 [INFO]     | ============================================================
2026-04-25 09:36:34,500 [INFO] START [refresh_master_ladders] Update master workbook Team_Ladders_All with freshly-scraped ladder data
2026-04-25 09:36:49,594 [INFO]   Refreshed Team_Ladders_All: 287 rows
2026-04-25 09:36:49,598 [INFO]   DONE [refresh_master_ladders] in 15.1s
2026-04-25 09:36:49,599 [INFO] START [update_photos] Download photos for any new/missing players
2026-04-25 09:36:49,599 [INFO]   Running: /opt/homebrew/Caskroom/miniconda/base/envs/afl/bin/python /Users/marcuswagner/coding/AFL_dashboard/auto_update_photos.py 
2026-04-25 09:56:35,614 [INFO]   DONE [update_photos] in 1186.0s
2026-04-25 09:56:35,615 [INFO]     | 
2026-04-25 09:56:35,616 [INFO] START [validate_freshness] Validate pipeline output files are present and fresh
2026-04-25 09:56:35,616 [INFO]   Running: /opt/homebrew/Caskroom/miniconda/base/envs/afl/bin/python /Users/marcuswagner/coding/AFL_dashboard/validate_pipeline_freshness.py 
2026-04-25 09:56:35,646 [INFO]   DONE [validate_freshness] in 0.0s
2026-04-25 09:56:35,647 [INFO]     |   ✓ FRESH    footywire_drafts_history.csv  (09:20)
2026-04-25 09:56:35,647 [INFO]     |   ⊘ OPTIONAL footywire_2026_with_traits.csv  (stale — 97.0h ago)
2026-04-25 09:56:35,647 [INFO]     |   ✓ FRESH    traits_2026.csv  (09:36)
2026-04-25 09:56:35,647 [INFO]     | 
2026-04-25 09:56:35,647 [INFO]     | ✅ All required files are present and fresh.
2026-04-25 09:56:35,647 [INFO] START [validate_schemas] Validate CSV output schemas (columns, row counts, data quality)
2026-04-25 09:56:35,660 [INFO]   DONE [validate_schemas] 0 warning(s) in 0.0s
2026-04-25 09:56:35,660 [INFO] START [data_diff_check] Compare pipeline outputs against backups and alert on anomalies
2026-04-25 09:56:35,671 [INFO]   DONE [data_diff_check] no anomalies in 0.0s
2026-04-25 09:56:35,671 [INFO]   SKIP [team_selections] – Skipped: only runs on Wed, Thu, Fri
2026-04-25 09:56:35,671 [INFO]   SKIP [validate_selections] – Skipped: only runs on Mon, Tue
2026-04-25 09:56:35,671 [INFO] 
2026-04-25 09:56:35,671 [INFO] ============================================================
2026-04-25 09:56:35,671 [INFO] UPDATE SUMMARY
2026-04-25 09:56:35,671 [INFO] ============================================================
2026-04-25 09:56:35,671 [INFO]   ✓ footywire_squads: OK
2026-04-25 09:56:35,671 [INFO]   ✓ footywire_extended: OK
2026-04-25 09:56:35,671 [INFO]   ✓ afl_ladders: OK
2026-04-25 09:56:35,671 [INFO]   ✓ wheelo_ratings: OK
2026-04-25 09:56:35,671 [INFO]   ✓ wheelo_match_stats: OK
2026-04-25 09:56:35,671 [INFO]   ⊘ traits_api: SKIPPED: Skipped: only runs on Mon, Tue, Sun
2026-04-25 09:56:35,671 [INFO]   ✓ wheelo_to_raw: OK
2026-04-25 09:56:35,671 [INFO]   ✓ build_season: OK
2026-04-25 09:56:35,671 [INFO]   ✓ wheelo_player_to_raw: OK
2026-04-25 09:56:35,671 [INFO]   ✓ regenerate_ratings: OK
2026-04-25 09:56:35,671 [INFO]   ✓ refresh_master_ladders: OK
2026-04-25 09:56:35,671 [INFO]   ✓ update_photos: OK
2026-04-25 09:56:35,671 [INFO]   ✓ validate_freshness: OK
2026-04-25 09:56:35,671 [INFO]   ✓ validate_schemas: OK
2026-04-25 09:56:35,671 [INFO]   ✓ data_diff_check: OK
2026-04-25 09:56:35,671 [INFO]   ⊘ team_selections: SKIPPED: Skipped: only runs on Wed, Thu, Fri
2026-04-25 09:56:35,671 [INFO]   ⊘ validate_selections: SKIPPED: Skipped: only runs on Mon, Tue
2026-04-25 09:56:35,671 [INFO] 
2026-04-25 09:56:35,671 [INFO] Results: 17 passed, 0 failed, 3 skipped
2026-04-25 09:56:35,671 [INFO] Total time: 10132s (168.9 min)
2026-04-25 09:56:35,671 [INFO] Log: /Users/marcuswagner/coding/AFL_dashboard/logs/scheduled_update_2026-04-25_0707.log
2026-04-25 09:56:35,686 [INFO] Stopped Streamlit (PIDs: 88083)
2026-04-25 09:56:37,725 [INFO] Restarted Streamlit app.
2026-04-25 09:56:37,725 [WARNING] 
⚠️  Completed with 3 skipped step(s).
2026-04-25 09:56:42,517 [INFO] Email sent to marcus.wagner@futureedgesport.com.au
