2026-03-21 07:00:06,332 [INFO] Log file: /Users/marcuswagner/coding/AFL_dashboard/logs/scheduled_update_2026-03-21_0700.log
2026-03-21 07:00:06,332 [INFO] ============================================================
2026-03-21 07:00:06,332 [INFO] AFL Dashboard – Scheduled Data Update
2026-03-21 07:00:06,332 [INFO] Date: Saturday 21 March 2026 07:00
2026-03-21 07:00:06,332 [INFO] Mode: FULL
2026-03-21 07:00:06,333 [INFO] ============================================================
2026-03-21 07:00:06,333 [INFO] Python: /opt/homebrew/Caskroom/miniconda/base/envs/afl/bin/python
2026-03-21 07:00:06,333 [INFO] 
Steps to run (2):
2026-03-21 07:00:06,333 [INFO]   • wheelo_ratings: Scrape Wheelo team & player ratings (Selenium) [SLOW]
2026-03-21 07:00:06,333 [INFO]   • wheelo_match_stats: Scrape Wheelo match-by-match player ratings + Brownlow predictions (Selenium) [SLOW]
2026-03-21 07:00:06,333 [INFO] 
2026-03-21 07:00:06,333 [INFO] START [wheelo_ratings] Scrape Wheelo team & player ratings (Selenium)
2026-03-21 07:00:06,333 [INFO]   Running: /opt/homebrew/Caskroom/miniconda/base/envs/afl/bin/python /Users/marcuswagner/coding/AFL_dashboard/scrape_wheelo_ratings.py --all
2026-03-21 07:00:56,887 [INFO]   DONE [wheelo_ratings] in 50.6s
2026-03-21 07:00:56,888 [INFO]     | 📊 Team Stats downloaded: 3 files
2026-03-21 07:00:56,888 [INFO]     | 📊 Player Stats downloaded: 3 files
2026-03-21 07:00:56,888 [INFO]     | 📊 Squad Lists downloaded: 1 file
2026-03-21 07:00:56,888 [INFO]     | 
2026-03-21 07:00:56,888 [INFO]     | 📁 CSV files saved in: /Users/marcuswagner/coding/AFL_dashboard/wheelo_downloads
2026-03-21 07:00:56,888 [INFO] START [wheelo_match_stats] Scrape Wheelo match-by-match player ratings + Brownlow predictions (Selenium)
2026-03-21 07:00:56,888 [INFO]   Running: /opt/homebrew/Caskroom/miniconda/base/envs/afl/bin/python /Users/marcuswagner/coding/AFL_dashboard/scrape_wheelo_match_stats.py --brownlow
2026-03-21 07:01:36,192 [INFO]   DONE [wheelo_match_stats] in 39.3s
2026-03-21 07:01:36,192 [INFO]     | ============================================================
2026-03-21 07:01:36,192 [INFO]     | 🔧 Chrome driver attempt 1/3…
2026-03-21 07:01:36,192 [INFO]     | ✅ Chrome driver ready
2026-03-21 07:01:36,192 [INFO]     | 
2026-03-21 07:01:36,192 [INFO]     | 💾 Saved 644 rows → /Users/marcuswagner/coding/AFL_dashboard/data/raw/player/brownlow_predictions_2026.csv
2026-03-21 07:01:36,192 [INFO] 
2026-03-21 07:01:36,192 [INFO] ============================================================
2026-03-21 07:01:36,192 [INFO] UPDATE SUMMARY
2026-03-21 07:01:36,192 [INFO] ============================================================
2026-03-21 07:01:36,192 [INFO]   ✓ wheelo_ratings: OK
2026-03-21 07:01:36,192 [INFO]   ✓ wheelo_match_stats: OK
2026-03-21 07:01:36,192 [INFO] 
2026-03-21 07:01:36,192 [INFO] Results: 2 passed, 0 failed, 0 skipped
2026-03-21 07:01:36,192 [INFO] Total time: 90s (1.5 min)
2026-03-21 07:01:36,192 [INFO] Log: /Users/marcuswagner/coding/AFL_dashboard/logs/scheduled_update_2026-03-21_0700.log
2026-03-21 07:01:36,194 [INFO] 
✅ All steps completed successfully!
2026-03-21 07:01:41,608 [INFO] Email sent to marcus.wagner@futureedgesport.com.au
