2026-04-04 07:13:14,053 [INFO] Log file: /Users/marcuswagner/coding/AFL_dashboard/logs/scheduled_update_2026-04-04_0713.log
2026-04-04 07:13:14,053 [INFO] ============================================================
2026-04-04 07:13:14,053 [INFO] AFL Dashboard – Scheduled Data Update
2026-04-04 07:13:14,053 [INFO] Date: Saturday 04 April 2026 07:13
2026-04-04 07:13:14,053 [INFO] Mode: FULL
2026-04-04 07:13:14,053 [INFO] ============================================================
2026-04-04 07:13:14,053 [INFO] Python: /opt/homebrew/Caskroom/miniconda/base/envs/afl/bin/python
2026-04-04 07:13:14,053 [INFO] 
Steps to run (2):
2026-04-04 07:13:14,053 [INFO]   • wheelo_ratings: Scrape Wheelo team & player ratings (Selenium) [SLOW]
2026-04-04 07:13:14,053 [INFO]   • wheelo_match_stats: Scrape Wheelo match-by-match player ratings + Brownlow predictions (Selenium) [SLOW]
2026-04-04 07:13:14,053 [INFO] 
2026-04-04 07:13:14,053 [INFO] START [wheelo_ratings] Scrape Wheelo team & player ratings (Selenium)
2026-04-04 07:13:14,053 [INFO]   Running: /opt/homebrew/Caskroom/miniconda/base/envs/afl/bin/python /Users/marcuswagner/coding/AFL_dashboard/scrape_wheelo_ratings.py --all
2026-04-04 08:40:12,374 [INFO]   DONE [wheelo_ratings] in 5218.3s
2026-04-04 08:40:12,374 [INFO]     | 📊 Team Stats downloaded: 3 files
2026-04-04 08:40:12,374 [INFO]     | 📊 Player Stats downloaded: 3 files
2026-04-04 08:40:12,374 [INFO]     | 📊 Squad Lists downloaded: 1 file
2026-04-04 08:40:12,374 [INFO]     | 
2026-04-04 08:40:12,374 [INFO]     | 📁 CSV files saved in: /Users/marcuswagner/coding/AFL_dashboard/wheelo_downloads
2026-04-04 08:40:12,374 [INFO] START [wheelo_match_stats] Scrape Wheelo match-by-match player ratings + Brownlow predictions (Selenium)
2026-04-04 08:40:12,374 [INFO]   Running: /opt/homebrew/Caskroom/miniconda/base/envs/afl/bin/python /Users/marcuswagner/coding/AFL_dashboard/scrape_wheelo_match_stats.py --brownlow
2026-04-04 10:20:16,897 [INFO]   DONE [wheelo_match_stats] in 6004.5s
2026-04-04 10:20:16,897 [INFO]     | ============================================================
2026-04-04 10:20:16,897 [INFO]     | 🔧 Chrome driver attempt 1/3…
2026-04-04 10:20:16,897 [INFO]     | ✅ Chrome driver ready
2026-04-04 10:20:16,897 [INFO]     | 
2026-04-04 10:20:16,897 [INFO]     | 💾 Saved 1288 rows → /Users/marcuswagner/coding/AFL_dashboard/data/raw/player/brownlow_predictions_2026.csv
2026-04-04 10:20:16,897 [INFO] 
2026-04-04 10:20:16,897 [INFO] ============================================================
2026-04-04 10:20:16,897 [INFO] UPDATE SUMMARY
2026-04-04 10:20:16,898 [INFO] ============================================================
2026-04-04 10:20:16,898 [INFO]   ✓ wheelo_ratings: OK
2026-04-04 10:20:16,898 [INFO]   ✓ wheelo_match_stats: OK
2026-04-04 10:20:16,898 [INFO] 
2026-04-04 10:20:16,898 [INFO] Results: 2 passed, 0 failed, 0 skipped
2026-04-04 10:20:16,898 [INFO] Total time: 11223s (187.0 min)
2026-04-04 10:20:16,898 [INFO] Log: /Users/marcuswagner/coding/AFL_dashboard/logs/scheduled_update_2026-04-04_0713.log
2026-04-04 10:20:16,900 [INFO] Log rotation: removed 1 old log file(s)
2026-04-04 10:20:16,900 [INFO] 
✅ All steps completed successfully!
2026-04-04 10:20:32,752 [INFO] Email sent to marcus.wagner@futureedgesport.com.au
