2026-04-09 07:00:06,584 [INFO] Log file: /Users/marcuswagner/coding/AFL_dashboard/logs/scheduled_update_2026-04-09_0700.log
2026-04-09 07:00:06,584 [INFO] ============================================================
2026-04-09 07:00:06,584 [INFO] AFL Dashboard – Scheduled Data Update
2026-04-09 07:00:06,584 [INFO] Date: Thursday 09 April 2026 07:00
2026-04-09 07:00:06,584 [INFO] Mode: FULL
2026-04-09 07:00:06,584 [INFO] ============================================================
2026-04-09 07:00:06,584 [INFO] Python: /opt/homebrew/Caskroom/miniconda/base/envs/afl/bin/python
2026-04-09 07:00:06,584 [INFO] 
Steps to run (2):
2026-04-09 07:00:06,584 [INFO]   • wheelo_ratings: Scrape Wheelo team & player ratings (Selenium) [SLOW]
2026-04-09 07:00:06,584 [INFO]   • wheelo_match_stats: Scrape Wheelo match-by-match player ratings + Brownlow predictions (Selenium) [SLOW]
2026-04-09 07:00:06,584 [INFO] 
2026-04-09 07:00:06,584 [INFO] START [wheelo_ratings] Scrape Wheelo team & player ratings (Selenium)
2026-04-09 07:00:06,585 [INFO]   Running: /opt/homebrew/Caskroom/miniconda/base/envs/afl/bin/python /Users/marcuswagner/coding/AFL_dashboard/scrape_wheelo_ratings.py --all
2026-04-09 07:00:57,941 [INFO]   DONE [wheelo_ratings] in 51.4s
2026-04-09 07:00:57,941 [INFO]     | 📊 Team Stats downloaded: 3 files
2026-04-09 07:00:57,941 [INFO]     | 📊 Player Stats downloaded: 3 files
2026-04-09 07:00:57,941 [INFO]     | 📊 Squad Lists downloaded: 1 file
2026-04-09 07:00:57,941 [INFO]     | 
2026-04-09 07:00:57,941 [INFO]     | 📁 CSV files saved in: /Users/marcuswagner/coding/AFL_dashboard/wheelo_downloads
2026-04-09 07:00:57,941 [INFO] START [wheelo_match_stats] Scrape Wheelo match-by-match player ratings + Brownlow predictions (Selenium)
2026-04-09 07:00:57,941 [INFO]   Running: /opt/homebrew/Caskroom/miniconda/base/envs/afl/bin/python /Users/marcuswagner/coding/AFL_dashboard/scrape_wheelo_match_stats.py --brownlow
2026-04-09 07:01:52,291 [INFO]   DONE [wheelo_match_stats] in 54.3s
2026-04-09 07:01:52,292 [INFO]     | ============================================================
2026-04-09 07:01:52,292 [INFO]     | 🔧 Chrome driver attempt 1/3…
2026-04-09 07:01:52,292 [INFO]     | ✅ Chrome driver ready
2026-04-09 07:01:52,292 [INFO]     | 
2026-04-09 07:01:52,292 [INFO]     | 💾 Saved 1656 rows → /Users/marcuswagner/coding/AFL_dashboard/data/raw/player/brownlow_predictions_2026.csv
2026-04-09 07:01:52,292 [INFO] 
2026-04-09 07:01:52,292 [INFO] ============================================================
2026-04-09 07:01:52,292 [INFO] UPDATE SUMMARY
2026-04-09 07:01:52,292 [INFO] ============================================================
2026-04-09 07:01:52,292 [INFO]   ✓ wheelo_ratings: OK
2026-04-09 07:01:52,292 [INFO]   ✓ wheelo_match_stats: OK
2026-04-09 07:01:52,292 [INFO] 
2026-04-09 07:01:52,292 [INFO] Results: 2 passed, 0 failed, 0 skipped
2026-04-09 07:01:52,292 [INFO] Total time: 106s (1.8 min)
2026-04-09 07:01:52,292 [INFO] Log: /Users/marcuswagner/coding/AFL_dashboard/logs/scheduled_update_2026-04-09_0700.log
2026-04-09 07:01:52,304 [INFO] Log rotation: removed 1 old log file(s)
2026-04-09 07:01:52,320 [INFO] Stopped Streamlit (PIDs: 8374, 89410)
2026-04-09 07:01:54,427 [INFO] Restarted Streamlit app.
2026-04-09 07:01:54,427 [INFO] 
✅ All steps completed successfully!
2026-04-09 07:02:01,081 [INFO] Email sent to marcus.wagner@futureedgesport.com.au
