2026-03-23 07:00:03,492 [INFO] Log file: /Users/marcuswagner/coding/AFL_dashboard/logs/scheduled_update_2026-03-23_0700.log
2026-03-23 07:00:03,492 [INFO] ============================================================
2026-03-23 07:00:03,492 [INFO] AFL Dashboard – Scheduled Data Update
2026-03-23 07:00:03,492 [INFO] Date: Monday 23 March 2026 07:00
2026-03-23 07:00:03,492 [INFO] Mode: FULL
2026-03-23 07:00:03,492 [INFO] ============================================================
2026-03-23 07:00:03,492 [INFO] Python: /opt/homebrew/Caskroom/miniconda/base/envs/afl/bin/python
2026-03-23 07:00:03,492 [INFO] 
Steps to run (2):
2026-03-23 07:00:03,492 [INFO]   • wheelo_ratings: Scrape Wheelo team & player ratings (Selenium) [SLOW]
2026-03-23 07:00:03,492 [INFO]   • wheelo_match_stats: Scrape Wheelo match-by-match player ratings + Brownlow predictions (Selenium) [SLOW]
2026-03-23 07:00:03,492 [INFO] 
2026-03-23 07:00:03,492 [INFO] START [wheelo_ratings] Scrape Wheelo team & player ratings (Selenium)
2026-03-23 07:00:03,492 [INFO]   Running: /opt/homebrew/Caskroom/miniconda/base/envs/afl/bin/python /Users/marcuswagner/coding/AFL_dashboard/scrape_wheelo_ratings.py --all
2026-03-23 07:00:03,492 [INFO] Log file: /Users/marcuswagner/coding/AFL_dashboard/logs/scheduled_update_2026-03-23_0700.log
2026-03-23 07:00:03,492 [INFO] ============================================================
2026-03-23 07:00:03,492 [INFO] AFL Dashboard – Scheduled Data Update
2026-03-23 07:00:03,492 [INFO] Date: Monday 23 March 2026 07:00
2026-03-23 07:00:03,493 [INFO] Mode: FULL
2026-03-23 07:00:03,493 [INFO] ============================================================
2026-03-23 07:00:03,493 [INFO] Python: /opt/homebrew/Caskroom/miniconda/base/envs/afl/bin/python
2026-03-23 07:00:03,493 [INFO] 
Steps to run (15):
2026-03-23 07:00:03,493 [INFO]   • footywire_squads: Scrape player squads from Footywire
2026-03-23 07:00:03,493 [INFO]   • footywire_extended: Scrape contracts & draft history from Footywire
2026-03-23 07:00:03,493 [INFO]   • afl_ladders: Scrape AFL ladder standings from Footywire (current season)
2026-03-23 07:00:03,493 [INFO]   • wheelo_ratings: Scrape Wheelo team & player ratings (Selenium) [SLOW]
2026-03-23 07:00:03,493 [INFO]   • wheelo_match_stats: Scrape Wheelo match-by-match player ratings + Brownlow predictions (Selenium) [SLOW]
2026-03-23 07:00:03,493 [INFO]   • traits_api: Fetch Traits API data for current-season players [SLOW]
2026-03-23 07:00:03,493 [INFO]   • wheelo_to_raw: Copy Wheelo team stats to raw data folder for ratings pipeline
2026-03-23 07:00:03,493 [INFO]   • build_season: Build season data files (squads, stats, traits CSVs)
2026-03-23 07:00:03,493 [INFO]   • wheelo_player_to_raw: Merge Wheelo player season data (matches, ratings) into raw player CSVs
2026-03-23 07:00:03,493 [INFO]   • regenerate_ratings: Regenerate computed team summaries and ladders
2026-03-23 07:00:03,493 [INFO]   • refresh_master_ladders: Update master workbook Team_Ladders_All with freshly-scraped ladder data
2026-03-23 07:00:03,493 [INFO]   • update_photos: Download photos for any new/missing players [SLOW]
2026-03-23 07:00:03,493 [INFO]   • validate_freshness: Validate pipeline output files are present and fresh
2026-03-23 07:00:03,493 [INFO]   • validate_schemas: Validate CSV output schemas (columns, row counts, data quality)
2026-03-23 07:00:03,493 [INFO]   • data_diff_check: Compare pipeline outputs against backups and alert on anomalies
2026-03-23 07:00:03,493 [INFO] 
2026-03-23 07:00:03,493 [INFO] START [footywire_squads] Scrape player squads from Footywire
2026-03-23 07:00:03,493 [INFO]   Running: /opt/homebrew/Caskroom/miniconda/base/envs/afl/bin/python /Users/marcuswagner/coding/AFL_dashboard/scrape_footywire.py 
2026-03-23 07:00:36,458 [INFO]   DONE [footywire_squads] in 33.0s
2026-03-23 07:00:36,459 [INFO]     | DefenderRuck          1
2026-03-23 07:00:36,459 [INFO]     | Name: count, dtype: int64
2026-03-23 07:00:36,459 [INFO]     | 
2026-03-23 07:00:36,459 [INFO]     | 
2026-03-23 07:00:36,459 [INFO]     | Updated DOB cache: 0 new entries
2026-03-23 07:00:36,459 [INFO] START [footywire_extended] Scrape contracts & draft history from Footywire
2026-03-23 07:00:36,459 [INFO]   Running: /opt/homebrew/Caskroom/miniconda/base/envs/afl/bin/python /Users/marcuswagner/coding/AFL_dashboard/scrape_footywire_extended.py --current-only
2026-03-23 07:00:53,920 [INFO]   DONE [wheelo_ratings] in 50.4s
2026-03-23 07:00:53,921 [INFO]     | 📊 Team Stats downloaded: 3 files
2026-03-23 07:00:53,921 [INFO]     | 📊 Player Stats downloaded: 3 files
2026-03-23 07:00:53,921 [INFO]     | 📊 Squad Lists downloaded: 1 file
2026-03-23 07:00:53,921 [INFO]     | 
2026-03-23 07:00:53,921 [INFO]     | 📁 CSV files saved in: /Users/marcuswagner/coding/AFL_dashboard/wheelo_downloads
2026-03-23 07:00:53,921 [INFO] START [wheelo_match_stats] Scrape Wheelo match-by-match player ratings + Brownlow predictions (Selenium)
2026-03-23 07:00:53,921 [INFO]   Running: /opt/homebrew/Caskroom/miniconda/base/envs/afl/bin/python /Users/marcuswagner/coding/AFL_dashboard/scrape_wheelo_match_stats.py --brownlow
2026-03-23 07:01:32,292 [INFO]   DONE [wheelo_match_stats] in 38.4s
2026-03-23 07:01:32,292 [INFO]     | ============================================================
2026-03-23 07:01:32,292 [INFO]     | 🔧 Chrome driver attempt 1/3…
2026-03-23 07:01:32,292 [INFO]     | ✅ Chrome driver ready
2026-03-23 07:01:32,292 [INFO]     | 
2026-03-23 07:01:32,292 [INFO]     | 💾 Saved 644 rows → /Users/marcuswagner/coding/AFL_dashboard/data/raw/player/brownlow_predictions_2026.csv
2026-03-23 07:01:32,293 [INFO] 
2026-03-23 07:01:32,293 [INFO] ============================================================
2026-03-23 07:01:32,293 [INFO] UPDATE SUMMARY
2026-03-23 07:01:32,293 [INFO] ============================================================
2026-03-23 07:01:32,293 [INFO]   ✓ wheelo_ratings: OK
2026-03-23 07:01:32,293 [INFO]   ✓ wheelo_match_stats: OK
2026-03-23 07:01:32,293 [INFO] 
2026-03-23 07:01:32,293 [INFO] Results: 2 passed, 0 failed, 0 skipped
2026-03-23 07:01:32,293 [INFO] Total time: 89s (1.5 min)
2026-03-23 07:01:32,293 [INFO] Log: /Users/marcuswagner/coding/AFL_dashboard/logs/scheduled_update_2026-03-23_0700.log
2026-03-23 07:01:32,293 [INFO] 
✅ All steps completed successfully!
2026-03-23 07:01:39,958 [INFO] Email sent to marcus.wagner@futureedgesport.com.au
2026-03-23 07:08:54,100 [INFO]   DONE [footywire_extended] in 497.6s
2026-03-23 07:08:54,101 [INFO]     | 5  Adelaide    Brayden Cook           2026.0           Non-Free Agent      2020.0    National          1.0        25.0
2026-03-23 07:08:54,101 [INFO]     | 6  Adelaide     Indy Cotton           2027.0                  Unknown         NaN        None          NaN         NaN
2026-03-23 07:08:54,101 [INFO]     | 7  Adelaide   Isaac Cumming           2030.0           Non-Free Agent      2016.0    National          1.0        20.0
2026-03-23 07:08:54,101 [INFO]     | 8  Adelaide   Daniel Curtin           2029.0           Non-Free Agent      2023.0    National          1.0         8.0
2026-03-23 07:08:54,101 [INFO]     | 9  Adelaide   Jordan Dawson           2029.0    Restricted Free Agent      2015.0    National          4.0        56.0
2026-03-23 07:08:54,101 [INFO] START [afl_ladders] Scrape AFL ladder standings from Footywire (current season)
2026-03-23 07:08:54,101 [INFO]   Running: /opt/homebrew/Caskroom/miniconda/base/envs/afl/bin/python /Users/marcuswagner/coding/AFL_dashboard/scrape_afl_ladders.py --current-only
2026-03-23 07:08:56,400 [INFO]   DONE [afl_ladders] in 2.3s
2026-03-23 07:08:56,400 [INFO]     |   2026: 18 teams
2026-03-23 07:08:56,400 [INFO]     | 
2026-03-23 07:08:56,400 [INFO]     | ============================================================
2026-03-23 07:08:56,400 [INFO]     | Completed: 2026-03-23 07:08:56
2026-03-23 07:08:56,400 [INFO]     | ============================================================
2026-03-23 07:08:56,400 [INFO] START [wheelo_ratings] Scrape Wheelo team & player ratings (Selenium)
2026-03-23 07:08:56,400 [INFO]   Running: /opt/homebrew/Caskroom/miniconda/base/envs/afl/bin/python /Users/marcuswagner/coding/AFL_dashboard/scrape_wheelo_ratings.py --all
2026-03-23 07:09:41,552 [INFO]   DONE [wheelo_ratings] in 45.2s
2026-03-23 07:09:41,553 [INFO]     | 📊 Team Stats downloaded: 3 files
2026-03-23 07:09:41,553 [INFO]     | 📊 Player Stats downloaded: 3 files
2026-03-23 07:09:41,553 [INFO]     | 📊 Squad Lists downloaded: 1 file
2026-03-23 07:09:41,553 [INFO]     | 
2026-03-23 07:09:41,553 [INFO]     | 📁 CSV files saved in: /Users/marcuswagner/coding/AFL_dashboard/wheelo_downloads
2026-03-23 07:09:41,553 [INFO] START [wheelo_match_stats] Scrape Wheelo match-by-match player ratings + Brownlow predictions (Selenium)
2026-03-23 07:09:41,553 [INFO]   Running: /opt/homebrew/Caskroom/miniconda/base/envs/afl/bin/python /Users/marcuswagner/coding/AFL_dashboard/scrape_wheelo_match_stats.py --brownlow
2026-03-23 07:10:19,471 [INFO]   DONE [wheelo_match_stats] in 37.9s
2026-03-23 07:10:19,472 [INFO]     | ============================================================
2026-03-23 07:10:19,472 [INFO]     | 🔧 Chrome driver attempt 1/3…
2026-03-23 07:10:19,472 [INFO]     | ✅ Chrome driver ready
2026-03-23 07:10:19,472 [INFO]     | 
2026-03-23 07:10:19,472 [INFO]     | 💾 Saved 644 rows → /Users/marcuswagner/coding/AFL_dashboard/data/raw/player/brownlow_predictions_2026.csv
2026-03-23 07:10:19,472 [INFO] START [traits_api] Fetch Traits API data for current-season players
2026-03-23 07:10:19,472 [INFO]   Running: /opt/homebrew/Caskroom/miniconda/base/envs/afl/bin/python /Users/marcuswagner/coding/AFL_dashboard/run_traits_api.py 
2026-03-23 07:14:42,519 [INFO]   DONE [traits_api] in 263.0s
2026-03-23 07:14:42,520 [INFO]     | 11      Sid Draper  Adelaide           1.38               None           None
2026-03-23 07:14:42,520 [INFO]     | 
2026-03-23 07:14:42,520 [INFO]     | Top 10 Overall Rated Players:
2026-03-23 07:14:42,520 [INFO]     | 
2026-03-23 07:14:42,520 [INFO]     | ⚠️  Dataset enhancement failed: Column 'Overall_Rating' has dtype object, cannot use method 'nlargest' with this dtype
2026-03-23 07:14:42,520 [INFO] START [wheelo_to_raw] Copy Wheelo team stats to raw data folder for ratings pipeline
2026-03-23 07:14:42,866 [INFO]   Backed up team_stats_2026.csv → backups/team_stats_2026_20260323_071442.csv
2026-03-23 07:14:42,869 [INFO]   Copied Wheelo 2026 Season -> team_stats_2026.csv (18 teams)
2026-03-23 07:14:42,885 [INFO]   Backed up team_stats_2026_L10.csv → backups/team_stats_2026_L10_20260323_071442.csv
2026-03-23 07:14:42,886 [INFO]   Copied Wheelo 2026 L10 -> team_stats_2026_L10.csv (18 teams)
2026-03-23 07:14:42,907 [INFO]   Backed up team_stats_2026_L5.csv → backups/team_stats_2026_L5_20260323_071442.csv
2026-03-23 07:14:42,908 [INFO]   Copied Wheelo 2026 L5 -> team_stats_2026_L5.csv (18 teams)
2026-03-23 07:14:42,908 [INFO]   DONE [wheelo_to_raw] in 0.4s
2026-03-23 07:14:42,908 [INFO] START [build_season] Build season data files (squads, stats, traits CSVs)
2026-03-23 07:14:42,909 [INFO]   Running: /opt/homebrew/Caskroom/miniconda/base/envs/afl/bin/python /Users/marcuswagner/coding/AFL_dashboard/build_season_data.py 
2026-03-23 07:14:43,171 [INFO]   DONE [build_season] in 0.3s
2026-03-23 07:14:43,171 [INFO]     |   Western Bulldogs      43 players  Avg Age: 24.3  Avg Games: 73
2026-03-23 07:14:43,171 [INFO]     | 
2026-03-23 07:14:43,171 [INFO]     | ============================================================
2026-03-23 07:14:43,171 [INFO]     | ✅ 2026 DATA BUILD COMPLETE
2026-03-23 07:14:43,171 [INFO]     | ============================================================
2026-03-23 07:14:43,171 [INFO] START [wheelo_player_to_raw] Merge Wheelo player season data (matches, ratings) into raw player CSVs
2026-03-23 07:14:43,291 [INFO]   Wheelo Wheelo 2026 Season: 450 players, 18 teams
2026-03-23 07:14:43,307 [INFO]   Name mappings (32): {'Mitch Knevitt': 'Mitchell Knevitt', 'Sam Collins': 'Samuel Collins', 'Lachie Jones': 'Lachlan Jones', 'Leonardo Lombard': 'Leo Lombard', 'Joe Fonti': 'Joseph Fonti', 'Connor Macdonald': 'Connor MacDonald', 'Tom Liberatore': 'Thomas Liberatore', 'Zach Merrett': 'Zachary Merrett', 'Lachie Weller': 'Lachlan Weller', 'Tim English': 'Timothy English', 'Matthew Johnson': 'Matt Johnson', 'Tom Stewart': 'Thomas Stewart', 'Christopher Scerri': 'Chris Scerri', 'Cam Rayner': 'Cameron Rayner', 'Mitch Lewis': 'Mitchell Lewis', 'Jacob van Rooyen': 'Jacob Van Rooyen', 'Harry Himmelberg': 'Harrison Himmelberg', 'Brad Close': 'Bradley Close', 'Matt Flynn': 'Matthew Flynn', 'Sam Grlj': 'Samuel Grlj', 'Mitch Owens': 'Mitchito Owens', 'Lachie Fogarty': 'Lachlan Fogarty', 'Oliver Dempsey': 'Ollie Dempsey', 'Matt Roberts': 'Matthew Roberts', 'Lachie Schultz': 'Lachlan Schultz', 'Lachie Ash': 'Lachlan Ash', 'Zac Williams': 'Zachary Williams', 'Matthew Carroll': 'Matt Carroll', 'Archer May': 'Archie May', 'Jack Macrae': 'Jackson Macrae', 'Josh Weddle': 'Joshua Weddle', 'Cam Mackenzie': 'Cameron Mackenzie'}
2026-03-23 07:14:43,315 [INFO]   Backed up player_stats_2026.csv → backups/player_stats_2026_20260323_071443.csv
2026-03-23 07:14:43,317 [INFO]   Updated player_stats_2026.csv: 450 players with matches from Wheelo
2026-03-23 07:14:43,334 [INFO]   Backed up squads_2026.csv → backups/squads_2026_20260323_071443.csv
2026-03-23 07:14:43,336 [INFO]   Updated squads_2026.csv: 450 players matched from Wheelo
2026-03-23 07:14:43,336 [INFO]   DONE [wheelo_player_to_raw] in 0.2s
2026-03-23 07:14:43,336 [INFO] START [regenerate_ratings] Regenerate computed team summaries and ladders
2026-03-23 07:14:43,336 [INFO]   Running: /opt/homebrew/Caskroom/miniconda/base/envs/afl/bin/python /Users/marcuswagner/coding/AFL_dashboard/regenerate_ratings.py 
2026-03-23 07:14:43,610 [INFO]   DONE [regenerate_ratings] in 0.3s
2026-03-23 07:14:43,611 [INFO]     | Skipping 2025 Last 5 - no raw data
2026-03-23 07:14:43,611 [INFO]     | 
2026-03-23 07:14:43,611 [INFO]     | ============================================================
2026-03-23 07:14:43,611 [INFO]     | DONE!
2026-03-23 07:14:43,611 [INFO]     | ============================================================
2026-03-23 07:14:43,611 [INFO] START [refresh_master_ladders] Update master workbook Team_Ladders_All with freshly-scraped ladder data
2026-03-23 07:14:56,033 [INFO]   Refreshed Team_Ladders_All: 287 rows
2026-03-23 07:14:56,036 [INFO]   DONE [refresh_master_ladders] in 12.4s
2026-03-23 07:14:56,036 [INFO] START [update_photos] Download photos for any new/missing players
2026-03-23 07:14:56,036 [INFO]   Running: /opt/homebrew/Caskroom/miniconda/base/envs/afl/bin/python /Users/marcuswagner/coding/AFL_dashboard/auto_update_photos.py 
2026-03-23 07:17:48,594 [INFO]   DONE [update_photos] in 172.6s
2026-03-23 07:17:48,595 [INFO]     | 
2026-03-23 07:17:48,595 [INFO] START [validate_freshness] Validate pipeline output files are present and fresh
2026-03-23 07:17:48,595 [INFO]   Running: /opt/homebrew/Caskroom/miniconda/base/envs/afl/bin/python /Users/marcuswagner/coding/AFL_dashboard/validate_pipeline_freshness.py 
2026-03-23 07:17:48,626 [INFO]   DONE [validate_freshness] in 0.0s
2026-03-23 07:17:48,627 [INFO]     |   ✓ FRESH    footywire_drafts_history.csv  (07:08)
2026-03-23 07:17:48,627 [INFO]     |   ✓ FRESH    footywire_2026_with_traits.csv  (07:14)
2026-03-23 07:17:48,627 [INFO]     |   ✓ FRESH    traits_2026.csv  (07:14)
2026-03-23 07:17:48,627 [INFO]     | 
2026-03-23 07:17:48,627 [INFO]     | ✅ All required files are present and fresh.
2026-03-23 07:17:48,627 [INFO] START [validate_schemas] Validate CSV output schemas (columns, row counts, data quality)
2026-03-23 07:17:48,638 [INFO]   DONE [validate_schemas] 0 warning(s) in 0.0s
2026-03-23 07:17:48,638 [INFO] START [data_diff_check] Compare pipeline outputs against backups and alert on anomalies
2026-03-23 07:17:48,648 [INFO]   DONE [data_diff_check] no anomalies in 0.0s
2026-03-23 07:17:48,648 [INFO] 
2026-03-23 07:17:48,648 [INFO] ============================================================
2026-03-23 07:17:48,648 [INFO] UPDATE SUMMARY
2026-03-23 07:17:48,648 [INFO] ============================================================
2026-03-23 07:17:48,648 [INFO]   ✓ footywire_squads: OK
2026-03-23 07:17:48,648 [INFO]   ✓ footywire_extended: OK
2026-03-23 07:17:48,648 [INFO]   ✓ afl_ladders: OK
2026-03-23 07:17:48,648 [INFO]   ✓ wheelo_ratings: OK
2026-03-23 07:17:48,648 [INFO]   ✓ wheelo_match_stats: OK
2026-03-23 07:17:48,648 [INFO]   ✓ traits_api: OK
2026-03-23 07:17:48,648 [INFO]   ✓ wheelo_to_raw: OK
2026-03-23 07:17:48,648 [INFO]   ✓ build_season: OK
2026-03-23 07:17:48,648 [INFO]   ✓ wheelo_player_to_raw: OK
2026-03-23 07:17:48,648 [INFO]   ✓ regenerate_ratings: OK
2026-03-23 07:17:48,648 [INFO]   ✓ refresh_master_ladders: OK
2026-03-23 07:17:48,648 [INFO]   ✓ update_photos: OK
2026-03-23 07:17:48,648 [INFO]   ✓ validate_freshness: OK
2026-03-23 07:17:48,648 [INFO]   ✓ validate_schemas: OK
2026-03-23 07:17:48,648 [INFO]   ✓ data_diff_check: OK
2026-03-23 07:17:48,648 [INFO] 
2026-03-23 07:17:48,648 [INFO] Results: 15 passed, 0 failed, 0 skipped
2026-03-23 07:17:48,648 [INFO] Total time: 1065s (17.8 min)
2026-03-23 07:17:48,648 [INFO] Log: /Users/marcuswagner/coding/AFL_dashboard/logs/scheduled_update_2026-03-23_0700.log
2026-03-23 07:17:48,648 [INFO] 
✅ All steps completed successfully!
2026-03-23 07:17:55,724 [INFO] Email sent to marcus.wagner@futureedgesport.com.au
