2026-04-29 19:00:03,510 [INFO] Log file: /Users/marcuswagner/coding/AFL_dashboard/logs/scheduled_update_2026-04-29_1900.log
2026-04-29 19:00:03,510 [INFO] ============================================================
2026-04-29 19:00:03,510 [INFO] AFL Dashboard – Scheduled Data Update
2026-04-29 19:00:03,510 [INFO] Date: Wednesday 29 April 2026 19:00
2026-04-29 19:00:03,511 [INFO] Mode: FULL
2026-04-29 19:00:03,511 [INFO] ============================================================
2026-04-29 19:00:03,511 [INFO] Python: /opt/homebrew/Caskroom/miniconda/base/envs/afl/bin/python
2026-04-29 19:00:03,511 [INFO] 
Steps to run (1):
2026-04-29 19:00:03,511 [INFO]   • team_selections: Scrape team selections & fixture from FootyWire + Squiggle API
2026-04-29 19:00:03,511 [INFO] 
2026-04-29 19:00:03,512 [INFO] START [team_selections] Scrape team selections & fixture from FootyWire + Squiggle API
2026-04-29 19:00:03,512 [INFO]   Running: /opt/homebrew/Caskroom/miniconda/base/envs/afl/bin/python /Users/marcuswagner/coding/AFL_dashboard/scrape_team_selections.py 
2026-04-29 19:00:08,155 [INFO]   DONE [team_selections] in 4.6s
2026-04-29 19:00:08,155 [INFO]     | 
2026-04-29 19:00:08,155 [INFO] 
2026-04-29 19:00:08,155 [INFO] ============================================================
2026-04-29 19:00:08,155 [INFO] UPDATE SUMMARY
2026-04-29 19:00:08,155 [INFO] ============================================================
2026-04-29 19:00:08,155 [INFO]   ✓ team_selections: OK
2026-04-29 19:00:08,155 [INFO] 
2026-04-29 19:00:08,155 [INFO] Results: 1 passed, 0 failed, 0 skipped
2026-04-29 19:00:08,155 [INFO] Total time: 5s (0.1 min)
2026-04-29 19:00:08,155 [INFO] Log: /Users/marcuswagner/coding/AFL_dashboard/logs/scheduled_update_2026-04-29_1900.log
2026-04-29 19:00:08,164 [INFO] Log rotation: removed 1 old log file(s)
2026-04-29 19:00:08,176 [INFO] No running Streamlit process found – skip restart.
2026-04-29 19:00:08,176 [INFO] 
✅ All steps completed successfully!
2026-04-29 19:00:14,272 [INFO] Email sent to marcus.wagner@futureedgesport.com.au
