2026-03-28 07:00:03,310 [INFO] Log file: /Users/marcuswagner/coding/AFL_dashboard/logs/scheduled_update_2026-03-28_0700.log
2026-03-28 07:00:03,310 [INFO] ============================================================
2026-03-28 07:00:03,310 [INFO] AFL Dashboard – Scheduled Data Update
2026-03-28 07:00:03,310 [INFO] Date: Saturday 28 March 2026 07:00
2026-03-28 07:00:03,310 [INFO] Mode: FULL
2026-03-28 07:00:03,310 [INFO] ============================================================
2026-03-28 07:00:03,310 [INFO] Python: /opt/homebrew/Caskroom/miniconda/base/envs/afl/bin/python
2026-03-28 07:00:03,310 [INFO] 
Steps to run (2):
2026-03-28 07:00:03,310 [INFO]   • wheelo_ratings: Scrape Wheelo team & player ratings (Selenium) [SLOW]
2026-03-28 07:00:03,310 [INFO]   • wheelo_match_stats: Scrape Wheelo match-by-match player ratings + Brownlow predictions (Selenium) [SLOW]
2026-03-28 07:00:03,310 [INFO] 
2026-03-28 07:00:03,310 [INFO] START [wheelo_ratings] Scrape Wheelo team & player ratings (Selenium)
2026-03-28 07:00:03,310 [INFO]   Running: /opt/homebrew/Caskroom/miniconda/base/envs/afl/bin/python /Users/marcuswagner/coding/AFL_dashboard/scrape_wheelo_ratings.py --all
2026-03-28 07:00:52,984 [INFO]   DONE [wheelo_ratings] in 49.7s
2026-03-28 07:00:52,985 [INFO]     | 📊 Team Stats downloaded: 3 files
2026-03-28 07:00:52,985 [INFO]     | 📊 Player Stats downloaded: 3 files
2026-03-28 07:00:52,985 [INFO]     | 📊 Squad Lists downloaded: 1 file
2026-03-28 07:00:52,985 [INFO]     | 
2026-03-28 07:00:52,985 [INFO]     | 📁 CSV files saved in: /Users/marcuswagner/coding/AFL_dashboard/wheelo_downloads
2026-03-28 07:00:52,985 [INFO] START [wheelo_match_stats] Scrape Wheelo match-by-match player ratings + Brownlow predictions (Selenium)
2026-03-28 07:00:52,985 [INFO]   Running: /opt/homebrew/Caskroom/miniconda/base/envs/afl/bin/python /Users/marcuswagner/coding/AFL_dashboard/scrape_wheelo_match_stats.py --brownlow
2026-03-28 07:01:39,550 [INFO]   DONE [wheelo_match_stats] in 46.6s
2026-03-28 07:01:39,550 [INFO]     | ============================================================
2026-03-28 07:01:39,551 [INFO]     | 🔧 Chrome driver attempt 1/3…
2026-03-28 07:01:39,551 [INFO]     | ✅ Chrome driver ready
2026-03-28 07:01:39,551 [INFO]     | 
2026-03-28 07:01:39,551 [INFO]     | 💾 Saved 966 rows → /Users/marcuswagner/coding/AFL_dashboard/data/raw/player/brownlow_predictions_2026.csv
2026-03-28 07:01:39,551 [INFO] 
2026-03-28 07:01:39,551 [INFO] ============================================================
2026-03-28 07:01:39,551 [INFO] UPDATE SUMMARY
2026-03-28 07:01:39,551 [INFO] ============================================================
2026-03-28 07:01:39,551 [INFO]   ✓ wheelo_ratings: OK
2026-03-28 07:01:39,551 [INFO]   ✓ wheelo_match_stats: OK
2026-03-28 07:01:39,551 [INFO] 
2026-03-28 07:01:39,551 [INFO] Results: 2 passed, 0 failed, 0 skipped
2026-03-28 07:01:39,551 [INFO] Total time: 96s (1.6 min)
2026-03-28 07:01:39,551 [INFO] Log: /Users/marcuswagner/coding/AFL_dashboard/logs/scheduled_update_2026-03-28_0700.log
2026-03-28 07:01:39,551 [INFO] 
✅ All steps completed successfully!
2026-03-28 07:01:45,461 [INFO] Email sent to marcus.wagner@futureedgesport.com.au
