2026-04-08 07:00:07,181 [INFO] Log file: /Users/marcuswagner/coding/AFL_dashboard/logs/scheduled_update_2026-04-08_0700.log
2026-04-08 07:00:07,181 [INFO] ============================================================
2026-04-08 07:00:07,181 [INFO] AFL Dashboard – Scheduled Data Update
2026-04-08 07:00:07,181 [INFO] Date: Wednesday 08 April 2026 07:00
2026-04-08 07:00:07,181 [INFO] Mode: FULL
2026-04-08 07:00:07,181 [INFO] ============================================================
2026-04-08 07:00:07,181 [INFO] Python: /opt/homebrew/Caskroom/miniconda/base/envs/afl/bin/python
2026-04-08 07:00:07,181 [INFO] 
Steps to run (2):
2026-04-08 07:00:07,181 [INFO]   • wheelo_ratings: Scrape Wheelo team & player ratings (Selenium) [SLOW]
2026-04-08 07:00:07,181 [INFO]   • wheelo_match_stats: Scrape Wheelo match-by-match player ratings + Brownlow predictions (Selenium) [SLOW]
2026-04-08 07:00:07,181 [INFO] 
2026-04-08 07:00:07,182 [INFO] START [wheelo_ratings] Scrape Wheelo team & player ratings (Selenium)
2026-04-08 07:00:07,182 [INFO]   Running: /opt/homebrew/Caskroom/miniconda/base/envs/afl/bin/python /Users/marcuswagner/coding/AFL_dashboard/scrape_wheelo_ratings.py --all
2026-04-08 07:01:01,696 [INFO]   DONE [wheelo_ratings] in 54.5s
2026-04-08 07:01:01,696 [INFO]     | 📊 Team Stats downloaded: 3 files
2026-04-08 07:01:01,696 [INFO]     | 📊 Player Stats downloaded: 3 files
2026-04-08 07:01:01,696 [INFO]     | 📊 Squad Lists downloaded: 1 file
2026-04-08 07:01:01,696 [INFO]     | 
2026-04-08 07:01:01,696 [INFO]     | 📁 CSV files saved in: /Users/marcuswagner/coding/AFL_dashboard/wheelo_downloads
2026-04-08 07:01:01,696 [INFO] START [wheelo_match_stats] Scrape Wheelo match-by-match player ratings + Brownlow predictions (Selenium)
2026-04-08 07:01:01,696 [INFO]   Running: /opt/homebrew/Caskroom/miniconda/base/envs/afl/bin/python /Users/marcuswagner/coding/AFL_dashboard/scrape_wheelo_match_stats.py --brownlow
2026-04-08 07:01:54,004 [INFO]   DONE [wheelo_match_stats] in 52.3s
2026-04-08 07:01:54,005 [INFO]     | ============================================================
2026-04-08 07:01:54,005 [INFO]     | 🔧 Chrome driver attempt 1/3…
2026-04-08 07:01:54,005 [INFO]     | ✅ Chrome driver ready
2026-04-08 07:01:54,005 [INFO]     | 
2026-04-08 07:01:54,005 [INFO]     | 💾 Saved 1656 rows → /Users/marcuswagner/coding/AFL_dashboard/data/raw/player/brownlow_predictions_2026.csv
2026-04-08 07:01:54,005 [INFO] 
2026-04-08 07:01:54,005 [INFO] ============================================================
2026-04-08 07:01:54,005 [INFO] UPDATE SUMMARY
2026-04-08 07:01:54,005 [INFO] ============================================================
2026-04-08 07:01:54,005 [INFO]   ✓ wheelo_ratings: OK
2026-04-08 07:01:54,005 [INFO]   ✓ wheelo_match_stats: OK
2026-04-08 07:01:54,005 [INFO] 
2026-04-08 07:01:54,005 [INFO] Results: 2 passed, 0 failed, 0 skipped
2026-04-08 07:01:54,005 [INFO] Total time: 107s (1.8 min)
2026-04-08 07:01:54,005 [INFO] Log: /Users/marcuswagner/coding/AFL_dashboard/logs/scheduled_update_2026-04-08_0700.log
2026-04-08 07:01:54,009 [INFO] Log rotation: removed 1 old log file(s)
2026-04-08 07:01:54,023 [INFO] Stopped Streamlit (PIDs: 69418)
2026-04-08 07:01:56,177 [INFO] Restarted Streamlit app.
2026-04-08 07:01:56,178 [INFO] 
✅ All steps completed successfully!
2026-04-08 07:02:02,110 [INFO] Email sent to marcus.wagner@futureedgesport.com.au
