2026-04-10 07:05:29,021 [INFO] Log file: /Users/marcuswagner/coding/AFL_dashboard/logs/scheduled_update_2026-04-10_0705.log
2026-04-10 07:05:29,021 [INFO] Log file: /Users/marcuswagner/coding/AFL_dashboard/logs/scheduled_update_2026-04-10_0705.log
2026-04-10 07:05:29,021 [INFO] ============================================================
2026-04-10 07:05:29,021 [INFO] ============================================================
2026-04-10 07:05:29,021 [INFO] AFL Dashboard – Scheduled Data Update
2026-04-10 07:05:29,021 [INFO] AFL Dashboard – Scheduled Data Update
2026-04-10 07:05:29,021 [INFO] Date: Friday 10 April 2026 07:05
2026-04-10 07:05:29,021 [INFO] Date: Friday 10 April 2026 07:05
2026-04-10 07:05:29,021 [INFO] Mode: FULL
2026-04-10 07:05:29,021 [INFO] Mode: FULL
2026-04-10 07:05:29,021 [INFO] ============================================================
2026-04-10 07:05:29,021 [INFO] ============================================================
2026-04-10 07:05:29,021 [INFO] Python: /opt/homebrew/Caskroom/miniconda/base/envs/afl/bin/python
2026-04-10 07:05:29,021 [INFO] Python: /opt/homebrew/Caskroom/miniconda/base/envs/afl/bin/python
2026-04-10 07:05:29,021 [INFO] 
Steps to run (2):
2026-04-10 07:05:29,021 [INFO] 
Steps to run (15):
2026-04-10 07:05:29,021 [INFO]   • wheelo_ratings: Scrape Wheelo team & player ratings (Selenium) [SLOW]
2026-04-10 07:05:29,021 [INFO]   • footywire_squads: Scrape player squads from Footywire
2026-04-10 07:05:29,021 [INFO]   • wheelo_match_stats: Scrape Wheelo match-by-match player ratings + Brownlow predictions (Selenium) [SLOW]
2026-04-10 07:05:29,021 [INFO]   • footywire_extended: Scrape contracts & draft history from Footywire
2026-04-10 07:05:29,021 [INFO] 
2026-04-10 07:05:29,021 [INFO]   • afl_ladders: Scrape AFL ladder standings from Footywire (current season)
2026-04-10 07:05:29,021 [INFO]   • wheelo_ratings: Scrape Wheelo team & player ratings (Selenium) [SLOW]
2026-04-10 07:05:29,021 [INFO] START [wheelo_ratings] Scrape Wheelo team & player ratings (Selenium)
2026-04-10 07:05:29,021 [INFO]   • wheelo_match_stats: Scrape Wheelo match-by-match player ratings + Brownlow predictions (Selenium) [SLOW]
2026-04-10 07:05:29,021 [INFO]   Running: /opt/homebrew/Caskroom/miniconda/base/envs/afl/bin/python /Users/marcuswagner/coding/AFL_dashboard/scrape_wheelo_ratings.py --all
2026-04-10 07:05:29,021 [INFO]   • traits_api: Fetch Traits API data for current-season players [SLOW]
2026-04-10 07:05:29,021 [INFO]   • wheelo_to_raw: Copy Wheelo team stats to raw data folder for ratings pipeline
2026-04-10 07:05:29,021 [INFO]   • build_season: Build season data files (squads, stats, traits CSVs)
2026-04-10 07:05:29,021 [INFO]   • wheelo_player_to_raw: Merge Wheelo player season data (matches, ratings) into raw player CSVs
2026-04-10 07:05:29,021 [INFO]   • regenerate_ratings: Regenerate computed team summaries and ladders
2026-04-10 07:05:29,021 [INFO]   • refresh_master_ladders: Update master workbook Team_Ladders_All with freshly-scraped ladder data
2026-04-10 07:05:29,021 [INFO]   • update_photos: Download photos for any new/missing players [SLOW]
2026-04-10 07:05:29,021 [INFO]   • validate_freshness: Validate pipeline output files are present and fresh
2026-04-10 07:05:29,021 [INFO]   • validate_schemas: Validate CSV output schemas (columns, row counts, data quality)
2026-04-10 07:05:29,021 [INFO]   • data_diff_check: Compare pipeline outputs against backups and alert on anomalies
2026-04-10 07:05:29,021 [INFO] 
2026-04-10 07:05:29,021 [INFO] START [footywire_squads] Scrape player squads from Footywire
2026-04-10 07:05:29,022 [INFO]   Running: /opt/homebrew/Caskroom/miniconda/base/envs/afl/bin/python /Users/marcuswagner/coding/AFL_dashboard/scrape_footywire.py 
2026-04-10 07:06:00,758 [INFO]   DONE [footywire_squads] in 31.7s
2026-04-10 07:06:00,759 [INFO]     | DefenderRuck          1
2026-04-10 07:06:00,759 [INFO]     | Name: count, dtype: int64
2026-04-10 07:06:00,759 [INFO]     | 
2026-04-10 07:06:00,759 [INFO]     | 
2026-04-10 07:06:00,759 [INFO]     | Updated DOB cache: 0 new entries
2026-04-10 07:06:00,759 [INFO] START [footywire_extended] Scrape contracts & draft history from Footywire
2026-04-10 07:06:00,759 [INFO]   Running: /opt/homebrew/Caskroom/miniconda/base/envs/afl/bin/python /Users/marcuswagner/coding/AFL_dashboard/scrape_footywire_extended.py --current-only
2026-04-10 07:06:24,971 [INFO]   DONE [wheelo_ratings] in 55.9s
2026-04-10 07:06:24,971 [INFO]     | 📊 Team Stats downloaded: 3 files
2026-04-10 07:06:24,971 [INFO]     | 📊 Player Stats downloaded: 3 files
2026-04-10 07:06:24,971 [INFO]     | 📊 Squad Lists downloaded: 1 file
2026-04-10 07:06:24,971 [INFO]     | 
2026-04-10 07:06:24,971 [INFO]     | 📁 CSV files saved in: /Users/marcuswagner/coding/AFL_dashboard/wheelo_downloads
2026-04-10 07:06:24,971 [INFO] START [wheelo_match_stats] Scrape Wheelo match-by-match player ratings + Brownlow predictions (Selenium)
2026-04-10 07:06:24,971 [INFO]   Running: /opt/homebrew/Caskroom/miniconda/base/envs/afl/bin/python /Users/marcuswagner/coding/AFL_dashboard/scrape_wheelo_match_stats.py --brownlow
2026-04-10 07:07:27,271 [INFO]   DONE [wheelo_match_stats] in 62.3s
2026-04-10 07:07:27,272 [INFO]     | ============================================================
2026-04-10 07:07:27,272 [INFO]     | 🔧 Chrome driver attempt 1/3…
2026-04-10 07:07:27,272 [INFO]     | ✅ Chrome driver ready
2026-04-10 07:07:27,272 [INFO]     | 
2026-04-10 07:07:27,272 [INFO]     | 💾 Saved 1656 rows → /Users/marcuswagner/coding/AFL_dashboard/data/raw/player/brownlow_predictions_2026.csv
2026-04-10 07:07:27,272 [INFO] 
2026-04-10 07:07:27,272 [INFO] ============================================================
2026-04-10 07:07:27,272 [INFO] UPDATE SUMMARY
2026-04-10 07:07:27,272 [INFO] ============================================================
2026-04-10 07:07:27,272 [INFO]   ✓ wheelo_ratings: OK
2026-04-10 07:07:27,272 [INFO]   ✓ wheelo_match_stats: OK
2026-04-10 07:07:27,272 [INFO] 
2026-04-10 07:07:27,272 [INFO] Results: 2 passed, 0 failed, 0 skipped
2026-04-10 07:07:27,272 [INFO] Total time: 118s (2.0 min)
2026-04-10 07:07:27,272 [INFO] Log: /Users/marcuswagner/coding/AFL_dashboard/logs/scheduled_update_2026-04-10_0705.log
2026-04-10 07:07:27,273 [INFO] Log rotation: removed 1 old log file(s)
2026-04-10 07:07:27,284 [INFO] Stopped Streamlit (PIDs: 32838, 36075)
2026-04-10 07:07:29,437 [INFO] Restarted Streamlit app.
2026-04-10 07:07:29,437 [INFO] 
✅ All steps completed successfully!
2026-04-10 07:07:34,871 [INFO] Email sent to marcus.wagner@futureedgesport.com.au
2026-04-10 07:15:49,546 [INFO]   DONE [footywire_extended] in 588.8s
2026-04-10 07:15:49,546 [INFO]     | 5  Adelaide    Brayden Cook           2026.0           Non-Free Agent      2020.0    National          1.0        25.0
2026-04-10 07:15:49,546 [INFO]     | 6  Adelaide     Indy Cotton           2027.0                  Unknown         NaN        None          NaN         NaN
2026-04-10 07:15:49,546 [INFO]     | 7  Adelaide   Isaac Cumming           2030.0           Non-Free Agent      2016.0    National          1.0        20.0
2026-04-10 07:15:49,547 [INFO]     | 8  Adelaide   Daniel Curtin           2029.0           Non-Free Agent      2023.0    National          1.0         8.0
2026-04-10 07:15:49,547 [INFO]     | 9  Adelaide   Jordan Dawson           2029.0    Restricted Free Agent      2015.0    National          4.0        56.0
2026-04-10 07:15:49,547 [INFO] START [afl_ladders] Scrape AFL ladder standings from Footywire (current season)
2026-04-10 07:15:49,547 [INFO]   Running: /opt/homebrew/Caskroom/miniconda/base/envs/afl/bin/python /Users/marcuswagner/coding/AFL_dashboard/scrape_afl_ladders.py --current-only
2026-04-10 07:15:51,491 [INFO]   DONE [afl_ladders] in 1.9s
2026-04-10 07:15:51,491 [INFO]     |   2026: 18 teams
2026-04-10 07:15:51,491 [INFO]     | 
2026-04-10 07:15:51,491 [INFO]     | ============================================================
2026-04-10 07:15:51,491 [INFO]     | Completed: 2026-04-10 07:15:51
2026-04-10 07:15:51,491 [INFO]     | ============================================================
2026-04-10 07:15:51,491 [INFO] START [wheelo_ratings] Scrape Wheelo team & player ratings (Selenium)
2026-04-10 07:15:51,491 [INFO]   Running: /opt/homebrew/Caskroom/miniconda/base/envs/afl/bin/python /Users/marcuswagner/coding/AFL_dashboard/scrape_wheelo_ratings.py --all
2026-04-10 07:16:44,611 [INFO]   DONE [wheelo_ratings] in 53.1s
2026-04-10 07:16:44,612 [INFO]     | 📊 Team Stats downloaded: 3 files
2026-04-10 07:16:44,612 [INFO]     | 📊 Player Stats downloaded: 3 files
2026-04-10 07:16:44,612 [INFO]     | 📊 Squad Lists downloaded: 1 file
2026-04-10 07:16:44,612 [INFO]     | 
2026-04-10 07:16:44,612 [INFO]     | 📁 CSV files saved in: /Users/marcuswagner/coding/AFL_dashboard/wheelo_downloads
2026-04-10 07:16:44,612 [INFO] START [wheelo_match_stats] Scrape Wheelo match-by-match player ratings + Brownlow predictions (Selenium)
2026-04-10 07:16:44,612 [INFO]   Running: /opt/homebrew/Caskroom/miniconda/base/envs/afl/bin/python /Users/marcuswagner/coding/AFL_dashboard/scrape_wheelo_match_stats.py --brownlow
2026-04-10 07:17:47,108 [INFO]   DONE [wheelo_match_stats] in 62.5s
2026-04-10 07:17:47,108 [INFO]     | ============================================================
2026-04-10 07:17:47,109 [INFO]     | 🔧 Chrome driver attempt 1/3…
2026-04-10 07:17:47,109 [INFO]     | ✅ Chrome driver ready
2026-04-10 07:17:47,109 [INFO]     | 
2026-04-10 07:17:47,109 [INFO]     | 💾 Saved 1656 rows → /Users/marcuswagner/coding/AFL_dashboard/data/raw/player/brownlow_predictions_2026.csv
2026-04-10 07:17:47,109 [INFO] START [traits_api] Fetch Traits API data for current-season players
2026-04-10 07:17:47,109 [INFO]   Running: /opt/homebrew/Caskroom/miniconda/base/envs/afl/bin/python /Users/marcuswagner/coding/AFL_dashboard/run_traits_api.py 
2026-04-10 07:36:00,948 [INFO]   DONE [traits_api] in 1093.8s
2026-04-10 07:36:00,948 [INFO]     |  Callum Wilkie    St Kilda            3.43               None           None
2026-04-10 07:36:00,948 [INFO]     |   Errol Gulden      Sydney            3.38               None           None
2026-04-10 07:36:00,948 [INFO]     | Harris Andrews    Brisbane            3.36               None           None
2026-04-10 07:36:00,948 [INFO]     |   James Sicily    Hawthorn            3.36               None           None
2026-04-10 07:36:00,948 [INFO]     |  Milan Murdock  West Coast            3.34               None           None
2026-04-10 07:36:00,948 [INFO] START [wheelo_to_raw] Copy Wheelo team stats to raw data folder for ratings pipeline
2026-04-10 07:36:01,364 [INFO]   Backed up team_stats_2026.csv → backups/team_stats_2026_20260410_073601.csv
2026-04-10 07:36:01,366 [INFO]   Copied Wheelo 2026 Season -> team_stats_2026.csv (18 teams)
2026-04-10 07:36:01,382 [INFO]   Backed up team_stats_2026_L10.csv → backups/team_stats_2026_L10_20260410_073601.csv
2026-04-10 07:36:01,384 [INFO]   Copied Wheelo 2026 L10 -> team_stats_2026_L10.csv (18 teams)
2026-04-10 07:36:01,405 [INFO]   Backed up team_stats_2026_L5.csv → backups/team_stats_2026_L5_20260410_073601.csv
2026-04-10 07:36:01,407 [INFO]   Copied Wheelo 2026 L5 -> team_stats_2026_L5.csv (18 teams)
2026-04-10 07:36:01,407 [INFO]   DONE [wheelo_to_raw] in 0.5s
2026-04-10 07:36:01,407 [INFO] START [build_season] Build season data files (squads, stats, traits CSVs)
2026-04-10 07:36:01,407 [INFO]   Running: /opt/homebrew/Caskroom/miniconda/base/envs/afl/bin/python /Users/marcuswagner/coding/AFL_dashboard/build_season_data.py 
2026-04-10 07:36:01,687 [INFO]   DONE [build_season] in 0.3s
2026-04-10 07:36:01,687 [INFO]     |   Western Bulldogs      43 players  Avg Age: 24.4  Avg Games: 74
2026-04-10 07:36:01,687 [INFO]     | 
2026-04-10 07:36:01,687 [INFO]     | ============================================================
2026-04-10 07:36:01,687 [INFO]     | ✅ 2026 DATA BUILD COMPLETE
2026-04-10 07:36:01,687 [INFO]     | ============================================================
2026-04-10 07:36:01,687 [INFO] START [wheelo_player_to_raw] Merge Wheelo player season data (matches, ratings) into raw player CSVs
2026-04-10 07:36:01,826 [INFO]   Wheelo Wheelo 2026 Season: 509 players, 18 teams
2026-04-10 07:36:01,843 [INFO]   Name mappings (38): {'Lachie Jones': 'Lachlan Jones', 'Sam Collins': 'Samuel Collins', 'Christopher Scerri': 'Chris Scerri', 'Jacob van Rooyen': 'Jacob Van Rooyen', 'Leonardo Lombard': 'Leo Lombard', 'Harry Himmelberg': 'Harrison Himmelberg', 'Tom Stewart': 'Thomas Stewart', 'Thomas Edwards': 'Tom Edwards', 'Josh Weddle': 'Joshua Weddle', 'Joe Fonti': 'Joseph Fonti', 'Matt Flynn': 'Matthew Flynn', 'Cam Mackenzie': 'Cameron Mackenzie', 'Tim English': 'Timothy English', 'Ollie Wines': 'Oliver Wines', 'Matt Roberts': 'Matthew Roberts', 'Mitch Lewis': 'Mitchell Lewis', 'Zac Williams': 'Zachary Williams', 'Lachie Fogarty': 'Lachlan Fogarty', 'Lachie Ash': 'Lachlan Ash', 'Oliver Dempsey': 'Ollie Dempsey', 'William Hayes': 'Will Hayes', 'Lachie Weller': 'Lachlan Weller', 'Connor Macdonald': 'Connor MacDonald', 'Zach Merrett': 'Zachary Merrett', 'Matthew Carroll': 'Matt Carroll', 'Tom Liberatore': 'Thomas Liberatore', 'Matthew Owies': 'Matt Owies', 'Dan Butler': 'Daniel Butler', 'Brad Close': 'Bradley Close', 'Archer May': 'Archie May', 'Mitch Owens': 'Mitchito Owens', 'Sam Grlj': 'Samuel Grlj', 'Lachie Schultz': 'Lachlan Schultz', 'Mitch Knevitt': 'Mitchell Knevitt', 'Jack Macrae': 'Jackson Macrae', 'Lachlan Sullivan': 'Lachie Sullivan', 'Matthew Johnson': 'Matt Johnson', 'Cam Rayner': 'Cameron Rayner'}
2026-04-10 07:36:01,851 [INFO]   Backed up player_stats_2026.csv → backups/player_stats_2026_20260410_073601.csv
2026-04-10 07:36:01,853 [INFO]   Updated player_stats_2026.csv: 509 players with matches from Wheelo
2026-04-10 07:36:01,870 [INFO]   Backed up squads_2026.csv → backups/squads_2026_20260410_073601.csv
2026-04-10 07:36:01,873 [INFO]   Updated squads_2026.csv: 509 players matched from Wheelo
2026-04-10 07:36:01,873 [INFO]   DONE [wheelo_player_to_raw] in 0.2s
2026-04-10 07:36:01,873 [INFO] START [regenerate_ratings] Regenerate computed team summaries and ladders
2026-04-10 07:36:01,873 [INFO]   Running: /opt/homebrew/Caskroom/miniconda/base/envs/afl/bin/python /Users/marcuswagner/coding/AFL_dashboard/regenerate_ratings.py 
2026-04-10 07:36:02,145 [INFO]   DONE [regenerate_ratings] in 0.3s
2026-04-10 07:36:02,145 [INFO]     | Skipping 2025 Last 5 - no raw data
2026-04-10 07:36:02,145 [INFO]     | 
2026-04-10 07:36:02,145 [INFO]     | ============================================================
2026-04-10 07:36:02,145 [INFO]     | DONE!
2026-04-10 07:36:02,145 [INFO]     | ============================================================
2026-04-10 07:36:02,145 [INFO] START [refresh_master_ladders] Update master workbook Team_Ladders_All with freshly-scraped ladder data
2026-04-10 07:36:14,575 [INFO]   Refreshed Team_Ladders_All: 287 rows
2026-04-10 07:36:14,578 [INFO]   DONE [refresh_master_ladders] in 12.4s
2026-04-10 07:36:14,578 [INFO] START [update_photos] Download photos for any new/missing players
2026-04-10 07:36:14,579 [INFO]   Running: /opt/homebrew/Caskroom/miniconda/base/envs/afl/bin/python /Users/marcuswagner/coding/AFL_dashboard/auto_update_photos.py 
2026-04-10 07:38:59,337 [INFO]   DONE [update_photos] in 164.8s
2026-04-10 07:38:59,338 [INFO]     | 
2026-04-10 07:38:59,340 [INFO] START [validate_freshness] Validate pipeline output files are present and fresh
2026-04-10 07:38:59,340 [INFO]   Running: /opt/homebrew/Caskroom/miniconda/base/envs/afl/bin/python /Users/marcuswagner/coding/AFL_dashboard/validate_pipeline_freshness.py 
2026-04-10 07:38:59,380 [INFO]   DONE [validate_freshness] in 0.0s
2026-04-10 07:38:59,380 [INFO]     |   ✓ FRESH    footywire_drafts_history.csv  (07:15)
2026-04-10 07:38:59,380 [INFO]     |   ✓ FRESH    footywire_2026_with_traits.csv  (07:36)
2026-04-10 07:38:59,380 [INFO]     |   ✓ FRESH    traits_2026.csv  (07:36)
2026-04-10 07:38:59,380 [INFO]     | 
2026-04-10 07:38:59,380 [INFO]     | ✅ All required files are present and fresh.
2026-04-10 07:38:59,381 [INFO] START [validate_schemas] Validate CSV output schemas (columns, row counts, data quality)
2026-04-10 07:38:59,393 [INFO]   DONE [validate_schemas] 0 warning(s) in 0.0s
2026-04-10 07:38:59,393 [INFO] START [data_diff_check] Compare pipeline outputs against backups and alert on anomalies
2026-04-10 07:38:59,403 [INFO]   DONE [data_diff_check] no anomalies in 0.0s
2026-04-10 07:38:59,403 [INFO] 
2026-04-10 07:38:59,403 [INFO] ============================================================
2026-04-10 07:38:59,403 [INFO] UPDATE SUMMARY
2026-04-10 07:38:59,403 [INFO] ============================================================
2026-04-10 07:38:59,403 [INFO]   ✓ footywire_squads: OK
2026-04-10 07:38:59,403 [INFO]   ✓ footywire_extended: OK
2026-04-10 07:38:59,403 [INFO]   ✓ afl_ladders: OK
2026-04-10 07:38:59,403 [INFO]   ✓ wheelo_ratings: OK
2026-04-10 07:38:59,403 [INFO]   ✓ wheelo_match_stats: OK
2026-04-10 07:38:59,403 [INFO]   ✓ traits_api: OK
2026-04-10 07:38:59,403 [INFO]   ✓ wheelo_to_raw: OK
2026-04-10 07:38:59,403 [INFO]   ✓ build_season: OK
2026-04-10 07:38:59,403 [INFO]   ✓ wheelo_player_to_raw: OK
2026-04-10 07:38:59,403 [INFO]   ✓ regenerate_ratings: OK
2026-04-10 07:38:59,403 [INFO]   ✓ refresh_master_ladders: OK
2026-04-10 07:38:59,403 [INFO]   ✓ update_photos: OK
2026-04-10 07:38:59,403 [INFO]   ✓ validate_freshness: OK
2026-04-10 07:38:59,403 [INFO]   ✓ validate_schemas: OK
2026-04-10 07:38:59,403 [INFO]   ✓ data_diff_check: OK
2026-04-10 07:38:59,403 [INFO] 
2026-04-10 07:38:59,403 [INFO] Results: 15 passed, 0 failed, 0 skipped
2026-04-10 07:38:59,403 [INFO] Total time: 2010s (33.5 min)
2026-04-10 07:38:59,403 [INFO] Log: /Users/marcuswagner/coding/AFL_dashboard/logs/scheduled_update_2026-04-10_0705.log
2026-04-10 07:38:59,417 [INFO] Stopped Streamlit (PIDs: 7035)
2026-04-10 07:39:01,583 [INFO] Restarted Streamlit app.
2026-04-10 07:39:01,584 [INFO] 
✅ All steps completed successfully!
2026-04-10 07:39:06,252 [INFO] Email sent to marcus.wagner@futureedgesport.com.au
