2026-04-01 07:16:16,068 [INFO] Log file: /Users/marcuswagner/coding/AFL_dashboard/logs/scheduled_update_2026-04-01_0716.log
2026-04-01 07:16:16,068 [INFO] ============================================================
2026-04-01 07:16:16,068 [INFO] AFL Dashboard – Scheduled Data Update
2026-04-01 07:16:16,068 [INFO] Date: Wednesday 01 April 2026 07:16
2026-04-01 07:16:16,068 [INFO] Mode: FULL
2026-04-01 07:16:16,068 [INFO] ============================================================
2026-04-01 07:16:16,068 [INFO] Python: /opt/homebrew/Caskroom/miniconda/base/envs/afl/bin/python
2026-04-01 07:16:16,068 [INFO] 
Steps to run (2):
2026-04-01 07:16:16,068 [INFO]   • wheelo_ratings: Scrape Wheelo team & player ratings (Selenium) [SLOW]
2026-04-01 07:16:16,068 [INFO]   • wheelo_match_stats: Scrape Wheelo match-by-match player ratings + Brownlow predictions (Selenium) [SLOW]
2026-04-01 07:16:16,068 [INFO] 
2026-04-01 07:16:16,068 [INFO] START [wheelo_ratings] Scrape Wheelo team & player ratings (Selenium)
2026-04-01 07:16:16,068 [INFO]   Running: /opt/homebrew/Caskroom/miniconda/base/envs/afl/bin/python /Users/marcuswagner/coding/AFL_dashboard/scrape_wheelo_ratings.py --all
2026-04-01 07:31:50,124 [INFO]   DONE [wheelo_ratings] in 934.1s
2026-04-01 07:31:50,124 [INFO]     | 📊 Team Stats downloaded: 3 files
2026-04-01 07:31:50,124 [INFO]     | 📊 Player Stats downloaded: 3 files
2026-04-01 07:31:50,124 [INFO]     | 📊 Squad Lists downloaded: 1 file
2026-04-01 07:31:50,124 [INFO]     | 
2026-04-01 07:31:50,124 [INFO]     | 📁 CSV files saved in: /Users/marcuswagner/coding/AFL_dashboard/wheelo_downloads
2026-04-01 07:31:50,124 [INFO] START [wheelo_match_stats] Scrape Wheelo match-by-match player ratings + Brownlow predictions (Selenium)
2026-04-01 07:31:50,124 [INFO]   Running: /opt/homebrew/Caskroom/miniconda/base/envs/afl/bin/python /Users/marcuswagner/coding/AFL_dashboard/scrape_wheelo_match_stats.py --brownlow
2026-04-01 07:32:35,715 [INFO]   DONE [wheelo_match_stats] in 45.6s
2026-04-01 07:32:35,716 [INFO]     | ============================================================
2026-04-01 07:32:35,716 [INFO]     | 🔧 Chrome driver attempt 1/3…
2026-04-01 07:32:35,716 [INFO]     | ✅ Chrome driver ready
2026-04-01 07:32:35,716 [INFO]     | 
2026-04-01 07:32:35,716 [INFO]     | 💾 Saved 1288 rows → /Users/marcuswagner/coding/AFL_dashboard/data/raw/player/brownlow_predictions_2026.csv
2026-04-01 07:32:35,716 [INFO] 
2026-04-01 07:32:35,716 [INFO] ============================================================
2026-04-01 07:32:35,716 [INFO] UPDATE SUMMARY
2026-04-01 07:32:35,716 [INFO] ============================================================
2026-04-01 07:32:35,716 [INFO]   ✓ wheelo_ratings: OK
2026-04-01 07:32:35,716 [INFO]   ✓ wheelo_match_stats: OK
2026-04-01 07:32:35,716 [INFO] 
2026-04-01 07:32:35,716 [INFO] Results: 2 passed, 0 failed, 0 skipped
2026-04-01 07:32:35,716 [INFO] Total time: 980s (16.3 min)
2026-04-01 07:32:35,716 [INFO] Log: /Users/marcuswagner/coding/AFL_dashboard/logs/scheduled_update_2026-04-01_0716.log
2026-04-01 07:32:35,719 [INFO] Log rotation: removed 1 old log file(s)
2026-04-01 07:32:35,719 [INFO] 
✅ All steps completed successfully!
2026-04-01 07:32:41,051 [INFO] Email sent to marcus.wagner@futureedgesport.com.au
