2026-05-02 07:00:03,735 [INFO] Log file: /Users/marcuswagner/coding/AFL_dashboard/logs/scheduled_update_2026-05-02_0700.log
2026-05-02 07:00:03,735 [INFO] Log file: /Users/marcuswagner/coding/AFL_dashboard/logs/scheduled_update_2026-05-02_0700.log
2026-05-02 07:00:03,735 [INFO] ============================================================
2026-05-02 07:00:03,735 [INFO] AFL Dashboard – Scheduled Data Update
2026-05-02 07:00:03,735 [INFO] ============================================================
2026-05-02 07:00:03,735 [INFO] Date: Saturday 02 May 2026 07:00
2026-05-02 07:00:03,735 [INFO] AFL Dashboard – Scheduled Data Update
2026-05-02 07:00:03,735 [INFO] Mode: FULL
2026-05-02 07:00:03,735 [INFO] Date: Saturday 02 May 2026 07:00
2026-05-02 07:00:03,735 [INFO] ============================================================
2026-05-02 07:00:03,735 [INFO] Mode: FULL
2026-05-02 07:00:03,735 [INFO] Python: /opt/homebrew/Caskroom/miniconda/base/envs/afl/bin/python
2026-05-02 07:00:03,735 [INFO] ============================================================
2026-05-02 07:00:03,735 [INFO] 
Steps to run (17):
2026-05-02 07:00:03,735 [INFO] Python: /opt/homebrew/Caskroom/miniconda/base/envs/afl/bin/python
2026-05-02 07:00:03,735 [INFO]   • footywire_squads: Scrape player squads from Footywire
2026-05-02 07:00:03,735 [INFO]   • footywire_extended: Scrape contracts & draft history from Footywire
2026-05-02 07:00:03,735 [INFO] 
Steps to run (2):
2026-05-02 07:00:03,735 [INFO]   • afl_ladders: Scrape AFL ladder standings from Footywire (current season)
2026-05-02 07:00:03,735 [INFO]   • wheelo_ratings: Scrape Wheelo team & player ratings (Selenium) [SLOW]
2026-05-02 07:00:03,735 [INFO]   • wheelo_ratings: Scrape Wheelo team & player ratings (Selenium) [SLOW]
2026-05-02 07:00:03,735 [INFO]   • wheelo_match_stats: Scrape Wheelo match-by-match player ratings + Brownlow predictions (Selenium) [SLOW]
2026-05-02 07:00:03,735 [INFO]   • wheelo_match_stats: Scrape Wheelo match-by-match player ratings + Brownlow predictions (Selenium) [SLOW]
2026-05-02 07:00:03,735 [INFO] 
2026-05-02 07:00:03,735 [INFO]   • traits_api: Fetch Traits API data for current-season players [SLOW]
2026-05-02 07:00:03,735 [INFO]   • wheelo_to_raw: Copy Wheelo team stats to raw data folder for ratings pipeline
2026-05-02 07:00:03,735 [INFO] START [wheelo_ratings] Scrape Wheelo team & player ratings (Selenium)
2026-05-02 07:00:03,735 [INFO]   • build_season: Build season data files (squads, stats, traits CSVs)
2026-05-02 07:00:03,735 [INFO]   Running: /opt/homebrew/Caskroom/miniconda/base/envs/afl/bin/python /Users/marcuswagner/coding/AFL_dashboard/scrape_wheelo_ratings.py --all
2026-05-02 07:00:03,735 [INFO]   • wheelo_player_to_raw: Merge Wheelo player season data (matches, ratings) into raw player CSVs
2026-05-02 07:00:03,735 [INFO]   • regenerate_ratings: Regenerate computed team summaries and ladders
2026-05-02 07:00:03,735 [INFO]   • refresh_master_ladders: Update master workbook Team_Ladders_All with freshly-scraped ladder data
2026-05-02 07:00:03,735 [INFO]   • update_photos: Download photos for any new/missing players [SLOW]
2026-05-02 07:00:03,735 [INFO]   • validate_freshness: Validate pipeline output files are present and fresh
2026-05-02 07:00:03,735 [INFO]   • validate_schemas: Validate CSV output schemas (columns, row counts, data quality)
2026-05-02 07:00:03,735 [INFO]   • data_diff_check: Compare pipeline outputs against backups and alert on anomalies
2026-05-02 07:00:03,735 [INFO]   • team_selections: Scrape team selections & fixture from FootyWire + Squiggle API
2026-05-02 07:00:03,735 [INFO]   • validate_selections: Validate announced squads against actual match-day players
2026-05-02 07:00:03,735 [INFO] 
2026-05-02 07:00:03,735 [INFO] START [footywire_squads] Scrape player squads from Footywire
2026-05-02 07:00:03,735 [INFO]   Running: /opt/homebrew/Caskroom/miniconda/base/envs/afl/bin/python /Users/marcuswagner/coding/AFL_dashboard/scrape_footywire.py 
2026-05-02 07:00:37,179 [INFO]   DONE [footywire_squads] in 33.4s
2026-05-02 07:00:37,179 [INFO]     | DefenderMidfieldForward      1
2026-05-02 07:00:37,179 [INFO]     | Name: count, dtype: int64
2026-05-02 07:00:37,179 [INFO]     | 
2026-05-02 07:00:37,179 [INFO]     | 
2026-05-02 07:00:37,179 [INFO]     | Updated DOB cache: 0 new entries
2026-05-02 07:00:37,179 [INFO] START [footywire_extended] Scrape contracts & draft history from Footywire
2026-05-02 07:00:37,179 [INFO]   Running: /opt/homebrew/Caskroom/miniconda/base/envs/afl/bin/python /Users/marcuswagner/coding/AFL_dashboard/scrape_footywire_extended.py --current-only
2026-05-02 07:00:53,764 [INFO]   DONE [wheelo_ratings] in 50.0s
2026-05-02 07:00:53,765 [INFO]     | 📊 Team Stats downloaded: 3 files
2026-05-02 07:00:53,765 [INFO]     | 📊 Player Stats downloaded: 3 files
2026-05-02 07:00:53,765 [INFO]     | 📊 Squad Lists downloaded: 1 file
2026-05-02 07:00:53,765 [INFO]     | 
2026-05-02 07:00:53,765 [INFO]     | 📁 CSV files saved in: /Users/marcuswagner/coding/AFL_dashboard/wheelo_downloads
2026-05-02 07:00:53,765 [INFO] START [wheelo_match_stats] Scrape Wheelo match-by-match player ratings + Brownlow predictions (Selenium)
2026-05-02 07:00:53,765 [INFO]   Running: /opt/homebrew/Caskroom/miniconda/base/envs/afl/bin/python /Users/marcuswagner/coding/AFL_dashboard/scrape_wheelo_match_stats.py --brownlow
2026-05-02 07:02:16,785 [INFO]   DONE [wheelo_match_stats] in 83.0s
2026-05-02 07:02:16,785 [INFO]     | ============================================================
2026-05-02 07:02:16,785 [INFO]     | 🔧 Chrome driver attempt 1/3…
2026-05-02 07:02:16,785 [INFO]     | ✅ Chrome driver ready
2026-05-02 07:02:16,785 [INFO]     | 
2026-05-02 07:02:16,785 [INFO]     | 💾 Saved 2898 rows → /Users/marcuswagner/coding/AFL_dashboard/data/raw/player/brownlow_predictions_2026.csv
2026-05-02 07:02:16,785 [INFO] 
2026-05-02 07:02:16,785 [INFO] ============================================================
2026-05-02 07:02:16,785 [INFO] UPDATE SUMMARY
2026-05-02 07:02:16,785 [INFO] ============================================================
2026-05-02 07:02:16,786 [INFO]   ✓ wheelo_ratings: OK
2026-05-02 07:02:16,786 [INFO]   ✓ wheelo_match_stats: OK
2026-05-02 07:02:16,786 [INFO] 
2026-05-02 07:02:16,786 [INFO] Results: 2 passed, 0 failed, 0 skipped
2026-05-02 07:02:16,786 [INFO] Total time: 133s (2.2 min)
2026-05-02 07:02:16,786 [INFO] Log: /Users/marcuswagner/coding/AFL_dashboard/logs/scheduled_update_2026-05-02_0700.log
2026-05-02 07:02:16,795 [INFO] Log rotation: removed 1 old log file(s)
2026-05-02 07:02:16,833 [INFO] Stopped Streamlit (PIDs: 22828)
2026-05-02 07:02:18,988 [INFO] Restarted Streamlit app.
2026-05-02 07:02:18,989 [INFO] 
✅ All steps completed successfully!
2026-05-02 07:02:24,878 [INFO] Email sent to marcus.wagner@futureedgesport.com.au
2026-05-02 07:09:13,849 [INFO]   DONE [footywire_extended] in 516.7s
2026-05-02 07:09:13,849 [INFO]     | 5  Adelaide    Brayden Cook           2026.0           Non-Free Agent      2020.0    National          1.0        25.0
2026-05-02 07:09:13,849 [INFO]     | 6  Adelaide     Indy Cotton           2027.0                  Unknown         NaN        None          NaN         NaN
2026-05-02 07:09:13,849 [INFO]     | 7  Adelaide   Isaac Cumming           2030.0           Non-Free Agent      2016.0    National          1.0        20.0
2026-05-02 07:09:13,849 [INFO]     | 8  Adelaide   Daniel Curtin           2029.0           Non-Free Agent      2023.0    National          1.0         8.0
2026-05-02 07:09:13,849 [INFO]     | 9  Adelaide   Jordan Dawson           2029.0    Restricted Free Agent      2015.0    National          4.0        56.0
2026-05-02 07:09:13,849 [INFO] START [afl_ladders] Scrape AFL ladder standings from Footywire (current season)
2026-05-02 07:09:13,849 [INFO]   Running: /opt/homebrew/Caskroom/miniconda/base/envs/afl/bin/python /Users/marcuswagner/coding/AFL_dashboard/scrape_afl_ladders.py --current-only
2026-05-02 07:09:15,628 [INFO]   DONE [afl_ladders] in 1.8s
2026-05-02 07:09:15,628 [INFO]     |   2026: 18 teams
2026-05-02 07:09:15,628 [INFO]     | 
2026-05-02 07:09:15,628 [INFO]     | ============================================================
2026-05-02 07:09:15,628 [INFO]     | Completed: 2026-05-02 07:09:15
2026-05-02 07:09:15,628 [INFO]     | ============================================================
2026-05-02 07:09:15,628 [INFO] START [wheelo_ratings] Scrape Wheelo team & player ratings (Selenium)
2026-05-02 07:09:15,628 [INFO]   Running: /opt/homebrew/Caskroom/miniconda/base/envs/afl/bin/python /Users/marcuswagner/coding/AFL_dashboard/scrape_wheelo_ratings.py --all
2026-05-02 07:10:04,874 [INFO]   DONE [wheelo_ratings] in 49.2s
2026-05-02 07:10:04,875 [INFO]     | 📊 Team Stats downloaded: 3 files
2026-05-02 07:10:04,875 [INFO]     | 📊 Player Stats downloaded: 3 files
2026-05-02 07:10:04,875 [INFO]     | 📊 Squad Lists downloaded: 1 file
2026-05-02 07:10:04,875 [INFO]     | 
2026-05-02 07:10:04,875 [INFO]     | 📁 CSV files saved in: /Users/marcuswagner/coding/AFL_dashboard/wheelo_downloads
2026-05-02 07:10:04,875 [INFO] START [wheelo_match_stats] Scrape Wheelo match-by-match player ratings + Brownlow predictions (Selenium)
2026-05-02 07:10:04,875 [INFO]   Running: /opt/homebrew/Caskroom/miniconda/base/envs/afl/bin/python /Users/marcuswagner/coding/AFL_dashboard/scrape_wheelo_match_stats.py --brownlow
2026-05-02 07:11:31,546 [INFO]   DONE [wheelo_match_stats] in 86.7s
2026-05-02 07:11:31,546 [INFO]     | ============================================================
2026-05-02 07:11:31,547 [INFO]     | 🔧 Chrome driver attempt 1/3…
2026-05-02 07:11:31,547 [INFO]     | ✅ Chrome driver ready
2026-05-02 07:11:31,547 [INFO]     | 
2026-05-02 07:11:31,547 [INFO]     | 💾 Saved 2898 rows → /Users/marcuswagner/coding/AFL_dashboard/data/raw/player/brownlow_predictions_2026.csv
2026-05-02 07:11:31,547 [INFO]   SKIP [traits_api] – Skipped: only runs on Mon, Tue, Sun
2026-05-02 07:11:31,547 [INFO] START [wheelo_to_raw] Copy Wheelo team stats to raw data folder for ratings pipeline
2026-05-02 07:11:32,005 [INFO]   Backed up team_stats_2026.csv → backups/team_stats_2026_20260502_071132.csv
2026-05-02 07:11:32,008 [INFO]   Copied Wheelo 2026 Season -> team_stats_2026.csv (18 teams)
2026-05-02 07:11:32,024 [INFO]   Backed up team_stats_2026_L10.csv → backups/team_stats_2026_L10_20260502_071132.csv
2026-05-02 07:11:32,026 [INFO]   Copied Wheelo 2026 L10 -> team_stats_2026_L10.csv (18 teams)
2026-05-02 07:11:32,047 [INFO]   Backed up team_stats_2026_L5.csv → backups/team_stats_2026_L5_20260502_071132.csv
2026-05-02 07:11:32,049 [INFO]   Copied Wheelo 2026 L5 -> team_stats_2026_L5.csv (18 teams)
2026-05-02 07:11:32,049 [INFO]   DONE [wheelo_to_raw] in 0.5s
2026-05-02 07:11:32,049 [INFO] START [build_season] Build season data files (squads, stats, traits CSVs)
2026-05-02 07:11:32,049 [INFO]   Running: /opt/homebrew/Caskroom/miniconda/base/envs/afl/bin/python /Users/marcuswagner/coding/AFL_dashboard/build_season_data.py 
2026-05-02 07:11:32,334 [INFO]   DONE [build_season] in 0.3s
2026-05-02 07:11:32,335 [INFO]     |   Western Bulldogs      43 players  Avg Age: 24.5  Avg Games: 76
2026-05-02 07:11:32,335 [INFO]     | 
2026-05-02 07:11:32,335 [INFO]     | ============================================================
2026-05-02 07:11:32,335 [INFO]     | ✅ 2026 DATA BUILD COMPLETE
2026-05-02 07:11:32,335 [INFO]     | ============================================================
2026-05-02 07:11:32,335 [INFO] START [wheelo_player_to_raw] Merge Wheelo player season data (matches, ratings) into raw player CSVs
2026-05-02 07:11:32,487 [INFO]   Wheelo Wheelo 2026 Season: 551 players, 18 teams
2026-05-02 07:11:32,506 [INFO]   Name mappings (42): {'Thomas Edwards': 'Tom Edwards', 'Matt Flynn': 'Matthew Flynn', 'Oliver Dempsey': 'Ollie Dempsey', 'William Hayes': 'Will Hayes', 'Connor Macdonald': 'Connor MacDonald', 'Tom Stewart': 'Thomas Stewart', 'Cam Rayner': 'Cameron Rayner', 'William Edwards': 'Will Edwards', 'Christopher Scerri': 'Chris Scerri', 'Lachlan Sullivan': 'Lachie Sullivan', 'Joe Fonti': 'Joseph Fonti', 'Jacob van Rooyen': 'Jacob Van Rooyen', 'Mitch Owens': 'Mitchito Owens', 'Zac Williams': 'Zachary Williams', 'Sam Collins': 'Samuel Collins', 'Matthew Owies': 'Matt Owies', 'Lachie Schultz': 'Lachlan Schultz', 'Archer May': 'Archie May', 'Sam Grlj': 'Samuel Grlj', 'Tim English': 'Timothy English', 'Brad Close': 'Bradley Close', 'Lachie Fogarty': 'Lachlan Fogarty', 'Lachie Weller': 'Lachlan Weller', 'Ollie Wines': 'Oliver Wines', 'Jack Macrae': 'Jackson Macrae', 'Tom Liberatore': 'Thomas Liberatore', 'Dan Butler': 'Daniel Butler', 'Lachie Jones': 'Lachlan Jones', 'Matt Roberts': 'Matthew Roberts', 'Zach Merrett': 'Zachary Merrett', 'Lachie Ash': 'Lachlan Ash', 'Cam Mackenzie': 'Cameron Mackenzie', 'Tom Burton': 'Thomas Burton', 'Matthew Cottrell': 'Matt Cottrell', 'Matthew Johnson': 'Matt Johnson', 'Matthew Carroll': 'Matt Carroll', 'Nicholas Madden': 'Nick Madden', 'Josh Weddle': 'Joshua Weddle', 'Leonardo Lombard': 'Leo Lombard', 'Mitch Lewis': 'Mitchell Lewis', 'Harry Himmelberg': 'Harrison Himmelberg', 'Mitch Knevitt': 'Mitchell Knevitt'}
2026-05-02 07:11:32,516 [INFO]   Backed up player_stats_2026.csv → backups/player_stats_2026_20260502_071132.csv
2026-05-02 07:11:32,518 [INFO]   Updated player_stats_2026.csv: 551 players with matches from Wheelo
2026-05-02 07:11:32,536 [INFO]   Backed up squads_2026.csv → backups/squads_2026_20260502_071132.csv
2026-05-02 07:11:32,538 [INFO]   Updated squads_2026.csv: 551 players matched from Wheelo
2026-05-02 07:11:32,538 [INFO]   DONE [wheelo_player_to_raw] in 0.2s
2026-05-02 07:11:32,538 [INFO] START [regenerate_ratings] Regenerate computed team summaries and ladders
2026-05-02 07:11:32,538 [INFO]   Running: /opt/homebrew/Caskroom/miniconda/base/envs/afl/bin/python /Users/marcuswagner/coding/AFL_dashboard/regenerate_ratings.py 
2026-05-02 07:11:32,817 [INFO]   DONE [regenerate_ratings] in 0.3s
2026-05-02 07:11:32,817 [INFO]     | Skipping 2025 Last 5 - no raw data
2026-05-02 07:11:32,817 [INFO]     | 
2026-05-02 07:11:32,817 [INFO]     | ============================================================
2026-05-02 07:11:32,817 [INFO]     | DONE!
2026-05-02 07:11:32,817 [INFO]     | ============================================================
2026-05-02 07:11:32,817 [INFO] START [refresh_master_ladders] Update master workbook Team_Ladders_All with freshly-scraped ladder data
2026-05-02 07:11:48,203 [INFO]   Refreshed Team_Ladders_All: 287 rows
2026-05-02 07:11:48,205 [INFO]   DONE [refresh_master_ladders] in 15.4s
2026-05-02 07:11:48,206 [INFO] START [update_photos] Download photos for any new/missing players
2026-05-02 07:11:48,206 [INFO]   Running: /opt/homebrew/Caskroom/miniconda/base/envs/afl/bin/python /Users/marcuswagner/coding/AFL_dashboard/auto_update_photos.py 
2026-05-02 07:14:41,269 [INFO]   DONE [update_photos] in 173.1s
2026-05-02 07:14:41,270 [INFO]     | 
2026-05-02 07:14:41,270 [INFO] START [validate_freshness] Validate pipeline output files are present and fresh
2026-05-02 07:14:41,270 [INFO]   Running: /opt/homebrew/Caskroom/miniconda/base/envs/afl/bin/python /Users/marcuswagner/coding/AFL_dashboard/validate_pipeline_freshness.py 
2026-05-02 07:14:41,302 [INFO]   DONE [validate_freshness] in 0.0s
2026-05-02 07:14:41,303 [INFO]     |   ✓ FRESH    footywire_drafts_history.csv  (07:09)
2026-05-02 07:14:41,303 [INFO]     |   ⊘ OPTIONAL footywire_2026_with_traits.csv  (stale — 119.9h ago)
2026-05-02 07:14:41,303 [INFO]     |   ✓ FRESH    traits_2026.csv  (07:11)
2026-05-02 07:14:41,303 [INFO]     | 
2026-05-02 07:14:41,303 [INFO]     | ✅ All required files are present and fresh.
2026-05-02 07:14:41,303 [INFO] START [validate_schemas] Validate CSV output schemas (columns, row counts, data quality)
2026-05-02 07:14:41,319 [INFO]   DONE [validate_schemas] 0 warning(s) in 0.0s
2026-05-02 07:14:41,319 [INFO] START [data_diff_check] Compare pipeline outputs against backups and alert on anomalies
2026-05-02 07:14:41,331 [INFO]   DONE [data_diff_check] no anomalies in 0.0s
2026-05-02 07:14:41,331 [INFO]   SKIP [team_selections] – Skipped: only runs on Wed, Thu, Fri
2026-05-02 07:14:41,331 [INFO]   SKIP [validate_selections] – Skipped: only runs on Mon, Tue
2026-05-02 07:14:41,331 [INFO] 
2026-05-02 07:14:41,331 [INFO] ============================================================
2026-05-02 07:14:41,331 [INFO] UPDATE SUMMARY
2026-05-02 07:14:41,331 [INFO] ============================================================
2026-05-02 07:14:41,331 [INFO]   ✓ footywire_squads: OK
2026-05-02 07:14:41,331 [INFO]   ✓ footywire_extended: OK
2026-05-02 07:14:41,331 [INFO]   ✓ afl_ladders: OK
2026-05-02 07:14:41,331 [INFO]   ✓ wheelo_ratings: OK
2026-05-02 07:14:41,331 [INFO]   ✓ wheelo_match_stats: OK
2026-05-02 07:14:41,331 [INFO]   ⊘ traits_api: SKIPPED: Skipped: only runs on Mon, Tue, Sun
2026-05-02 07:14:41,331 [INFO]   ✓ wheelo_to_raw: OK
2026-05-02 07:14:41,331 [INFO]   ✓ build_season: OK
2026-05-02 07:14:41,331 [INFO]   ✓ wheelo_player_to_raw: OK
2026-05-02 07:14:41,331 [INFO]   ✓ regenerate_ratings: OK
2026-05-02 07:14:41,331 [INFO]   ✓ refresh_master_ladders: OK
2026-05-02 07:14:41,331 [INFO]   ✓ update_photos: OK
2026-05-02 07:14:41,331 [INFO]   ✓ validate_freshness: OK
2026-05-02 07:14:41,331 [INFO]   ✓ validate_schemas: OK
2026-05-02 07:14:41,331 [INFO]   ✓ data_diff_check: OK
2026-05-02 07:14:41,331 [INFO]   ⊘ team_selections: SKIPPED: Skipped: only runs on Wed, Thu, Fri
2026-05-02 07:14:41,331 [INFO]   ⊘ validate_selections: SKIPPED: Skipped: only runs on Mon, Tue
2026-05-02 07:14:41,331 [INFO] 
2026-05-02 07:14:41,331 [INFO] Results: 17 passed, 0 failed, 3 skipped
2026-05-02 07:14:41,331 [INFO] Total time: 878s (14.6 min)
2026-05-02 07:14:41,331 [INFO] Log: /Users/marcuswagner/coding/AFL_dashboard/logs/scheduled_update_2026-05-02_0700.log
2026-05-02 07:14:41,347 [INFO] Stopped Streamlit (PIDs: 30864)
2026-05-02 07:14:43,404 [INFO] Restarted Streamlit app.
2026-05-02 07:14:43,405 [WARNING] 
⚠️  Completed with 3 skipped step(s).
2026-05-02 07:14:48,745 [INFO] Email sent to marcus.wagner@futureedgesport.com.au
