2026-04-12 07:00:06,992 [INFO] Log file: /Users/marcuswagner/coding/AFL_dashboard/logs/scheduled_update_2026-04-12_0700.log
2026-04-12 07:00:06,992 [INFO] ============================================================
2026-04-12 07:00:06,992 [INFO] AFL Dashboard – Scheduled Data Update
2026-04-12 07:00:06,992 [INFO] Date: Sunday 12 April 2026 07:00
2026-04-12 07:00:06,992 [INFO] Mode: FULL
2026-04-12 07:00:06,992 [INFO] ============================================================
2026-04-12 07:00:06,992 [INFO] Python: /opt/homebrew/Caskroom/miniconda/base/envs/afl/bin/python
2026-04-12 07:00:06,992 [INFO] 
Steps to run (2):
2026-04-12 07:00:06,992 [INFO]   • wheelo_ratings: Scrape Wheelo team & player ratings (Selenium) [SLOW]
2026-04-12 07:00:06,992 [INFO]   • wheelo_match_stats: Scrape Wheelo match-by-match player ratings + Brownlow predictions (Selenium) [SLOW]
2026-04-12 07:00:06,992 [INFO] 
2026-04-12 07:00:06,992 [INFO] START [wheelo_ratings] Scrape Wheelo team & player ratings (Selenium)
2026-04-12 07:00:06,992 [INFO]   Running: /opt/homebrew/Caskroom/miniconda/base/envs/afl/bin/python /Users/marcuswagner/coding/AFL_dashboard/scrape_wheelo_ratings.py --all
2026-04-12 07:00:56,951 [INFO]   DONE [wheelo_ratings] in 50.0s
2026-04-12 07:00:56,951 [INFO]     | 📊 Team Stats downloaded: 3 files
2026-04-12 07:00:56,951 [INFO]     | 📊 Player Stats downloaded: 3 files
2026-04-12 07:00:56,951 [INFO]     | 📊 Squad Lists downloaded: 1 file
2026-04-12 07:00:56,951 [INFO]     | 
2026-04-12 07:00:56,951 [INFO]     | 📁 CSV files saved in: /Users/marcuswagner/coding/AFL_dashboard/wheelo_downloads
2026-04-12 07:00:56,951 [INFO] START [wheelo_match_stats] Scrape Wheelo match-by-match player ratings + Brownlow predictions (Selenium)
2026-04-12 07:00:56,951 [INFO]   Running: /opt/homebrew/Caskroom/miniconda/base/envs/afl/bin/python /Users/marcuswagner/coding/AFL_dashboard/scrape_wheelo_match_stats.py --brownlow
2026-04-12 07:01:55,298 [INFO]   DONE [wheelo_match_stats] in 58.3s
2026-04-12 07:01:55,299 [INFO]     | ============================================================
2026-04-12 07:01:55,299 [INFO]     | 🔧 Chrome driver attempt 1/3…
2026-04-12 07:01:55,299 [INFO]     | ✅ Chrome driver ready
2026-04-12 07:01:55,299 [INFO]     | 
2026-04-12 07:01:55,299 [INFO]     | 💾 Saved 1656 rows → /Users/marcuswagner/coding/AFL_dashboard/data/raw/player/brownlow_predictions_2026.csv
2026-04-12 07:01:55,299 [INFO] 
2026-04-12 07:01:55,299 [INFO] ============================================================
2026-04-12 07:01:55,299 [INFO] UPDATE SUMMARY
2026-04-12 07:01:55,299 [INFO] ============================================================
2026-04-12 07:01:55,299 [INFO]   ✓ wheelo_ratings: OK
2026-04-12 07:01:55,299 [INFO]   ✓ wheelo_match_stats: OK
2026-04-12 07:01:55,299 [INFO] 
2026-04-12 07:01:55,299 [INFO] Results: 2 passed, 0 failed, 0 skipped
2026-04-12 07:01:55,299 [INFO] Total time: 108s (1.8 min)
2026-04-12 07:01:55,299 [INFO] Log: /Users/marcuswagner/coding/AFL_dashboard/logs/scheduled_update_2026-04-12_0700.log
2026-04-12 07:01:55,301 [INFO] Log rotation: removed 1 old log file(s)
2026-04-12 07:01:55,313 [INFO] Stopped Streamlit (PIDs: 31352)
2026-04-12 07:01:57,467 [INFO] Restarted Streamlit app.
2026-04-12 07:01:57,468 [INFO] 
✅ All steps completed successfully!
2026-04-12 07:02:02,989 [INFO] Email sent to marcus.wagner@futureedgesport.com.au
