2026-03-10 14:19:58,457 [INFO] Log file: /Users/marcuswagner/coding/AFL_dashboard/logs/scheduled_update_2026-03-10_1419.log
2026-03-10 14:19:58,457 [INFO] ============================================================
2026-03-10 14:19:58,457 [INFO] AFL Dashboard – Scheduled Data Update
2026-03-10 14:19:58,457 [INFO] Date: Tuesday 10 March 2026 14:19
2026-03-10 14:19:58,457 [INFO] Mode: FULL
2026-03-10 14:19:58,457 [INFO] ============================================================
2026-03-10 14:19:58,457 [INFO] Python: /Users/marcuswagner/coding/AFL_dashboard/.venv/bin/python
2026-03-10 14:19:58,457 [INFO] 
Steps to run (8):
2026-03-10 14:19:58,457 [INFO]   • footywire_squads: Scrape 2026 player squads from Footywire
2026-03-10 14:19:58,457 [INFO]   • footywire_extended: Scrape contracts & draft history from Footywire
2026-03-10 14:19:58,457 [INFO]   • afl_ladders: Scrape AFL ladder standings from Footywire
2026-03-10 14:19:58,457 [INFO]   • wheelo_ratings: Scrape Wheelo team & player ratings (Selenium) [SLOW]
2026-03-10 14:19:58,457 [INFO]   • traits_api: Fetch Traits API data for 2026 players [SLOW]
2026-03-10 14:19:58,457 [INFO]   • build_2026: Build 2026 season data files (squads, stats, traits CSVs)
2026-03-10 14:19:58,457 [INFO]   • regenerate_ratings: Regenerate computed team summaries and ladders
2026-03-10 14:19:58,457 [INFO]   • update_photos: Download photos for any new/missing players [SLOW]
2026-03-10 14:19:58,457 [INFO] 
2026-03-10 14:19:58,457 [INFO] START [footywire_squads] Scrape 2026 player squads from Footywire
2026-03-10 14:19:58,457 [INFO]   Running: /Users/marcuswagner/coding/AFL_dashboard/.venv/bin/python /Users/marcuswagner/coding/AFL_dashboard/scrape_footywire_2026.py 
2026-03-10 14:20:44,454 [INFO]   DONE [footywire_squads] in 46.0s
2026-03-10 14:20:44,454 [INFO]     | DefenderRuck          1
2026-03-10 14:20:44,454 [INFO]     | Name: Position, dtype: int64
2026-03-10 14:20:44,454 [INFO]     | 
2026-03-10 14:20:44,454 [INFO]     | 
2026-03-10 14:20:44,454 [INFO]     | Updated DOB cache: 4 new entries
2026-03-10 14:20:44,454 [INFO] START [footywire_extended] Scrape contracts & draft history from Footywire
2026-03-10 14:20:44,454 [INFO]   Running: /Users/marcuswagner/coding/AFL_dashboard/.venv/bin/python /Users/marcuswagner/coding/AFL_dashboard/scrape_footywire_extended.py 
2026-03-10 14:30:44,466 [ERROR]   TIMEOUT [footywire_extended] after 600.0s
2026-03-10 14:30:44,467 [INFO] START [afl_ladders] Scrape AFL ladder standings from Footywire
2026-03-10 14:30:44,467 [INFO]   Running: /Users/marcuswagner/coding/AFL_dashboard/.venv/bin/python /Users/marcuswagner/coding/AFL_dashboard/scrape_afl_ladders.py 
2026-03-10 14:31:20,920 [INFO]   DONE [afl_ladders] in 36.5s
2026-03-10 14:31:20,920 [INFO]     |   2025: 18 teams
2026-03-10 14:31:20,920 [INFO]     | 
2026-03-10 14:31:20,920 [INFO]     | ============================================================
2026-03-10 14:31:20,920 [INFO]     | Completed: 2026-03-10 14:31:20
2026-03-10 14:31:20,920 [INFO]     | ============================================================
2026-03-10 14:31:20,920 [INFO] START [wheelo_ratings] Scrape Wheelo team & player ratings (Selenium)
2026-03-10 14:31:20,920 [INFO]   Running: /Users/marcuswagner/coding/AFL_dashboard/.venv/bin/python /Users/marcuswagner/coding/AFL_dashboard/scrape_wheelo_ratings.py --all
2026-03-10 14:32:02,177 [INFO]   DONE [wheelo_ratings] in 41.3s
2026-03-10 14:32:02,177 [INFO]     | 📊 Team Stats downloaded: 3 files
2026-03-10 14:32:02,177 [INFO]     | 📊 Player Stats downloaded: 3 files
2026-03-10 14:32:02,178 [INFO]     | 📊 Squad Lists downloaded: 1 file
2026-03-10 14:32:02,178 [INFO]     | 
2026-03-10 14:32:02,178 [INFO]     | 📁 CSV files saved in: /Users/marcuswagner/coding/AFL_dashboard/wheelo_downloads
2026-03-10 14:32:02,178 [INFO] START [traits_api] Fetch Traits API data for 2026 players
2026-03-10 14:32:02,178 [INFO]   Running: /Users/marcuswagner/coding/AFL_dashboard/.venv/bin/python /Users/marcuswagner/coding/AFL_dashboard/run_traits_api_2026.py 
2026-03-10 14:42:02,195 [ERROR]   TIMEOUT [traits_api] after 600.0s
2026-03-10 14:42:02,200 [INFO] START [build_2026] Build 2026 season data files (squads, stats, traits CSVs)
2026-03-10 14:42:02,200 [INFO]   Running: /Users/marcuswagner/coding/AFL_dashboard/.venv/bin/python /Users/marcuswagner/coding/AFL_dashboard/build_2026_data.py 
2026-03-10 14:42:02,558 [INFO]   DONE [build_2026] in 0.4s
2026-03-10 14:42:02,558 [INFO]     |   Western Bulldogs      43 players  Avg Age: 24.3  Avg Games: 72
2026-03-10 14:42:02,558 [INFO]     | 
2026-03-10 14:42:02,558 [INFO]     | ============================================================
2026-03-10 14:42:02,558 [INFO]     | ✅ 2026 DATA BUILD COMPLETE
2026-03-10 14:42:02,558 [INFO]     | ============================================================
2026-03-10 14:42:02,558 [INFO] START [regenerate_ratings] Regenerate computed team summaries and ladders
2026-03-10 14:42:02,558 [INFO]   Running: /Users/marcuswagner/coding/AFL_dashboard/.venv/bin/python /Users/marcuswagner/coding/AFL_dashboard/regenerate_ratings.py 
2026-03-10 14:42:02,857 [INFO]   DONE [regenerate_ratings] in 0.3s
2026-03-10 14:42:02,857 [INFO]     |       Gold Coast              80
2026-03-10 14:42:02,857 [INFO]     | 
2026-03-10 14:42:02,857 [INFO]     | ============================================================
2026-03-10 14:42:02,857 [INFO]     | DONE!
2026-03-10 14:42:02,857 [INFO]     | ============================================================
2026-03-10 14:42:02,858 [INFO] START [update_photos] Download photos for any new/missing players
2026-03-10 14:42:02,858 [INFO]   Running: /Users/marcuswagner/coding/AFL_dashboard/.venv/bin/python /Users/marcuswagner/coding/AFL_dashboard/auto_update_photos.py 
2026-03-10 14:45:25,276 [INFO]   DONE [update_photos] in 202.4s
2026-03-10 14:45:25,277 [INFO]     | 
2026-03-10 14:45:25,277 [INFO] 
2026-03-10 14:45:25,277 [INFO] ============================================================
2026-03-10 14:45:25,277 [INFO] UPDATE SUMMARY
2026-03-10 14:45:25,277 [INFO] ============================================================
2026-03-10 14:45:25,277 [INFO]   ✓ footywire_squads: OK
2026-03-10 14:45:25,277 [INFO]   ✗ footywire_extended: FAILED: Timed out (>600s)
2026-03-10 14:45:25,277 [INFO]   ✓ afl_ladders: OK
2026-03-10 14:45:25,277 [INFO]   ✓ wheelo_ratings: OK
2026-03-10 14:45:25,277 [INFO]   ✗ traits_api: FAILED: Timed out (>600s)
2026-03-10 14:45:25,277 [INFO]   ✓ build_2026: OK
2026-03-10 14:45:25,277 [INFO]   ✓ regenerate_ratings: OK
2026-03-10 14:45:25,277 [INFO]   ✓ update_photos: OK
2026-03-10 14:45:25,277 [INFO] 
2026-03-10 14:45:25,277 [INFO] Results: 6 passed, 2 failed
2026-03-10 14:45:25,277 [INFO] Total time: 1527s (25.4 min)
2026-03-10 14:45:25,277 [INFO] Log: /Users/marcuswagner/coding/AFL_dashboard/logs/scheduled_update_2026-03-10_1419.log
2026-03-10 14:45:25,278 [WARNING] 
⚠️  2 step(s) failed. Check log for details.
