2026-05-04 07:00:05,212 [INFO] Log file: /Users/marcuswagner/coding/AFL_dashboard/logs/scheduled_update_2026-05-04_0700.log
2026-05-04 07:00:05,212 [INFO] Log file: /Users/marcuswagner/coding/AFL_dashboard/logs/scheduled_update_2026-05-04_0700.log
2026-05-04 07:00:05,212 [INFO] ============================================================
2026-05-04 07:00:05,212 [INFO] ============================================================
2026-05-04 07:00:05,212 [INFO] AFL Dashboard – Scheduled Data Update
2026-05-04 07:00:05,212 [INFO] AFL Dashboard – Scheduled Data Update
2026-05-04 07:00:05,212 [INFO] Date: Monday 04 May 2026 07:00
2026-05-04 07:00:05,212 [INFO] Date: Monday 04 May 2026 07:00
2026-05-04 07:00:05,212 [INFO] Mode: FULL
2026-05-04 07:00:05,212 [INFO] Mode: FULL
2026-05-04 07:00:05,212 [INFO] ============================================================
2026-05-04 07:00:05,212 [INFO] ============================================================
2026-05-04 07:00:05,212 [INFO] Python: /opt/homebrew/Caskroom/miniconda/base/envs/afl/bin/python
2026-05-04 07:00:05,212 [INFO] Python: /opt/homebrew/Caskroom/miniconda/base/envs/afl/bin/python
2026-05-04 07:00:05,212 [INFO] 
Steps to run (2):
2026-05-04 07:00:05,212 [INFO] 
Steps to run (17):
2026-05-04 07:00:05,212 [INFO]   • wheelo_ratings: Scrape Wheelo team & player ratings (Selenium) [SLOW]
2026-05-04 07:00:05,212 [INFO]   • footywire_squads: Scrape player squads from Footywire
2026-05-04 07:00:05,212 [INFO]   • wheelo_match_stats: Scrape Wheelo match-by-match player ratings + Brownlow predictions (Selenium) [SLOW]
2026-05-04 07:00:05,212 [INFO]   • footywire_extended: Scrape contracts & draft history from Footywire
2026-05-04 07:00:05,212 [INFO] 
2026-05-04 07:00:05,212 [INFO]   • afl_ladders: Scrape AFL ladder standings from Footywire (current season)
2026-05-04 07:00:05,212 [INFO]   • wheelo_ratings: Scrape Wheelo team & player ratings (Selenium) [SLOW]
2026-05-04 07:00:05,212 [INFO]   • wheelo_match_stats: Scrape Wheelo match-by-match player ratings + Brownlow predictions (Selenium) [SLOW]
2026-05-04 07:00:05,212 [INFO]   • traits_api: Fetch Traits API data for current-season players [SLOW]
2026-05-04 07:00:05,212 [INFO]   • wheelo_to_raw: Copy Wheelo team stats to raw data folder for ratings pipeline
2026-05-04 07:00:05,212 [INFO]   • build_season: Build season data files (squads, stats, traits CSVs)
2026-05-04 07:00:05,212 [INFO]   • wheelo_player_to_raw: Merge Wheelo player season data (matches, ratings) into raw player CSVs
2026-05-04 07:00:05,212 [INFO]   • regenerate_ratings: Regenerate computed team summaries and ladders
2026-05-04 07:00:05,212 [INFO]   • refresh_master_ladders: Update master workbook Team_Ladders_All with freshly-scraped ladder data
2026-05-04 07:00:05,212 [INFO]   • update_photos: Download photos for any new/missing players [SLOW]
2026-05-04 07:00:05,212 [INFO]   • validate_freshness: Validate pipeline output files are present and fresh
2026-05-04 07:00:05,212 [INFO]   • validate_schemas: Validate CSV output schemas (columns, row counts, data quality)
2026-05-04 07:00:05,212 [INFO]   • data_diff_check: Compare pipeline outputs against backups and alert on anomalies
2026-05-04 07:00:05,212 [INFO]   • team_selections: Scrape team selections & fixture from FootyWire + Squiggle API
2026-05-04 07:00:05,212 [INFO]   • validate_selections: Validate announced squads against actual match-day players
2026-05-04 07:00:05,212 [INFO] 
2026-05-04 07:00:05,213 [INFO] START [wheelo_ratings] Scrape Wheelo team & player ratings (Selenium)
2026-05-04 07:00:05,213 [INFO]   Running: /opt/homebrew/Caskroom/miniconda/base/envs/afl/bin/python /Users/marcuswagner/coding/AFL_dashboard/scrape_wheelo_ratings.py --all
2026-05-04 07:00:05,213 [INFO] START [footywire_squads] Scrape player squads from Footywire
2026-05-04 07:00:05,213 [INFO]   Running: /opt/homebrew/Caskroom/miniconda/base/envs/afl/bin/python /Users/marcuswagner/coding/AFL_dashboard/scrape_footywire.py 
2026-05-04 07:00:38,395 [INFO]   DONE [footywire_squads] in 33.2s
2026-05-04 07:00:38,396 [INFO]     | DefenderMidfieldForward      1
2026-05-04 07:00:38,396 [INFO]     | Name: count, dtype: int64
2026-05-04 07:00:38,396 [INFO]     | 
2026-05-04 07:00:38,396 [INFO]     | 
2026-05-04 07:00:38,396 [INFO]     | Updated DOB cache: 0 new entries
2026-05-04 07:00:38,396 [INFO] START [footywire_extended] Scrape contracts & draft history from Footywire
2026-05-04 07:00:38,396 [INFO]   Running: /opt/homebrew/Caskroom/miniconda/base/envs/afl/bin/python /Users/marcuswagner/coding/AFL_dashboard/scrape_footywire_extended.py --current-only
2026-05-04 07:00:57,099 [INFO]   DONE [wheelo_ratings] in 51.9s
2026-05-04 07:00:57,100 [INFO]     | 📊 Team Stats downloaded: 3 files
2026-05-04 07:00:57,100 [INFO]     | 📊 Player Stats downloaded: 3 files
2026-05-04 07:00:57,100 [INFO]     | 📊 Squad Lists downloaded: 1 file
2026-05-04 07:00:57,100 [INFO]     | 
2026-05-04 07:00:57,100 [INFO]     | 📁 CSV files saved in: /Users/marcuswagner/coding/AFL_dashboard/wheelo_downloads
2026-05-04 07:00:57,100 [INFO] START [wheelo_match_stats] Scrape Wheelo match-by-match player ratings + Brownlow predictions (Selenium)
2026-05-04 07:00:57,100 [INFO]   Running: /opt/homebrew/Caskroom/miniconda/base/envs/afl/bin/python /Users/marcuswagner/coding/AFL_dashboard/scrape_wheelo_match_stats.py --brownlow
2026-05-04 07:02:18,294 [INFO]   DONE [wheelo_match_stats] in 81.2s
2026-05-04 07:02:18,294 [INFO]     | ============================================================
2026-05-04 07:02:18,294 [INFO]     | 🔧 Chrome driver attempt 1/3…
2026-05-04 07:02:18,294 [INFO]     | ✅ Chrome driver ready
2026-05-04 07:02:18,294 [INFO]     | 
2026-05-04 07:02:18,294 [INFO]     | 💾 Saved 2898 rows → /Users/marcuswagner/coding/AFL_dashboard/data/raw/player/brownlow_predictions_2026.csv
2026-05-04 07:02:18,294 [INFO] 
2026-05-04 07:02:18,294 [INFO] ============================================================
2026-05-04 07:02:18,294 [INFO] UPDATE SUMMARY
2026-05-04 07:02:18,294 [INFO] ============================================================
2026-05-04 07:02:18,294 [INFO]   ✓ wheelo_ratings: OK
2026-05-04 07:02:18,294 [INFO]   ✓ wheelo_match_stats: OK
2026-05-04 07:02:18,294 [INFO] 
2026-05-04 07:02:18,294 [INFO] Results: 2 passed, 0 failed, 0 skipped
2026-05-04 07:02:18,294 [INFO] Total time: 133s (2.2 min)
2026-05-04 07:02:18,294 [INFO] Log: /Users/marcuswagner/coding/AFL_dashboard/logs/scheduled_update_2026-05-04_0700.log
2026-05-04 07:02:18,304 [INFO] Log rotation: removed 1 old log file(s)
2026-05-04 07:02:18,318 [INFO] Stopped Streamlit (PIDs: 48395)
2026-05-04 07:02:20,471 [INFO] Restarted Streamlit app.
2026-05-04 07:02:20,471 [INFO] 
✅ All steps completed successfully!
2026-05-04 07:02:26,211 [INFO] Email sent to marcus.wagner@futureedgesport.com.au
2026-05-04 07:09:03,271 [INFO]   DONE [footywire_extended] in 504.9s
2026-05-04 07:09:03,272 [INFO]     | 5  Adelaide    Brayden Cook           2026.0           Non-Free Agent      2020.0    National          1.0        25.0
2026-05-04 07:09:03,272 [INFO]     | 6  Adelaide     Indy Cotton           2027.0                  Unknown         NaN        None          NaN         NaN
2026-05-04 07:09:03,272 [INFO]     | 7  Adelaide   Isaac Cumming           2030.0           Non-Free Agent      2016.0    National          1.0        20.0
2026-05-04 07:09:03,272 [INFO]     | 8  Adelaide   Daniel Curtin           2029.0           Non-Free Agent      2023.0    National          1.0         8.0
2026-05-04 07:09:03,272 [INFO]     | 9  Adelaide   Jordan Dawson           2029.0    Restricted Free Agent      2015.0    National          4.0        56.0
2026-05-04 07:09:03,273 [INFO] START [afl_ladders] Scrape AFL ladder standings from Footywire (current season)
2026-05-04 07:09:03,273 [INFO]   Running: /opt/homebrew/Caskroom/miniconda/base/envs/afl/bin/python /Users/marcuswagner/coding/AFL_dashboard/scrape_afl_ladders.py --current-only
2026-05-04 07:09:05,224 [INFO]   DONE [afl_ladders] in 2.0s
2026-05-04 07:09:05,224 [INFO]     |   2026: 18 teams
2026-05-04 07:09:05,224 [INFO]     | 
2026-05-04 07:09:05,224 [INFO]     | ============================================================
2026-05-04 07:09:05,224 [INFO]     | Completed: 2026-05-04 07:09:05
2026-05-04 07:09:05,224 [INFO]     | ============================================================
2026-05-04 07:09:05,224 [INFO] START [wheelo_ratings] Scrape Wheelo team & player ratings (Selenium)
2026-05-04 07:09:05,224 [INFO]   Running: /opt/homebrew/Caskroom/miniconda/base/envs/afl/bin/python /Users/marcuswagner/coding/AFL_dashboard/scrape_wheelo_ratings.py --all
2026-05-04 07:09:53,954 [INFO]   DONE [wheelo_ratings] in 48.7s
2026-05-04 07:09:53,954 [INFO]     | 📊 Team Stats downloaded: 3 files
2026-05-04 07:09:53,954 [INFO]     | 📊 Player Stats downloaded: 3 files
2026-05-04 07:09:53,954 [INFO]     | 📊 Squad Lists downloaded: 1 file
2026-05-04 07:09:53,954 [INFO]     | 
2026-05-04 07:09:53,954 [INFO]     | 📁 CSV files saved in: /Users/marcuswagner/coding/AFL_dashboard/wheelo_downloads
2026-05-04 07:09:53,954 [INFO] START [wheelo_match_stats] Scrape Wheelo match-by-match player ratings + Brownlow predictions (Selenium)
2026-05-04 07:09:53,954 [INFO]   Running: /opt/homebrew/Caskroom/miniconda/base/envs/afl/bin/python /Users/marcuswagner/coding/AFL_dashboard/scrape_wheelo_match_stats.py --brownlow
2026-05-04 07:11:16,229 [INFO]   DONE [wheelo_match_stats] in 82.3s
2026-05-04 07:11:16,230 [INFO]     | ============================================================
2026-05-04 07:11:16,230 [INFO]     | 🔧 Chrome driver attempt 1/3…
2026-05-04 07:11:16,230 [INFO]     | ✅ Chrome driver ready
2026-05-04 07:11:16,230 [INFO]     | 
2026-05-04 07:11:16,230 [INFO]     | 💾 Saved 2898 rows → /Users/marcuswagner/coding/AFL_dashboard/data/raw/player/brownlow_predictions_2026.csv
2026-05-04 07:11:16,230 [INFO] START [traits_api] Fetch Traits API data for current-season players
2026-05-04 07:11:16,230 [INFO]   Running: /opt/homebrew/Caskroom/miniconda/base/envs/afl/bin/python /Users/marcuswagner/coding/AFL_dashboard/run_traits_api.py 
2026-05-04 07:23:02,216 [INFO]   DONE [traits_api] in 706.0s
2026-05-04 07:23:02,217 [INFO]     |      Aliir Aliir   Port Adelaide            3.39                2.92             2.5
2026-05-04 07:23:02,217 [INFO]     |      Josh Treacy       Fremantle            3.38                3.15            3.35
2026-05-04 07:23:02,217 [INFO]     |   Harris Andrews        Brisbane            3.36                3.06            3.06
2026-05-04 07:23:02,217 [INFO]     | 
2026-05-04 07:23:02,217 [INFO]     | Snapshot: R8 already finalised — updated with latest values
2026-05-04 07:23:02,217 [INFO] START [wheelo_to_raw] Copy Wheelo team stats to raw data folder for ratings pipeline
2026-05-04 07:23:02,646 [INFO]   Backed up team_stats_2026.csv → backups/team_stats_2026_20260504_072302.csv
2026-05-04 07:23:02,649 [INFO]   Copied Wheelo 2026 Season -> team_stats_2026.csv (18 teams)
2026-05-04 07:23:02,665 [INFO]   Backed up team_stats_2026_L10.csv → backups/team_stats_2026_L10_20260504_072302.csv
2026-05-04 07:23:02,667 [INFO]   Copied Wheelo 2026 L10 -> team_stats_2026_L10.csv (18 teams)
2026-05-04 07:23:02,688 [INFO]   Backed up team_stats_2026_L5.csv → backups/team_stats_2026_L5_20260504_072302.csv
2026-05-04 07:23:02,690 [INFO]   Copied Wheelo 2026 L5 -> team_stats_2026_L5.csv (18 teams)
2026-05-04 07:23:02,690 [INFO]   DONE [wheelo_to_raw] in 0.5s
2026-05-04 07:23:02,691 [INFO] START [build_season] Build season data files (squads, stats, traits CSVs)
2026-05-04 07:23:02,691 [INFO]   Running: /opt/homebrew/Caskroom/miniconda/base/envs/afl/bin/python /Users/marcuswagner/coding/AFL_dashboard/build_season_data.py 
2026-05-04 07:23:02,983 [INFO]   DONE [build_season] in 0.3s
2026-05-04 07:23:02,983 [INFO]     |   Western Bulldogs      43 players  Avg Age: 24.5  Avg Games: 76
2026-05-04 07:23:02,983 [INFO]     | 
2026-05-04 07:23:02,984 [INFO]     | ============================================================
2026-05-04 07:23:02,984 [INFO]     | ✅ 2026 DATA BUILD COMPLETE
2026-05-04 07:23:02,984 [INFO]     | ============================================================
2026-05-04 07:23:02,984 [INFO] START [wheelo_player_to_raw] Merge Wheelo player season data (matches, ratings) into raw player CSVs
2026-05-04 07:23:03,136 [INFO]   Wheelo Wheelo 2026 Season: 559 players, 18 teams
2026-05-04 07:23:03,154 [INFO]   Name mappings (44): {'Mitch Knevitt': 'Mitchell Knevitt', 'Josh Weddle': 'Joshua Weddle', 'William Edwards': 'Will Edwards', 'Lachlan Sullivan': 'Lachie Sullivan', 'Jack Macrae': 'Jackson Macrae', 'Cam Rayner': 'Cameron Rayner', 'Lachie Fogarty': 'Lachlan Fogarty', 'William Hayes': 'Will Hayes', 'Joe Fonti': 'Joseph Fonti', 'Tom Burton': 'Thomas Burton', 'Zac Williams': 'Zachary Williams', 'Lachie Jones': 'Lachlan Jones', 'Nicholas Madden': 'Nick Madden', 'Ollie Wines': 'Oliver Wines', 'Thomas Edwards': 'Tom Edwards', 'Lachie Schultz': 'Lachlan Schultz', 'Lachie Ash': 'Lachlan Ash', 'Sam Grlj': 'Samuel Grlj', 'Connor Macdonald': 'Connor MacDonald', 'Mitch Owens': 'Mitchito Owens', 'Harry Himmelberg': 'Harrison Himmelberg', 'Zach Merrett': 'Zachary Merrett', 'Matthew Carroll': 'Matt Carroll', 'Matthew Cottrell': 'Matt Cottrell', 'Tom Liberatore': 'Thomas Liberatore', 'Archer May': 'Archie May', 'Leonardo Lombard': 'Leo Lombard', 'Lachie Weller': 'Lachlan Weller', 'Brad Close': 'Bradley Close', 'Tim English': 'Timothy English', 'Sam Collins': 'Samuel Collins', 'Mitch Lewis': 'Mitchell Lewis', 'Matthew Owies': 'Matt Owies', 'Tom Stewart': 'Thomas Stewart', 'Oliver Dempsey': 'Ollie Dempsey', 'Nick Coffield': 'Nicholas Coffield', 'Christopher Scerri': 'Chris Scerri', 'Matt Flynn': 'Matthew Flynn', 'Matt Roberts': 'Matthew Roberts', 'Nik Cox': 'Nikolas Cox', 'Dan Butler': 'Daniel Butler', 'Cam Mackenzie': 'Cameron Mackenzie', 'Matthew Johnson': 'Matt Johnson', 'Jacob van Rooyen': 'Jacob Van Rooyen'}
2026-05-04 07:23:03,163 [INFO]   Backed up player_stats_2026.csv → backups/player_stats_2026_20260504_072303.csv
2026-05-04 07:23:03,165 [INFO]   Updated player_stats_2026.csv: 559 players with matches from Wheelo
2026-05-04 07:23:03,183 [INFO]   Backed up squads_2026.csv → backups/squads_2026_20260504_072303.csv
2026-05-04 07:23:03,185 [INFO]   Updated squads_2026.csv: 559 players matched from Wheelo
2026-05-04 07:23:03,185 [INFO]   DONE [wheelo_player_to_raw] in 0.2s
2026-05-04 07:23:03,186 [INFO] START [regenerate_ratings] Regenerate computed team summaries and ladders
2026-05-04 07:23:03,186 [INFO]   Running: /opt/homebrew/Caskroom/miniconda/base/envs/afl/bin/python /Users/marcuswagner/coding/AFL_dashboard/regenerate_ratings.py 
2026-05-04 07:23:03,461 [INFO]   DONE [regenerate_ratings] in 0.3s
2026-05-04 07:23:03,461 [INFO]     | Skipping 2025 Last 5 - no raw data
2026-05-04 07:23:03,461 [INFO]     | 
2026-05-04 07:23:03,461 [INFO]     | ============================================================
2026-05-04 07:23:03,461 [INFO]     | DONE!
2026-05-04 07:23:03,461 [INFO]     | ============================================================
2026-05-04 07:23:03,461 [INFO] START [refresh_master_ladders] Update master workbook Team_Ladders_All with freshly-scraped ladder data
2026-05-04 07:23:18,650 [INFO]   Refreshed Team_Ladders_All: 287 rows
2026-05-04 07:23:18,652 [INFO]   DONE [refresh_master_ladders] in 15.2s
2026-05-04 07:23:18,652 [INFO] START [update_photos] Download photos for any new/missing players
2026-05-04 07:23:18,652 [INFO]   Running: /opt/homebrew/Caskroom/miniconda/base/envs/afl/bin/python /Users/marcuswagner/coding/AFL_dashboard/auto_update_photos.py 
2026-05-04 07:26:10,069 [INFO]   DONE [update_photos] in 171.4s
2026-05-04 07:26:10,070 [INFO]     | 
2026-05-04 07:26:10,070 [INFO] START [validate_freshness] Validate pipeline output files are present and fresh
2026-05-04 07:26:10,070 [INFO]   Running: /opt/homebrew/Caskroom/miniconda/base/envs/afl/bin/python /Users/marcuswagner/coding/AFL_dashboard/validate_pipeline_freshness.py 
2026-05-04 07:26:10,098 [INFO]   DONE [validate_freshness] in 0.0s
2026-05-04 07:26:10,098 [INFO]     |   ✓ FRESH    footywire_drafts_history.csv  (07:09)
2026-05-04 07:26:10,098 [INFO]     |   ✓ FRESH    footywire_2026_with_traits.csv  (07:23)
2026-05-04 07:26:10,098 [INFO]     |   ✓ FRESH    traits_2026.csv  (07:23)
2026-05-04 07:26:10,098 [INFO]     | 
2026-05-04 07:26:10,098 [INFO]     | ✅ All required files are present and fresh.
2026-05-04 07:26:10,098 [INFO] START [validate_schemas] Validate CSV output schemas (columns, row counts, data quality)
2026-05-04 07:26:10,111 [INFO]   DONE [validate_schemas] 0 warning(s) in 0.0s
2026-05-04 07:26:10,112 [INFO] START [data_diff_check] Compare pipeline outputs against backups and alert on anomalies
2026-05-04 07:26:10,122 [INFO]   DONE [data_diff_check] no anomalies in 0.0s
2026-05-04 07:26:10,122 [INFO]   SKIP [team_selections] – Skipped: only runs on Wed, Thu, Fri
2026-05-04 07:26:10,122 [INFO] START [validate_selections] Validate announced squads against actual match-day players
2026-05-04 07:26:10,122 [INFO]   Running: /opt/homebrew/Caskroom/miniconda/base/envs/afl/bin/python /Users/marcuswagner/coding/AFL_dashboard/scrape_team_selections.py --validate
2026-05-04 07:26:10,510 [INFO]   DONE [validate_selections] in 0.4s
2026-05-04 07:26:10,510 [INFO]     | 
2026-05-04 07:26:10,510 [INFO] 
2026-05-04 07:26:10,510 [INFO] ============================================================
2026-05-04 07:26:10,510 [INFO] UPDATE SUMMARY
2026-05-04 07:26:10,510 [INFO] ============================================================
2026-05-04 07:26:10,510 [INFO]   ✓ footywire_squads: OK
2026-05-04 07:26:10,510 [INFO]   ✓ footywire_extended: OK
2026-05-04 07:26:10,510 [INFO]   ✓ afl_ladders: OK
2026-05-04 07:26:10,510 [INFO]   ✓ wheelo_ratings: OK
2026-05-04 07:26:10,510 [INFO]   ✓ wheelo_match_stats: OK
2026-05-04 07:26:10,510 [INFO]   ✓ traits_api: OK
2026-05-04 07:26:10,510 [INFO]   ✓ wheelo_to_raw: OK
2026-05-04 07:26:10,510 [INFO]   ✓ build_season: OK
2026-05-04 07:26:10,510 [INFO]   ✓ wheelo_player_to_raw: OK
2026-05-04 07:26:10,510 [INFO]   ✓ regenerate_ratings: OK
2026-05-04 07:26:10,510 [INFO]   ✓ refresh_master_ladders: OK
2026-05-04 07:26:10,510 [INFO]   ✓ update_photos: OK
2026-05-04 07:26:10,510 [INFO]   ✓ validate_freshness: OK
2026-05-04 07:26:10,510 [INFO]   ✓ validate_schemas: OK
2026-05-04 07:26:10,510 [INFO]   ✓ data_diff_check: OK
2026-05-04 07:26:10,510 [INFO]   ⊘ team_selections: SKIPPED: Skipped: only runs on Wed, Thu, Fri
2026-05-04 07:26:10,510 [INFO]   ✓ validate_selections: OK
2026-05-04 07:26:10,510 [INFO] 
2026-05-04 07:26:10,510 [INFO] Results: 17 passed, 0 failed, 1 skipped
2026-05-04 07:26:10,510 [INFO] Total time: 1565s (26.1 min)
2026-05-04 07:26:10,510 [INFO] Log: /Users/marcuswagner/coding/AFL_dashboard/logs/scheduled_update_2026-05-04_0700.log
2026-05-04 07:26:10,525 [INFO] Stopped Streamlit (PIDs: 69484)
2026-05-04 07:26:12,687 [INFO] Restarted Streamlit app.
2026-05-04 07:26:12,688 [WARNING] 
⚠️  Completed with 1 skipped step(s).
2026-05-04 07:26:18,287 [INFO] Email sent to marcus.wagner@futureedgesport.com.au
