2026-03-14 07:00:03,271 [INFO] Log file: /Users/marcuswagner/coding/AFL_dashboard/logs/scheduled_update_2026-03-14_0700.log
2026-03-14 07:00:03,271 [INFO] ============================================================
2026-03-14 07:00:03,271 [INFO] AFL Dashboard – Scheduled Data Update
2026-03-14 07:00:03,271 [INFO] Date: Saturday 14 March 2026 07:00
2026-03-14 07:00:03,271 [INFO] Mode: FULL
2026-03-14 07:00:03,271 [INFO] ============================================================
2026-03-14 07:00:03,271 [INFO] Python: /opt/homebrew/Caskroom/miniconda/base/envs/afl/bin/python
2026-03-14 07:00:03,271 [INFO] 
Steps to run (1):
2026-03-14 07:00:03,271 [INFO]   • wheelo_ratings: Scrape Wheelo team & player ratings (Selenium) [SLOW]
2026-03-14 07:00:03,271 [INFO] 
2026-03-14 07:00:03,271 [INFO] START [wheelo_ratings] Scrape Wheelo team & player ratings (Selenium)
2026-03-14 07:00:03,271 [INFO]   Running: /opt/homebrew/Caskroom/miniconda/base/envs/afl/bin/python /Users/marcuswagner/coding/AFL_dashboard/scrape_wheelo_ratings.py --all
2026-03-14 07:00:15,147 [ERROR]   FAILED [wheelo_ratings] exit code 1 (11.9s)
2026-03-14 07:00:15,147 [ERROR]     | Traceback (most recent call last):
2026-03-14 07:00:15,147 [ERROR]     |   File "/Users/marcuswagner/coding/AFL_dashboard/scrape_wheelo_ratings.py", line 577, in <module>
2026-03-14 07:00:15,147 [ERROR]     |     main()
2026-03-14 07:00:15,147 [ERROR]     |   File "/Users/marcuswagner/coding/AFL_dashboard/scrape_wheelo_ratings.py", line 541, in main
2026-03-14 07:00:15,147 [ERROR]     |     team_files = scraper.download_team_stats()
2026-03-14 07:00:15,147 [ERROR]     |   File "/Users/marcuswagner/coding/AFL_dashboard/scrape_wheelo_ratings.py", line 280, in download_team_stats
2026-03-14 07:00:15,147 [ERROR]     |     self._setup_driver()
2026-03-14 07:00:15,147 [ERROR]     |   File "/Users/marcuswagner/coding/AFL_dashboard/scrape_wheelo_ratings.py", line 174, in _setup_driver
2026-03-14 07:00:15,147 [ERROR]     |     raise RuntimeError(f"Failed to start Chrome after {max_retries} attempts: {last_error}")
2026-03-14 07:00:15,147 [ERROR]     | RuntimeError: Failed to start Chrome after 3 attempts: Message: Service /Users/marcuswagner/.wdm/drivers/chromedriver/mac64/146.0.7680.76/chromedriver-mac-arm64/chromedriver unexpectedly exited. Status code was: -9
2026-03-14 07:00:15,147 [ERROR]     | 🔧 Setting up Chrome driver (attempt 3/3)...
2026-03-14 07:00:15,148 [ERROR]     |   ⚠️  Attempt 3 failed: Message: Service /Users/marcuswagner/.wdm/drivers/chromedriver/mac64/146.0.7680.76/chromedriver-mac-arm64/chromedriver unexpectedly exited. Status code was: -9
2026-03-14 07:00:15,148 [ERROR]     | 
2026-03-14 07:00:15,148 [ERROR]     | 
2026-03-14 07:00:15,148 [ERROR]     | ❌ Error: Failed to start Chrome after 3 attempts: Message: Service /Users/marcuswagner/.wdm/drivers/chromedriver/mac64/146.0.7680.76/chromedriver-mac-arm64/chromedriver unexpectedly exited. Status code was: -9
2026-03-14 07:00:15,148 [INFO] 
2026-03-14 07:00:15,148 [INFO] ============================================================
2026-03-14 07:00:15,148 [INFO] UPDATE SUMMARY
2026-03-14 07:00:15,148 [INFO] ============================================================
2026-03-14 07:00:15,148 [INFO]   ✗ wheelo_ratings: FAILED: Exit code 1
2026-03-14 07:00:15,148 [INFO] 
2026-03-14 07:00:15,148 [INFO] Results: 0 passed, 1 failed, 0 skipped
2026-03-14 07:00:15,148 [INFO] Total time: 12s (0.2 min)
2026-03-14 07:00:15,148 [INFO] Log: /Users/marcuswagner/coding/AFL_dashboard/logs/scheduled_update_2026-03-14_0700.log
2026-03-14 07:00:15,148 [WARNING] 
⚠️  1 step(s) failed. Check log for details.
2026-03-14 07:00:20,988 [INFO] Email sent to marcus.wagner@futureedgesport.com.au
