2026-04-14 07:00:05,285 [INFO] Log file: /Users/marcuswagner/coding/AFL_dashboard/logs/scheduled_update_2026-04-14_0700.log
2026-04-14 07:00:05,285 [INFO] Log file: /Users/marcuswagner/coding/AFL_dashboard/logs/scheduled_update_2026-04-14_0700.log
2026-04-14 07:00:05,285 [INFO] ============================================================
2026-04-14 07:00:05,285 [INFO] ============================================================
2026-04-14 07:00:05,286 [INFO] AFL Dashboard – Scheduled Data Update
2026-04-14 07:00:05,286 [INFO] AFL Dashboard – Scheduled Data Update
2026-04-14 07:00:05,286 [INFO] Date: Tuesday 14 April 2026 07:00
2026-04-14 07:00:05,286 [INFO] Date: Tuesday 14 April 2026 07:00
2026-04-14 07:00:05,286 [INFO] Mode: FULL
2026-04-14 07:00:05,286 [INFO] Mode: FULL
2026-04-14 07:00:05,286 [INFO] ============================================================
2026-04-14 07:00:05,286 [INFO] ============================================================
2026-04-14 07:00:05,286 [INFO] Python: /opt/homebrew/Caskroom/miniconda/base/envs/afl/bin/python
2026-04-14 07:00:05,286 [INFO] Python: /opt/homebrew/Caskroom/miniconda/base/envs/afl/bin/python
2026-04-14 07:00:05,286 [INFO] 
Steps to run (15):
2026-04-14 07:00:05,286 [INFO] 
Steps to run (2):
2026-04-14 07:00:05,286 [INFO]   • footywire_squads: Scrape player squads from Footywire
2026-04-14 07:00:05,286 [INFO]   • wheelo_ratings: Scrape Wheelo team & player ratings (Selenium) [SLOW]
2026-04-14 07:00:05,286 [INFO]   • footywire_extended: Scrape contracts & draft history from Footywire
2026-04-14 07:00:05,286 [INFO]   • wheelo_match_stats: Scrape Wheelo match-by-match player ratings + Brownlow predictions (Selenium) [SLOW]
2026-04-14 07:00:05,286 [INFO]   • afl_ladders: Scrape AFL ladder standings from Footywire (current season)
2026-04-14 07:00:05,286 [INFO] 
2026-04-14 07:00:05,286 [INFO]   • wheelo_ratings: Scrape Wheelo team & player ratings (Selenium) [SLOW]
2026-04-14 07:00:05,286 [INFO]   • wheelo_match_stats: Scrape Wheelo match-by-match player ratings + Brownlow predictions (Selenium) [SLOW]
2026-04-14 07:00:05,286 [INFO]   • traits_api: Fetch Traits API data for current-season players [SLOW]
2026-04-14 07:00:05,286 [INFO]   • wheelo_to_raw: Copy Wheelo team stats to raw data folder for ratings pipeline
2026-04-14 07:00:05,286 [INFO]   • build_season: Build season data files (squads, stats, traits CSVs)
2026-04-14 07:00:05,286 [INFO] START [wheelo_ratings] Scrape Wheelo team & player ratings (Selenium)
2026-04-14 07:00:05,287 [INFO]   • wheelo_player_to_raw: Merge Wheelo player season data (matches, ratings) into raw player CSVs
2026-04-14 07:00:05,287 [INFO]   Running: /opt/homebrew/Caskroom/miniconda/base/envs/afl/bin/python /Users/marcuswagner/coding/AFL_dashboard/scrape_wheelo_ratings.py --all
2026-04-14 07:00:05,287 [INFO]   • regenerate_ratings: Regenerate computed team summaries and ladders
2026-04-14 07:00:05,287 [INFO]   • refresh_master_ladders: Update master workbook Team_Ladders_All with freshly-scraped ladder data
2026-04-14 07:00:05,287 [INFO]   • update_photos: Download photos for any new/missing players [SLOW]
2026-04-14 07:00:05,287 [INFO]   • validate_freshness: Validate pipeline output files are present and fresh
2026-04-14 07:00:05,287 [INFO]   • validate_schemas: Validate CSV output schemas (columns, row counts, data quality)
2026-04-14 07:00:05,287 [INFO]   • data_diff_check: Compare pipeline outputs against backups and alert on anomalies
2026-04-14 07:00:05,287 [INFO] 
2026-04-14 07:00:05,287 [INFO] START [footywire_squads] Scrape player squads from Footywire
2026-04-14 07:00:05,287 [INFO]   Running: /opt/homebrew/Caskroom/miniconda/base/envs/afl/bin/python /Users/marcuswagner/coding/AFL_dashboard/scrape_footywire.py 
2026-04-14 07:00:39,381 [INFO]   DONE [footywire_squads] in 34.1s
2026-04-14 07:00:39,382 [INFO]     | DefenderMidfieldForward      1
2026-04-14 07:00:39,382 [INFO]     | Name: count, dtype: int64
2026-04-14 07:00:39,382 [INFO]     | 
2026-04-14 07:00:39,382 [INFO]     | 
2026-04-14 07:00:39,382 [INFO]     | Updated DOB cache: 0 new entries
2026-04-14 07:00:39,382 [INFO] START [footywire_extended] Scrape contracts & draft history from Footywire
2026-04-14 07:00:39,382 [INFO]   Running: /opt/homebrew/Caskroom/miniconda/base/envs/afl/bin/python /Users/marcuswagner/coding/AFL_dashboard/scrape_footywire_extended.py --current-only
2026-04-14 07:00:56,511 [INFO]   DONE [wheelo_ratings] in 51.2s
2026-04-14 07:00:56,511 [INFO]     | 📊 Team Stats downloaded: 3 files
2026-04-14 07:00:56,511 [INFO]     | 📊 Player Stats downloaded: 3 files
2026-04-14 07:00:56,511 [INFO]     | 📊 Squad Lists downloaded: 1 file
2026-04-14 07:00:56,511 [INFO]     | 
2026-04-14 07:00:56,511 [INFO]     | 📁 CSV files saved in: /Users/marcuswagner/coding/AFL_dashboard/wheelo_downloads
2026-04-14 07:00:56,511 [INFO] START [wheelo_match_stats] Scrape Wheelo match-by-match player ratings + Brownlow predictions (Selenium)
2026-04-14 07:00:56,511 [INFO]   Running: /opt/homebrew/Caskroom/miniconda/base/envs/afl/bin/python /Users/marcuswagner/coding/AFL_dashboard/scrape_wheelo_match_stats.py --brownlow
2026-04-14 07:01:55,294 [INFO]   DONE [wheelo_match_stats] in 58.8s
2026-04-14 07:01:55,294 [INFO]     | ============================================================
2026-04-14 07:01:55,294 [INFO]     | 🔧 Chrome driver attempt 1/3…
2026-04-14 07:01:55,294 [INFO]     | ✅ Chrome driver ready
2026-04-14 07:01:55,294 [INFO]     | 
2026-04-14 07:01:55,294 [INFO]     | 💾 Saved 2070 rows → /Users/marcuswagner/coding/AFL_dashboard/data/raw/player/brownlow_predictions_2026.csv
2026-04-14 07:01:55,294 [INFO] 
2026-04-14 07:01:55,294 [INFO] ============================================================
2026-04-14 07:01:55,294 [INFO] UPDATE SUMMARY
2026-04-14 07:01:55,294 [INFO] ============================================================
2026-04-14 07:01:55,294 [INFO]   ✓ wheelo_ratings: OK
2026-04-14 07:01:55,294 [INFO]   ✓ wheelo_match_stats: OK
2026-04-14 07:01:55,294 [INFO] 
2026-04-14 07:01:55,294 [INFO] Results: 2 passed, 0 failed, 0 skipped
2026-04-14 07:01:55,294 [INFO] Total time: 110s (1.8 min)
2026-04-14 07:01:55,295 [INFO] Log: /Users/marcuswagner/coding/AFL_dashboard/logs/scheduled_update_2026-04-14_0700.log
2026-04-14 07:01:55,300 [INFO] Log rotation: removed 1 old log file(s)
2026-04-14 07:01:55,315 [INFO] Stopped Streamlit (PIDs: 56865)
2026-04-14 07:01:57,476 [INFO] Restarted Streamlit app.
2026-04-14 07:01:57,476 [INFO] 
✅ All steps completed successfully!
2026-04-14 07:02:02,774 [INFO] Email sent to marcus.wagner@futureedgesport.com.au
2026-04-14 07:09:15,023 [INFO]   DONE [footywire_extended] in 515.6s
2026-04-14 07:09:15,023 [INFO]     | 5  Adelaide    Brayden Cook           2026.0           Non-Free Agent      2020.0    National          1.0        25.0
2026-04-14 07:09:15,023 [INFO]     | 6  Adelaide     Indy Cotton           2027.0                  Unknown         NaN        None          NaN         NaN
2026-04-14 07:09:15,023 [INFO]     | 7  Adelaide   Isaac Cumming           2030.0           Non-Free Agent      2016.0    National          1.0        20.0
2026-04-14 07:09:15,023 [INFO]     | 8  Adelaide   Daniel Curtin           2029.0           Non-Free Agent      2023.0    National          1.0         8.0
2026-04-14 07:09:15,023 [INFO]     | 9  Adelaide   Jordan Dawson           2029.0    Restricted Free Agent      2015.0    National          4.0        56.0
2026-04-14 07:09:15,023 [INFO] START [afl_ladders] Scrape AFL ladder standings from Footywire (current season)
2026-04-14 07:09:15,023 [INFO]   Running: /opt/homebrew/Caskroom/miniconda/base/envs/afl/bin/python /Users/marcuswagner/coding/AFL_dashboard/scrape_afl_ladders.py --current-only
2026-04-14 07:09:16,815 [INFO]   DONE [afl_ladders] in 1.8s
2026-04-14 07:09:16,815 [INFO]     |   2026: 18 teams
2026-04-14 07:09:16,815 [INFO]     | 
2026-04-14 07:09:16,815 [INFO]     | ============================================================
2026-04-14 07:09:16,815 [INFO]     | Completed: 2026-04-14 07:09:16
2026-04-14 07:09:16,815 [INFO]     | ============================================================
2026-04-14 07:09:16,815 [INFO] START [wheelo_ratings] Scrape Wheelo team & player ratings (Selenium)
2026-04-14 07:09:16,815 [INFO]   Running: /opt/homebrew/Caskroom/miniconda/base/envs/afl/bin/python /Users/marcuswagner/coding/AFL_dashboard/scrape_wheelo_ratings.py --all
2026-04-14 07:10:02,262 [INFO]   DONE [wheelo_ratings] in 45.4s
2026-04-14 07:10:02,262 [INFO]     | 📊 Team Stats downloaded: 3 files
2026-04-14 07:10:02,262 [INFO]     | 📊 Player Stats downloaded: 3 files
2026-04-14 07:10:02,262 [INFO]     | 📊 Squad Lists downloaded: 1 file
2026-04-14 07:10:02,262 [INFO]     | 
2026-04-14 07:10:02,262 [INFO]     | 📁 CSV files saved in: /Users/marcuswagner/coding/AFL_dashboard/wheelo_downloads
2026-04-14 07:10:02,262 [INFO] START [wheelo_match_stats] Scrape Wheelo match-by-match player ratings + Brownlow predictions (Selenium)
2026-04-14 07:10:02,262 [INFO]   Running: /opt/homebrew/Caskroom/miniconda/base/envs/afl/bin/python /Users/marcuswagner/coding/AFL_dashboard/scrape_wheelo_match_stats.py --brownlow
2026-04-14 07:11:02,545 [INFO]   DONE [wheelo_match_stats] in 60.3s
2026-04-14 07:11:02,545 [INFO]     | ============================================================
2026-04-14 07:11:02,545 [INFO]     | 🔧 Chrome driver attempt 1/3…
2026-04-14 07:11:02,545 [INFO]     | ✅ Chrome driver ready
2026-04-14 07:11:02,545 [INFO]     | 
2026-04-14 07:11:02,545 [INFO]     | 💾 Saved 2070 rows → /Users/marcuswagner/coding/AFL_dashboard/data/raw/player/brownlow_predictions_2026.csv
2026-04-14 07:11:02,545 [INFO] START [traits_api] Fetch Traits API data for current-season players
2026-04-14 07:11:02,545 [INFO]   Running: /opt/homebrew/Caskroom/miniconda/base/envs/afl/bin/python /Users/marcuswagner/coding/AFL_dashboard/run_traits_api.py 
2026-04-14 07:13:42,179 [INFO]   DONE [traits_api] in 159.6s
2026-04-14 07:13:42,180 [INFO]     |  Callum Wilkie    St Kilda            3.43               None           None
2026-04-14 07:13:42,180 [INFO]     |   Errol Gulden      Sydney            3.38               None           None
2026-04-14 07:13:42,180 [INFO]     | Harris Andrews    Brisbane            3.36               None           None
2026-04-14 07:13:42,180 [INFO]     |   James Sicily    Hawthorn            3.36               None           None
2026-04-14 07:13:42,180 [INFO]     | Finn Maginness    Hawthorn            3.35               None           None
2026-04-14 07:13:42,180 [INFO] START [wheelo_to_raw] Copy Wheelo team stats to raw data folder for ratings pipeline
2026-04-14 07:13:42,517 [INFO]   Backed up team_stats_2026.csv → backups/team_stats_2026_20260414_071342.csv
2026-04-14 07:13:42,520 [INFO]   Copied Wheelo 2026 Season -> team_stats_2026.csv (18 teams)
2026-04-14 07:13:42,536 [INFO]   Backed up team_stats_2026_L10.csv → backups/team_stats_2026_L10_20260414_071342.csv
2026-04-14 07:13:42,537 [INFO]   Copied Wheelo 2026 L10 -> team_stats_2026_L10.csv (18 teams)
2026-04-14 07:13:42,558 [INFO]   Backed up team_stats_2026_L5.csv → backups/team_stats_2026_L5_20260414_071342.csv
2026-04-14 07:13:42,560 [INFO]   Copied Wheelo 2026 L5 -> team_stats_2026_L5.csv (18 teams)
2026-04-14 07:13:42,560 [INFO]   DONE [wheelo_to_raw] in 0.4s
2026-04-14 07:13:42,560 [INFO] START [build_season] Build season data files (squads, stats, traits CSVs)
2026-04-14 07:13:42,560 [INFO]   Running: /opt/homebrew/Caskroom/miniconda/base/envs/afl/bin/python /Users/marcuswagner/coding/AFL_dashboard/build_season_data.py 
2026-04-14 07:13:42,829 [INFO]   DONE [build_season] in 0.3s
2026-04-14 07:13:42,829 [INFO]     |   Western Bulldogs      43 players  Avg Age: 24.4  Avg Games: 74
2026-04-14 07:13:42,829 [INFO]     | 
2026-04-14 07:13:42,829 [INFO]     | ============================================================
2026-04-14 07:13:42,829 [INFO]     | ✅ 2026 DATA BUILD COMPLETE
2026-04-14 07:13:42,829 [INFO]     | ============================================================
2026-04-14 07:13:42,829 [INFO] START [wheelo_player_to_raw] Merge Wheelo player season data (matches, ratings) into raw player CSVs
2026-04-14 07:13:42,976 [INFO]   Wheelo Wheelo 2026 Season: 526 players, 18 teams
2026-04-14 07:13:42,997 [INFO]   Name mappings (39): {'Oliver Dempsey': 'Ollie Dempsey', 'Cam Rayner': 'Cameron Rayner', 'Thomas Edwards': 'Tom Edwards', 'Josh Weddle': 'Joshua Weddle', 'Connor Macdonald': 'Connor MacDonald', 'William Hayes': 'Will Hayes', 'Lachie Jones': 'Lachlan Jones', 'Zach Merrett': 'Zachary Merrett', 'Tim English': 'Timothy English', 'Mitch Owens': 'Mitchito Owens', 'Matthew Johnson': 'Matt Johnson', 'Dan Butler': 'Daniel Butler', 'Brad Close': 'Bradley Close', 'Jack Macrae': 'Jackson Macrae', 'Matt Flynn': 'Matthew Flynn', 'Tom Liberatore': 'Thomas Liberatore', 'Cam Mackenzie': 'Cameron Mackenzie', 'Harry Himmelberg': 'Harrison Himmelberg', 'Sam Collins': 'Samuel Collins', 'Lachie Schultz': 'Lachlan Schultz', 'Archer May': 'Archie May', 'Joe Fonti': 'Joseph Fonti', 'Lachie Fogarty': 'Lachlan Fogarty', 'Nicholas Madden': 'Nick Madden', 'Matthew Owies': 'Matt Owies', 'Mitch Lewis': 'Mitchell Lewis', 'Jacob van Rooyen': 'Jacob Van Rooyen', 'Christopher Scerri': 'Chris Scerri', 'Ollie Wines': 'Oliver Wines', 'Mitch Knevitt': 'Mitchell Knevitt', 'Zac Williams': 'Zachary Williams', 'Lachlan Sullivan': 'Lachie Sullivan', 'Lachie Weller': 'Lachlan Weller', 'Tom Stewart': 'Thomas Stewart', 'Sam Grlj': 'Samuel Grlj', 'Matt Roberts': 'Matthew Roberts', 'Leonardo Lombard': 'Leo Lombard', 'Lachie Ash': 'Lachlan Ash', 'Matthew Carroll': 'Matt Carroll'}
2026-04-14 07:13:43,006 [INFO]   Backed up player_stats_2026.csv → backups/player_stats_2026_20260414_071343.csv
2026-04-14 07:13:43,008 [INFO]   Updated player_stats_2026.csv: 526 players with matches from Wheelo
2026-04-14 07:13:43,026 [INFO]   Backed up squads_2026.csv → backups/squads_2026_20260414_071343.csv
2026-04-14 07:13:43,028 [INFO]   Updated squads_2026.csv: 526 players matched from Wheelo
2026-04-14 07:13:43,028 [INFO]   DONE [wheelo_player_to_raw] in 0.2s
2026-04-14 07:13:43,028 [INFO] START [regenerate_ratings] Regenerate computed team summaries and ladders
2026-04-14 07:13:43,029 [INFO]   Running: /opt/homebrew/Caskroom/miniconda/base/envs/afl/bin/python /Users/marcuswagner/coding/AFL_dashboard/regenerate_ratings.py 
2026-04-14 07:13:43,302 [INFO]   DONE [regenerate_ratings] in 0.3s
2026-04-14 07:13:43,302 [INFO]     | Skipping 2025 Last 5 - no raw data
2026-04-14 07:13:43,302 [INFO]     | 
2026-04-14 07:13:43,302 [INFO]     | ============================================================
2026-04-14 07:13:43,302 [INFO]     | DONE!
2026-04-14 07:13:43,302 [INFO]     | ============================================================
2026-04-14 07:13:43,302 [INFO] START [refresh_master_ladders] Update master workbook Team_Ladders_All with freshly-scraped ladder data
2026-04-14 07:13:55,827 [INFO]   Refreshed Team_Ladders_All: 287 rows
2026-04-14 07:13:55,831 [INFO]   DONE [refresh_master_ladders] in 12.5s
2026-04-14 07:13:55,831 [INFO] START [update_photos] Download photos for any new/missing players
2026-04-14 07:13:55,831 [INFO]   Running: /opt/homebrew/Caskroom/miniconda/base/envs/afl/bin/python /Users/marcuswagner/coding/AFL_dashboard/auto_update_photos.py 
2026-04-14 07:16:47,772 [INFO]   DONE [update_photos] in 171.9s
2026-04-14 07:16:47,772 [INFO]     | 
2026-04-14 07:16:47,772 [INFO] START [validate_freshness] Validate pipeline output files are present and fresh
2026-04-14 07:16:47,772 [INFO]   Running: /opt/homebrew/Caskroom/miniconda/base/envs/afl/bin/python /Users/marcuswagner/coding/AFL_dashboard/validate_pipeline_freshness.py 
2026-04-14 07:16:47,806 [INFO]   DONE [validate_freshness] in 0.0s
2026-04-14 07:16:47,806 [INFO]     |   ✓ FRESH    footywire_drafts_history.csv  (07:09)
2026-04-14 07:16:47,806 [INFO]     |   ✓ FRESH    footywire_2026_with_traits.csv  (07:13)
2026-04-14 07:16:47,806 [INFO]     |   ✓ FRESH    traits_2026.csv  (07:13)
2026-04-14 07:16:47,806 [INFO]     | 
2026-04-14 07:16:47,806 [INFO]     | ✅ All required files are present and fresh.
2026-04-14 07:16:47,806 [INFO] START [validate_schemas] Validate CSV output schemas (columns, row counts, data quality)
2026-04-14 07:16:47,818 [INFO]   DONE [validate_schemas] 0 warning(s) in 0.0s
2026-04-14 07:16:47,818 [INFO] START [data_diff_check] Compare pipeline outputs against backups and alert on anomalies
2026-04-14 07:16:47,829 [INFO]   DONE [data_diff_check] no anomalies in 0.0s
2026-04-14 07:16:47,829 [INFO] 
2026-04-14 07:16:47,829 [INFO] ============================================================
2026-04-14 07:16:47,829 [INFO] UPDATE SUMMARY
2026-04-14 07:16:47,829 [INFO] ============================================================
2026-04-14 07:16:47,829 [INFO]   ✓ footywire_squads: OK
2026-04-14 07:16:47,829 [INFO]   ✓ footywire_extended: OK
2026-04-14 07:16:47,829 [INFO]   ✓ afl_ladders: OK
2026-04-14 07:16:47,829 [INFO]   ✓ wheelo_ratings: OK
2026-04-14 07:16:47,829 [INFO]   ✓ wheelo_match_stats: OK
2026-04-14 07:16:47,829 [INFO]   ✓ traits_api: OK
2026-04-14 07:16:47,829 [INFO]   ✓ wheelo_to_raw: OK
2026-04-14 07:16:47,829 [INFO]   ✓ build_season: OK
2026-04-14 07:16:47,829 [INFO]   ✓ wheelo_player_to_raw: OK
2026-04-14 07:16:47,829 [INFO]   ✓ regenerate_ratings: OK
2026-04-14 07:16:47,829 [INFO]   ✓ refresh_master_ladders: OK
2026-04-14 07:16:47,829 [INFO]   ✓ update_photos: OK
2026-04-14 07:16:47,829 [INFO]   ✓ validate_freshness: OK
2026-04-14 07:16:47,829 [INFO]   ✓ validate_schemas: OK
2026-04-14 07:16:47,829 [INFO]   ✓ data_diff_check: OK
2026-04-14 07:16:47,829 [INFO] 
2026-04-14 07:16:47,829 [INFO] Results: 15 passed, 0 failed, 0 skipped
2026-04-14 07:16:47,829 [INFO] Total time: 1003s (16.7 min)
2026-04-14 07:16:47,829 [INFO] Log: /Users/marcuswagner/coding/AFL_dashboard/logs/scheduled_update_2026-04-14_0700.log
2026-04-14 07:16:47,844 [INFO] Stopped Streamlit (PIDs: 92808)
2026-04-14 07:16:49,868 [INFO] Restarted Streamlit app.
2026-04-14 07:16:49,868 [INFO] 
✅ All steps completed successfully!
2026-04-14 07:16:54,908 [INFO] Email sent to marcus.wagner@futureedgesport.com.au
