2026-03-24 07:00:03,023 [INFO] Log file: /Users/marcuswagner/coding/AFL_dashboard/logs/scheduled_update_2026-03-24_0700.log
2026-03-24 07:00:03,023 [INFO] ============================================================
2026-03-24 07:00:03,023 [INFO] AFL Dashboard – Scheduled Data Update
2026-03-24 07:00:03,024 [INFO] Date: Tuesday 24 March 2026 07:00
2026-03-24 07:00:03,024 [INFO] Mode: FULL
2026-03-24 07:00:03,024 [INFO] ============================================================
2026-03-24 07:00:03,024 [INFO] Python: /opt/homebrew/Caskroom/miniconda/base/envs/afl/bin/python
2026-03-24 07:00:03,024 [INFO] 
Steps to run (2):
2026-03-24 07:00:03,024 [INFO]   • wheelo_ratings: Scrape Wheelo team & player ratings (Selenium) [SLOW]
2026-03-24 07:00:03,024 [INFO]   • wheelo_match_stats: Scrape Wheelo match-by-match player ratings + Brownlow predictions (Selenium) [SLOW]
2026-03-24 07:00:03,024 [INFO] 
2026-03-24 07:00:03,024 [INFO] START [wheelo_ratings] Scrape Wheelo team & player ratings (Selenium)
2026-03-24 07:00:03,024 [INFO]   Running: /opt/homebrew/Caskroom/miniconda/base/envs/afl/bin/python /Users/marcuswagner/coding/AFL_dashboard/scrape_wheelo_ratings.py --all
2026-03-24 07:00:50,892 [INFO]   DONE [wheelo_ratings] in 47.9s
2026-03-24 07:00:50,892 [INFO]     | 📊 Team Stats downloaded: 3 files
2026-03-24 07:00:50,892 [INFO]     | 📊 Player Stats downloaded: 3 files
2026-03-24 07:00:50,892 [INFO]     | 📊 Squad Lists downloaded: 1 file
2026-03-24 07:00:50,892 [INFO]     | 
2026-03-24 07:00:50,892 [INFO]     | 📁 CSV files saved in: /Users/marcuswagner/coding/AFL_dashboard/wheelo_downloads
2026-03-24 07:00:50,892 [INFO] START [wheelo_match_stats] Scrape Wheelo match-by-match player ratings + Brownlow predictions (Selenium)
2026-03-24 07:00:50,892 [INFO]   Running: /opt/homebrew/Caskroom/miniconda/base/envs/afl/bin/python /Users/marcuswagner/coding/AFL_dashboard/scrape_wheelo_match_stats.py --brownlow
2026-03-24 07:01:28,759 [INFO]   DONE [wheelo_match_stats] in 37.9s
2026-03-24 07:01:28,759 [INFO]     | ============================================================
2026-03-24 07:01:28,759 [INFO]     | 🔧 Chrome driver attempt 1/3…
2026-03-24 07:01:28,759 [INFO]     | ✅ Chrome driver ready
2026-03-24 07:01:28,759 [INFO]     | 
2026-03-24 07:01:28,759 [INFO]     | 💾 Saved 966 rows → /Users/marcuswagner/coding/AFL_dashboard/data/raw/player/brownlow_predictions_2026.csv
2026-03-24 07:01:28,759 [INFO] 
2026-03-24 07:01:28,759 [INFO] ============================================================
2026-03-24 07:01:28,759 [INFO] UPDATE SUMMARY
2026-03-24 07:01:28,759 [INFO] ============================================================
2026-03-24 07:01:28,760 [INFO]   ✓ wheelo_ratings: OK
2026-03-24 07:01:28,760 [INFO]   ✓ wheelo_match_stats: OK
2026-03-24 07:01:28,760 [INFO] 
2026-03-24 07:01:28,760 [INFO] Results: 2 passed, 0 failed, 0 skipped
2026-03-24 07:01:28,760 [INFO] Total time: 86s (1.4 min)
2026-03-24 07:01:28,760 [INFO] Log: /Users/marcuswagner/coding/AFL_dashboard/logs/scheduled_update_2026-03-24_0700.log
2026-03-24 07:01:28,760 [INFO] 
✅ All steps completed successfully!
2026-03-24 07:01:34,588 [INFO] Email sent to marcus.wagner@futureedgesport.com.au
