2026-04-17 07:04:37,982 [INFO] Log file: /Users/marcuswagner/coding/AFL_dashboard/logs/scheduled_update_2026-04-17_0704.log
2026-04-17 07:04:37,982 [INFO] Log file: /Users/marcuswagner/coding/AFL_dashboard/logs/scheduled_update_2026-04-17_0704.log
2026-04-17 07:04:37,982 [INFO] ============================================================
2026-04-17 07:04:37,982 [INFO] ============================================================
2026-04-17 07:04:37,982 [INFO] AFL Dashboard – Scheduled Data Update
2026-04-17 07:04:37,982 [INFO] AFL Dashboard – Scheduled Data Update
2026-04-17 07:04:37,982 [INFO] Date: Friday 17 April 2026 07:04
2026-04-17 07:04:37,982 [INFO] Date: Friday 17 April 2026 07:04
2026-04-17 07:04:37,982 [INFO] Mode: FULL
2026-04-17 07:04:37,982 [INFO] Mode: FULL
2026-04-17 07:04:37,982 [INFO] ============================================================
2026-04-17 07:04:37,982 [INFO] ============================================================
2026-04-17 07:04:37,982 [INFO] Python: /opt/homebrew/Caskroom/miniconda/base/envs/afl/bin/python
2026-04-17 07:04:37,982 [INFO] Python: /opt/homebrew/Caskroom/miniconda/base/envs/afl/bin/python
2026-04-17 07:04:37,982 [INFO] 
Steps to run (2):
2026-04-17 07:04:37,982 [INFO] 
Steps to run (17):
2026-04-17 07:04:37,982 [INFO]   • wheelo_ratings: Scrape Wheelo team & player ratings (Selenium) [SLOW]
2026-04-17 07:04:37,982 [INFO]   • footywire_squads: Scrape player squads from Footywire
2026-04-17 07:04:37,982 [INFO]   • wheelo_match_stats: Scrape Wheelo match-by-match player ratings + Brownlow predictions (Selenium) [SLOW]
2026-04-17 07:04:37,982 [INFO]   • footywire_extended: Scrape contracts & draft history from Footywire
2026-04-17 07:04:37,982 [INFO] 
2026-04-17 07:04:37,982 [INFO]   • afl_ladders: Scrape AFL ladder standings from Footywire (current season)
2026-04-17 07:04:37,982 [INFO]   • wheelo_ratings: Scrape Wheelo team & player ratings (Selenium) [SLOW]
2026-04-17 07:04:37,982 [INFO] START [wheelo_ratings] Scrape Wheelo team & player ratings (Selenium)
2026-04-17 07:04:37,982 [INFO]   • wheelo_match_stats: Scrape Wheelo match-by-match player ratings + Brownlow predictions (Selenium) [SLOW]
2026-04-17 07:04:37,982 [INFO]   Running: /opt/homebrew/Caskroom/miniconda/base/envs/afl/bin/python /Users/marcuswagner/coding/AFL_dashboard/scrape_wheelo_ratings.py --all
2026-04-17 07:04:37,982 [INFO]   • traits_api: Fetch Traits API data for current-season players [SLOW]
2026-04-17 07:04:37,982 [INFO]   • wheelo_to_raw: Copy Wheelo team stats to raw data folder for ratings pipeline
2026-04-17 07:04:37,982 [INFO]   • build_season: Build season data files (squads, stats, traits CSVs)
2026-04-17 07:04:37,982 [INFO]   • wheelo_player_to_raw: Merge Wheelo player season data (matches, ratings) into raw player CSVs
2026-04-17 07:04:37,982 [INFO]   • regenerate_ratings: Regenerate computed team summaries and ladders
2026-04-17 07:04:37,982 [INFO]   • refresh_master_ladders: Update master workbook Team_Ladders_All with freshly-scraped ladder data
2026-04-17 07:04:37,982 [INFO]   • update_photos: Download photos for any new/missing players [SLOW]
2026-04-17 07:04:37,982 [INFO]   • validate_freshness: Validate pipeline output files are present and fresh
2026-04-17 07:04:37,982 [INFO]   • validate_schemas: Validate CSV output schemas (columns, row counts, data quality)
2026-04-17 07:04:37,982 [INFO]   • data_diff_check: Compare pipeline outputs against backups and alert on anomalies
2026-04-17 07:04:37,982 [INFO]   • team_selections: Scrape team selections & fixture from FootyWire + Squiggle API
2026-04-17 07:04:37,982 [INFO]   • validate_selections: Validate announced squads against actual match-day players
2026-04-17 07:04:37,982 [INFO] 
2026-04-17 07:04:37,982 [INFO] START [footywire_squads] Scrape player squads from Footywire
2026-04-17 07:04:37,982 [INFO]   Running: /opt/homebrew/Caskroom/miniconda/base/envs/afl/bin/python /Users/marcuswagner/coding/AFL_dashboard/scrape_footywire.py 
2026-04-17 07:47:00,634 [INFO]   DONE [wheelo_ratings] in 2542.7s
2026-04-17 07:47:00,634 [INFO]     | 📊 Team Stats downloaded: 3 files
2026-04-17 07:47:00,634 [INFO]     | 📊 Player Stats downloaded: 3 files
2026-04-17 07:47:00,634 [INFO]     | 📊 Squad Lists downloaded: 1 file
2026-04-17 07:47:00,634 [INFO]     | 
2026-04-17 07:47:00,634 [INFO]     | 📁 CSV files saved in: /Users/marcuswagner/coding/AFL_dashboard/wheelo_downloads
2026-04-17 07:47:00,634 [INFO] START [wheelo_match_stats] Scrape Wheelo match-by-match player ratings + Brownlow predictions (Selenium)
2026-04-17 07:47:00,635 [INFO]   Running: /opt/homebrew/Caskroom/miniconda/base/envs/afl/bin/python /Users/marcuswagner/coding/AFL_dashboard/scrape_wheelo_match_stats.py --brownlow
2026-04-17 07:47:08,768 [INFO]   DONE [footywire_squads] in 2550.8s
2026-04-17 07:47:08,768 [INFO]     | DefenderMidfieldForward      1
2026-04-17 07:47:08,768 [INFO]     | Name: count, dtype: int64
2026-04-17 07:47:08,768 [INFO]     | 
2026-04-17 07:47:08,768 [INFO]     | 
2026-04-17 07:47:08,768 [INFO]     | Updated DOB cache: 0 new entries
2026-04-17 07:47:08,769 [INFO] START [footywire_extended] Scrape contracts & draft history from Footywire
2026-04-17 07:47:08,769 [INFO]   Running: /opt/homebrew/Caskroom/miniconda/base/envs/afl/bin/python /Users/marcuswagner/coding/AFL_dashboard/scrape_footywire_extended.py --current-only
2026-04-17 08:45:28,860 [ERROR]   FAILED [wheelo_match_stats] exit code 1 (3508.2s)
2026-04-17 08:45:28,860 [ERROR]     | 6   chromedriver                        0x0000000104755248 cxxbridge1$str$ptr + 2920364
2026-04-17 08:45:28,860 [ERROR]     | 7   chromedriver                        0x0000000104758a28 cxxbridge1$str$ptr + 2934668
2026-04-17 08:45:28,860 [ERROR]     | 8   chromedriver                        0x000000010473b1fc cxxbridge1$str$ptr + 2813792
2026-04-17 08:45:28,860 [ERROR]     | 9   chromedriver                        0x00000001047592a8 cxxbridge1$str$ptr + 2936844
2026-04-17 08:45:28,860 [ERROR]     | 10  chromedriver                        0x000000010472c024 cxxbridge1$str$ptr + 2751880
2026-04-17 08:45:28,860 [ERROR]     | 11  chromedriver                        0x000000010477e988 cxxbridge1$str$ptr + 3090156
2026-04-17 08:45:28,860 [ERROR]     | 12  chromedriver                        0x000000010477eb04 cxxbridge1$str$ptr + 3090536
2026-04-17 08:45:28,860 [ERROR]     | 13  chromedriver                        0x000000010478f6e4 cxxbridge1$str$ptr + 3159112
2026-04-17 08:45:28,860 [ERROR]     | 14  libsystem_pthread.dylib             0x000000019d915c08 _pthread_start + 136
2026-04-17 08:45:28,860 [ERROR]     | 15  libsystem_pthread.dylib             0x000000019d910ba8 thread_start + 8
2026-04-17 08:45:28,860 [ERROR]     | 
2026-04-17 08:45:28,860 [ERROR]     |   📋 Round 4 (round 4)
2026-04-17 08:45:28,860 [ERROR]     |     (no games found)
2026-04-17 08:45:28,860 [ERROR]     | 
2026-04-17 08:45:28,860 [ERROR]     |   📋 Round 5 (round 5)
2026-04-17 08:45:28,860 [INFO] 
2026-04-17 08:45:28,860 [INFO] ============================================================
2026-04-17 08:45:28,860 [INFO] UPDATE SUMMARY
2026-04-17 08:45:28,860 [INFO] ============================================================
2026-04-17 08:45:28,860 [INFO]   ✓ wheelo_ratings: OK
2026-04-17 08:45:28,860 [INFO]   ✗ wheelo_match_stats: FAILED: Exit code 1
2026-04-17 08:45:28,860 [INFO] 
2026-04-17 08:45:28,860 [INFO] Results: 1 passed, 1 failed, 0 skipped
2026-04-17 08:45:28,860 [INFO] Total time: 6051s (100.8 min)
2026-04-17 08:45:28,861 [INFO] Log: /Users/marcuswagner/coding/AFL_dashboard/logs/scheduled_update_2026-04-17_0704.log
2026-04-17 08:45:28,862 [INFO] Log rotation: removed 3 old log file(s)
2026-04-17 08:45:28,877 [INFO] Stopped Streamlit (PIDs: 87977)
2026-04-17 08:45:31,567 [INFO] Restarted Streamlit app.
2026-04-17 08:45:31,604 [WARNING] 
⚠️  1 step(s) failed. Check log for details.
2026-04-17 08:45:40,583 [INFO] Email sent to marcus.wagner@futureedgesport.com.au
2026-04-17 08:53:05,277 [INFO]   DONE [footywire_extended] in 3956.5s
2026-04-17 08:53:05,277 [INFO]     | 5  Adelaide    Brayden Cook           2026.0           Non-Free Agent      2020.0    National          1.0        25.0
2026-04-17 08:53:05,277 [INFO]     | 6  Adelaide     Indy Cotton           2027.0                  Unknown         NaN        None          NaN         NaN
2026-04-17 08:53:05,277 [INFO]     | 7  Adelaide   Isaac Cumming           2030.0           Non-Free Agent      2016.0    National          1.0        20.0
2026-04-17 08:53:05,277 [INFO]     | 8  Adelaide   Daniel Curtin           2029.0           Non-Free Agent      2023.0    National          1.0         8.0
2026-04-17 08:53:05,277 [INFO]     | 9  Adelaide   Jordan Dawson           2029.0    Restricted Free Agent      2015.0    National          4.0        56.0
2026-04-17 08:53:05,277 [INFO] START [afl_ladders] Scrape AFL ladder standings from Footywire (current season)
2026-04-17 08:53:05,277 [INFO]   Running: /opt/homebrew/Caskroom/miniconda/base/envs/afl/bin/python /Users/marcuswagner/coding/AFL_dashboard/scrape_afl_ladders.py --current-only
2026-04-17 08:53:07,416 [INFO]   DONE [afl_ladders] in 2.1s
2026-04-17 08:53:07,416 [INFO]     |   2026: 18 teams
2026-04-17 08:53:07,416 [INFO]     | 
2026-04-17 08:53:07,416 [INFO]     | ============================================================
2026-04-17 08:53:07,416 [INFO]     | Completed: 2026-04-17 08:53:07
2026-04-17 08:53:07,416 [INFO]     | ============================================================
2026-04-17 08:53:07,416 [INFO] START [wheelo_ratings] Scrape Wheelo team & player ratings (Selenium)
2026-04-17 08:53:07,416 [INFO]   Running: /opt/homebrew/Caskroom/miniconda/base/envs/afl/bin/python /Users/marcuswagner/coding/AFL_dashboard/scrape_wheelo_ratings.py --all
2026-04-17 08:53:49,163 [INFO]   DONE [wheelo_ratings] in 41.7s
2026-04-17 08:53:49,163 [INFO]     | 📊 Team Stats downloaded: 3 files
2026-04-17 08:53:49,163 [INFO]     | 📊 Player Stats downloaded: 3 files
2026-04-17 08:53:49,163 [INFO]     | 📊 Squad Lists downloaded: 1 file
2026-04-17 08:53:49,163 [INFO]     | 
2026-04-17 08:53:49,163 [INFO]     | 📁 CSV files saved in: /Users/marcuswagner/coding/AFL_dashboard/wheelo_downloads
2026-04-17 08:53:49,163 [INFO] START [wheelo_match_stats] Scrape Wheelo match-by-match player ratings + Brownlow predictions (Selenium)
2026-04-17 08:53:49,163 [INFO]   Running: /opt/homebrew/Caskroom/miniconda/base/envs/afl/bin/python /Users/marcuswagner/coding/AFL_dashboard/scrape_wheelo_match_stats.py --brownlow
2026-04-17 08:54:51,737 [INFO]   DONE [wheelo_match_stats] in 62.6s
2026-04-17 08:54:51,737 [INFO]     | ============================================================
2026-04-17 08:54:51,737 [INFO]     | 🔧 Chrome driver attempt 1/3…
2026-04-17 08:54:51,737 [INFO]     | ✅ Chrome driver ready
2026-04-17 08:54:51,737 [INFO]     | 
2026-04-17 08:54:51,737 [INFO]     | 💾 Saved 2070 rows → /Users/marcuswagner/coding/AFL_dashboard/data/raw/player/brownlow_predictions_2026.csv
2026-04-17 08:54:51,737 [INFO]   SKIP [traits_api] – Skipped: only runs on Mon, Tue, Sun
2026-04-17 08:54:51,737 [INFO] START [wheelo_to_raw] Copy Wheelo team stats to raw data folder for ratings pipeline
2026-04-17 08:54:52,102 [INFO]   Backed up team_stats_2026.csv → backups/team_stats_2026_20260417_085452.csv
2026-04-17 08:54:52,104 [INFO]   Copied Wheelo 2026 Season -> team_stats_2026.csv (18 teams)
2026-04-17 08:54:52,121 [INFO]   Backed up team_stats_2026_L10.csv → backups/team_stats_2026_L10_20260417_085452.csv
2026-04-17 08:54:52,122 [INFO]   Copied Wheelo 2026 L10 -> team_stats_2026_L10.csv (18 teams)
2026-04-17 08:54:52,146 [INFO]   Backed up team_stats_2026_L5.csv → backups/team_stats_2026_L5_20260417_085452.csv
2026-04-17 08:54:52,148 [INFO]   Copied Wheelo 2026 L5 -> team_stats_2026_L5.csv (18 teams)
2026-04-17 08:54:52,148 [INFO]   DONE [wheelo_to_raw] in 0.4s
2026-04-17 08:54:52,148 [INFO] START [build_season] Build season data files (squads, stats, traits CSVs)
2026-04-17 08:54:52,148 [INFO]   Running: /opt/homebrew/Caskroom/miniconda/base/envs/afl/bin/python /Users/marcuswagner/coding/AFL_dashboard/build_season_data.py 
2026-04-17 08:54:52,498 [INFO]   DONE [build_season] in 0.3s
2026-04-17 08:54:52,498 [INFO]     |   Western Bulldogs      43 players  Avg Age: 24.4  Avg Games: 74
2026-04-17 08:54:52,498 [INFO]     | 
2026-04-17 08:54:52,498 [INFO]     | ============================================================
2026-04-17 08:54:52,498 [INFO]     | ✅ 2026 DATA BUILD COMPLETE
2026-04-17 08:54:52,498 [INFO]     | ============================================================
2026-04-17 08:54:52,498 [INFO] START [wheelo_player_to_raw] Merge Wheelo player season data (matches, ratings) into raw player CSVs
2026-04-17 08:54:52,647 [INFO]   Wheelo Wheelo 2026 Season: 526 players, 18 teams
2026-04-17 08:54:52,664 [INFO]   Name mappings (39): {'Josh Weddle': 'Joshua Weddle', 'Sam Grlj': 'Samuel Grlj', 'Mitch Lewis': 'Mitchell Lewis', 'Tom Liberatore': 'Thomas Liberatore', 'Jacob van Rooyen': 'Jacob Van Rooyen', 'Thomas Edwards': 'Tom Edwards', 'Tim English': 'Timothy English', 'Cam Mackenzie': 'Cameron Mackenzie', 'Matt Roberts': 'Matthew Roberts', 'Harry Himmelberg': 'Harrison Himmelberg', 'Lachie Schultz': 'Lachlan Schultz', 'Connor Macdonald': 'Connor MacDonald', 'Brad Close': 'Bradley Close', 'Joe Fonti': 'Joseph Fonti', 'Mitch Owens': 'Mitchito Owens', 'Zach Merrett': 'Zachary Merrett', 'Sam Collins': 'Samuel Collins', 'Oliver Dempsey': 'Ollie Dempsey', 'Lachie Fogarty': 'Lachlan Fogarty', 'Matthew Johnson': 'Matt Johnson', 'Matt Flynn': 'Matthew Flynn', 'Matthew Carroll': 'Matt Carroll', 'Nicholas Madden': 'Nick Madden', 'Christopher Scerri': 'Chris Scerri', 'Archer May': 'Archie May', 'Cam Rayner': 'Cameron Rayner', 'Matthew Owies': 'Matt Owies', 'Dan Butler': 'Daniel Butler', 'Leonardo Lombard': 'Leo Lombard', 'Lachie Ash': 'Lachlan Ash', 'Tom Stewart': 'Thomas Stewart', 'Lachlan Sullivan': 'Lachie Sullivan', 'Zac Williams': 'Zachary Williams', 'Jack Macrae': 'Jackson Macrae', 'Lachie Weller': 'Lachlan Weller', 'Ollie Wines': 'Oliver Wines', 'William Hayes': 'Will Hayes', 'Mitch Knevitt': 'Mitchell Knevitt', 'Lachie Jones': 'Lachlan Jones'}
2026-04-17 08:54:52,673 [INFO]   Backed up player_stats_2026.csv → backups/player_stats_2026_20260417_085452.csv
2026-04-17 08:54:52,675 [INFO]   Updated player_stats_2026.csv: 526 players with matches from Wheelo
2026-04-17 08:54:52,693 [INFO]   Backed up squads_2026.csv → backups/squads_2026_20260417_085452.csv
2026-04-17 08:54:52,695 [INFO]   Updated squads_2026.csv: 526 players matched from Wheelo
2026-04-17 08:54:52,695 [INFO]   DONE [wheelo_player_to_raw] in 0.2s
2026-04-17 08:54:52,695 [INFO] START [regenerate_ratings] Regenerate computed team summaries and ladders
2026-04-17 08:54:52,695 [INFO]   Running: /opt/homebrew/Caskroom/miniconda/base/envs/afl/bin/python /Users/marcuswagner/coding/AFL_dashboard/regenerate_ratings.py 
2026-04-17 08:54:52,968 [INFO]   DONE [regenerate_ratings] in 0.3s
2026-04-17 08:54:52,968 [INFO]     | Skipping 2025 Last 5 - no raw data
2026-04-17 08:54:52,968 [INFO]     | 
2026-04-17 08:54:52,968 [INFO]     | ============================================================
2026-04-17 08:54:52,968 [INFO]     | DONE!
2026-04-17 08:54:52,968 [INFO]     | ============================================================
2026-04-17 08:54:52,968 [INFO] START [refresh_master_ladders] Update master workbook Team_Ladders_All with freshly-scraped ladder data
2026-04-17 08:55:07,066 [INFO]   Refreshed Team_Ladders_All: 287 rows
2026-04-17 08:55:07,066 [INFO]   DONE [refresh_master_ladders] in 14.1s
2026-04-17 08:55:07,066 [INFO] START [update_photos] Download photos for any new/missing players
2026-04-17 08:55:07,066 [INFO]   Running: /opt/homebrew/Caskroom/miniconda/base/envs/afl/bin/python /Users/marcuswagner/coding/AFL_dashboard/auto_update_photos.py 
2026-04-17 08:57:50,339 [INFO]   DONE [update_photos] in 163.3s
2026-04-17 08:57:50,340 [INFO]     | 
2026-04-17 08:57:50,340 [INFO] START [validate_freshness] Validate pipeline output files are present and fresh
2026-04-17 08:57:50,340 [INFO]   Running: /opt/homebrew/Caskroom/miniconda/base/envs/afl/bin/python /Users/marcuswagner/coding/AFL_dashboard/validate_pipeline_freshness.py 
2026-04-17 08:57:50,368 [INFO]   DONE [validate_freshness] in 0.0s
2026-04-17 08:57:50,368 [INFO]     |   ✓ FRESH    footywire_drafts_history.csv  (08:53)
2026-04-17 08:57:50,368 [INFO]     |   ⊘ OPTIONAL footywire_2026_with_traits.csv  (stale — 41.0h ago)
2026-04-17 08:57:50,368 [INFO]     |   ✓ FRESH    traits_2026.csv  (08:54)
2026-04-17 08:57:50,368 [INFO]     | 
2026-04-17 08:57:50,368 [INFO]     | ✅ All required files are present and fresh.
2026-04-17 08:57:50,368 [INFO] START [validate_schemas] Validate CSV output schemas (columns, row counts, data quality)
2026-04-17 08:57:50,383 [INFO]   DONE [validate_schemas] 0 warning(s) in 0.0s
2026-04-17 08:57:50,383 [INFO] START [data_diff_check] Compare pipeline outputs against backups and alert on anomalies
2026-04-17 08:57:50,394 [INFO]   DONE [data_diff_check] no anomalies in 0.0s
2026-04-17 08:57:50,394 [INFO] START [team_selections] Scrape team selections & fixture from FootyWire + Squiggle API
2026-04-17 08:57:50,394 [INFO]   Running: /opt/homebrew/Caskroom/miniconda/base/envs/afl/bin/python /Users/marcuswagner/coding/AFL_dashboard/scrape_team_selections.py 
2026-04-17 08:57:52,504 [INFO]   DONE [team_selections] in 2.1s
2026-04-17 08:57:52,504 [INFO]     | 
2026-04-17 08:57:52,504 [INFO]   SKIP [validate_selections] – Skipped: only runs on Mon, Tue
2026-04-17 08:57:52,504 [INFO] 
2026-04-17 08:57:52,504 [INFO] ============================================================
2026-04-17 08:57:52,504 [INFO] UPDATE SUMMARY
2026-04-17 08:57:52,504 [INFO] ============================================================
2026-04-17 08:57:52,504 [INFO]   ✓ footywire_squads: OK
2026-04-17 08:57:52,504 [INFO]   ✓ footywire_extended: OK
2026-04-17 08:57:52,504 [INFO]   ✓ afl_ladders: OK
2026-04-17 08:57:52,504 [INFO]   ✓ wheelo_ratings: OK
2026-04-17 08:57:52,504 [INFO]   ✓ wheelo_match_stats: OK
2026-04-17 08:57:52,504 [INFO]   ⊘ traits_api: SKIPPED: Skipped: only runs on Mon, Tue, Sun
2026-04-17 08:57:52,504 [INFO]   ✓ wheelo_to_raw: OK
2026-04-17 08:57:52,504 [INFO]   ✓ build_season: OK
2026-04-17 08:57:52,504 [INFO]   ✓ wheelo_player_to_raw: OK
2026-04-17 08:57:52,504 [INFO]   ✓ regenerate_ratings: OK
2026-04-17 08:57:52,504 [INFO]   ✓ refresh_master_ladders: OK
2026-04-17 08:57:52,504 [INFO]   ✓ update_photos: OK
2026-04-17 08:57:52,504 [INFO]   ✓ validate_freshness: OK
2026-04-17 08:57:52,504 [INFO]   ✓ validate_schemas: OK
2026-04-17 08:57:52,504 [INFO]   ✓ data_diff_check: OK
2026-04-17 08:57:52,504 [INFO]   ✓ team_selections: OK
2026-04-17 08:57:52,504 [INFO]   ⊘ validate_selections: SKIPPED: Skipped: only runs on Mon, Tue
2026-04-17 08:57:52,504 [INFO] 
2026-04-17 08:57:52,504 [INFO] Results: 17 passed, 0 failed, 2 skipped
2026-04-17 08:57:52,504 [INFO] Total time: 6795s (113.2 min)
2026-04-17 08:57:52,504 [INFO] Log: /Users/marcuswagner/coding/AFL_dashboard/logs/scheduled_update_2026-04-17_0704.log
2026-04-17 08:57:52,519 [INFO] Stopped Streamlit (PIDs: 36292)
2026-04-17 08:57:54,608 [INFO] Restarted Streamlit app.
2026-04-17 08:57:54,609 [WARNING] 
⚠️  Completed with 2 skipped step(s).
2026-04-17 08:58:00,277 [INFO] Email sent to marcus.wagner@futureedgesport.com.au
