2026-03-12 07:06:49,951 [INFO] Log file: /Users/marcuswagner/coding/AFL_dashboard/logs/scheduled_update_2026-03-12_0706.log
2026-03-12 07:06:49,951 [INFO] ============================================================
2026-03-12 07:06:49,951 [INFO] AFL Dashboard – Scheduled Data Update
2026-03-12 07:06:49,951 [INFO] Date: Thursday 12 March 2026 07:06
2026-03-12 07:06:49,951 [INFO] Mode: FULL
2026-03-12 07:06:49,951 [INFO] ============================================================
2026-03-12 07:06:49,951 [INFO] Python: /opt/homebrew/Caskroom/miniconda/base/envs/afl/bin/python
2026-03-12 07:06:49,951 [INFO] 
Steps to run (1):
2026-03-12 07:06:49,951 [INFO]   • wheelo_ratings: Scrape Wheelo team & player ratings (Selenium) [SLOW]
2026-03-12 07:06:49,951 [INFO] 
2026-03-12 07:06:49,951 [INFO] START [wheelo_ratings] Scrape Wheelo team & player ratings (Selenium)
2026-03-12 07:06:49,951 [INFO]   Running: /opt/homebrew/Caskroom/miniconda/base/envs/afl/bin/python /Users/marcuswagner/coding/AFL_dashboard/scrape_wheelo_ratings.py --all
2026-03-12 07:52:51,920 [INFO]   DONE [wheelo_ratings] in 2762.0s
2026-03-12 07:52:51,921 [INFO]     | 📊 Team Stats downloaded: 3 files
2026-03-12 07:52:51,921 [INFO]     | 📊 Player Stats downloaded: 3 files
2026-03-12 07:52:51,921 [INFO]     | 📊 Squad Lists downloaded: 1 file
2026-03-12 07:52:51,921 [INFO]     | 
2026-03-12 07:52:51,921 [INFO]     | 📁 CSV files saved in: /Users/marcuswagner/coding/AFL_dashboard/wheelo_downloads
2026-03-12 07:52:51,921 [INFO] 
2026-03-12 07:52:51,921 [INFO] ============================================================
2026-03-12 07:52:51,921 [INFO] UPDATE SUMMARY
2026-03-12 07:52:51,921 [INFO] ============================================================
2026-03-12 07:52:51,921 [INFO]   ✓ wheelo_ratings: OK
2026-03-12 07:52:51,921 [INFO] 
2026-03-12 07:52:51,921 [INFO] Results: 1 passed, 0 failed, 0 skipped
2026-03-12 07:52:51,921 [INFO] Total time: 2762s (46.0 min)
2026-03-12 07:52:51,921 [INFO] Log: /Users/marcuswagner/coding/AFL_dashboard/logs/scheduled_update_2026-03-12_0706.log
2026-03-12 07:52:51,921 [INFO] 
✅ All steps completed successfully!
2026-03-12 07:52:52,044 [INFO] Email sent via mailx to marcus.wagner@futureedgesport.com.au
