2026-04-02 07:00:08,479 [INFO] Log file: /Users/marcuswagner/coding/AFL_dashboard/logs/scheduled_update_2026-04-02_0700.log
2026-04-02 07:00:08,479 [INFO] ============================================================
2026-04-02 07:00:08,479 [INFO] AFL Dashboard – Scheduled Data Update
2026-04-02 07:00:08,479 [INFO] Date: Thursday 02 April 2026 07:00
2026-04-02 07:00:08,479 [INFO] Mode: FULL
2026-04-02 07:00:08,479 [INFO] ============================================================
2026-04-02 07:00:08,479 [INFO] Python: /opt/homebrew/Caskroom/miniconda/base/envs/afl/bin/python
2026-04-02 07:00:08,479 [INFO] 
Steps to run (2):
2026-04-02 07:00:08,479 [INFO]   • wheelo_ratings: Scrape Wheelo team & player ratings (Selenium) [SLOW]
2026-04-02 07:00:08,480 [INFO]   • wheelo_match_stats: Scrape Wheelo match-by-match player ratings + Brownlow predictions (Selenium) [SLOW]
2026-04-02 07:00:08,480 [INFO] 
2026-04-02 07:00:08,480 [INFO] START [wheelo_ratings] Scrape Wheelo team & player ratings (Selenium)
2026-04-02 07:00:08,480 [INFO]   Running: /opt/homebrew/Caskroom/miniconda/base/envs/afl/bin/python /Users/marcuswagner/coding/AFL_dashboard/scrape_wheelo_ratings.py --all
2026-04-02 07:00:58,047 [INFO]   DONE [wheelo_ratings] in 49.6s
2026-04-02 07:00:58,047 [INFO]     | 📊 Team Stats downloaded: 3 files
2026-04-02 07:00:58,047 [INFO]     | 📊 Player Stats downloaded: 3 files
2026-04-02 07:00:58,047 [INFO]     | 📊 Squad Lists downloaded: 1 file
2026-04-02 07:00:58,047 [INFO]     | 
2026-04-02 07:00:58,047 [INFO]     | 📁 CSV files saved in: /Users/marcuswagner/coding/AFL_dashboard/wheelo_downloads
2026-04-02 07:00:58,047 [INFO] START [wheelo_match_stats] Scrape Wheelo match-by-match player ratings + Brownlow predictions (Selenium)
2026-04-02 07:00:58,047 [INFO]   Running: /opt/homebrew/Caskroom/miniconda/base/envs/afl/bin/python /Users/marcuswagner/coding/AFL_dashboard/scrape_wheelo_match_stats.py --brownlow
2026-04-02 07:01:42,976 [INFO]   DONE [wheelo_match_stats] in 44.9s
2026-04-02 07:01:42,977 [INFO]     | ============================================================
2026-04-02 07:01:42,977 [INFO]     | 🔧 Chrome driver attempt 1/3…
2026-04-02 07:01:42,977 [INFO]     | ✅ Chrome driver ready
2026-04-02 07:01:42,977 [INFO]     | 
2026-04-02 07:01:42,977 [INFO]     | 💾 Saved 1288 rows → /Users/marcuswagner/coding/AFL_dashboard/data/raw/player/brownlow_predictions_2026.csv
2026-04-02 07:01:42,977 [INFO] 
2026-04-02 07:01:42,977 [INFO] ============================================================
2026-04-02 07:01:42,977 [INFO] UPDATE SUMMARY
2026-04-02 07:01:42,977 [INFO] ============================================================
2026-04-02 07:01:42,977 [INFO]   ✓ wheelo_ratings: OK
2026-04-02 07:01:42,977 [INFO]   ✓ wheelo_match_stats: OK
2026-04-02 07:01:42,977 [INFO] 
2026-04-02 07:01:42,977 [INFO] Results: 2 passed, 0 failed, 0 skipped
2026-04-02 07:01:42,977 [INFO] Total time: 94s (1.6 min)
2026-04-02 07:01:42,977 [INFO] Log: /Users/marcuswagner/coding/AFL_dashboard/logs/scheduled_update_2026-04-02_0700.log
2026-04-02 07:01:42,982 [INFO] Log rotation: removed 1 old log file(s)
2026-04-02 07:01:42,982 [INFO] 
✅ All steps completed successfully!
2026-04-02 07:01:49,043 [INFO] Email sent to marcus.wagner@futureedgesport.com.au
