2026-03-15 07:00:06,840 [INFO] Log file: /Users/marcuswagner/coding/AFL_dashboard/logs/scheduled_update_2026-03-15_0700.log
2026-03-15 07:00:06,840 [INFO] ============================================================
2026-03-15 07:00:06,840 [INFO] AFL Dashboard – Scheduled Data Update
2026-03-15 07:00:06,840 [INFO] Date: Sunday 15 March 2026 07:00
2026-03-15 07:00:06,840 [INFO] Mode: FULL
2026-03-15 07:00:06,840 [INFO] ============================================================
2026-03-15 07:00:06,840 [INFO] Python: /opt/homebrew/Caskroom/miniconda/base/envs/afl/bin/python
2026-03-15 07:00:06,840 [INFO] 
Steps to run (2):
2026-03-15 07:00:06,840 [INFO]   • wheelo_ratings: Scrape Wheelo team & player ratings (Selenium) [SLOW]
2026-03-15 07:00:06,840 [INFO]   • wheelo_match_stats: Scrape Wheelo match-by-match player ratings (Selenium) [SLOW]
2026-03-15 07:00:06,841 [INFO] 
2026-03-15 07:00:06,841 [INFO] START [wheelo_ratings] Scrape Wheelo team & player ratings (Selenium)
2026-03-15 07:00:06,841 [INFO]   Running: /opt/homebrew/Caskroom/miniconda/base/envs/afl/bin/python /Users/marcuswagner/coding/AFL_dashboard/scrape_wheelo_ratings.py --all
2026-03-15 07:01:00,948 [INFO]   DONE [wheelo_ratings] in 54.1s
2026-03-15 07:01:00,948 [INFO]     | 📊 Team Stats downloaded: 3 files
2026-03-15 07:01:00,948 [INFO]     | 📊 Player Stats downloaded: 3 files
2026-03-15 07:01:00,948 [INFO]     | 📊 Squad Lists downloaded: 1 file
2026-03-15 07:01:00,948 [INFO]     | 
2026-03-15 07:01:00,948 [INFO]     | 📁 CSV files saved in: /Users/marcuswagner/coding/AFL_dashboard/wheelo_downloads
2026-03-15 07:01:00,948 [INFO] START [wheelo_match_stats] Scrape Wheelo match-by-match player ratings (Selenium)
2026-03-15 07:01:00,948 [INFO]   Running: /opt/homebrew/Caskroom/miniconda/base/envs/afl/bin/python /Users/marcuswagner/coding/AFL_dashboard/scrape_wheelo_match_stats.py 
2026-03-15 07:01:22,550 [INFO]   DONE [wheelo_match_stats] in 21.6s
2026-03-15 07:01:22,551 [INFO]     |   📋 Round 1 (round 1)
2026-03-15 07:01:22,551 [INFO]     |     📥 Downloading all matches…
2026-03-15 07:01:22,551 [INFO]     |     ✅ 184 rows
2026-03-15 07:01:22,551 [INFO]     | 
2026-03-15 07:01:22,551 [INFO]     | 💾 Saved 414 rows → /Users/marcuswagner/coding/AFL_dashboard/data/raw/player/match_ratings_2026.csv
2026-03-15 07:01:22,551 [INFO] 
2026-03-15 07:01:22,551 [INFO] ============================================================
2026-03-15 07:01:22,551 [INFO] UPDATE SUMMARY
2026-03-15 07:01:22,551 [INFO] ============================================================
2026-03-15 07:01:22,551 [INFO]   ✓ wheelo_ratings: OK
2026-03-15 07:01:22,551 [INFO]   ✓ wheelo_match_stats: OK
2026-03-15 07:01:22,551 [INFO] 
2026-03-15 07:01:22,551 [INFO] Results: 2 passed, 0 failed, 0 skipped
2026-03-15 07:01:22,551 [INFO] Total time: 76s (1.3 min)
2026-03-15 07:01:22,551 [INFO] Log: /Users/marcuswagner/coding/AFL_dashboard/logs/scheduled_update_2026-03-15_0700.log
2026-03-15 07:01:22,551 [INFO] 
✅ All steps completed successfully!
2026-03-15 07:01:28,568 [INFO] Email sent to marcus.wagner@futureedgesport.com.au
