2026-03-19 07:00:05,210 [INFO] Log file: /Users/marcuswagner/coding/AFL_dashboard/logs/scheduled_update_2026-03-19_0700.log
2026-03-19 07:00:05,210 [INFO] ============================================================
2026-03-19 07:00:05,210 [INFO] AFL Dashboard – Scheduled Data Update
2026-03-19 07:00:05,210 [INFO] Date: Thursday 19 March 2026 07:00
2026-03-19 07:00:05,210 [INFO] Mode: FULL
2026-03-19 07:00:05,210 [INFO] ============================================================
2026-03-19 07:00:05,210 [INFO] Python: /opt/homebrew/Caskroom/miniconda/base/envs/afl/bin/python
2026-03-19 07:00:05,211 [INFO] 
Steps to run (2):
2026-03-19 07:00:05,211 [INFO]   • wheelo_ratings: Scrape Wheelo team & player ratings (Selenium) [SLOW]
2026-03-19 07:00:05,211 [INFO]   • wheelo_match_stats: Scrape Wheelo match-by-match player ratings + Brownlow predictions (Selenium) [SLOW]
2026-03-19 07:00:05,211 [INFO] 
2026-03-19 07:00:05,211 [INFO] START [wheelo_ratings] Scrape Wheelo team & player ratings (Selenium)
2026-03-19 07:00:05,211 [INFO]   Running: /opt/homebrew/Caskroom/miniconda/base/envs/afl/bin/python /Users/marcuswagner/coding/AFL_dashboard/scrape_wheelo_ratings.py --all
2026-03-19 07:00:55,757 [INFO]   DONE [wheelo_ratings] in 50.5s
2026-03-19 07:00:55,758 [INFO]     | 📊 Team Stats downloaded: 3 files
2026-03-19 07:00:55,758 [INFO]     | 📊 Player Stats downloaded: 3 files
2026-03-19 07:00:55,758 [INFO]     | 📊 Squad Lists downloaded: 1 file
2026-03-19 07:00:55,758 [INFO]     | 
2026-03-19 07:00:55,758 [INFO]     | 📁 CSV files saved in: /Users/marcuswagner/coding/AFL_dashboard/wheelo_downloads
2026-03-19 07:00:55,758 [INFO] START [wheelo_match_stats] Scrape Wheelo match-by-match player ratings + Brownlow predictions (Selenium)
2026-03-19 07:00:55,758 [INFO]   Running: /opt/homebrew/Caskroom/miniconda/base/envs/afl/bin/python /Users/marcuswagner/coding/AFL_dashboard/scrape_wheelo_match_stats.py --brownlow
2026-03-19 07:01:27,911 [INFO]   DONE [wheelo_match_stats] in 32.2s
2026-03-19 07:01:27,911 [INFO]     | ============================================================
2026-03-19 07:01:27,911 [INFO]     | 🔧 Chrome driver attempt 1/3…
2026-03-19 07:01:27,911 [INFO]     | ✅ Chrome driver ready
2026-03-19 07:01:27,911 [INFO]     | 
2026-03-19 07:01:27,911 [INFO]     | 💾 Saved 644 rows → /Users/marcuswagner/coding/AFL_dashboard/data/raw/player/brownlow_predictions_2026.csv
2026-03-19 07:01:27,911 [INFO] 
2026-03-19 07:01:27,911 [INFO] ============================================================
2026-03-19 07:01:27,911 [INFO] UPDATE SUMMARY
2026-03-19 07:01:27,911 [INFO] ============================================================
2026-03-19 07:01:27,911 [INFO]   ✓ wheelo_ratings: OK
2026-03-19 07:01:27,911 [INFO]   ✓ wheelo_match_stats: OK
2026-03-19 07:01:27,911 [INFO] 
2026-03-19 07:01:27,911 [INFO] Results: 2 passed, 0 failed, 0 skipped
2026-03-19 07:01:27,911 [INFO] Total time: 83s (1.4 min)
2026-03-19 07:01:27,911 [INFO] Log: /Users/marcuswagner/coding/AFL_dashboard/logs/scheduled_update_2026-03-19_0700.log
2026-03-19 07:01:27,914 [INFO] 
✅ All steps completed successfully!
2026-03-19 07:01:33,126 [INFO] Email sent to marcus.wagner@futureedgesport.com.au
