2026-04-16 07:00:04,166 [INFO] Log file: /Users/marcuswagner/coding/AFL_dashboard/logs/scheduled_update_2026-04-16_0700.log
2026-04-16 07:00:04,166 [INFO] Log file: /Users/marcuswagner/coding/AFL_dashboard/logs/scheduled_update_2026-04-16_0700.log
2026-04-16 07:00:04,166 [INFO] ============================================================
2026-04-16 07:00:04,166 [INFO] ============================================================
2026-04-16 07:00:04,166 [INFO] AFL Dashboard – Scheduled Data Update
2026-04-16 07:00:04,166 [INFO] AFL Dashboard – Scheduled Data Update
2026-04-16 07:00:04,166 [INFO] Date: Thursday 16 April 2026 07:00
2026-04-16 07:00:04,166 [INFO] Date: Thursday 16 April 2026 07:00
2026-04-16 07:00:04,166 [INFO] Mode: FULL
2026-04-16 07:00:04,166 [INFO] Mode: FULL
2026-04-16 07:00:04,166 [INFO] ============================================================
2026-04-16 07:00:04,166 [INFO] ============================================================
2026-04-16 07:00:04,166 [INFO] Python: /opt/homebrew/Caskroom/miniconda/base/envs/afl/bin/python
2026-04-16 07:00:04,166 [INFO] Python: /opt/homebrew/Caskroom/miniconda/base/envs/afl/bin/python
2026-04-16 07:00:04,166 [INFO] 
Steps to run (15):
2026-04-16 07:00:04,166 [INFO] 
Steps to run (2):
2026-04-16 07:00:04,166 [INFO]   • footywire_squads: Scrape player squads from Footywire
2026-04-16 07:00:04,166 [INFO]   • wheelo_ratings: Scrape Wheelo team & player ratings (Selenium) [SLOW]
2026-04-16 07:00:04,166 [INFO]   • footywire_extended: Scrape contracts & draft history from Footywire
2026-04-16 07:00:04,166 [INFO]   • wheelo_match_stats: Scrape Wheelo match-by-match player ratings + Brownlow predictions (Selenium) [SLOW]
2026-04-16 07:00:04,166 [INFO]   • afl_ladders: Scrape AFL ladder standings from Footywire (current season)
2026-04-16 07:00:04,166 [INFO] 
2026-04-16 07:00:04,166 [INFO]   • wheelo_ratings: Scrape Wheelo team & player ratings (Selenium) [SLOW]
2026-04-16 07:00:04,166 [INFO]   • wheelo_match_stats: Scrape Wheelo match-by-match player ratings + Brownlow predictions (Selenium) [SLOW]
2026-04-16 07:00:04,166 [INFO] START [wheelo_ratings] Scrape Wheelo team & player ratings (Selenium)
2026-04-16 07:00:04,166 [INFO]   • traits_api: Fetch Traits API data for current-season players [SLOW]
2026-04-16 07:00:04,166 [INFO]   Running: /opt/homebrew/Caskroom/miniconda/base/envs/afl/bin/python /Users/marcuswagner/coding/AFL_dashboard/scrape_wheelo_ratings.py --all
2026-04-16 07:00:04,166 [INFO]   • wheelo_to_raw: Copy Wheelo team stats to raw data folder for ratings pipeline
2026-04-16 07:00:04,166 [INFO]   • build_season: Build season data files (squads, stats, traits CSVs)
2026-04-16 07:00:04,166 [INFO]   • wheelo_player_to_raw: Merge Wheelo player season data (matches, ratings) into raw player CSVs
2026-04-16 07:00:04,166 [INFO]   • regenerate_ratings: Regenerate computed team summaries and ladders
2026-04-16 07:00:04,166 [INFO]   • refresh_master_ladders: Update master workbook Team_Ladders_All with freshly-scraped ladder data
2026-04-16 07:00:04,166 [INFO]   • update_photos: Download photos for any new/missing players [SLOW]
2026-04-16 07:00:04,166 [INFO]   • validate_freshness: Validate pipeline output files are present and fresh
2026-04-16 07:00:04,166 [INFO]   • validate_schemas: Validate CSV output schemas (columns, row counts, data quality)
2026-04-16 07:00:04,166 [INFO]   • data_diff_check: Compare pipeline outputs against backups and alert on anomalies
2026-04-16 07:00:04,166 [INFO] 
2026-04-16 07:00:04,166 [INFO] START [footywire_squads] Scrape player squads from Footywire
2026-04-16 07:00:04,166 [INFO]   Running: /opt/homebrew/Caskroom/miniconda/base/envs/afl/bin/python /Users/marcuswagner/coding/AFL_dashboard/scrape_footywire.py 
2026-04-16 07:00:37,917 [INFO]   DONE [footywire_squads] in 33.8s
2026-04-16 07:00:37,918 [INFO]     | DefenderMidfieldForward      1
2026-04-16 07:00:37,918 [INFO]     | Name: count, dtype: int64
2026-04-16 07:00:37,918 [INFO]     | 
2026-04-16 07:00:37,918 [INFO]     | 
2026-04-16 07:00:37,918 [INFO]     | Updated DOB cache: 0 new entries
2026-04-16 07:00:37,918 [INFO] START [footywire_extended] Scrape contracts & draft history from Footywire
2026-04-16 07:00:37,918 [INFO]   Running: /opt/homebrew/Caskroom/miniconda/base/envs/afl/bin/python /Users/marcuswagner/coding/AFL_dashboard/scrape_footywire_extended.py --current-only
2026-04-16 07:00:53,879 [INFO]   DONE [wheelo_ratings] in 49.7s
2026-04-16 07:00:53,879 [INFO]     | 📊 Team Stats downloaded: 3 files
2026-04-16 07:00:53,879 [INFO]     | 📊 Player Stats downloaded: 3 files
2026-04-16 07:00:53,879 [INFO]     | 📊 Squad Lists downloaded: 1 file
2026-04-16 07:00:53,879 [INFO]     | 
2026-04-16 07:00:53,879 [INFO]     | 📁 CSV files saved in: /Users/marcuswagner/coding/AFL_dashboard/wheelo_downloads
2026-04-16 07:00:53,880 [INFO] START [wheelo_match_stats] Scrape Wheelo match-by-match player ratings + Brownlow predictions (Selenium)
2026-04-16 07:00:53,880 [INFO]   Running: /opt/homebrew/Caskroom/miniconda/base/envs/afl/bin/python /Users/marcuswagner/coding/AFL_dashboard/scrape_wheelo_match_stats.py --brownlow
2026-04-16 07:01:52,598 [INFO]   DONE [wheelo_match_stats] in 58.7s
2026-04-16 07:01:52,598 [INFO]     | ============================================================
2026-04-16 07:01:52,598 [INFO]     | 🔧 Chrome driver attempt 1/3…
2026-04-16 07:01:52,598 [INFO]     | ✅ Chrome driver ready
2026-04-16 07:01:52,598 [INFO]     | 
2026-04-16 07:01:52,598 [INFO]     | 💾 Saved 2070 rows → /Users/marcuswagner/coding/AFL_dashboard/data/raw/player/brownlow_predictions_2026.csv
2026-04-16 07:01:52,598 [INFO] 
2026-04-16 07:01:52,598 [INFO] ============================================================
2026-04-16 07:01:52,598 [INFO] UPDATE SUMMARY
2026-04-16 07:01:52,598 [INFO] ============================================================
2026-04-16 07:01:52,598 [INFO]   ✓ wheelo_ratings: OK
2026-04-16 07:01:52,598 [INFO]   ✓ wheelo_match_stats: OK
2026-04-16 07:01:52,598 [INFO] 
2026-04-16 07:01:52,598 [INFO] Results: 2 passed, 0 failed, 0 skipped
2026-04-16 07:01:52,598 [INFO] Total time: 108s (1.8 min)
2026-04-16 07:01:52,598 [INFO] Log: /Users/marcuswagner/coding/AFL_dashboard/logs/scheduled_update_2026-04-16_0700.log
2026-04-16 07:01:52,600 [INFO] Log rotation: removed 1 old log file(s)
2026-04-16 07:01:52,612 [INFO] Stopped Streamlit (PIDs: 33462)
2026-04-16 07:01:54,770 [INFO] Restarted Streamlit app.
2026-04-16 07:01:54,770 [INFO] 
✅ All steps completed successfully!
2026-04-16 07:01:59,998 [INFO] Email sent to marcus.wagner@futureedgesport.com.au
2026-04-16 07:09:46,242 [INFO]   DONE [footywire_extended] in 548.3s
2026-04-16 07:09:46,243 [INFO]     | 5  Adelaide    Brayden Cook           2026.0           Non-Free Agent      2020.0    National          1.0        25.0
2026-04-16 07:09:46,243 [INFO]     | 6  Adelaide     Indy Cotton           2027.0                  Unknown         NaN        None          NaN         NaN
2026-04-16 07:09:46,243 [INFO]     | 7  Adelaide   Isaac Cumming           2030.0           Non-Free Agent      2016.0    National          1.0        20.0
2026-04-16 07:09:46,243 [INFO]     | 8  Adelaide   Daniel Curtin           2029.0           Non-Free Agent      2023.0    National          1.0         8.0
2026-04-16 07:09:46,243 [INFO]     | 9  Adelaide   Jordan Dawson           2029.0    Restricted Free Agent      2015.0    National          4.0        56.0
2026-04-16 07:09:46,243 [INFO] START [afl_ladders] Scrape AFL ladder standings from Footywire (current season)
2026-04-16 07:09:46,243 [INFO]   Running: /opt/homebrew/Caskroom/miniconda/base/envs/afl/bin/python /Users/marcuswagner/coding/AFL_dashboard/scrape_afl_ladders.py --current-only
2026-04-16 07:09:48,310 [INFO]   DONE [afl_ladders] in 2.1s
2026-04-16 07:09:48,310 [INFO]     |   2026: 18 teams
2026-04-16 07:09:48,310 [INFO]     | 
2026-04-16 07:09:48,310 [INFO]     | ============================================================
2026-04-16 07:09:48,310 [INFO]     | Completed: 2026-04-16 07:09:48
2026-04-16 07:09:48,310 [INFO]     | ============================================================
2026-04-16 07:09:48,310 [INFO] START [wheelo_ratings] Scrape Wheelo team & player ratings (Selenium)
2026-04-16 07:09:48,310 [INFO]   Running: /opt/homebrew/Caskroom/miniconda/base/envs/afl/bin/python /Users/marcuswagner/coding/AFL_dashboard/scrape_wheelo_ratings.py --all
2026-04-16 07:10:35,137 [INFO]   DONE [wheelo_ratings] in 46.8s
2026-04-16 07:10:35,138 [INFO]     | 📊 Team Stats downloaded: 3 files
2026-04-16 07:10:35,138 [INFO]     | 📊 Player Stats downloaded: 3 files
2026-04-16 07:10:35,138 [INFO]     | 📊 Squad Lists downloaded: 1 file
2026-04-16 07:10:35,138 [INFO]     | 
2026-04-16 07:10:35,138 [INFO]     | 📁 CSV files saved in: /Users/marcuswagner/coding/AFL_dashboard/wheelo_downloads
2026-04-16 07:10:35,138 [INFO] START [wheelo_match_stats] Scrape Wheelo match-by-match player ratings + Brownlow predictions (Selenium)
2026-04-16 07:10:35,138 [INFO]   Running: /opt/homebrew/Caskroom/miniconda/base/envs/afl/bin/python /Users/marcuswagner/coding/AFL_dashboard/scrape_wheelo_match_stats.py --brownlow
2026-04-16 07:11:35,770 [INFO]   DONE [wheelo_match_stats] in 60.6s
2026-04-16 07:11:35,770 [INFO]     | ============================================================
2026-04-16 07:11:35,771 [INFO]     | 🔧 Chrome driver attempt 1/3…
2026-04-16 07:11:35,771 [INFO]     | ✅ Chrome driver ready
2026-04-16 07:11:35,771 [INFO]     | 
2026-04-16 07:11:35,771 [INFO]     | 💾 Saved 2070 rows → /Users/marcuswagner/coding/AFL_dashboard/data/raw/player/brownlow_predictions_2026.csv
2026-04-16 07:11:35,771 [INFO]   SKIP [traits_api] – Skipped: only runs on Mon, Tue, Sun
2026-04-16 07:11:35,771 [INFO] START [wheelo_to_raw] Copy Wheelo team stats to raw data folder for ratings pipeline
2026-04-16 07:11:36,116 [INFO]   Backed up team_stats_2026.csv → backups/team_stats_2026_20260416_071136.csv
2026-04-16 07:11:36,118 [INFO]   Copied Wheelo 2026 Season -> team_stats_2026.csv (18 teams)
2026-04-16 07:11:36,134 [INFO]   Backed up team_stats_2026_L10.csv → backups/team_stats_2026_L10_20260416_071136.csv
2026-04-16 07:11:36,136 [INFO]   Copied Wheelo 2026 L10 -> team_stats_2026_L10.csv (18 teams)
2026-04-16 07:11:36,157 [INFO]   Backed up team_stats_2026_L5.csv → backups/team_stats_2026_L5_20260416_071136.csv
2026-04-16 07:11:36,159 [INFO]   Copied Wheelo 2026 L5 -> team_stats_2026_L5.csv (18 teams)
2026-04-16 07:11:36,159 [INFO]   DONE [wheelo_to_raw] in 0.4s
2026-04-16 07:11:36,159 [INFO] START [build_season] Build season data files (squads, stats, traits CSVs)
2026-04-16 07:11:36,159 [INFO]   Running: /opt/homebrew/Caskroom/miniconda/base/envs/afl/bin/python /Users/marcuswagner/coding/AFL_dashboard/build_season_data.py 
2026-04-16 07:11:36,432 [INFO]   DONE [build_season] in 0.3s
2026-04-16 07:11:36,432 [INFO]     |   Western Bulldogs      43 players  Avg Age: 24.4  Avg Games: 74
2026-04-16 07:11:36,432 [INFO]     | 
2026-04-16 07:11:36,432 [INFO]     | ============================================================
2026-04-16 07:11:36,432 [INFO]     | ✅ 2026 DATA BUILD COMPLETE
2026-04-16 07:11:36,432 [INFO]     | ============================================================
2026-04-16 07:11:36,432 [INFO] START [wheelo_player_to_raw] Merge Wheelo player season data (matches, ratings) into raw player CSVs
2026-04-16 07:11:36,577 [INFO]   Wheelo Wheelo 2026 Season: 526 players, 18 teams
2026-04-16 07:11:36,594 [INFO]   Name mappings (39): {'Sam Grlj': 'Samuel Grlj', 'Thomas Edwards': 'Tom Edwards', 'Lachie Jones': 'Lachlan Jones', 'Lachie Schultz': 'Lachlan Schultz', 'Jacob van Rooyen': 'Jacob Van Rooyen', 'Mitch Lewis': 'Mitchell Lewis', 'Zach Merrett': 'Zachary Merrett', 'Harry Himmelberg': 'Harrison Himmelberg', 'Zac Williams': 'Zachary Williams', 'Matt Roberts': 'Matthew Roberts', 'Ollie Wines': 'Oliver Wines', 'Nicholas Madden': 'Nick Madden', 'Josh Weddle': 'Joshua Weddle', 'Lachie Ash': 'Lachlan Ash', 'Jack Macrae': 'Jackson Macrae', 'Mitch Knevitt': 'Mitchell Knevitt', 'Tim English': 'Timothy English', 'Leonardo Lombard': 'Leo Lombard', 'Lachlan Sullivan': 'Lachie Sullivan', 'Brad Close': 'Bradley Close', 'Joe Fonti': 'Joseph Fonti', 'Cam Rayner': 'Cameron Rayner', 'Archer May': 'Archie May', 'Cam Mackenzie': 'Cameron Mackenzie', 'Sam Collins': 'Samuel Collins', 'Connor Macdonald': 'Connor MacDonald', 'Oliver Dempsey': 'Ollie Dempsey', 'Matt Flynn': 'Matthew Flynn', 'Tom Liberatore': 'Thomas Liberatore', 'Lachie Fogarty': 'Lachlan Fogarty', 'Tom Stewart': 'Thomas Stewart', 'Matthew Carroll': 'Matt Carroll', 'Matthew Owies': 'Matt Owies', 'Lachie Weller': 'Lachlan Weller', 'Matthew Johnson': 'Matt Johnson', 'Dan Butler': 'Daniel Butler', 'William Hayes': 'Will Hayes', 'Christopher Scerri': 'Chris Scerri', 'Mitch Owens': 'Mitchito Owens'}
2026-04-16 07:11:36,603 [INFO]   Backed up player_stats_2026.csv → backups/player_stats_2026_20260416_071136.csv
2026-04-16 07:11:36,605 [INFO]   Updated player_stats_2026.csv: 526 players with matches from Wheelo
2026-04-16 07:11:36,622 [INFO]   Backed up squads_2026.csv → backups/squads_2026_20260416_071136.csv
2026-04-16 07:11:36,625 [INFO]   Updated squads_2026.csv: 526 players matched from Wheelo
2026-04-16 07:11:36,625 [INFO]   DONE [wheelo_player_to_raw] in 0.2s
2026-04-16 07:11:36,625 [INFO] START [regenerate_ratings] Regenerate computed team summaries and ladders
2026-04-16 07:11:36,625 [INFO]   Running: /opt/homebrew/Caskroom/miniconda/base/envs/afl/bin/python /Users/marcuswagner/coding/AFL_dashboard/regenerate_ratings.py 
2026-04-16 07:11:36,898 [INFO]   DONE [regenerate_ratings] in 0.3s
2026-04-16 07:11:36,899 [INFO]     | Skipping 2025 Last 5 - no raw data
2026-04-16 07:11:36,899 [INFO]     | 
2026-04-16 07:11:36,899 [INFO]     | ============================================================
2026-04-16 07:11:36,899 [INFO]     | DONE!
2026-04-16 07:11:36,899 [INFO]     | ============================================================
2026-04-16 07:11:36,899 [INFO] START [refresh_master_ladders] Update master workbook Team_Ladders_All with freshly-scraped ladder data
2026-04-16 07:11:49,316 [INFO]   Refreshed Team_Ladders_All: 287 rows
2026-04-16 07:11:49,319 [INFO]   DONE [refresh_master_ladders] in 12.4s
2026-04-16 07:11:49,319 [INFO] START [update_photos] Download photos for any new/missing players
2026-04-16 07:11:49,319 [INFO]   Running: /opt/homebrew/Caskroom/miniconda/base/envs/afl/bin/python /Users/marcuswagner/coding/AFL_dashboard/auto_update_photos.py 
2026-04-16 07:14:40,978 [INFO]   DONE [update_photos] in 171.7s
2026-04-16 07:14:40,979 [INFO]     | 
2026-04-16 07:14:40,979 [INFO] START [validate_freshness] Validate pipeline output files are present and fresh
2026-04-16 07:14:40,979 [INFO]   Running: /opt/homebrew/Caskroom/miniconda/base/envs/afl/bin/python /Users/marcuswagner/coding/AFL_dashboard/validate_pipeline_freshness.py 
2026-04-16 07:14:41,010 [INFO]   DONE [validate_freshness] in 0.0s
2026-04-16 07:14:41,010 [INFO]     |   ✓ FRESH    footywire_drafts_history.csv  (07:09)
2026-04-16 07:14:41,010 [INFO]     |   ⊘ OPTIONAL footywire_2026_with_traits.csv  (stale — 15.3h ago)
2026-04-16 07:14:41,010 [INFO]     |   ✓ FRESH    traits_2026.csv  (07:11)
2026-04-16 07:14:41,010 [INFO]     | 
2026-04-16 07:14:41,010 [INFO]     | ✅ All required files are present and fresh.
2026-04-16 07:14:41,010 [INFO] START [validate_schemas] Validate CSV output schemas (columns, row counts, data quality)
2026-04-16 07:14:41,022 [INFO]   DONE [validate_schemas] 0 warning(s) in 0.0s
2026-04-16 07:14:41,022 [INFO] START [data_diff_check] Compare pipeline outputs against backups and alert on anomalies
2026-04-16 07:14:41,033 [INFO]   DONE [data_diff_check] no anomalies in 0.0s
2026-04-16 07:14:41,033 [INFO] 
2026-04-16 07:14:41,033 [INFO] ============================================================
2026-04-16 07:14:41,033 [INFO] UPDATE SUMMARY
2026-04-16 07:14:41,033 [INFO] ============================================================
2026-04-16 07:14:41,033 [INFO]   ✓ footywire_squads: OK
2026-04-16 07:14:41,033 [INFO]   ✓ footywire_extended: OK
2026-04-16 07:14:41,033 [INFO]   ✓ afl_ladders: OK
2026-04-16 07:14:41,033 [INFO]   ✓ wheelo_ratings: OK
2026-04-16 07:14:41,033 [INFO]   ✓ wheelo_match_stats: OK
2026-04-16 07:14:41,033 [INFO]   ⊘ traits_api: SKIPPED: Skipped: only runs on Mon, Tue, Sun
2026-04-16 07:14:41,033 [INFO]   ✓ wheelo_to_raw: OK
2026-04-16 07:14:41,033 [INFO]   ✓ build_season: OK
2026-04-16 07:14:41,033 [INFO]   ✓ wheelo_player_to_raw: OK
2026-04-16 07:14:41,033 [INFO]   ✓ regenerate_ratings: OK
2026-04-16 07:14:41,033 [INFO]   ✓ refresh_master_ladders: OK
2026-04-16 07:14:41,033 [INFO]   ✓ update_photos: OK
2026-04-16 07:14:41,033 [INFO]   ✓ validate_freshness: OK
2026-04-16 07:14:41,033 [INFO]   ✓ validate_schemas: OK
2026-04-16 07:14:41,033 [INFO]   ✓ data_diff_check: OK
2026-04-16 07:14:41,033 [INFO] 
2026-04-16 07:14:41,033 [INFO] Results: 15 passed, 0 failed, 1 skipped
2026-04-16 07:14:41,033 [INFO] Total time: 877s (14.6 min)
2026-04-16 07:14:41,033 [INFO] Log: /Users/marcuswagner/coding/AFL_dashboard/logs/scheduled_update_2026-04-16_0700.log
2026-04-16 07:14:41,047 [INFO] Stopped Streamlit (PIDs: 87635)
2026-04-16 07:14:43,199 [INFO] Restarted Streamlit app.
2026-04-16 07:14:43,199 [WARNING] 
⚠️  Completed with 1 skipped step(s).
2026-04-16 07:14:48,707 [INFO] Email sent to marcus.wagner@futureedgesport.com.au
