2026-03-30 07:04:23,923 [INFO] Log file: /Users/marcuswagner/coding/AFL_dashboard/logs/scheduled_update_2026-03-30_0704.log
2026-03-30 07:04:23,923 [INFO] Log file: /Users/marcuswagner/coding/AFL_dashboard/logs/scheduled_update_2026-03-30_0704.log
2026-03-30 07:04:23,924 [INFO] ============================================================
2026-03-30 07:04:23,924 [INFO] ============================================================
2026-03-30 07:04:23,924 [INFO] AFL Dashboard – Scheduled Data Update
2026-03-30 07:04:23,924 [INFO] AFL Dashboard – Scheduled Data Update
2026-03-30 07:04:23,924 [INFO] Date: Monday 30 March 2026 07:04
2026-03-30 07:04:23,924 [INFO] Date: Monday 30 March 2026 07:04
2026-03-30 07:04:23,924 [INFO] Mode: FULL
2026-03-30 07:04:23,924 [INFO] Mode: FULL
2026-03-30 07:04:23,924 [INFO] ============================================================
2026-03-30 07:04:23,924 [INFO] ============================================================
2026-03-30 07:04:23,924 [INFO] Python: /opt/homebrew/Caskroom/miniconda/base/envs/afl/bin/python
2026-03-30 07:04:23,924 [INFO] Python: /opt/homebrew/Caskroom/miniconda/base/envs/afl/bin/python
2026-03-30 07:04:23,924 [INFO] 
Steps to run (15):
2026-03-30 07:04:23,924 [INFO] 
Steps to run (2):
2026-03-30 07:04:23,924 [INFO]   • footywire_squads: Scrape player squads from Footywire
2026-03-30 07:04:23,924 [INFO]   • wheelo_ratings: Scrape Wheelo team & player ratings (Selenium) [SLOW]
2026-03-30 07:04:23,924 [INFO]   • footywire_extended: Scrape contracts & draft history from Footywire
2026-03-30 07:04:23,924 [INFO]   • wheelo_match_stats: Scrape Wheelo match-by-match player ratings + Brownlow predictions (Selenium) [SLOW]
2026-03-30 07:04:23,924 [INFO]   • afl_ladders: Scrape AFL ladder standings from Footywire (current season)
2026-03-30 07:04:23,924 [INFO] 
2026-03-30 07:04:23,924 [INFO]   • wheelo_ratings: Scrape Wheelo team & player ratings (Selenium) [SLOW]
2026-03-30 07:04:23,924 [INFO]   • wheelo_match_stats: Scrape Wheelo match-by-match player ratings + Brownlow predictions (Selenium) [SLOW]
2026-03-30 07:04:23,924 [INFO] START [wheelo_ratings] Scrape Wheelo team & player ratings (Selenium)
2026-03-30 07:04:23,924 [INFO]   • traits_api: Fetch Traits API data for current-season players [SLOW]
2026-03-30 07:04:23,924 [INFO]   Running: /opt/homebrew/Caskroom/miniconda/base/envs/afl/bin/python /Users/marcuswagner/coding/AFL_dashboard/scrape_wheelo_ratings.py --all
2026-03-30 07:04:23,924 [INFO]   • wheelo_to_raw: Copy Wheelo team stats to raw data folder for ratings pipeline
2026-03-30 07:04:23,924 [INFO]   • build_season: Build season data files (squads, stats, traits CSVs)
2026-03-30 07:04:23,924 [INFO]   • wheelo_player_to_raw: Merge Wheelo player season data (matches, ratings) into raw player CSVs
2026-03-30 07:04:23,924 [INFO]   • regenerate_ratings: Regenerate computed team summaries and ladders
2026-03-30 07:04:23,924 [INFO]   • refresh_master_ladders: Update master workbook Team_Ladders_All with freshly-scraped ladder data
2026-03-30 07:04:23,924 [INFO]   • update_photos: Download photos for any new/missing players [SLOW]
2026-03-30 07:04:23,924 [INFO]   • validate_freshness: Validate pipeline output files are present and fresh
2026-03-30 07:04:23,924 [INFO]   • validate_schemas: Validate CSV output schemas (columns, row counts, data quality)
2026-03-30 07:04:23,924 [INFO]   • data_diff_check: Compare pipeline outputs against backups and alert on anomalies
2026-03-30 07:04:23,924 [INFO] 
2026-03-30 07:04:23,924 [INFO] START [footywire_squads] Scrape player squads from Footywire
2026-03-30 07:04:23,924 [INFO]   Running: /opt/homebrew/Caskroom/miniconda/base/envs/afl/bin/python /Users/marcuswagner/coding/AFL_dashboard/scrape_footywire.py 
2026-03-30 08:05:27,083 [INFO]   DONE [wheelo_ratings] in 3663.2s
2026-03-30 08:05:27,083 [INFO]     | 📊 Team Stats downloaded: 3 files
2026-03-30 08:05:27,083 [INFO]     | 📊 Player Stats downloaded: 3 files
2026-03-30 08:05:27,083 [INFO]     | 📊 Squad Lists downloaded: 1 file
2026-03-30 08:05:27,083 [INFO]     | 
2026-03-30 08:05:27,083 [INFO]     | 📁 CSV files saved in: /Users/marcuswagner/coding/AFL_dashboard/wheelo_downloads
2026-03-30 08:05:27,083 [INFO] START [wheelo_match_stats] Scrape Wheelo match-by-match player ratings + Brownlow predictions (Selenium)
2026-03-30 08:05:27,083 [INFO]   Running: /opt/homebrew/Caskroom/miniconda/base/envs/afl/bin/python /Users/marcuswagner/coding/AFL_dashboard/scrape_wheelo_match_stats.py --brownlow
2026-03-30 08:05:53,287 [INFO]   DONE [footywire_squads] in 3689.4s
2026-03-30 08:05:53,288 [INFO]     | DefenderRuck          1
2026-03-30 08:05:53,288 [INFO]     | Name: count, dtype: int64
2026-03-30 08:05:53,288 [INFO]     | 
2026-03-30 08:05:53,288 [INFO]     | 
2026-03-30 08:05:53,288 [INFO]     | Updated DOB cache: 0 new entries
2026-03-30 08:05:53,288 [INFO] START [footywire_extended] Scrape contracts & draft history from Footywire
2026-03-30 08:05:53,288 [INFO]   Running: /opt/homebrew/Caskroom/miniconda/base/envs/afl/bin/python /Users/marcuswagner/coding/AFL_dashboard/scrape_footywire_extended.py --current-only
2026-03-30 08:06:14,717 [INFO]   DONE [wheelo_match_stats] in 47.6s
2026-03-30 08:06:14,718 [INFO]     | ============================================================
2026-03-30 08:06:14,718 [INFO]     | 🔧 Chrome driver attempt 1/3…
2026-03-30 08:06:14,718 [INFO]     | ✅ Chrome driver ready
2026-03-30 08:06:14,718 [INFO]     | 
2026-03-30 08:06:14,718 [INFO]     | 💾 Saved 966 rows → /Users/marcuswagner/coding/AFL_dashboard/data/raw/player/brownlow_predictions_2026.csv
2026-03-30 08:06:14,718 [INFO] 
2026-03-30 08:06:14,718 [INFO] ============================================================
2026-03-30 08:06:14,718 [INFO] UPDATE SUMMARY
2026-03-30 08:06:14,718 [INFO] ============================================================
2026-03-30 08:06:14,718 [INFO]   ✓ wheelo_ratings: OK
2026-03-30 08:06:14,718 [INFO]   ✓ wheelo_match_stats: OK
2026-03-30 08:06:14,718 [INFO] 
2026-03-30 08:06:14,718 [INFO] Results: 2 passed, 0 failed, 0 skipped
2026-03-30 08:06:14,718 [INFO] Total time: 3711s (61.8 min)
2026-03-30 08:06:14,718 [INFO] Log: /Users/marcuswagner/coding/AFL_dashboard/logs/scheduled_update_2026-03-30_0704.log
2026-03-30 08:06:14,718 [INFO] 
✅ All steps completed successfully!
2026-03-30 08:06:21,715 [INFO] Email sent to marcus.wagner@futureedgesport.com.au
