2026-03-17 07:14:34,576 [INFO] Log file: /Users/marcuswagner/coding/AFL_dashboard/logs/scheduled_update_2026-03-17_0714.log
2026-03-17 07:14:34,576 [INFO] ============================================================
2026-03-17 07:14:34,576 [INFO] AFL Dashboard – Scheduled Data Update
2026-03-17 07:14:34,576 [INFO] Date: Tuesday 17 March 2026 07:14
2026-03-17 07:14:34,576 [INFO] Mode: FULL
2026-03-17 07:14:34,576 [INFO] ============================================================
2026-03-17 07:14:34,576 [INFO] Python: /opt/homebrew/Caskroom/miniconda/base/envs/afl/bin/python
2026-03-17 07:14:34,576 [INFO] 
Steps to run (2):
2026-03-17 07:14:34,576 [INFO]   • wheelo_ratings: Scrape Wheelo team & player ratings (Selenium) [SLOW]
2026-03-17 07:14:34,576 [INFO]   • wheelo_match_stats: Scrape Wheelo match-by-match player ratings + Brownlow predictions (Selenium) [SLOW]
2026-03-17 07:14:34,576 [INFO] 
2026-03-17 07:14:34,576 [INFO] START [wheelo_ratings] Scrape Wheelo team & player ratings (Selenium)
2026-03-17 07:14:34,576 [INFO]   Running: /opt/homebrew/Caskroom/miniconda/base/envs/afl/bin/python /Users/marcuswagner/coding/AFL_dashboard/scrape_wheelo_ratings.py --all
2026-03-17 07:15:27,524 [INFO]   DONE [wheelo_ratings] in 52.9s
2026-03-17 07:15:27,524 [INFO]     | 📊 Team Stats downloaded: 3 files
2026-03-17 07:15:27,524 [INFO]     | 📊 Player Stats downloaded: 3 files
2026-03-17 07:15:27,525 [INFO]     | 📊 Squad Lists downloaded: 1 file
2026-03-17 07:15:27,525 [INFO]     | 
2026-03-17 07:15:27,525 [INFO]     | 📁 CSV files saved in: /Users/marcuswagner/coding/AFL_dashboard/wheelo_downloads
2026-03-17 07:15:27,525 [INFO] START [wheelo_match_stats] Scrape Wheelo match-by-match player ratings + Brownlow predictions (Selenium)
2026-03-17 07:15:27,525 [INFO]   Running: /opt/homebrew/Caskroom/miniconda/base/envs/afl/bin/python /Users/marcuswagner/coding/AFL_dashboard/scrape_wheelo_match_stats.py --brownlow
2026-03-17 07:16:00,776 [INFO]   DONE [wheelo_match_stats] in 33.3s
2026-03-17 07:16:00,776 [INFO]     | ============================================================
2026-03-17 07:16:00,777 [INFO]     | 🔧 Chrome driver attempt 1/3…
2026-03-17 07:16:00,777 [INFO]     | ✅ Chrome driver ready
2026-03-17 07:16:00,777 [INFO]     | 
2026-03-17 07:16:00,777 [INFO]     | 💾 Saved 644 rows → /Users/marcuswagner/coding/AFL_dashboard/data/raw/player/brownlow_predictions_2026.csv
2026-03-17 07:16:00,777 [INFO] 
2026-03-17 07:16:00,777 [INFO] ============================================================
2026-03-17 07:16:00,777 [INFO] UPDATE SUMMARY
2026-03-17 07:16:00,777 [INFO] ============================================================
2026-03-17 07:16:00,777 [INFO]   ✓ wheelo_ratings: OK
2026-03-17 07:16:00,777 [INFO]   ✓ wheelo_match_stats: OK
2026-03-17 07:16:00,777 [INFO] 
2026-03-17 07:16:00,777 [INFO] Results: 2 passed, 0 failed, 0 skipped
2026-03-17 07:16:00,777 [INFO] Total time: 86s (1.4 min)
2026-03-17 07:16:00,777 [INFO] Log: /Users/marcuswagner/coding/AFL_dashboard/logs/scheduled_update_2026-03-17_0714.log
2026-03-17 07:16:00,777 [INFO] 
✅ All steps completed successfully!
2026-03-17 07:16:06,192 [INFO] Email sent to marcus.wagner@futureedgesport.com.au
