2026-04-11 07:00:05,222 [INFO] Log file: /Users/marcuswagner/coding/AFL_dashboard/logs/scheduled_update_2026-04-11_0700.log
2026-04-11 07:00:05,222 [INFO] ============================================================
2026-04-11 07:00:05,222 [INFO] AFL Dashboard – Scheduled Data Update
2026-04-11 07:00:05,222 [INFO] Date: Saturday 11 April 2026 07:00
2026-04-11 07:00:05,222 [INFO] Mode: FULL
2026-04-11 07:00:05,222 [INFO] ============================================================
2026-04-11 07:00:05,222 [INFO] Python: /opt/homebrew/Caskroom/miniconda/base/envs/afl/bin/python
2026-04-11 07:00:05,222 [INFO] 
Steps to run (2):
2026-04-11 07:00:05,222 [INFO]   • wheelo_ratings: Scrape Wheelo team & player ratings (Selenium) [SLOW]
2026-04-11 07:00:05,222 [INFO]   • wheelo_match_stats: Scrape Wheelo match-by-match player ratings + Brownlow predictions (Selenium) [SLOW]
2026-04-11 07:00:05,222 [INFO] 
2026-04-11 07:00:05,222 [INFO] START [wheelo_ratings] Scrape Wheelo team & player ratings (Selenium)
2026-04-11 07:00:05,222 [INFO]   Running: /opt/homebrew/Caskroom/miniconda/base/envs/afl/bin/python /Users/marcuswagner/coding/AFL_dashboard/scrape_wheelo_ratings.py --all
2026-04-11 07:00:56,518 [INFO]   DONE [wheelo_ratings] in 51.3s
2026-04-11 07:00:56,518 [INFO]     | 📊 Team Stats downloaded: 3 files
2026-04-11 07:00:56,518 [INFO]     | 📊 Player Stats downloaded: 3 files
2026-04-11 07:00:56,518 [INFO]     | 📊 Squad Lists downloaded: 1 file
2026-04-11 07:00:56,518 [INFO]     | 
2026-04-11 07:00:56,518 [INFO]     | 📁 CSV files saved in: /Users/marcuswagner/coding/AFL_dashboard/wheelo_downloads
2026-04-11 07:00:56,518 [INFO] START [wheelo_match_stats] Scrape Wheelo match-by-match player ratings + Brownlow predictions (Selenium)
2026-04-11 07:00:56,518 [INFO]   Running: /opt/homebrew/Caskroom/miniconda/base/envs/afl/bin/python /Users/marcuswagner/coding/AFL_dashboard/scrape_wheelo_match_stats.py --brownlow
2026-04-11 07:01:55,146 [INFO]   DONE [wheelo_match_stats] in 58.6s
2026-04-11 07:01:55,147 [INFO]     | ============================================================
2026-04-11 07:01:55,147 [INFO]     | 🔧 Chrome driver attempt 1/3…
2026-04-11 07:01:55,147 [INFO]     | ✅ Chrome driver ready
2026-04-11 07:01:55,147 [INFO]     | 
2026-04-11 07:01:55,147 [INFO]     | 💾 Saved 1656 rows → /Users/marcuswagner/coding/AFL_dashboard/data/raw/player/brownlow_predictions_2026.csv
2026-04-11 07:01:55,147 [INFO] 
2026-04-11 07:01:55,147 [INFO] ============================================================
2026-04-11 07:01:55,147 [INFO] UPDATE SUMMARY
2026-04-11 07:01:55,147 [INFO] ============================================================
2026-04-11 07:01:55,147 [INFO]   ✓ wheelo_ratings: OK
2026-04-11 07:01:55,147 [INFO]   ✓ wheelo_match_stats: OK
2026-04-11 07:01:55,147 [INFO] 
2026-04-11 07:01:55,147 [INFO] Results: 2 passed, 0 failed, 0 skipped
2026-04-11 07:01:55,147 [INFO] Total time: 110s (1.8 min)
2026-04-11 07:01:55,147 [INFO] Log: /Users/marcuswagner/coding/AFL_dashboard/logs/scheduled_update_2026-04-11_0700.log
2026-04-11 07:01:55,150 [INFO] Log rotation: removed 1 old log file(s)
2026-04-11 07:01:55,165 [INFO] Stopped Streamlit (PIDs: 7434)
2026-04-11 07:01:57,322 [INFO] Restarted Streamlit app.
2026-04-11 07:01:57,323 [INFO] 
✅ All steps completed successfully!
2026-04-11 07:02:02,971 [INFO] Email sent to marcus.wagner@futureedgesport.com.au
