2026-03-11 12:16:47,808 [INFO] Log file: /Users/marcuswagner/coding/AFL_dashboard/logs/scheduled_update_2026-03-11_1216.log
2026-03-11 12:16:47,808 [INFO] ============================================================
2026-03-11 12:16:47,808 [INFO] AFL Dashboard – Scheduled Data Update
2026-03-11 12:16:47,808 [INFO] Date: Wednesday 11 March 2026 12:16
2026-03-11 12:16:47,808 [INFO] Mode: DRY RUN
2026-03-11 12:16:47,808 [INFO] ============================================================
2026-03-11 12:16:47,808 [INFO] Python: /Users/marcuswagner/coding/AFL_dashboard/.venv/bin/python
2026-03-11 12:16:47,808 [INFO] 
Steps to run (13):
2026-03-11 12:16:47,808 [INFO]   • footywire_squads: Scrape player squads from Footywire
2026-03-11 12:16:47,808 [INFO]   • footywire_extended: Scrape contracts & draft history from Footywire
2026-03-11 12:16:47,808 [INFO]   • afl_ladders: Scrape AFL ladder standings from Footywire (current season)
2026-03-11 12:16:47,808 [INFO]   • wheelo_ratings: Scrape Wheelo team & player ratings (Selenium) [SLOW]
2026-03-11 12:16:47,808 [INFO]   • traits_api: Fetch Traits API data for current-season players [SLOW]
2026-03-11 12:16:47,808 [INFO]   • wheelo_to_raw: Copy Wheelo team stats to raw data folder for ratings pipeline
2026-03-11 12:16:47,808 [INFO]   • build_season: Build season data files (squads, stats, traits CSVs)
2026-03-11 12:16:47,808 [INFO]   • wheelo_player_to_raw: Merge Wheelo player season data (matches, ratings) into raw player CSVs
2026-03-11 12:16:47,808 [INFO]   • regenerate_ratings: Regenerate computed team summaries and ladders
2026-03-11 12:16:47,808 [INFO]   • refresh_master_ladders: Update master workbook Team_Ladders_All with freshly-scraped ladder data
2026-03-11 12:16:47,809 [INFO]   • update_photos: Download photos for any new/missing players [SLOW]
2026-03-11 12:16:47,809 [INFO]   • validate_freshness: Validate pipeline output files are present and fresh
2026-03-11 12:16:47,809 [INFO]   • validate_schemas: Validate CSV output schemas (columns, row counts, data quality)
2026-03-11 12:16:47,809 [INFO] 
2026-03-11 12:16:47,809 [INFO] Dry run complete – no scripts executed.
